============================= test session starts ==============================
platform linux -- Python 3.12.3, pytest-9.1.1, pluggy-1.6.0 -- /usr/bin/python
cachedir: .pytest_cache
rootdir: /home/runner/work/sauvegarde260629/sauvegarde260629
plugins: anyio-4.14.1
collecting ... collected 300 items

backend/tests/test_alerts.py::test_unhealthy_two_consecutive PASSED      [  0%]
backend/tests/test_alerts.py::test_degraded_five_consecutive PASSED      [  0%]
backend/tests/test_alerts.py::test_healthy_resets PASSED                 [  1%]
backend/tests/test_alerts.py::test_degraded_breaks_unhealthy_streak PASSED [  1%]
backend/tests/test_alerts.py::test_unknown_status_noop PASSED            [  1%]
backend/tests/test_run_index_screen.py::TestRunIndexEndpoint::test_endpoint_returns_200 FAILED [  2%]
backend/tests/test_run_index_screen.py::TestRunIndexEndpoint::test_response_contains_top_level_fields FAILED [  2%]
backend/tests/test_run_index_screen.py::TestRunIndexEndpoint::test_recommendation_is_valid FAILED [  2%]
backend/tests/test_run_index_screen.py::TestRunIndexEndpoint::test_recommendation_color_is_valid FAILED [  3%]
backend/tests/test_run_index_screen.py::TestRunIndexEndpoint::test_metrics_contains_required_fields FAILED [  3%]
backend/tests/test_run_index_screen.py::TestRunIndexEndpoint::test_metric_status_values_are_valid FAILED [  3%]
backend/tests/test_run_index_screen.py::TestRunIndexEndpoint::test_reasons_is_non_empty_list FAILED [  4%]
backend/tests/test_run_index_screen.py::TestRunIndexEndpoint::test_history_has_at_most_7_entries FAILED [  4%]
backend/tests/test_run_index_screen.py::TestRunIndexEndpoint::test_history_entries_have_required_fields FAILED [  4%]
backend/tests/test_run_index_screen.py::TestRunIndexEndpoint::test_next_workout_has_label FAILED [  5%]
backend/tests/test_run_index_screen.py::TestRunIndexEndpoint::test_mock_flag_is_present FAILED [  5%]
backend/tests/test_run_index_screen.py::TestRunIndexEndpoint::test_default_user_id_works FAILED [  5%]
backend/tests/test_coach_conversational.py::TestCoachConversationalFormat::test_api_health FAILED [  6%]
backend/tests/test_coach_conversational.py::TestCoachConversationalFormat::test_english_response_no_stars FAILED [  6%]
backend/tests/test_coach_conversational.py::TestCoachConversationalFormat::test_english_response_no_markdown_headers FAILED [  6%]
backend/tests/test_coach_conversational.py::TestCoachConversationalFormat::test_english_response_no_numbered_lists FAILED [  7%]
backend/tests/test_coach_conversational.py::TestCoachConversationalFormat::test_english_response_is_conversational FAILED [  7%]
backend/tests/test_coach_conversational.py::TestCoachConversationalFormat::test_english_response_100_percent_english FAILED [  7%]
backend/tests/test_coach_conversational.py::TestCoachConversationalFormat::test_french_response_no_stars FAILED [  8%]
backend/tests/test_coach_conversational.py::TestCoachConversationalFormat::test_french_response_no_markdown_headers FAILED [  8%]
backend/tests/test_coach_conversational.py::TestCoachConversationalFormat::test_french_response_no_numbered_lists FAILED [  8%]
backend/tests/test_coach_conversational.py::TestCoachConversationalFormat::test_french_response_100_percent_french FAILED [  9%]
backend/tests/test_coach_conversational.py::TestCoachConversationalFormat::test_response_readable_under_15_seconds FAILED [  9%]
backend/tests/test_coach_conversational.py::TestCoachConversationalFormat::test_response_has_coach_tip FAILED [  9%]
backend/tests/test_coach_conversational.py::TestCoachClearHistory::test_clear_history_works FAILED [ 10%]
backend/tests/test_coach_conversational.py::TestQuickActionButtons::test_training_load_question FAILED [ 10%]
backend/tests/test_coach_conversational.py::TestQuickActionButtons::test_heart_rate_question FAILED [ 10%]
backend/tests/test_coach_conversational.py::TestQuickActionButtons::test_pace_consistency_question FAILED [ 11%]
backend/tests/test_dashboard_insight.py::TestDashboardInsightAPI::test_dashboard_insight_returns_200 FAILED [ 11%]
backend/tests/test_dashboard_insight.py::TestDashboardInsightAPI::test_dashboard_insight_has_coach_insight FAILED [ 11%]
backend/tests/test_dashboard_insight.py::TestDashboardInsightAPI::test_coach_insight_is_one_sentence_max_15_words FAILED [ 12%]
backend/tests/test_dashboard_insight.py::TestDashboardInsightAPI::test_dashboard_insight_has_week_stats FAILED [ 12%]
backend/tests/test_dashboard_insight.py::TestDashboardInsightAPI::test_week_sessions_is_count_of_workouts FAILED [ 12%]
backend/tests/test_dashboard_insight.py::TestDashboardInsightAPI::test_week_volume_km_is_total_km FAILED [ 13%]
backend/tests/test_dashboard_insight.py::TestDashboardInsightAPI::test_week_load_signal_is_valid FAILED [ 13%]
backend/tests/test_dashboard_insight.py::TestDashboardInsightAPI::test_dashboard_insight_has_month_stats FAILED [ 13%]
backend/tests/test_dashboard_insight.py::TestDashboardInsightAPI::test_month_volume_km_is_total_30_days FAILED [ 14%]
backend/tests/test_dashboard_insight.py::TestDashboardInsightAPI::test_month_active_weeks_is_count FAILED [ 14%]
backend/tests/test_dashboard_insight.py::TestDashboardInsightAPI::test_month_trend_is_valid FAILED [ 14%]
backend/tests/test_dashboard_insight.py::TestDashboardInsightFrench::test_french_insight_returns_200 FAILED [ 15%]
backend/tests/test_dashboard_insight.py::TestDashboardInsightFrench::test_french_insight_is_in_french FAILED [ 15%]
backend/tests/test_dashboard_insight.py::TestDashboardInsightFrench::test_french_insight_same_structure FAILED [ 15%]
backend/tests/test_dashboard_insight.py::TestDashboardNoRawNumbers::test_no_hr_numbers_in_insight FAILED [ 16%]
backend/tests/test_dashboard_insight.py::TestDashboardNoRawNumbers::test_no_pace_numbers_in_insight FAILED [ 16%]
backend/tests/test_dashboard_insight.py::TestDashboardNoRawNumbers::test_insight_is_action_oriented FAILED [ 16%]
backend/tests/test_detailed_analysis.py::TestDetailedAnalysisEndpoint::test_endpoint_returns_200 FAILED [ 17%]
backend/tests/test_detailed_analysis.py::TestDetailedAnalysisEndpoint::test_response_structure_has_all_required_fields FAILED [ 17%]
backend/tests/test_detailed_analysis.py::TestDetailedAnalysisEndpoint::test_header_has_context_and_session_name FAILED [ 17%]
backend/tests/test_detailed_analysis.py::TestDetailedAnalysisEndpoint::test_header_context_is_one_sentence_max FAILED [ 18%]
backend/tests/test_detailed_analysis.py::TestDetailedAnalysisEndpoint::test_execution_card_has_intensity_volume_regularity FAILED [ 18%]
backend/tests/test_detailed_analysis.py::TestDetailedAnalysisEndpoint::test_execution_intensity_valid_values_en FAILED [ 18%]
backend/tests/test_detailed_analysis.py::TestDetailedAnalysisEndpoint::test_execution_volume_valid_values_en FAILED [ 19%]
backend/tests/test_detailed_analysis.py::TestDetailedAnalysisEndpoint::test_execution_regularity_valid_values_en FAILED [ 19%]
backend/tests/test_detailed_analysis.py::TestDetailedAnalysisEndpoint::test_meaning_text_is_2_3_sentences FAILED [ 19%]
backend/tests/test_detailed_analysis.py::TestDetailedAnalysisEndpoint::test_recovery_text_is_one_key_message FAILED [ 20%]
backend/tests/test_detailed_analysis.py::TestDetailedAnalysisEndpoint::test_advice_text_is_one_recommendation FAILED [ 20%]
backend/tests/test_detailed_analysis.py::TestDetailedAnalysisEndpoint::test_advanced_section_exists FAILED [ 20%]
backend/tests/test_detailed_analysis.py::TestLanguageEnforcement::test_english_response_has_no_french_words FAILED [ 21%]
backend/tests/test_detailed_analysis.py::TestLanguageEnforcement::test_french_response_has_no_english_words FAILED [ 21%]
backend/tests/test_detailed_analysis.py::TestLanguageEnforcement::test_french_execution_values FAILED [ 21%]
backend/tests/test_detailed_analysis.py::TestWorkoutNotFound::test_invalid_workout_returns_404 FAILED [ 22%]
backend/tests/test_detailed_analysis.py::TestResponseQuality::test_response_is_scannable_under_10_seconds FAILED [ 22%]
backend/tests/test_detailed_analysis.py::TestResponseQuality::test_no_excessive_numbers FAILED [ 22%]
backend/tests/test_enhanced_goal.py::TestEnhancedGoalAPI::test_api_health ERROR [ 23%]
backend/tests/test_enhanced_goal.py::TestEnhancedGoalAPI::test_create_goal_5k ERROR [ 23%]
backend/tests/test_enhanced_goal.py::TestEnhancedGoalAPI::test_create_goal_10k ERROR [ 23%]
backend/tests/test_enhanced_goal.py::TestEnhancedGoalAPI::test_create_goal_semi_marathon ERROR [ 24%]
backend/tests/test_enhanced_goal.py::TestEnhancedGoalAPI::test_create_goal_marathon ERROR [ 24%]
backend/tests/test_enhanced_goal.py::TestEnhancedGoalAPI::test_create_goal_ultra ERROR [ 24%]
backend/tests/test_enhanced_goal.py::TestEnhancedGoalAPI::test_goal_without_target_time ERROR [ 25%]
backend/tests/test_enhanced_goal.py::TestEnhancedGoalAPI::test_goal_with_zero_target_time ERROR [ 25%]
backend/tests/test_enhanced_goal.py::TestEnhancedGoalAPI::test_get_goal_returns_all_fields ERROR [ 25%]
backend/tests/test_enhanced_goal.py::TestEnhancedGoalAPI::test_delete_goal ERROR [ 26%]
backend/tests/test_enhanced_goal.py::TestGoalInDigest::test_digest_includes_goal_with_pace ERROR [ 26%]
backend/tests/test_enhanced_goal.py::TestPaceCalculation::test_pace_5k_in_25min ERROR [ 26%]
backend/tests/test_enhanced_goal.py::TestPaceCalculation::test_pace_10k_in_45min ERROR [ 27%]
backend/tests/test_enhanced_goal.py::TestPaceCalculation::test_pace_marathon_in_3h45 ERROR [ 27%]
backend/tests/test_enhanced_goal.py::TestPaceCalculation::test_pace_semi_in_1h30 ERROR [ 27%]
backend/tests/test_mobile_workout_analysis.py::TestMobileWorkoutAnalysis::test_workout_analysis_returns_200 FAILED [ 28%]
backend/tests/test_mobile_workout_analysis.py::TestMobileWorkoutAnalysis::test_response_contains_coach_summary FAILED [ 28%]
backend/tests/test_mobile_workout_analysis.py::TestMobileWorkoutAnalysis::test_response_contains_intensity_card FAILED [ 28%]
backend/tests/test_mobile_workout_analysis.py::TestMobileWorkoutAnalysis::test_response_contains_load_card FAILED [ 29%]
backend/tests/test_mobile_workout_analysis.py::TestMobileWorkoutAnalysis::test_response_contains_session_type_card FAILED [ 29%]
backend/tests/test_mobile_workout_analysis.py::TestMobileWorkoutAnalysis::test_response_contains_insight FAILED [ 29%]
backend/tests/test_mobile_workout_analysis.py::TestMobileWorkoutAnalysis::test_response_contains_guidance FAILED [ 30%]
backend/tests/test_mobile_workout_analysis.py::TestMobileWorkoutAnalysis::test_french_language_support FAILED [ 30%]
backend/tests/test_mobile_workout_analysis.py::TestMobileWorkoutAnalysis::test_workout_not_found_returns_404 FAILED [ 30%]
backend/tests/test_mobile_workout_analysis.py::TestMobileWorkoutAnalysis::test_workout_id_in_response FAILED [ 31%]
backend/tests/test_mobile_workout_analysis.py::TestWorkoutDetailEndpoint::test_workout_detail_returns_200 FAILED [ 31%]
backend/tests/test_mobile_workout_analysis.py::TestWorkoutDetailEndpoint::test_workout_detail_contains_required_fields FAILED [ 31%]
backend/tests/test_mobile_workout_analysis.py::TestWorkoutDetailEndpoint::test_workout_has_strava_data FAILED [ 32%]
backend/tests/test_monitor_worker.py::test_adaptive_interval FAILED      [ 32%]
backend/tests/test_monitor_worker.py::test_state_change_only ERROR       [ 32%]
backend/tests/test_monitor_worker.py::test_degraded_then_escalate ERROR  [ 33%]
backend/tests/test_monitor_worker.py::test_leader_election ERROR         [ 33%]
backend/tests/test_new_features.py::TestRecoveryScore::test_dashboard_insight_returns_recovery_score FAILED [ 33%]
backend/tests/test_new_features.py::TestRecoveryScore::test_recovery_score_has_required_fields FAILED [ 34%]
backend/tests/test_new_features.py::TestRecoveryScore::test_recovery_score_value_range FAILED [ 34%]
backend/tests/test_new_features.py::TestRecoveryScore::test_recovery_score_status_values FAILED [ 34%]
backend/tests/test_new_features.py::TestRecoveryScore::test_recovery_score_phrase_not_empty FAILED [ 35%]
backend/tests/test_new_features.py::TestRecoveryScore::test_recovery_score_french_language FAILED [ 35%]
backend/tests/test_new_features.py::TestUserGoal::test_create_goal_success ERROR [ 35%]
backend/tests/test_new_features.py::TestUserGoal::test_create_goal_returns_correct_data ERROR [ 36%]
backend/tests/test_new_features.py::TestUserGoal::test_get_goal_returns_created_goal ERROR [ 36%]
backend/tests/test_new_features.py::TestUserGoal::test_get_goal_returns_null_when_no_goal ERROR [ 36%]
backend/tests/test_new_features.py::TestUserGoal::test_delete_goal_success ERROR [ 37%]
backend/tests/test_new_features.py::TestUserGoal::test_delete_goal_verify_removed ERROR [ 37%]
backend/tests/test_new_features.py::TestUserGoal::test_update_goal_replaces_existing ERROR [ 37%]
backend/tests/test_new_features.py::TestWeeklyReviewWithGoal::test_digest_returns_user_goal FAILED [ 38%]
backend/tests/test_new_features.py::TestWeeklyReviewWithGoal::test_digest_user_goal_has_correct_fields FAILED [ 38%]
backend/tests/test_new_features.py::TestWeeklyReviewWithGoal::test_digest_returns_recommendations_followup FAILED [ 38%]
backend/tests/test_new_features.py::TestWeeklyReviewWithGoal::test_digest_recommendations_followup_is_string FAILED [ 39%]
backend/tests/test_new_features.py::TestWeeklyReviewWithGoal::test_digest_french_with_goal FAILED [ 39%]
backend/tests/test_new_features.py::TestWeeklyReviewWithGoal::test_digest_still_has_core_fields FAILED [ 39%]
backend/tests/test_new_features.py::TestDashboardInsightComplete::test_dashboard_insight_has_all_fields FAILED [ 40%]
backend/tests/test_new_features.py::TestDashboardInsightComplete::test_week_stats_structure FAILED [ 40%]
backend/tests/test_new_features.py::TestDashboardInsightComplete::test_month_stats_structure FAILED [ 40%]
backend/tests/test_queue_health.py::test_redis_ok_empty ERROR            [ 41%]
backend/tests/test_queue_health.py::test_redis_unavailable FAILED        [ 41%]
backend/tests/test_queue_health.py::test_queue_loaded ERROR              [ 41%]
backend/tests/test_queue_health.py::test_worker_absent ERROR             [ 42%]
backend/tests/test_queue_health.py::test_orphan_counter ERROR            [ 42%]
backend/tests/test_queue_health.py::test_latency ERROR                   [ 42%]
backend/tests/test_rag_endpoints.py::TestRAGDashboard::test_rag_dashboard_returns_200 FAILED [ 43%]
backend/tests/test_rag_endpoints.py::TestRAGDashboard::test_rag_dashboard_km_total_greater_than_zero FAILED [ 43%]
backend/tests/test_rag_endpoints.py::TestRAGDashboard::test_rag_dashboard_nb_seances_greater_than_zero FAILED [ 43%]
backend/tests/test_rag_endpoints.py::TestRAGDashboard::test_rag_dashboard_allure_moy_not_na FAILED [ 44%]
backend/tests/test_rag_endpoints.py::TestRAGDashboard::test_rag_dashboard_duree_totale_not_zero FAILED [ 44%]
backend/tests/test_rag_endpoints.py::TestRAGDashboard::test_rag_dashboard_has_rag_summary FAILED [ 44%]
backend/tests/test_rag_endpoints.py::TestRAGDashboard::test_rag_dashboard_has_points_forts FAILED [ 45%]
backend/tests/test_rag_endpoints.py::TestRAGWeeklyReview::test_rag_weekly_review_returns_200 FAILED [ 45%]
backend/tests/test_rag_endpoints.py::TestRAGWeeklyReview::test_rag_weekly_review_km_total_greater_than_zero FAILED [ 45%]
backend/tests/test_rag_endpoints.py::TestRAGWeeklyReview::test_rag_weekly_review_has_comparison FAILED [ 46%]
backend/tests/test_rag_endpoints.py::TestRAGWeeklyReview::test_rag_weekly_review_has_rag_summary FAILED [ 46%]
backend/tests/test_rag_endpoints.py::TestRAGWorkoutAnalysis::test_rag_workout_analysis_returns_200 FAILED [ 46%]
backend/tests/test_rag_endpoints.py::TestRAGWorkoutAnalysis::test_rag_workout_analysis_km_greater_than_zero FAILED [ 47%]
backend/tests/test_rag_endpoints.py::TestRAGWorkoutAnalysis::test_rag_workout_analysis_duree_not_zero FAILED [ 47%]
backend/tests/test_rag_endpoints.py::TestRAGWorkoutAnalysis::test_rag_workout_analysis_has_comparison FAILED [ 47%]
backend/tests/test_rag_endpoints.py::TestRAGWorkoutAnalysis::test_rag_workout_analysis_404_for_invalid_id FAILED [ 48%]
backend/tests/test_rag_endpoints.py::TestWorkoutsEndpoint::test_workouts_returns_200 FAILED [ 48%]
backend/tests/test_rag_endpoints.py::TestWorkoutsEndpoint::test_workouts_returns_expected_count FAILED [ 48%]
backend/tests/test_rag_endpoints.py::TestWorkoutsEndpoint::test_workouts_have_required_fields FAILED [ 49%]
backend/tests/test_rag_endpoints.py::TestDashboardInsight::test_dashboard_insight_returns_200 FAILED [ 49%]
backend/tests/test_rag_endpoints.py::TestDashboardInsight::test_dashboard_insight_has_coach_insight FAILED [ 49%]
backend/tests/test_rag_endpoints.py::TestDashboardInsight::test_dashboard_insight_has_week_data FAILED [ 50%]
backend/tests/test_rag_endpoints.py::TestDashboardInsight::test_dashboard_insight_has_recovery_score FAILED [ 50%]
backend/tests/test_rag_enrichment.py::TestRAGWorkoutSplitAnalysis::test_workout_has_split_analysis FAILED [ 50%]
backend/tests/test_rag_enrichment.py::TestRAGWorkoutSplitAnalysis::test_split_analysis_has_fastest_km FAILED [ 51%]
backend/tests/test_rag_enrichment.py::TestRAGWorkoutSplitAnalysis::test_split_analysis_has_slowest_km FAILED [ 51%]
backend/tests/test_rag_enrichment.py::TestRAGWorkoutSplitAnalysis::test_split_analysis_has_pace_drop FAILED [ 51%]
backend/tests/test_rag_enrichment.py::TestRAGWorkoutSplitAnalysis::test_split_analysis_has_consistency_score FAILED [ 52%]
backend/tests/test_rag_enrichment.py::TestRAGWorkoutSplitAnalysis::test_split_analysis_has_negative_split FAILED [ 52%]
backend/tests/test_rag_enrichment.py::TestRAGWorkoutHRAnalysis::test_workout_has_hr_analysis FAILED [ 52%]
backend/tests/test_rag_enrichment.py::TestRAGWorkoutHRAnalysis::test_hr_analysis_has_min_hr FAILED [ 53%]
backend/tests/test_rag_enrichment.py::TestRAGWorkoutHRAnalysis::test_hr_analysis_has_avg_hr FAILED [ 53%]
backend/tests/test_rag_enrichment.py::TestRAGWorkoutHRAnalysis::test_hr_analysis_has_max_hr FAILED [ 53%]
backend/tests/test_rag_enrichment.py::TestRAGWorkoutHRAnalysis::test_hr_analysis_has_hr_drift FAILED [ 54%]
backend/tests/test_rag_enrichment.py::TestRAGWorkoutHRAnalysis::test_hr_values_logical FAILED [ 54%]
backend/tests/test_rag_enrichment.py::TestRAGWorkoutCadenceAnalysis::test_workout_has_cadence_analysis FAILED [ 54%]
backend/tests/test_rag_enrichment.py::TestRAGWorkoutCadenceAnalysis::test_cadence_analysis_has_min_cadence FAILED [ 55%]
backend/tests/test_rag_enrichment.py::TestRAGWorkoutCadenceAnalysis::test_cadence_analysis_has_max_cadence FAILED [ 55%]
backend/tests/test_rag_enrichment.py::TestRAGWorkoutCadenceAnalysis::test_cadence_analysis_has_avg_cadence FAILED [ 55%]
backend/tests/test_rag_enrichment.py::TestRAGWorkoutCadenceAnalysis::test_cadence_analysis_has_stability FAILED [ 56%]
backend/tests/test_rag_enrichment.py::TestRAGWorkoutComparison::test_comparison_has_splits_comparison FAILED [ 56%]
backend/tests/test_rag_enrichment.py::TestRAGWorkoutComparison::test_comparison_has_progression FAILED [ 56%]
backend/tests/test_rag_enrichment.py::TestRAGSources::test_rag_sources_indicates_detailed_data FAILED [ 57%]
backend/tests/test_realtime_sync_pipeline.py::TestHealth::test_queue_health FAILED [ 57%]
backend/tests/test_realtime_sync_pipeline.py::TestHealth::test_garmin_status_connected FAILED [ 57%]
backend/tests/test_realtime_sync_pipeline.py::TestSyncAndIngestion::test_sync_returns_fast_and_queued FAILED [ 58%]
backend/tests/test_realtime_sync_pipeline.py::TestSyncAndIngestion::test_sync_worker_processes_and_updates_last_sync FAILED [ 58%]
backend/tests/test_realtime_sync_pipeline.py::TestSyncAndIngestion::test_activities_populated_and_deduped FAILED [ 58%]
backend/tests/test_realtime_sync_pipeline.py::TestEventFanOut::test_stream_key_exists FAILED [ 59%]
backend/tests/test_realtime_sync_pipeline.py::TestEventFanOut::test_feed_cache_warmed FAILED [ 59%]
backend/tests/test_realtime_sync_pipeline.py::TestEventFanOut::test_activities_source_cache FAILED [ 59%]
backend/tests/test_realtime_sync_pipeline.py::TestEventFanOut::test_workouts_derived_layer_populated FAILED [ 60%]
backend/tests/test_realtime_sync_pipeline.py::TestSinceFilter::test_since_filter_returns_only_newer FAILED [ 60%]
backend/tests/test_realtime_sync_pipeline.py::TestActivitySignal::test_signal_sets_key_and_no_sync FAILED [ 60%]
backend/tests/test_realtime_sync_pipeline.py::TestRateLimiter::test_cooldown_key_set_after_sync FAILED [ 61%]
backend/tests/test_realtime_sync_pipeline.py::TestRateLimiter::test_global_active_counter_exists_and_bounded FAILED [ 61%]
backend/tests/test_realtime_sync_pipeline.py::TestBackwardCompat::test_activities_response_shape FAILED [ 61%]
backend/tests/test_reliable_queue.py::test_worker_kill9_recovery ERROR   [ 62%]
backend/tests/test_reliable_queue.py::test_ack_removes_once ERROR        [ 62%]
backend/tests/test_reliable_queue.py::test_redis_restart_durability ERROR [ 62%]
backend/tests/test_secrets.py::test_present PASSED                       [ 63%]
backend/tests/test_secrets.py::test_missing_optional PASSED              [ 63%]
backend/tests/test_secrets.py::test_empty_treated_as_missing PASSED      [ 63%]
backend/tests/test_secrets.py::test_required_missing_raises PASSED       [ 64%]
backend/tests/test_sse.py::test_stream_delivers_and_filters FAILED       [ 64%]
backend/tests/test_sse.py::test_reconnect_from_last_id FAILED            [ 64%]
backend/tests/test_subscription.py::TestSubscriptionEndpoints::test_subscription_info_endpoint_returns_200 FAILED [ 65%]
backend/tests/test_subscription.py::TestSubscriptionEndpoints::test_new_user_gets_trial_status FAILED [ 65%]
backend/tests/test_subscription.py::TestSubscriptionEndpoints::test_trial_user_has_all_features FAILED [ 65%]
backend/tests/test_subscription.py::TestSubscriptionEndpoints::test_subscription_display_info_french FAILED [ 66%]
backend/tests/test_subscription.py::TestSubscriptionEndpoints::test_subscription_display_info_english FAILED [ 66%]
backend/tests/test_subscription.py::TestSubscriptionEndpoints::test_trial_days_remaining FAILED [ 66%]
backend/tests/test_subscription.py::TestSubscriptionEndpoints::test_early_adopter_offer_endpoint FAILED [ 67%]
backend/tests/test_subscription.py::TestSubscriptionEndpoints::test_early_adopter_offer_english FAILED [ 67%]
backend/tests/test_subscription.py::TestSubscriptionEndpoints::test_early_adopter_checkout_creates_session FAILED [ 67%]
backend/tests/test_subscription.py::TestSubscriptionEndpoints::test_checkout_session_has_correct_amount FAILED [ 68%]
backend/tests/test_subscription.py::TestSubscriptionEndpoints::test_verify_checkout_activates_early_adopter FAILED [ 68%]
backend/tests/test_subscription.py::TestSubscriptionEndpoints::test_simulate_trial_end_sets_free_status FAILED [ 68%]
backend/tests/test_subscription.py::TestSubscriptionEndpoints::test_free_user_has_limited_features FAILED [ 69%]
backend/tests/test_subscription.py::TestSubscriptionEndpoints::test_activate_early_adopter_endpoint FAILED [ 69%]
backend/tests/test_subscription.py::TestSubscriptionEndpoints::test_early_adopter_has_all_features FAILED [ 69%]
backend/tests/test_subscription.py::TestSubscriptionEndpoints::test_early_adopter_display_info FAILED [ 70%]
backend/tests/test_subscription.py::TestSubscriptionEndpoints::test_cancel_subscription_sets_free_status FAILED [ 70%]
backend/tests/test_subscription.py::TestSubscriptionEndpoints::test_reset_to_trial FAILED [ 70%]
backend/tests/test_subscription_chat.py::TestSubscriptionTiers::test_get_subscription_tiers FAILED [ 71%]
backend/tests/test_subscription_chat.py::TestSubscriptionTiers::test_free_tier_details FAILED [ 71%]
backend/tests/test_subscription_chat.py::TestSubscriptionTiers::test_starter_tier_details FAILED [ 71%]
backend/tests/test_subscription_chat.py::TestSubscriptionTiers::test_confort_tier_details FAILED [ 72%]
backend/tests/test_subscription_chat.py::TestSubscriptionTiers::test_pro_tier_unlimited FAILED [ 72%]
backend/tests/test_subscription_chat.py::TestSubscriptionStatus::test_get_subscription_status FAILED [ 72%]
backend/tests/test_subscription_chat.py::TestSubscriptionStatus::test_subscription_status_has_correct_fields FAILED [ 73%]
backend/tests/test_subscription_chat.py::TestSubscriptionStatus::test_subscription_status_for_new_user FAILED [ 73%]
backend/tests/test_subscription_chat.py::TestStripeCheckout::test_create_checkout_session_starter FAILED [ 73%]
backend/tests/test_subscription_chat.py::TestStripeCheckout::test_create_checkout_session_confort FAILED [ 74%]
backend/tests/test_subscription_chat.py::TestStripeCheckout::test_create_checkout_session_pro FAILED [ 74%]
backend/tests/test_subscription_chat.py::TestStripeCheckout::test_checkout_invalid_tier_rejected FAILED [ 74%]
backend/tests/test_subscription_chat.py::TestChatCoach::test_send_chat_message FAILED [ 75%]
backend/tests/test_subscription_chat.py::TestChatCoach::test_chat_response_about_fatigue FAILED [ 75%]
backend/tests/test_subscription_chat.py::TestChatCoach::test_chat_response_about_cadence FAILED [ 75%]
backend/tests/test_subscription_chat.py::TestChatCoach::test_chat_response_about_recovery FAILED [ 76%]
backend/tests/test_subscription_chat.py::TestChatCoach::test_chat_history FAILED [ 76%]
backend/tests/test_subscription_chat.py::TestChatCoach::test_chat_decrements_messages_remaining FAILED [ 76%]
backend/tests/test_subscription_chat.py::TestChatEngine::test_fallback_response_for_unknown_query FAILED [ 77%]
backend/tests/test_subscription_chat.py::TestChatEngine::test_chat_response_in_french FAILED [ 77%]
backend/tests/test_sync_scheduler.py::test_classify_tier PASSED          [ 77%]
backend/tests/test_sync_scheduler.py::test_is_due PASSED                 [ 78%]
backend/tests/test_sync_scheduler.py::test_cooldown ERROR                [ 78%]
backend/tests/test_sync_scheduler.py::test_global_cap ERROR              [ 78%]
backend/tests/test_sync_scheduler.py::test_feed_cache ERROR              [ 79%]
backend/tests/test_terra_integration.py::TestTerraStatusEndpoint::test_terra_status_not_connected FAILED [ 79%]
backend/tests/test_terra_integration.py::TestTerraStatusEndpoint::test_terra_status_fields_present FAILED [ 79%]
backend/tests/test_terra_integration.py::TestTerraConnectDisconnect::test_terra_connect_stores_token FAILED [ 80%]
backend/tests/test_terra_integration.py::TestTerraConnectDisconnect::test_terra_connect_requires_token FAILED [ 80%]
backend/tests/test_terra_integration.py::TestTerraConnectDisconnect::test_terra_disconnect_returns_success FAILED [ 80%]
backend/tests/test_terra_integration.py::TestTerraSyncEndpoints::test_terra_sync_not_connected FAILED [ 81%]
backend/tests/test_terra_integration.py::TestTerraSyncEndpoints::test_terra_sync_daily_not_connected FAILED [ 81%]
backend/tests/test_terra_integration.py::TestTerraMetricsEndpoints::test_terra_recovery_no_data FAILED [ 81%]
backend/tests/test_terra_integration.py::TestTerraMetricsEndpoints::test_terra_recommendation_no_data FAILED [ 82%]
backend/tests/test_terra_integration.py::TestTerraMetricsEndpoints::test_terra_daily_metrics_no_data FAILED [ 82%]
backend/tests/test_terra_integration.py::TestExistingFunctionalityNotBroken::test_api_root FAILED [ 82%]
backend/tests/test_terra_integration.py::TestExistingFunctionalityNotBroken::test_strava_status_still_works FAILED [ 83%]
backend/tests/test_terra_integration.py::TestExistingFunctionalityNotBroken::test_get_workouts_still_works FAILED [ 83%]
backend/tests/test_terra_integration.py::TestExistingFunctionalityNotBroken::test_get_stats_still_works FAILED [ 83%]
backend/tests/test_training_plan_vma.py::TestTrainingPlanVMA::test_training_plan_returns_200 FAILED [ 84%]
backend/tests/test_training_plan_vma.py::TestTrainingPlanVMA::test_plan_contains_vma_field FAILED [ 84%]
backend/tests/test_training_plan_vma.py::TestTrainingPlanVMA::test_plan_contains_vo2max_field FAILED [ 84%]
backend/tests/test_training_plan_vma.py::TestTrainingPlanVMA::test_plan_contains_readiness_score FAILED [ 85%]
backend/tests/test_training_plan_vma.py::TestTrainingPlanVMA::test_plan_contains_prep_status FAILED [ 85%]
backend/tests/test_training_plan_vma.py::TestTrainingPlanVMA::test_plan_contains_adjusted_weeks FAILED [ 85%]
backend/tests/test_training_plan_vma.py::TestTrainingPlanVMA::test_plan_contains_personalized_paces FAILED [ 86%]
backend/tests/test_training_plan_vma.py::TestSessionsWithPersonalizedPaces::test_sessions_exist_in_plan FAILED [ 86%]
backend/tests/test_training_plan_vma.py::TestSessionsWithPersonalizedPaces::test_sessions_have_required_fields FAILED [ 86%]
backend/tests/test_training_plan_vma.py::TestSessionsWithPersonalizedPaces::test_non_rest_sessions_contain_pace_in_details FAILED [ 87%]
backend/tests/test_training_plan_vma.py::TestSessionsWithPersonalizedPaces::test_session_paces_match_vma_derived_paces FAILED [ 87%]
backend/tests/test_training_plan_vma.py::TestPlanAdaptation::test_context_contains_fitness_metrics FAILED [ 87%]
backend/tests/test_training_plan_vma.py::TestPlanAdaptation::test_adjusted_weeks_varies_with_prep_status FAILED [ 88%]
backend/tests/test_training_plan_vma.py::TestTrainingPlanRefresh::test_refresh_plan_returns_200 FAILED [ 88%]
backend/tests/test_training_plan_vma.py::TestTrainingPlanRefresh::test_refresh_with_sessions_parameter FAILED [ 88%]
backend/tests/test_training_plan_vma.py::TestFullCycleWithVMA::test_full_cycle_returns_200 FAILED [ 89%]
backend/tests/test_training_plan_vma.py::TestFullCycleWithVMA::test_full_cycle_weeks_have_required_fields FAILED [ 89%]
backend/tests/test_training_plan_vma.py::TestPacesCalculation::test_z1_pace_slower_than_z5 FAILED [ 89%]
backend/tests/test_training_plan_vma.py::TestPacesCalculation::test_marathon_pace_slower_than_semi_pace FAILED [ 90%]
backend/tests/test_training_plan_vma.py::TestPacesCalculation::test_paces_are_realistic_for_vma FAILED [ 90%]
backend/tests/test_weekly_digest.py::TestWeeklyDigestAPI::test_digest_endpoint_returns_200 FAILED [ 90%]
backend/tests/test_weekly_digest.py::TestWeeklyDigestAPI::test_digest_response_structure FAILED [ 91%]
backend/tests/test_weekly_digest.py::TestWeeklyDigestAPI::test_digest_executive_summary_is_short FAILED [ 91%]
backend/tests/test_weekly_digest.py::TestWeeklyDigestAPI::test_digest_metrics_structure FAILED [ 91%]
backend/tests/test_weekly_digest.py::TestWeeklyDigestAPI::test_digest_signals_structure FAILED [ 92%]
backend/tests/test_weekly_digest.py::TestWeeklyDigestAPI::test_digest_insights_max_three FAILED [ 92%]
backend/tests/test_weekly_digest.py::TestWeeklyDigestAPI::test_digest_zone_distribution FAILED [ 92%]
backend/tests/test_weekly_digest.py::TestWeeklyDigestAPI::test_digest_french_language FAILED [ 93%]
backend/tests/test_weekly_digest.py::TestWeeklyDigestAPI::test_digest_no_strava_garmin_references FAILED [ 93%]
backend/tests/test_weekly_digest.py::TestWeeklyDigestAPI::test_digest_period_dates_valid FAILED [ 93%]
backend/tests/test_weekly_digest.py::TestWeeklyDigestAPI::test_digest_generated_at_timestamp FAILED [ 94%]
backend/tests/test_weekly_digest.py::TestDigestLatestEndpoint::test_digest_latest_endpoint FAILED [ 94%]
backend/tests/test_weekly_review.py::TestWeeklyReviewEndpoint::test_digest_endpoint_returns_200 FAILED [ 94%]
backend/tests/test_weekly_review.py::TestWeeklyReviewEndpoint::test_response_has_coach_summary FAILED [ 95%]
backend/tests/test_weekly_review.py::TestWeeklyReviewEndpoint::test_response_has_signals FAILED [ 95%]
backend/tests/test_weekly_review.py::TestWeeklyReviewEndpoint::test_signals_have_correct_structure FAILED [ 95%]
backend/tests/test_weekly_review.py::TestWeeklyReviewEndpoint::test_response_has_metrics FAILED [ 96%]
backend/tests/test_weekly_review.py::TestWeeklyReviewEndpoint::test_response_has_comparison FAILED [ 96%]
backend/tests/test_weekly_review.py::TestWeeklyReviewEndpoint::test_response_has_coach_reading FAILED [ 96%]
backend/tests/test_weekly_review.py::TestWeeklyReviewEndpoint::test_response_has_recommendations FAILED [ 97%]
backend/tests/test_weekly_review.py::TestWeeklyReviewEndpoint::test_response_has_period_dates FAILED [ 97%]
backend/tests/test_weekly_review.py::TestWeeklyReviewFrench::test_french_digest_returns_200 FAILED [ 97%]
backend/tests/test_weekly_review.py::TestWeeklyReviewFrench::test_french_coach_summary_is_french FAILED [ 98%]
backend/tests/test_weekly_review.py::TestWeeklyReviewFrench::test_french_response_has_same_structure FAILED [ 98%]
backend/tests/test_weekly_review.py::TestWeeklyReviewContentQuality::test_coach_summary_is_one_sentence FAILED [ 98%]
backend/tests/test_weekly_review.py::TestWeeklyReviewContentQuality::test_coach_reading_is_2_3_sentences FAILED [ 99%]
backend/tests/test_weekly_review.py::TestWeeklyReviewContentQuality::test_recommendations_are_action_oriented FAILED [ 99%]
backend/tests/test_weekly_review.py::TestWeeklyReviewContentQuality::test_no_markdown_in_content FAILED [ 99%]
backend/tests/test_weekly_review.py::TestWeeklyReviewLatestEndpoint::test_latest_digest_returns_200_or_null FAILED [100%]

==================================== ERRORS ====================================
____________ ERROR at setup of TestEnhancedGoalAPI.test_api_health _____________
backend/tests/test_enhanced_goal.py:22: in cleanup
    requests.delete(f"{BASE_URL}/api/user/goal?user_id=default")
/usr/lib/python3/dist-packages/requests/api.py:157: in delete
    return request("delete", url, **kwargs)
           ^^^^^^^^^^^^^^^^^^^^^^^^^^^^^^^^
/usr/lib/python3/dist-packages/requests/api.py:59: in request
    return session.request(method=method, url=url, **kwargs)
           ^^^^^^^^^^^^^^^^^^^^^^^^^^^^^^^^^^^^^^^^^^^^^^^^^
/usr/lib/python3/dist-packages/requests/sessions.py:575: in request
    prep = self.prepare_request(req)
           ^^^^^^^^^^^^^^^^^^^^^^^^^
/usr/lib/python3/dist-packages/requests/sessions.py:486: in prepare_request
    p.prepare(
/usr/lib/python3/dist-packages/requests/models.py:368: in prepare
    self.prepare_url(url, params)
/usr/lib/python3/dist-packages/requests/models.py:439: in prepare_url
    raise MissingSchema(
E   requests.exceptions.MissingSchema: Invalid URL '/api/user/goal?user_id=default': No scheme supplied. Perhaps you meant https:///api/user/goal?user_id=default?
__________ ERROR at setup of TestEnhancedGoalAPI.test_create_goal_5k ___________
backend/tests/test_enhanced_goal.py:22: in cleanup
    requests.delete(f"{BASE_URL}/api/user/goal?user_id=default")
/usr/lib/python3/dist-packages/requests/api.py:157: in delete
    return request("delete", url, **kwargs)
           ^^^^^^^^^^^^^^^^^^^^^^^^^^^^^^^^
/usr/lib/python3/dist-packages/requests/api.py:59: in request
    return session.request(method=method, url=url, **kwargs)
           ^^^^^^^^^^^^^^^^^^^^^^^^^^^^^^^^^^^^^^^^^^^^^^^^^
/usr/lib/python3/dist-packages/requests/sessions.py:575: in request
    prep = self.prepare_request(req)
           ^^^^^^^^^^^^^^^^^^^^^^^^^
/usr/lib/python3/dist-packages/requests/sessions.py:486: in prepare_request
    p.prepare(
/usr/lib/python3/dist-packages/requests/models.py:368: in prepare
    self.prepare_url(url, params)
/usr/lib/python3/dist-packages/requests/models.py:439: in prepare_url
    raise MissingSchema(
E   requests.exceptions.MissingSchema: Invalid URL '/api/user/goal?user_id=default': No scheme supplied. Perhaps you meant https:///api/user/goal?user_id=default?
__________ ERROR at setup of TestEnhancedGoalAPI.test_create_goal_10k __________
backend/tests/test_enhanced_goal.py:22: in cleanup
    requests.delete(f"{BASE_URL}/api/user/goal?user_id=default")
/usr/lib/python3/dist-packages/requests/api.py:157: in delete
    return request("delete", url, **kwargs)
           ^^^^^^^^^^^^^^^^^^^^^^^^^^^^^^^^
/usr/lib/python3/dist-packages/requests/api.py:59: in request
    return session.request(method=method, url=url, **kwargs)
           ^^^^^^^^^^^^^^^^^^^^^^^^^^^^^^^^^^^^^^^^^^^^^^^^^
/usr/lib/python3/dist-packages/requests/sessions.py:575: in request
    prep = self.prepare_request(req)
           ^^^^^^^^^^^^^^^^^^^^^^^^^
/usr/lib/python3/dist-packages/requests/sessions.py:486: in prepare_request
    p.prepare(
/usr/lib/python3/dist-packages/requests/models.py:368: in prepare
    self.prepare_url(url, params)
/usr/lib/python3/dist-packages/requests/models.py:439: in prepare_url
    raise MissingSchema(
E   requests.exceptions.MissingSchema: Invalid URL '/api/user/goal?user_id=default': No scheme supplied. Perhaps you meant https:///api/user/goal?user_id=default?
_____ ERROR at setup of TestEnhancedGoalAPI.test_create_goal_semi_marathon _____
backend/tests/test_enhanced_goal.py:22: in cleanup
    requests.delete(f"{BASE_URL}/api/user/goal?user_id=default")
/usr/lib/python3/dist-packages/requests/api.py:157: in delete
    return request("delete", url, **kwargs)
           ^^^^^^^^^^^^^^^^^^^^^^^^^^^^^^^^
/usr/lib/python3/dist-packages/requests/api.py:59: in request
    return session.request(method=method, url=url, **kwargs)
           ^^^^^^^^^^^^^^^^^^^^^^^^^^^^^^^^^^^^^^^^^^^^^^^^^
/usr/lib/python3/dist-packages/requests/sessions.py:575: in request
    prep = self.prepare_request(req)
           ^^^^^^^^^^^^^^^^^^^^^^^^^
/usr/lib/python3/dist-packages/requests/sessions.py:486: in prepare_request
    p.prepare(
/usr/lib/python3/dist-packages/requests/models.py:368: in prepare
    self.prepare_url(url, params)
/usr/lib/python3/dist-packages/requests/models.py:439: in prepare_url
    raise MissingSchema(
E   requests.exceptions.MissingSchema: Invalid URL '/api/user/goal?user_id=default': No scheme supplied. Perhaps you meant https:///api/user/goal?user_id=default?
_______ ERROR at setup of TestEnhancedGoalAPI.test_create_goal_marathon ________
backend/tests/test_enhanced_goal.py:22: in cleanup
    requests.delete(f"{BASE_URL}/api/user/goal?user_id=default")
/usr/lib/python3/dist-packages/requests/api.py:157: in delete
    return request("delete", url, **kwargs)
           ^^^^^^^^^^^^^^^^^^^^^^^^^^^^^^^^
/usr/lib/python3/dist-packages/requests/api.py:59: in request
    return session.request(method=method, url=url, **kwargs)
           ^^^^^^^^^^^^^^^^^^^^^^^^^^^^^^^^^^^^^^^^^^^^^^^^^
/usr/lib/python3/dist-packages/requests/sessions.py:575: in request
    prep = self.prepare_request(req)
           ^^^^^^^^^^^^^^^^^^^^^^^^^
/usr/lib/python3/dist-packages/requests/sessions.py:486: in prepare_request
    p.prepare(
/usr/lib/python3/dist-packages/requests/models.py:368: in prepare
    self.prepare_url(url, params)
/usr/lib/python3/dist-packages/requests/models.py:439: in prepare_url
    raise MissingSchema(
E   requests.exceptions.MissingSchema: Invalid URL '/api/user/goal?user_id=default': No scheme supplied. Perhaps you meant https:///api/user/goal?user_id=default?
_________ ERROR at setup of TestEnhancedGoalAPI.test_create_goal_ultra _________
backend/tests/test_enhanced_goal.py:22: in cleanup
    requests.delete(f"{BASE_URL}/api/user/goal?user_id=default")
/usr/lib/python3/dist-packages/requests/api.py:157: in delete
    return request("delete", url, **kwargs)
           ^^^^^^^^^^^^^^^^^^^^^^^^^^^^^^^^
/usr/lib/python3/dist-packages/requests/api.py:59: in request
    return session.request(method=method, url=url, **kwargs)
           ^^^^^^^^^^^^^^^^^^^^^^^^^^^^^^^^^^^^^^^^^^^^^^^^^
/usr/lib/python3/dist-packages/requests/sessions.py:575: in request
    prep = self.prepare_request(req)
           ^^^^^^^^^^^^^^^^^^^^^^^^^
/usr/lib/python3/dist-packages/requests/sessions.py:486: in prepare_request
    p.prepare(
/usr/lib/python3/dist-packages/requests/models.py:368: in prepare
    self.prepare_url(url, params)
/usr/lib/python3/dist-packages/requests/models.py:439: in prepare_url
    raise MissingSchema(
E   requests.exceptions.MissingSchema: Invalid URL '/api/user/goal?user_id=default': No scheme supplied. Perhaps you meant https:///api/user/goal?user_id=default?
_____ ERROR at setup of TestEnhancedGoalAPI.test_goal_without_target_time ______
backend/tests/test_enhanced_goal.py:22: in cleanup
    requests.delete(f"{BASE_URL}/api/user/goal?user_id=default")
/usr/lib/python3/dist-packages/requests/api.py:157: in delete
    return request("delete", url, **kwargs)
           ^^^^^^^^^^^^^^^^^^^^^^^^^^^^^^^^
/usr/lib/python3/dist-packages/requests/api.py:59: in request
    return session.request(method=method, url=url, **kwargs)
           ^^^^^^^^^^^^^^^^^^^^^^^^^^^^^^^^^^^^^^^^^^^^^^^^^
/usr/lib/python3/dist-packages/requests/sessions.py:575: in request
    prep = self.prepare_request(req)
           ^^^^^^^^^^^^^^^^^^^^^^^^^
/usr/lib/python3/dist-packages/requests/sessions.py:486: in prepare_request
    p.prepare(
/usr/lib/python3/dist-packages/requests/models.py:368: in prepare
    self.prepare_url(url, params)
/usr/lib/python3/dist-packages/requests/models.py:439: in prepare_url
    raise MissingSchema(
E   requests.exceptions.MissingSchema: Invalid URL '/api/user/goal?user_id=default': No scheme supplied. Perhaps you meant https:///api/user/goal?user_id=default?
____ ERROR at setup of TestEnhancedGoalAPI.test_goal_with_zero_target_time _____
backend/tests/test_enhanced_goal.py:22: in cleanup
    requests.delete(f"{BASE_URL}/api/user/goal?user_id=default")
/usr/lib/python3/dist-packages/requests/api.py:157: in delete
    return request("delete", url, **kwargs)
           ^^^^^^^^^^^^^^^^^^^^^^^^^^^^^^^^
/usr/lib/python3/dist-packages/requests/api.py:59: in request
    return session.request(method=method, url=url, **kwargs)
           ^^^^^^^^^^^^^^^^^^^^^^^^^^^^^^^^^^^^^^^^^^^^^^^^^
/usr/lib/python3/dist-packages/requests/sessions.py:575: in request
    prep = self.prepare_request(req)
           ^^^^^^^^^^^^^^^^^^^^^^^^^
/usr/lib/python3/dist-packages/requests/sessions.py:486: in prepare_request
    p.prepare(
/usr/lib/python3/dist-packages/requests/models.py:368: in prepare
    self.prepare_url(url, params)
/usr/lib/python3/dist-packages/requests/models.py:439: in prepare_url
    raise MissingSchema(
E   requests.exceptions.MissingSchema: Invalid URL '/api/user/goal?user_id=default': No scheme supplied. Perhaps you meant https:///api/user/goal?user_id=default?
____ ERROR at setup of TestEnhancedGoalAPI.test_get_goal_returns_all_fields ____
backend/tests/test_enhanced_goal.py:22: in cleanup
    requests.delete(f"{BASE_URL}/api/user/goal?user_id=default")
/usr/lib/python3/dist-packages/requests/api.py:157: in delete
    return request("delete", url, **kwargs)
           ^^^^^^^^^^^^^^^^^^^^^^^^^^^^^^^^
/usr/lib/python3/dist-packages/requests/api.py:59: in request
    return session.request(method=method, url=url, **kwargs)
           ^^^^^^^^^^^^^^^^^^^^^^^^^^^^^^^^^^^^^^^^^^^^^^^^^
/usr/lib/python3/dist-packages/requests/sessions.py:575: in request
    prep = self.prepare_request(req)
           ^^^^^^^^^^^^^^^^^^^^^^^^^
/usr/lib/python3/dist-packages/requests/sessions.py:486: in prepare_request
    p.prepare(
/usr/lib/python3/dist-packages/requests/models.py:368: in prepare
    self.prepare_url(url, params)
/usr/lib/python3/dist-packages/requests/models.py:439: in prepare_url
    raise MissingSchema(
E   requests.exceptions.MissingSchema: Invalid URL '/api/user/goal?user_id=default': No scheme supplied. Perhaps you meant https:///api/user/goal?user_id=default?
____________ ERROR at setup of TestEnhancedGoalAPI.test_delete_goal ____________
backend/tests/test_enhanced_goal.py:22: in cleanup
    requests.delete(f"{BASE_URL}/api/user/goal?user_id=default")
/usr/lib/python3/dist-packages/requests/api.py:157: in delete
    return request("delete", url, **kwargs)
           ^^^^^^^^^^^^^^^^^^^^^^^^^^^^^^^^
/usr/lib/python3/dist-packages/requests/api.py:59: in request
    return session.request(method=method, url=url, **kwargs)
           ^^^^^^^^^^^^^^^^^^^^^^^^^^^^^^^^^^^^^^^^^^^^^^^^^
/usr/lib/python3/dist-packages/requests/sessions.py:575: in request
    prep = self.prepare_request(req)
           ^^^^^^^^^^^^^^^^^^^^^^^^^
/usr/lib/python3/dist-packages/requests/sessions.py:486: in prepare_request
    p.prepare(
/usr/lib/python3/dist-packages/requests/models.py:368: in prepare
    self.prepare_url(url, params)
/usr/lib/python3/dist-packages/requests/models.py:439: in prepare_url
    raise MissingSchema(
E   requests.exceptions.MissingSchema: Invalid URL '/api/user/goal?user_id=default': No scheme supplied. Perhaps you meant https:///api/user/goal?user_id=default?
____ ERROR at setup of TestGoalInDigest.test_digest_includes_goal_with_pace ____
backend/tests/test_enhanced_goal.py:224: in setup_goal
    requests.delete(f"{BASE_URL}/api/user/goal?user_id=default")
/usr/lib/python3/dist-packages/requests/api.py:157: in delete
    return request("delete", url, **kwargs)
           ^^^^^^^^^^^^^^^^^^^^^^^^^^^^^^^^
/usr/lib/python3/dist-packages/requests/api.py:59: in request
    return session.request(method=method, url=url, **kwargs)
           ^^^^^^^^^^^^^^^^^^^^^^^^^^^^^^^^^^^^^^^^^^^^^^^^^
/usr/lib/python3/dist-packages/requests/sessions.py:575: in request
    prep = self.prepare_request(req)
           ^^^^^^^^^^^^^^^^^^^^^^^^^
/usr/lib/python3/dist-packages/requests/sessions.py:486: in prepare_request
    p.prepare(
/usr/lib/python3/dist-packages/requests/models.py:368: in prepare
    self.prepare_url(url, params)
/usr/lib/python3/dist-packages/requests/models.py:439: in prepare_url
    raise MissingSchema(
E   requests.exceptions.MissingSchema: Invalid URL '/api/user/goal?user_id=default': No scheme supplied. Perhaps you meant https:///api/user/goal?user_id=default?
_________ ERROR at setup of TestPaceCalculation.test_pace_5k_in_25min __________
backend/tests/test_enhanced_goal.py:262: in cleanup
    requests.delete(f"{BASE_URL}/api/user/goal?user_id=default")
/usr/lib/python3/dist-packages/requests/api.py:157: in delete
    return request("delete", url, **kwargs)
           ^^^^^^^^^^^^^^^^^^^^^^^^^^^^^^^^
/usr/lib/python3/dist-packages/requests/api.py:59: in request
    return session.request(method=method, url=url, **kwargs)
           ^^^^^^^^^^^^^^^^^^^^^^^^^^^^^^^^^^^^^^^^^^^^^^^^^
/usr/lib/python3/dist-packages/requests/sessions.py:575: in request
    prep = self.prepare_request(req)
           ^^^^^^^^^^^^^^^^^^^^^^^^^
/usr/lib/python3/dist-packages/requests/sessions.py:486: in prepare_request
    p.prepare(
/usr/lib/python3/dist-packages/requests/models.py:368: in prepare
    self.prepare_url(url, params)
/usr/lib/python3/dist-packages/requests/models.py:439: in prepare_url
    raise MissingSchema(
E   requests.exceptions.MissingSchema: Invalid URL '/api/user/goal?user_id=default': No scheme supplied. Perhaps you meant https:///api/user/goal?user_id=default?
_________ ERROR at setup of TestPaceCalculation.test_pace_10k_in_45min _________
backend/tests/test_enhanced_goal.py:262: in cleanup
    requests.delete(f"{BASE_URL}/api/user/goal?user_id=default")
/usr/lib/python3/dist-packages/requests/api.py:157: in delete
    return request("delete", url, **kwargs)
           ^^^^^^^^^^^^^^^^^^^^^^^^^^^^^^^^
/usr/lib/python3/dist-packages/requests/api.py:59: in request
    return session.request(method=method, url=url, **kwargs)
           ^^^^^^^^^^^^^^^^^^^^^^^^^^^^^^^^^^^^^^^^^^^^^^^^^
/usr/lib/python3/dist-packages/requests/sessions.py:575: in request
    prep = self.prepare_request(req)
           ^^^^^^^^^^^^^^^^^^^^^^^^^
/usr/lib/python3/dist-packages/requests/sessions.py:486: in prepare_request
    p.prepare(
/usr/lib/python3/dist-packages/requests/models.py:368: in prepare
    self.prepare_url(url, params)
/usr/lib/python3/dist-packages/requests/models.py:439: in prepare_url
    raise MissingSchema(
E   requests.exceptions.MissingSchema: Invalid URL '/api/user/goal?user_id=default': No scheme supplied. Perhaps you meant https:///api/user/goal?user_id=default?
_______ ERROR at setup of TestPaceCalculation.test_pace_marathon_in_3h45 _______
backend/tests/test_enhanced_goal.py:262: in cleanup
    requests.delete(f"{BASE_URL}/api/user/goal?user_id=default")
/usr/lib/python3/dist-packages/requests/api.py:157: in delete
    return request("delete", url, **kwargs)
           ^^^^^^^^^^^^^^^^^^^^^^^^^^^^^^^^
/usr/lib/python3/dist-packages/requests/api.py:59: in request
    return session.request(method=method, url=url, **kwargs)
           ^^^^^^^^^^^^^^^^^^^^^^^^^^^^^^^^^^^^^^^^^^^^^^^^^
/usr/lib/python3/dist-packages/requests/sessions.py:575: in request
    prep = self.prepare_request(req)
           ^^^^^^^^^^^^^^^^^^^^^^^^^
/usr/lib/python3/dist-packages/requests/sessions.py:486: in prepare_request
    p.prepare(
/usr/lib/python3/dist-packages/requests/models.py:368: in prepare
    self.prepare_url(url, params)
/usr/lib/python3/dist-packages/requests/models.py:439: in prepare_url
    raise MissingSchema(
E   requests.exceptions.MissingSchema: Invalid URL '/api/user/goal?user_id=default': No scheme supplied. Perhaps you meant https:///api/user/goal?user_id=default?
_________ ERROR at setup of TestPaceCalculation.test_pace_semi_in_1h30 _________
backend/tests/test_enhanced_goal.py:262: in cleanup
    requests.delete(f"{BASE_URL}/api/user/goal?user_id=default")
/usr/lib/python3/dist-packages/requests/api.py:157: in delete
    return request("delete", url, **kwargs)
           ^^^^^^^^^^^^^^^^^^^^^^^^^^^^^^^^
/usr/lib/python3/dist-packages/requests/api.py:59: in request
    return session.request(method=method, url=url, **kwargs)
           ^^^^^^^^^^^^^^^^^^^^^^^^^^^^^^^^^^^^^^^^^^^^^^^^^
/usr/lib/python3/dist-packages/requests/sessions.py:575: in request
    prep = self.prepare_request(req)
           ^^^^^^^^^^^^^^^^^^^^^^^^^
/usr/lib/python3/dist-packages/requests/sessions.py:486: in prepare_request
    p.prepare(
/usr/lib/python3/dist-packages/requests/models.py:368: in prepare
    self.prepare_url(url, params)
/usr/lib/python3/dist-packages/requests/models.py:439: in prepare_url
    raise MissingSchema(
E   requests.exceptions.MissingSchema: Invalid URL '/api/user/goal?user_id=default': No scheme supplied. Perhaps you meant https:///api/user/goal?user_id=default?
___________________ ERROR at setup of test_state_change_only ___________________
file /home/runner/work/sauvegarde260629/sauvegarde260629/backend/tests/test_monitor_worker.py, line 46
  async def test_state_change_only(r):
      print("\n[TEST 2] alerts only on state change (no spam)", flush=True)
      await _clear(r)
      rec = _AlertRecorder()
      orig = mw.send_alert
      mw.send_alert = rec
      try:
          # 1st unhealthy: below threshold (2) -> no alert
          assert await mw.process_once(r, {"status": "unhealthy"}) is None
          # 2nd unhealthy: crosses threshold -> critical (emit once)
          lvl = await mw.process_once(r, {"status": "unhealthy", "queue_length": 5000})
          if lvl != "critical": _fail(f"expected critical on 2nd, got {lvl}")
          # 3rd + 4th unhealthy: still critical, but SAME level -> no new alert
          assert await mw.process_once(r, {"status": "unhealthy"}) is None
          assert await mw.process_once(r, {"status": "unhealthy"}) is None
          if len(rec.calls) != 1:
              _fail(f"expected exactly 1 alert across repeated unhealthy, got {len(rec.calls)}")
          _ok("critical emitted once, repeats suppressed")

          # recovery: healthy -> one 'info' recovery alert, then reset
          lvl = await mw.process_once(r, {"status": "healthy"})
          if lvl != "info": _fail(f"expected info recovery, got {lvl}")
          # healthy again -> nothing
          assert await mw.process_once(r, {"status": "healthy"}) is None
          if len(rec.calls) != 2:
              _fail(f"expected 2 total (critical+recovery), got {len(rec.calls)}")
          if await r.get(mw.LAST_LEVEL_KEY) is not None:
              _fail("last_level should be cleared after recovery")
          _ok("recovery emitted once on return to healthy, then silent")
      finally:
          mw.send_alert = orig
          await _clear(r)
E       fixture 'r' not found
>       available fixtures: anyio_backend, anyio_backend_name, anyio_backend_options, api_client, base_url, cache, capfd, capfdbinary, caplog, capsys, capsysbinary, capteesys, doctest_namespace, free_tcp_port, free_tcp_port_factory, free_udp_port, free_udp_port_factory, monkeypatch, pytestconfig, record_property, record_testsuite_property, record_xml_attribute, recwarn, subtests, tmp_path, tmp_path_factory, tmpdir, tmpdir_factory
>       use 'pytest --fixtures [testpath]' for help on them.

/home/runner/work/sauvegarde260629/sauvegarde260629/backend/tests/test_monitor_worker.py:46
________________ ERROR at setup of test_degraded_then_escalate _________________
file /home/runner/work/sauvegarde260629/sauvegarde260629/backend/tests/test_monitor_worker.py, line 80
  async def test_degraded_then_escalate(r):
      print("\n[TEST 3] degraded warning then escalation to critical", flush=True)
      await _clear(r)
      rec = _AlertRecorder()
      orig = mw.send_alert
      mw.send_alert = rec
      try:
          # 5 consecutive degraded -> warning at the 5th
          from monitoring.alerts import DEGRADED_THRESHOLD
          for i in range(1, DEGRADED_THRESHOLD + 1):
              lvl = await mw.process_once(r, {"status": "degraded"})
          if lvl != "warning": _fail(f"expected warning at {DEGRADED_THRESHOLD}, got {lvl}")
          # escalate: 2 consecutive unhealthy -> critical (different level -> emit)
          await mw.process_once(r, {"status": "unhealthy"})
          lvl = await mw.process_once(r, {"status": "unhealthy"})
          if lvl != "critical": _fail(f"expected escalation to critical, got {lvl}")
          levels = [c[0] for c in rec.calls]
          if levels != ["warning", "critical"]:
              _fail(f"expected [warning, critical], got {levels}")
          _ok("warning then critical escalation emitted (2 alerts)")
      finally:
          mw.send_alert = orig
          await _clear(r)
E       fixture 'r' not found
>       available fixtures: anyio_backend, anyio_backend_name, anyio_backend_options, api_client, base_url, cache, capfd, capfdbinary, caplog, capsys, capsysbinary, capteesys, doctest_namespace, free_tcp_port, free_tcp_port_factory, free_udp_port, free_udp_port_factory, monkeypatch, pytestconfig, record_property, record_testsuite_property, record_xml_attribute, recwarn, subtests, tmp_path, tmp_path_factory, tmpdir, tmpdir_factory
>       use 'pytest --fixtures [testpath]' for help on them.

/home/runner/work/sauvegarde260629/sauvegarde260629/backend/tests/test_monitor_worker.py:80
____________________ ERROR at setup of test_leader_election ____________________
file /home/runner/work/sauvegarde260629/sauvegarde260629/backend/tests/test_monitor_worker.py, line 105
  async def test_leader_election(r):
      print("\n[TEST 4] leader election: one leader, standby denied, refresh works", flush=True)
      await _clear(r)
      if not await mw.acquire_or_refresh_leadership(r, "nodeA:1"):
          _fail("first candidate should become leader")
      if await mw.acquire_or_refresh_leadership(r, "nodeB:2"):
          _fail("second candidate should be denied (standby)")
      if not await mw.acquire_or_refresh_leadership(r, "nodeA:1"):
          _fail("existing leader should refresh and keep leadership")
      ttl = await r.ttl(mw.LEADER_KEY)
      if ttl <= 0 or ttl > mw.LEADER_TTL:
          _fail(f"leader TTL not refreshed correctly: {ttl}")
      _ok(f"single leader enforced, TTL refreshed ({ttl}s)")
      await _clear(r)
E       fixture 'r' not found
>       available fixtures: anyio_backend, anyio_backend_name, anyio_backend_options, api_client, base_url, cache, capfd, capfdbinary, caplog, capsys, capsysbinary, capteesys, doctest_namespace, free_tcp_port, free_tcp_port_factory, free_udp_port, free_udp_port_factory, monkeypatch, pytestconfig, record_property, record_testsuite_property, record_xml_attribute, recwarn, subtests, tmp_path, tmp_path_factory, tmpdir, tmpdir_factory
>       use 'pytest --fixtures [testpath]' for help on them.

/home/runner/work/sauvegarde260629/sauvegarde260629/backend/tests/test_monitor_worker.py:105
___________ ERROR at setup of TestUserGoal.test_create_goal_success ____________
backend/tests/test_new_features.py:90: in cleanup
    requests.delete(f"{BASE_URL}/api/user/goal?user_id=test_user")
/usr/lib/python3/dist-packages/requests/api.py:157: in delete
    return request("delete", url, **kwargs)
           ^^^^^^^^^^^^^^^^^^^^^^^^^^^^^^^^
/usr/lib/python3/dist-packages/requests/api.py:59: in request
    return session.request(method=method, url=url, **kwargs)
           ^^^^^^^^^^^^^^^^^^^^^^^^^^^^^^^^^^^^^^^^^^^^^^^^^
/usr/lib/python3/dist-packages/requests/sessions.py:575: in request
    prep = self.prepare_request(req)
           ^^^^^^^^^^^^^^^^^^^^^^^^^
/usr/lib/python3/dist-packages/requests/sessions.py:486: in prepare_request
    p.prepare(
/usr/lib/python3/dist-packages/requests/models.py:368: in prepare
    self.prepare_url(url, params)
/usr/lib/python3/dist-packages/requests/models.py:439: in prepare_url
    raise MissingSchema(
E   requests.exceptions.MissingSchema: Invalid URL '/api/user/goal?user_id=test_user': No scheme supplied. Perhaps you meant https:///api/user/goal?user_id=test_user?
_____ ERROR at setup of TestUserGoal.test_create_goal_returns_correct_data _____
backend/tests/test_new_features.py:90: in cleanup
    requests.delete(f"{BASE_URL}/api/user/goal?user_id=test_user")
/usr/lib/python3/dist-packages/requests/api.py:157: in delete
    return request("delete", url, **kwargs)
           ^^^^^^^^^^^^^^^^^^^^^^^^^^^^^^^^
/usr/lib/python3/dist-packages/requests/api.py:59: in request
    return session.request(method=method, url=url, **kwargs)
           ^^^^^^^^^^^^^^^^^^^^^^^^^^^^^^^^^^^^^^^^^^^^^^^^^
/usr/lib/python3/dist-packages/requests/sessions.py:575: in request
    prep = self.prepare_request(req)
           ^^^^^^^^^^^^^^^^^^^^^^^^^
/usr/lib/python3/dist-packages/requests/sessions.py:486: in prepare_request
    p.prepare(
/usr/lib/python3/dist-packages/requests/models.py:368: in prepare
    self.prepare_url(url, params)
/usr/lib/python3/dist-packages/requests/models.py:439: in prepare_url
    raise MissingSchema(
E   requests.exceptions.MissingSchema: Invalid URL '/api/user/goal?user_id=test_user': No scheme supplied. Perhaps you meant https:///api/user/goal?user_id=test_user?
______ ERROR at setup of TestUserGoal.test_get_goal_returns_created_goal _______
backend/tests/test_new_features.py:90: in cleanup
    requests.delete(f"{BASE_URL}/api/user/goal?user_id=test_user")
/usr/lib/python3/dist-packages/requests/api.py:157: in delete
    return request("delete", url, **kwargs)
           ^^^^^^^^^^^^^^^^^^^^^^^^^^^^^^^^
/usr/lib/python3/dist-packages/requests/api.py:59: in request
    return session.request(method=method, url=url, **kwargs)
           ^^^^^^^^^^^^^^^^^^^^^^^^^^^^^^^^^^^^^^^^^^^^^^^^^
/usr/lib/python3/dist-packages/requests/sessions.py:575: in request
    prep = self.prepare_request(req)
           ^^^^^^^^^^^^^^^^^^^^^^^^^
/usr/lib/python3/dist-packages/requests/sessions.py:486: in prepare_request
    p.prepare(
/usr/lib/python3/dist-packages/requests/models.py:368: in prepare
    self.prepare_url(url, params)
/usr/lib/python3/dist-packages/requests/models.py:439: in prepare_url
    raise MissingSchema(
E   requests.exceptions.MissingSchema: Invalid URL '/api/user/goal?user_id=test_user': No scheme supplied. Perhaps you meant https:///api/user/goal?user_id=test_user?
____ ERROR at setup of TestUserGoal.test_get_goal_returns_null_when_no_goal ____
backend/tests/test_new_features.py:90: in cleanup
    requests.delete(f"{BASE_URL}/api/user/goal?user_id=test_user")
/usr/lib/python3/dist-packages/requests/api.py:157: in delete
    return request("delete", url, **kwargs)
           ^^^^^^^^^^^^^^^^^^^^^^^^^^^^^^^^
/usr/lib/python3/dist-packages/requests/api.py:59: in request
    return session.request(method=method, url=url, **kwargs)
           ^^^^^^^^^^^^^^^^^^^^^^^^^^^^^^^^^^^^^^^^^^^^^^^^^
/usr/lib/python3/dist-packages/requests/sessions.py:575: in request
    prep = self.prepare_request(req)
           ^^^^^^^^^^^^^^^^^^^^^^^^^
/usr/lib/python3/dist-packages/requests/sessions.py:486: in prepare_request
    p.prepare(
/usr/lib/python3/dist-packages/requests/models.py:368: in prepare
    self.prepare_url(url, params)
/usr/lib/python3/dist-packages/requests/models.py:439: in prepare_url
    raise MissingSchema(
E   requests.exceptions.MissingSchema: Invalid URL '/api/user/goal?user_id=test_user': No scheme supplied. Perhaps you meant https:///api/user/goal?user_id=test_user?
___________ ERROR at setup of TestUserGoal.test_delete_goal_success ____________
backend/tests/test_new_features.py:90: in cleanup
    requests.delete(f"{BASE_URL}/api/user/goal?user_id=test_user")
/usr/lib/python3/dist-packages/requests/api.py:157: in delete
    return request("delete", url, **kwargs)
           ^^^^^^^^^^^^^^^^^^^^^^^^^^^^^^^^
/usr/lib/python3/dist-packages/requests/api.py:59: in request
    return session.request(method=method, url=url, **kwargs)
           ^^^^^^^^^^^^^^^^^^^^^^^^^^^^^^^^^^^^^^^^^^^^^^^^^
/usr/lib/python3/dist-packages/requests/sessions.py:575: in request
    prep = self.prepare_request(req)
           ^^^^^^^^^^^^^^^^^^^^^^^^^
/usr/lib/python3/dist-packages/requests/sessions.py:486: in prepare_request
    p.prepare(
/usr/lib/python3/dist-packages/requests/models.py:368: in prepare
    self.prepare_url(url, params)
/usr/lib/python3/dist-packages/requests/models.py:439: in prepare_url
    raise MissingSchema(
E   requests.exceptions.MissingSchema: Invalid URL '/api/user/goal?user_id=test_user': No scheme supplied. Perhaps you meant https:///api/user/goal?user_id=test_user?
________ ERROR at setup of TestUserGoal.test_delete_goal_verify_removed ________
backend/tests/test_new_features.py:90: in cleanup
    requests.delete(f"{BASE_URL}/api/user/goal?user_id=test_user")
/usr/lib/python3/dist-packages/requests/api.py:157: in delete
    return request("delete", url, **kwargs)
           ^^^^^^^^^^^^^^^^^^^^^^^^^^^^^^^^
/usr/lib/python3/dist-packages/requests/api.py:59: in request
    return session.request(method=method, url=url, **kwargs)
           ^^^^^^^^^^^^^^^^^^^^^^^^^^^^^^^^^^^^^^^^^^^^^^^^^
/usr/lib/python3/dist-packages/requests/sessions.py:575: in request
    prep = self.prepare_request(req)
           ^^^^^^^^^^^^^^^^^^^^^^^^^
/usr/lib/python3/dist-packages/requests/sessions.py:486: in prepare_request
    p.prepare(
/usr/lib/python3/dist-packages/requests/models.py:368: in prepare
    self.prepare_url(url, params)
/usr/lib/python3/dist-packages/requests/models.py:439: in prepare_url
    raise MissingSchema(
E   requests.exceptions.MissingSchema: Invalid URL '/api/user/goal?user_id=test_user': No scheme supplied. Perhaps you meant https:///api/user/goal?user_id=test_user?
______ ERROR at setup of TestUserGoal.test_update_goal_replaces_existing _______
backend/tests/test_new_features.py:90: in cleanup
    requests.delete(f"{BASE_URL}/api/user/goal?user_id=test_user")
/usr/lib/python3/dist-packages/requests/api.py:157: in delete
    return request("delete", url, **kwargs)
           ^^^^^^^^^^^^^^^^^^^^^^^^^^^^^^^^
/usr/lib/python3/dist-packages/requests/api.py:59: in request
    return session.request(method=method, url=url, **kwargs)
           ^^^^^^^^^^^^^^^^^^^^^^^^^^^^^^^^^^^^^^^^^^^^^^^^^
/usr/lib/python3/dist-packages/requests/sessions.py:575: in request
    prep = self.prepare_request(req)
           ^^^^^^^^^^^^^^^^^^^^^^^^^
/usr/lib/python3/dist-packages/requests/sessions.py:486: in prepare_request
    p.prepare(
/usr/lib/python3/dist-packages/requests/models.py:368: in prepare
    self.prepare_url(url, params)
/usr/lib/python3/dist-packages/requests/models.py:439: in prepare_url
    raise MissingSchema(
E   requests.exceptions.MissingSchema: Invalid URL '/api/user/goal?user_id=test_user': No scheme supplied. Perhaps you meant https:///api/user/goal?user_id=test_user?
____________________ ERROR at setup of test_redis_ok_empty _____________________
file /home/runner/work/sauvegarde260629/sauvegarde260629/backend/tests/test_queue_health.py, line 57
  async def test_redis_ok_empty(r):
      print("\n[TEST 1] Redis OK + empty queue + worker present -> healthy", flush=True)
      await _reset(r)
      await _add_worker(r)
      h = await queue_health()
      if not h["redis_connected"]:
          _fail("redis_connected should be True")
      if h["status"] != "healthy":
          _fail(f"expected healthy, got {h['status']}")
      if h["queue_length"] != 0 or h["processing_length"] != 0:
          _fail(f"expected empty lengths, got {h}")
      if h["active_workers"] != 1:
          _fail(f"expected 1 worker, got {h['active_workers']}")
      _ok(f"healthy, workers=1, queue=0 (timestamp {h['timestamp']})")
E       fixture 'r' not found
>       available fixtures: anyio_backend, anyio_backend_name, anyio_backend_options, api_client, base_url, cache, capfd, capfdbinary, caplog, capsys, capsysbinary, capteesys, doctest_namespace, free_tcp_port, free_tcp_port_factory, free_udp_port, free_udp_port_factory, monkeypatch, pytestconfig, record_property, record_testsuite_property, record_xml_attribute, recwarn, subtests, tmp_path, tmp_path_factory, tmpdir, tmpdir_factory
>       use 'pytest --fixtures [testpath]' for help on them.

/home/runner/work/sauvegarde260629/sauvegarde260629/backend/tests/test_queue_health.py:57
_____________________ ERROR at setup of test_queue_loaded ______________________
file /home/runner/work/sauvegarde260629/sauvegarde260629/backend/tests/test_queue_health.py, line 95
  async def test_queue_loaded(r):
      print("\n[TEST 3] loaded queue -> degraded then unhealthy", flush=True)
      await _reset(r)
      await _add_worker(r)

      await r.rpush(QUEUE_KEY, *[str(i) for i in range(600)])
      h = await queue_health()
      if h["status"] != "degraded" or h["queue_length"] != 600:
          _fail(f"expected degraded @600, got status={h['status']} len={h['queue_length']}")
      _ok("queue=600 -> degraded")

      await r.rpush(QUEUE_KEY, *[str(i) for i in range(1500)])  # total 2100
      h = await queue_health()
      if h["status"] != "unhealthy" or h["queue_length"] != 2100:
          _fail(f"expected unhealthy @2100, got status={h['status']} len={h['queue_length']}")
      _ok("queue=2100 -> unhealthy")
      await _reset(r)
E       fixture 'r' not found
>       available fixtures: anyio_backend, anyio_backend_name, anyio_backend_options, api_client, base_url, cache, capfd, capfdbinary, caplog, capsys, capsysbinary, capteesys, doctest_namespace, free_tcp_port, free_tcp_port_factory, free_udp_port, free_udp_port_factory, monkeypatch, pytestconfig, record_property, record_testsuite_property, record_xml_attribute, recwarn, subtests, tmp_path, tmp_path_factory, tmpdir, tmpdir_factory
>       use 'pytest --fixtures [testpath]' for help on them.

/home/runner/work/sauvegarde260629/sauvegarde260629/backend/tests/test_queue_health.py:95
_____________________ ERROR at setup of test_worker_absent _____________________
file /home/runner/work/sauvegarde260629/sauvegarde260629/backend/tests/test_queue_health.py, line 114
  async def test_worker_absent(r):
      print("\n[TEST 4] no worker heartbeat -> unhealthy", flush=True)
      await _reset(r)  # removes all heartbeats
      h = await queue_health()
      if h["active_workers"] != 0:
          _fail(f"expected 0 workers, got {h['active_workers']}")
      if h["status"] != "unhealthy":
          _fail(f"expected unhealthy with no worker, got {h['status']}")
      _ok("active_workers=0 -> unhealthy")
E       fixture 'r' not found
>       available fixtures: anyio_backend, anyio_backend_name, anyio_backend_options, api_client, base_url, cache, capfd, capfdbinary, caplog, capsys, capsysbinary, capteesys, doctest_namespace, free_tcp_port, free_tcp_port_factory, free_udp_port, free_udp_port_factory, monkeypatch, pytestconfig, record_property, record_testsuite_property, record_xml_attribute, recwarn, subtests, tmp_path, tmp_path_factory, tmpdir, tmpdir_factory
>       use 'pytest --fixtures [testpath]' for help on them.

/home/runner/work/sauvegarde260629/sauvegarde260629/backend/tests/test_queue_health.py:114
____________________ ERROR at setup of test_orphan_counter _____________________
file /home/runner/work/sauvegarde260629/sauvegarde260629/backend/tests/test_queue_health.py, line 125
  async def test_orphan_counter(r):
      print("\n[TEST 5] orphan recovery increments orphans_recovered_total", flush=True)
      await _reset(r)
      await _add_worker(r)

      job = {"id": uuid.uuid4().hex, "type": "SYNC_USER", "user_id": "hc", "attempts": 0}
      raw = json.dumps(job)
      await r.rpush(PROCESSING_KEY, raw)
      await r.hset(CLAIMS_KEY, job["id"], time.time() - 9999)  # very old -> orphan

      before = await queue_health()
      n = await recover_orphans()
      if n != 1:
          _fail(f"recover_orphans returned {n}, expected 1")
      after = await queue_health()
      if after["orphans_recovered_total"] != before["orphans_recovered_total"] + 1:
          _fail(f"counter not incremented: {before['orphans_recovered_total']} -> {after['orphans_recovered_total']}")
      _ok(f"orphans_recovered_total {before['orphans_recovered_total']} -> {after['orphans_recovered_total']}")
      await _reset(r)
E       fixture 'r' not found
>       available fixtures: anyio_backend, anyio_backend_name, anyio_backend_options, api_client, base_url, cache, capfd, capfdbinary, caplog, capsys, capsysbinary, capteesys, doctest_namespace, free_tcp_port, free_tcp_port_factory, free_udp_port, free_udp_port_factory, monkeypatch, pytestconfig, record_property, record_testsuite_property, record_xml_attribute, recwarn, subtests, tmp_path, tmp_path_factory, tmpdir, tmpdir_factory
>       use 'pytest --fixtures [testpath]' for help on them.

/home/runner/work/sauvegarde260629/sauvegarde260629/backend/tests/test_queue_health.py:125
________________________ ERROR at setup of test_latency ________________________
file /home/runner/work/sauvegarde260629/sauvegarde260629/backend/tests/test_queue_health.py, line 146
  async def test_latency(r):
      print("\n[TEST 6] endpoint latency < 10ms (server-side)", flush=True)
      await _reset(r)
      await _add_worker(r)
      await queue_health()  # warm
      times = []
      for _ in range(20):
          t = time.perf_counter()
          await queue_health()
          times.append((time.perf_counter() - t) * 1000)
      avg, mx = sum(times) / len(times), max(times)
      if mx >= 10:
          _fail(f"max latency {mx:.2f}ms >= 10ms")
      _ok(f"avg={avg:.2f}ms max={mx:.2f}ms (<10ms)")
      await _reset(r)
E       fixture 'r' not found
>       available fixtures: anyio_backend, anyio_backend_name, anyio_backend_options, api_client, base_url, cache, capfd, capfdbinary, caplog, capsys, capsysbinary, capteesys, doctest_namespace, free_tcp_port, free_tcp_port_factory, free_udp_port, free_udp_port_factory, monkeypatch, pytestconfig, record_property, record_testsuite_property, record_xml_attribute, recwarn, subtests, tmp_path, tmp_path_factory, tmpdir, tmpdir_factory
>       use 'pytest --fixtures [testpath]' for help on them.

/home/runner/work/sauvegarde260629/sauvegarde260629/backend/tests/test_queue_health.py:146
_________________ ERROR at setup of test_worker_kill9_recovery _________________
file /home/runner/work/sauvegarde260629/sauvegarde260629/backend/tests/test_reliable_queue.py, line 75
  async def test_worker_kill9_recovery(r):
      print("\n[TEST 1] worker kill -9 mid-job -> watchdog recovery", flush=True)
      await _flush(r)

      job = _make_job()
      await r.lpush(QUEUE_KEY, json.dumps(job))

      # Spawn a mock worker that claims the job and hangs.
      proc = subprocess.Popen(
          [sys.executable, "-m", "tests._mock_worker"],
          cwd=BACKEND_DIR,
          stdout=subprocess.PIPE,
          stderr=subprocess.STDOUT,
          text=True,
      )
      # Wait until the job is in the processing list (claimed).
      for _ in range(100):
          q, p, c = await _counts(r)
          if p == 1:
              break
          await asyncio.sleep(0.1)
      else:
          proc.kill()
          _fail("mock worker never claimed the job")

      q, p, c = await _counts(r)
      if not (q == 0 and p == 1 and c == 1):
          proc.kill()
          _fail(f"unexpected state after claim: queue={q} processing={p} claims={c}")
      _ok("job claimed: queue=0 processing=1 claims=1")

      # Hard-kill the worker while it holds the job (simulates crash).
      proc.kill()
      proc.wait(timeout=5)
      _ok("worker killed with SIGKILL while holding the job")

      # Job must still be safe in the processing list (NOT lost).
      q, p, c = await _counts(r)
      if p != 1:
          _fail(f"job lost after crash! processing={p}")
      _ok("job survived the crash (still in processing list)")

      # Wait past the orphan timeout, then run the watchdog.
      await asyncio.sleep(ORPHAN_TIMEOUT + 1)
      recovered = await recover_orphans()
      if recovered != 1:
          _fail(f"watchdog recovered {recovered} jobs, expected 1")

      q, p, c = await _counts(r)
      if not (q == 1 and p == 0 and c == 0):
          _fail(f"post-recovery state wrong: queue={q} processing={p} claims={c}")

      # Same job id back in the queue -> no loss, no duplicate.
      raw = await r.lindex(QUEUE_KEY, 0)
      recovered_id = json.loads(raw)["id"]
      if recovered_id != job["id"]:
          _fail(f"recovered a different job id={recovered_id}")
      _ok(f"exactly-one recovered id={recovered_id} (no loss, no duplicate)")
E       fixture 'r' not found
>       available fixtures: anyio_backend, anyio_backend_name, anyio_backend_options, api_client, base_url, cache, capfd, capfdbinary, caplog, capsys, capsysbinary, capteesys, doctest_namespace, free_tcp_port, free_tcp_port_factory, free_udp_port, free_udp_port_factory, monkeypatch, pytestconfig, record_property, record_testsuite_property, record_xml_attribute, recwarn, subtests, tmp_path, tmp_path_factory, tmpdir, tmpdir_factory
>       use 'pytest --fixtures [testpath]' for help on them.

/home/runner/work/sauvegarde260629/sauvegarde260629/backend/tests/test_reliable_queue.py:75
___________________ ERROR at setup of test_ack_removes_once ____________________
file /home/runner/work/sauvegarde260629/sauvegarde260629/backend/tests/test_reliable_queue.py, line 135
  async def test_ack_removes_once(r):
      print("\n[TEST 2] normal success -> ACK removes the job exactly once", flush=True)
      await _flush(r)

      job = _make_job()
      await r.lpush(QUEUE_KEY, json.dumps(job))

      claimed = await claim_job(timeout=5)
      if not claimed:
          _fail("claim_job returned nothing")
      raw, claimed_job = claimed
      q, p, c = await _counts(r)
      if not (q == 0 and p == 1 and c == 1):
          _fail(f"state after claim wrong: queue={q} processing={p} claims={c}")
      _ok("claimed into processing")

      await ack_job(raw, claimed_job["id"])
      q, p, c = await _counts(r)
      if not (q == 0 and p == 0 and c == 0):
          _fail(f"state after ack wrong: queue={q} processing={p} claims={c}")
      _ok("ACK cleared processing + claims; watchdog leaves nothing behind")

      if await recover_orphans() != 0:
          _fail("watchdog wrongly recovered an already-acked job")
      _ok("no phantom recovery after ACK")
E       fixture 'r' not found
>       available fixtures: anyio_backend, anyio_backend_name, anyio_backend_options, api_client, base_url, cache, capfd, capfdbinary, caplog, capsys, capsysbinary, capteesys, doctest_namespace, free_tcp_port, free_tcp_port_factory, free_udp_port, free_udp_port_factory, monkeypatch, pytestconfig, record_property, record_testsuite_property, record_xml_attribute, recwarn, subtests, tmp_path, tmp_path_factory, tmpdir, tmpdir_factory
>       use 'pytest --fixtures [testpath]' for help on them.

/home/runner/work/sauvegarde260629/sauvegarde260629/backend/tests/test_reliable_queue.py:135
_______________ ERROR at setup of test_redis_restart_durability ________________
file /home/runner/work/sauvegarde260629/sauvegarde260629/backend/tests/test_reliable_queue.py, line 162
  async def test_redis_restart_durability(r):
      print("\n[TEST 3] Redis restart -> in-flight job survives (AOF)", flush=True)
      await _flush(r)

      job = _make_job()
      await r.lpush(QUEUE_KEY, json.dumps(job))
      claimed = await claim_job(timeout=5)
      if not claimed:
          _fail("claim_job returned nothing")
      _ok("job claimed and in-flight before restart")

      # Force an AOF rewrite so the current state is on disk, then restart Redis.
      try:
          await r.bgrewriteaof()
      except Exception:
          pass
      await asyncio.sleep(1)

      subprocess.run(["sudo", "supervisorctl", "restart", "redis"], check=True,
                     capture_output=True, text=True)
      await asyncio.sleep(3)

      # Fresh connection to the restarted server.
      from jobs import redis_client
      redis_client._redis = None
      r2 = get_redis()
      for _ in range(30):
          try:
              await r2.ping()
              break
          except Exception:
              await asyncio.sleep(0.5)

      p = await r2.llen(PROCESSING_KEY)
      if p != 1:
          _fail(f"in-flight job did NOT survive redis restart (processing={p}). "
                f"Check AOF persistence in the redis supervisor config.")
      _ok("in-flight job survived redis restart")

      await asyncio.sleep(ORPHAN_TIMEOUT + 1)
      if await recover_orphans() != 1:
          _fail("watchdog failed to recover the job after restart")
      q = await r2.llen(QUEUE_KEY)
      if q != 1:
          _fail(f"job not requeued after restart recovery: queue={q}")
      _ok("job recovered and requeued after restart (no loss)")
      await _flush(r2)
E       fixture 'r' not found
>       available fixtures: anyio_backend, anyio_backend_name, anyio_backend_options, api_client, base_url, cache, capfd, capfdbinary, caplog, capsys, capsysbinary, capteesys, doctest_namespace, free_tcp_port, free_tcp_port_factory, free_udp_port, free_udp_port_factory, monkeypatch, pytestconfig, record_property, record_testsuite_property, record_xml_attribute, recwarn, subtests, tmp_path, tmp_path_factory, tmpdir, tmpdir_factory
>       use 'pytest --fixtures [testpath]' for help on them.

/home/runner/work/sauvegarde260629/sauvegarde260629/backend/tests/test_reliable_queue.py:162
_______________________ ERROR at setup of test_cooldown ________________________
file /home/runner/work/sauvegarde260629/sauvegarde260629/backend/tests/test_sync_scheduler.py, line 56
  async def test_cooldown(r):
      print("\n[TEST 3] per-user cooldown", flush=True)
      uid = "cooldown-test-user"
      await r.delete(f"{rl.COOLDOWN_PREFIX}{uid}")
      if not await rl.cooldown_ok(uid):
          _fail("fresh user should be outside cooldown")
      await rl.set_cooldown(uid, seconds=30)
      if await rl.cooldown_ok(uid):
          _fail("user in cooldown should be blocked")
      ttl = await r.ttl(f"{rl.COOLDOWN_PREFIX}{uid}")
      if not (0 < ttl <= 30):
          _fail(f"cooldown TTL wrong: {ttl}")
      await r.delete(f"{rl.COOLDOWN_PREFIX}{uid}")
      _ok("cooldown blocks then expires")
E       fixture 'r' not found
>       available fixtures: anyio_backend, anyio_backend_name, anyio_backend_options, api_client, base_url, cache, capfd, capfdbinary, caplog, capsys, capsysbinary, capteesys, doctest_namespace, free_tcp_port, free_tcp_port_factory, free_udp_port, free_udp_port_factory, monkeypatch, pytestconfig, record_property, record_testsuite_property, record_xml_attribute, recwarn, subtests, tmp_path, tmp_path_factory, tmpdir, tmpdir_factory
>       use 'pytest --fixtures [testpath]' for help on them.

/home/runner/work/sauvegarde260629/sauvegarde260629/backend/tests/test_sync_scheduler.py:56
______________________ ERROR at setup of test_global_cap _______________________
file /home/runner/work/sauvegarde260629/sauvegarde260629/backend/tests/test_sync_scheduler.py, line 72
  async def test_global_cap(r):
      print("\n[TEST 4] global concurrency cap", flush=True)
      await r.delete(rl.GLOBAL_ACTIVE_KEY)
      acquired = 0
      for _ in range(rl.GLOBAL_MAX + 3):
          if await rl.acquire_global_slot():
              acquired += 1
      if acquired != rl.GLOBAL_MAX:
          _fail(f"expected {rl.GLOBAL_MAX} slots, got {acquired}")
      # release one -> can acquire one more
      await rl.release_global_slot()
      if not await rl.acquire_global_slot():
          _fail("should acquire after a release")
      # cleanup
      for _ in range(rl.GLOBAL_MAX + 5):
          await rl.release_global_slot()
      await r.delete(rl.GLOBAL_ACTIVE_KEY)
      _ok(f"cap enforced at {rl.GLOBAL_MAX}, slot freed on release")
E       fixture 'r' not found
>       available fixtures: anyio_backend, anyio_backend_name, anyio_backend_options, api_client, base_url, cache, capfd, capfdbinary, caplog, capsys, capsysbinary, capteesys, doctest_namespace, free_tcp_port, free_tcp_port_factory, free_udp_port, free_udp_port_factory, monkeypatch, pytestconfig, record_property, record_testsuite_property, record_xml_attribute, recwarn, subtests, tmp_path, tmp_path_factory, tmpdir, tmpdir_factory
>       use 'pytest --fixtures [testpath]' for help on them.

/home/runner/work/sauvegarde260629/sauvegarde260629/backend/tests/test_sync_scheduler.py:72
______________________ ERROR at setup of test_feed_cache _______________________
file /home/runner/work/sauvegarde260629/sauvegarde260629/backend/tests/test_sync_scheduler.py, line 92
  async def test_feed_cache(r):
      print("\n[TEST 5] feed cache update / since / warm", flush=True)
      uid = "feed-test-user"
      await r.delete(fc._key(uid))
      await fc.update_feed(uid, {"external_id": "a1", "start_time": "2026-01-01T10:00:00+00:00"})
      await fc.update_feed(uid, {"external_id": "a2", "start_time": "2026-01-02T10:00:00+00:00"})
      feed = await fc.get_feed(uid, limit=10)
      if [a["external_id"] for a in feed] != ["a2", "a1"]:
          _fail(f"newest-first order wrong: {feed}")
      newer = await fc.get_feed(uid, since="2026-01-01T12:00:00+00:00", limit=10)
      if [a["external_id"] for a in newer] != ["a2"]:
          _fail(f"since filter wrong: {newer}")
      # warm replaces
      await fc.warm_feed(uid, [
          {"external_id": "b1", "start_time": "2026-02-01T10:00:00+00:00"},
          {"external_id": "b2", "start_time": "2026-02-02T10:00:00+00:00"},
      ])
      warmed = await fc.get_feed(uid, limit=10)
      if [a["external_id"] for a in warmed] != ["b2", "b1"]:
          _fail(f"warm order wrong: {warmed}")
      await r.delete(fc._key(uid))
      _ok("feed newest-first, since filter, warm-replace all correct")
E       fixture 'r' not found
>       available fixtures: anyio_backend, anyio_backend_name, anyio_backend_options, api_client, base_url, cache, capfd, capfdbinary, caplog, capsys, capsysbinary, capteesys, doctest_namespace, free_tcp_port, free_tcp_port_factory, free_udp_port, free_udp_port_factory, monkeypatch, pytestconfig, record_property, record_testsuite_property, record_xml_attribute, recwarn, subtests, tmp_path, tmp_path_factory, tmpdir, tmpdir_factory
>       use 'pytest --fixtures [testpath]' for help on them.

/home/runner/work/sauvegarde260629/sauvegarde260629/backend/tests/test_sync_scheduler.py:92
=================================== FAILURES ===================================
______________ TestRunIndexEndpoint.test_endpoint_returns_200 _______________
/usr/lib/python3/dist-packages/urllib3/connection.py:203: in _new_conn
    sock = connection.create_connection(
/usr/lib/python3/dist-packages/urllib3/util/connection.py:85: in create_connection
    raise err
/usr/lib/python3/dist-packages/urllib3/util/connection.py:73: in create_connection
    sock.connect(sa)
E   ConnectionRefusedError: [Errno 111] Connection refused

The above exception was the direct cause of the following exception:
/usr/lib/python3/dist-packages/urllib3/connectionpool.py:791: in urlopen
    response = self._make_request(
/usr/lib/python3/dist-packages/urllib3/connectionpool.py:497: in _make_request
    conn.request(
/usr/lib/python3/dist-packages/urllib3/connection.py:395: in request
    self.endheaders()
/usr/lib/python3.12/http/client.py:1351: in endheaders
    self._send_output(message_body, encode_chunked=encode_chunked)
/usr/lib/python3.12/http/client.py:1111: in _send_output
    self.send(msg)
/usr/lib/python3.12/http/client.py:1055: in send
    self.connect()
/usr/lib/python3/dist-packages/urllib3/connection.py:243: in connect
    self.sock = self._new_conn()
                ^^^^^^^^^^^^^^^^
/usr/lib/python3/dist-packages/urllib3/connection.py:218: in _new_conn
    raise NewConnectionError(
E   urllib3.exceptions.NewConnectionError: <urllib3.connection.HTTPConnection object at 0x7f290f83f860>: Failed to establish a new connection: [Errno 111] Connection refused

The above exception was the direct cause of the following exception:
/usr/lib/python3/dist-packages/requests/adapters.py:486: in send
    resp = conn.urlopen(
/usr/lib/python3/dist-packages/urllib3/connectionpool.py:845: in urlopen
    retries = retries.increment(
/usr/lib/python3/dist-packages/urllib3/util/retry.py:517: in increment
    raise MaxRetryError(_pool, url, reason) from reason  # type: ignore[arg-type]
    ^^^^^^^^^^^^^^^^^^^^^^^^^^^^^^^^^^^^^^^^^^^^^^^^^^^
E   urllib3.exceptions.MaxRetryError: HTTPConnectionPool(host='localhost', port=8001): Max retries exceeded with url: /api/run-index?user_id=test_run_index_user_no_terra (Caused by NewConnectionError('<urllib3.connection.HTTPConnection object at 0x7f290f83f860>: Failed to establish a new connection: [Errno 111] Connection refused'))

During handling of the above exception, another exception occurred:
backend/tests/test_run_index_screen.py:33: in test_endpoint_returns_200
    response = requests.get(f"{BASE_URL}/api/run-index?user_id={TEST_USER}")
               ^^^^^^^^^^^^^^^^^^^^^^^^^^^^^^^^^^^^^^^^^^^^^^^^^^^^^^^^^^^^^^^^
/usr/lib/python3/dist-packages/requests/api.py:73: in get
    return request("get", url, params=params, **kwargs)
           ^^^^^^^^^^^^^^^^^^^^^^^^^^^^^^^^^^^^^^^^^^^^
/usr/lib/python3/dist-packages/requests/api.py:59: in request
    return session.request(method=method, url=url, **kwargs)
           ^^^^^^^^^^^^^^^^^^^^^^^^^^^^^^^^^^^^^^^^^^^^^^^^^
/usr/lib/python3/dist-packages/requests/sessions.py:589: in request
    resp = self.send(prep, **send_kwargs)
           ^^^^^^^^^^^^^^^^^^^^^^^^^^^^^^
/usr/lib/python3/dist-packages/requests/sessions.py:703: in send
    r = adapter.send(request, **kwargs)
        ^^^^^^^^^^^^^^^^^^^^^^^^^^^^^^^
/usr/lib/python3/dist-packages/requests/adapters.py:519: in send
    raise ConnectionError(e, request=request)
E   requests.exceptions.ConnectionError: HTTPConnectionPool(host='localhost', port=8001): Max retries exceeded with url: /api/run-index?user_id=test_run_index_user_no_terra (Caused by NewConnectionError('<urllib3.connection.HTTPConnection object at 0x7f290f83f860>: Failed to establish a new connection: [Errno 111] Connection refused'))
_______ TestRunIndexEndpoint.test_response_contains_top_level_fields ________
/usr/lib/python3/dist-packages/urllib3/connection.py:203: in _new_conn
    sock = connection.create_connection(
/usr/lib/python3/dist-packages/urllib3/util/connection.py:85: in create_connection
    raise err
/usr/lib/python3/dist-packages/urllib3/util/connection.py:73: in create_connection
    sock.connect(sa)
E   ConnectionRefusedError: [Errno 111] Connection refused

The above exception was the direct cause of the following exception:
/usr/lib/python3/dist-packages/urllib3/connectionpool.py:791: in urlopen
    response = self._make_request(
/usr/lib/python3/dist-packages/urllib3/connectionpool.py:497: in _make_request
    conn.request(
/usr/lib/python3/dist-packages/urllib3/connection.py:395: in request
    self.endheaders()
/usr/lib/python3.12/http/client.py:1351: in endheaders
    self._send_output(message_body, encode_chunked=encode_chunked)
/usr/lib/python3.12/http/client.py:1111: in _send_output
    self.send(msg)
/usr/lib/python3.12/http/client.py:1055: in send
    self.connect()
/usr/lib/python3/dist-packages/urllib3/connection.py:243: in connect
    self.sock = self._new_conn()
                ^^^^^^^^^^^^^^^^
/usr/lib/python3/dist-packages/urllib3/connection.py:218: in _new_conn
    raise NewConnectionError(
E   urllib3.exceptions.NewConnectionError: <urllib3.connection.HTTPConnection object at 0x7f290f83e030>: Failed to establish a new connection: [Errno 111] Connection refused

The above exception was the direct cause of the following exception:
/usr/lib/python3/dist-packages/requests/adapters.py:486: in send
    resp = conn.urlopen(
/usr/lib/python3/dist-packages/urllib3/connectionpool.py:845: in urlopen
    retries = retries.increment(
/usr/lib/python3/dist-packages/urllib3/util/retry.py:517: in increment
    raise MaxRetryError(_pool, url, reason) from reason  # type: ignore[arg-type]
    ^^^^^^^^^^^^^^^^^^^^^^^^^^^^^^^^^^^^^^^^^^^^^^^^^^^
E   urllib3.exceptions.MaxRetryError: HTTPConnectionPool(host='localhost', port=8001): Max retries exceeded with url: /api/run-index?user_id=test_run_index_user_no_terra (Caused by NewConnectionError('<urllib3.connection.HTTPConnection object at 0x7f290f83e030>: Failed to establish a new connection: [Errno 111] Connection refused'))

During handling of the above exception, another exception occurred:
backend/tests/test_run_index_screen.py:38: in test_response_contains_top_level_fields
    response = requests.get(f"{BASE_URL}/api/run-index?user_id={TEST_USER}")
               ^^^^^^^^^^^^^^^^^^^^^^^^^^^^^^^^^^^^^^^^^^^^^^^^^^^^^^^^^^^^^^^^
/usr/lib/python3/dist-packages/requests/api.py:73: in get
    return request("get", url, params=params, **kwargs)
           ^^^^^^^^^^^^^^^^^^^^^^^^^^^^^^^^^^^^^^^^^^^^
/usr/lib/python3/dist-packages/requests/api.py:59: in request
    return session.request(method=method, url=url, **kwargs)
           ^^^^^^^^^^^^^^^^^^^^^^^^^^^^^^^^^^^^^^^^^^^^^^^^^
/usr/lib/python3/dist-packages/requests/sessions.py:589: in request
    resp = self.send(prep, **send_kwargs)
           ^^^^^^^^^^^^^^^^^^^^^^^^^^^^^^
/usr/lib/python3/dist-packages/requests/sessions.py:703: in send
    r = adapter.send(request, **kwargs)
        ^^^^^^^^^^^^^^^^^^^^^^^^^^^^^^^
/usr/lib/python3/dist-packages/requests/adapters.py:519: in send
    raise ConnectionError(e, request=request)
E   requests.exceptions.ConnectionError: HTTPConnectionPool(host='localhost', port=8001): Max retries exceeded with url: /api/run-index?user_id=test_run_index_user_no_terra (Caused by NewConnectionError('<urllib3.connection.HTTPConnection object at 0x7f290f83e030>: Failed to establish a new connection: [Errno 111] Connection refused'))
_____________ TestRunIndexEndpoint.test_recommendation_is_valid _____________
/usr/lib/python3/dist-packages/urllib3/connection.py:203: in _new_conn
    sock = connection.create_connection(
/usr/lib/python3/dist-packages/urllib3/util/connection.py:85: in create_connection
    raise err
/usr/lib/python3/dist-packages/urllib3/util/connection.py:73: in create_connection
    sock.connect(sa)
E   ConnectionRefusedError: [Errno 111] Connection refused

The above exception was the direct cause of the following exception:
/usr/lib/python3/dist-packages/urllib3/connectionpool.py:791: in urlopen
    response = self._make_request(
/usr/lib/python3/dist-packages/urllib3/connectionpool.py:497: in _make_request
    conn.request(
/usr/lib/python3/dist-packages/urllib3/connection.py:395: in request
    self.endheaders()
/usr/lib/python3.12/http/client.py:1351: in endheaders
    self._send_output(message_body, encode_chunked=encode_chunked)
/usr/lib/python3.12/http/client.py:1111: in _send_output
    self.send(msg)
/usr/lib/python3.12/http/client.py:1055: in send
    self.connect()
/usr/lib/python3/dist-packages/urllib3/connection.py:243: in connect
    self.sock = self._new_conn()
                ^^^^^^^^^^^^^^^^
/usr/lib/python3/dist-packages/urllib3/connection.py:218: in _new_conn
    raise NewConnectionError(
E   urllib3.exceptions.NewConnectionError: <urllib3.connection.HTTPConnection object at 0x7f290fa694c0>: Failed to establish a new connection: [Errno 111] Connection refused

The above exception was the direct cause of the following exception:
/usr/lib/python3/dist-packages/requests/adapters.py:486: in send
    resp = conn.urlopen(
/usr/lib/python3/dist-packages/urllib3/connectionpool.py:845: in urlopen
    retries = retries.increment(
/usr/lib/python3/dist-packages/urllib3/util/retry.py:517: in increment
    raise MaxRetryError(_pool, url, reason) from reason  # type: ignore[arg-type]
    ^^^^^^^^^^^^^^^^^^^^^^^^^^^^^^^^^^^^^^^^^^^^^^^^^^^
E   urllib3.exceptions.MaxRetryError: HTTPConnectionPool(host='localhost', port=8001): Max retries exceeded with url: /api/run-index?user_id=test_run_index_user_no_terra (Caused by NewConnectionError('<urllib3.connection.HTTPConnection object at 0x7f290fa694c0>: Failed to establish a new connection: [Errno 111] Connection refused'))

During handling of the above exception, another exception occurred:
backend/tests/test_run_index_screen.py:57: in test_recommendation_is_valid
    response = requests.get(f"{BASE_URL}/api/run-index?user_id={TEST_USER}")
               ^^^^^^^^^^^^^^^^^^^^^^^^^^^^^^^^^^^^^^^^^^^^^^^^^^^^^^^^^^^^^^^^
/usr/lib/python3/dist-packages/requests/api.py:73: in get
    return request("get", url, params=params, **kwargs)
           ^^^^^^^^^^^^^^^^^^^^^^^^^^^^^^^^^^^^^^^^^^^^
/usr/lib/python3/dist-packages/requests/api.py:59: in request
    return session.request(method=method, url=url, **kwargs)
           ^^^^^^^^^^^^^^^^^^^^^^^^^^^^^^^^^^^^^^^^^^^^^^^^^
/usr/lib/python3/dist-packages/requests/sessions.py:589: in request
    resp = self.send(prep, **send_kwargs)
           ^^^^^^^^^^^^^^^^^^^^^^^^^^^^^^
/usr/lib/python3/dist-packages/requests/sessions.py:703: in send
    r = adapter.send(request, **kwargs)
        ^^^^^^^^^^^^^^^^^^^^^^^^^^^^^^^
/usr/lib/python3/dist-packages/requests/adapters.py:519: in send
    raise ConnectionError(e, request=request)
E   requests.exceptions.ConnectionError: HTTPConnectionPool(host='localhost', port=8001): Max retries exceeded with url: /api/run-index?user_id=test_run_index_user_no_terra (Caused by NewConnectionError('<urllib3.connection.HTTPConnection object at 0x7f290fa694c0>: Failed to establish a new connection: [Errno 111] Connection refused'))
__________ TestRunIndexEndpoint.test_recommendation_color_is_valid __________
/usr/lib/python3/dist-packages/urllib3/connection.py:203: in _new_conn
    sock = connection.create_connection(
/usr/lib/python3/dist-packages/urllib3/util/connection.py:85: in create_connection
    raise err
/usr/lib/python3/dist-packages/urllib3/util/connection.py:73: in create_connection
    sock.connect(sa)
E   ConnectionRefusedError: [Errno 111] Connection refused

The above exception was the direct cause of the following exception:
/usr/lib/python3/dist-packages/urllib3/connectionpool.py:791: in urlopen
    response = self._make_request(
/usr/lib/python3/dist-packages/urllib3/connectionpool.py:497: in _make_request
    conn.request(
/usr/lib/python3/dist-packages/urllib3/connection.py:395: in request
    self.endheaders()
/usr/lib/python3.12/http/client.py:1351: in endheaders
    self._send_output(message_body, encode_chunked=encode_chunked)
/usr/lib/python3.12/http/client.py:1111: in _send_output
    self.send(msg)
/usr/lib/python3.12/http/client.py:1055: in send
    self.connect()
/usr/lib/python3/dist-packages/urllib3/connection.py:243: in connect
    self.sock = self._new_conn()
                ^^^^^^^^^^^^^^^^
/usr/lib/python3/dist-packages/urllib3/connection.py:218: in _new_conn
    raise NewConnectionError(
E   urllib3.exceptions.NewConnectionError: <urllib3.connection.HTTPConnection object at 0x7f290f67d4c0>: Failed to establish a new connection: [Errno 111] Connection refused

The above exception was the direct cause of the following exception:
/usr/lib/python3/dist-packages/requests/adapters.py:486: in send
    resp = conn.urlopen(
/usr/lib/python3/dist-packages/urllib3/connectionpool.py:845: in urlopen
    retries = retries.increment(
/usr/lib/python3/dist-packages/urllib3/util/retry.py:517: in increment
    raise MaxRetryError(_pool, url, reason) from reason  # type: ignore[arg-type]
    ^^^^^^^^^^^^^^^^^^^^^^^^^^^^^^^^^^^^^^^^^^^^^^^^^^^
E   urllib3.exceptions.MaxRetryError: HTTPConnectionPool(host='localhost', port=8001): Max retries exceeded with url: /api/run-index?user_id=test_run_index_user_no_terra (Caused by NewConnectionError('<urllib3.connection.HTTPConnection object at 0x7f290f67d4c0>: Failed to establish a new connection: [Errno 111] Connection refused'))

During handling of the above exception, another exception occurred:
backend/tests/test_run_index_screen.py:67: in test_recommendation_color_is_valid
    response = requests.get(f"{BASE_URL}/api/run-index?user_id={TEST_USER}")
               ^^^^^^^^^^^^^^^^^^^^^^^^^^^^^^^^^^^^^^^^^^^^^^^^^^^^^^^^^^^^^^^^
/usr/lib/python3/dist-packages/requests/api.py:73: in get
    return request("get", url, params=params, **kwargs)
           ^^^^^^^^^^^^^^^^^^^^^^^^^^^^^^^^^^^^^^^^^^^^
/usr/lib/python3/dist-packages/requests/api.py:59: in request
    return session.request(method=method, url=url, **kwargs)
           ^^^^^^^^^^^^^^^^^^^^^^^^^^^^^^^^^^^^^^^^^^^^^^^^^
/usr/lib/python3/dist-packages/requests/sessions.py:589: in request
    resp = self.send(prep, **send_kwargs)
           ^^^^^^^^^^^^^^^^^^^^^^^^^^^^^^
/usr/lib/python3/dist-packages/requests/sessions.py:703: in send
    r = adapter.send(request, **kwargs)
        ^^^^^^^^^^^^^^^^^^^^^^^^^^^^^^^
/usr/lib/python3/dist-packages/requests/adapters.py:519: in send
    raise ConnectionError(e, request=request)
E   requests.exceptions.ConnectionError: HTTPConnectionPool(host='localhost', port=8001): Max retries exceeded with url: /api/run-index?user_id=test_run_index_user_no_terra (Caused by NewConnectionError('<urllib3.connection.HTTPConnection object at 0x7f290f67d4c0>: Failed to establish a new connection: [Errno 111] Connection refused'))
________ TestRunIndexEndpoint.test_metrics_contains_required_fields _________
/usr/lib/python3/dist-packages/urllib3/connection.py:203: in _new_conn
    sock = connection.create_connection(
/usr/lib/python3/dist-packages/urllib3/util/connection.py:85: in create_connection
    raise err
/usr/lib/python3/dist-packages/urllib3/util/connection.py:73: in create_connection
    sock.connect(sa)
E   ConnectionRefusedError: [Errno 111] Connection refused

The above exception was the direct cause of the following exception:
/usr/lib/python3/dist-packages/urllib3/connectionpool.py:791: in urlopen
    response = self._make_request(
/usr/lib/python3/dist-packages/urllib3/connectionpool.py:497: in _make_request
    conn.request(
/usr/lib/python3/dist-packages/urllib3/connection.py:395: in request
    self.endheaders()
/usr/lib/python3.12/http/client.py:1351: in endheaders
    self._send_output(message_body, encode_chunked=encode_chunked)
/usr/lib/python3.12/http/client.py:1111: in _send_output
    self.send(msg)
/usr/lib/python3.12/http/client.py:1055: in send
    self.connect()
/usr/lib/python3/dist-packages/urllib3/connection.py:243: in connect
    self.sock = self._new_conn()
                ^^^^^^^^^^^^^^^^
/usr/lib/python3/dist-packages/urllib3/connection.py:218: in _new_conn
    raise NewConnectionError(
E   urllib3.exceptions.NewConnectionError: <urllib3.connection.HTTPConnection object at 0x7f290f685430>: Failed to establish a new connection: [Errno 111] Connection refused

The above exception was the direct cause of the following exception:
/usr/lib/python3/dist-packages/requests/adapters.py:486: in send
    resp = conn.urlopen(
/usr/lib/python3/dist-packages/urllib3/connectionpool.py:845: in urlopen
    retries = retries.increment(
/usr/lib/python3/dist-packages/urllib3/util/retry.py:517: in increment
    raise MaxRetryError(_pool, url, reason) from reason  # type: ignore[arg-type]
    ^^^^^^^^^^^^^^^^^^^^^^^^^^^^^^^^^^^^^^^^^^^^^^^^^^^
E   urllib3.exceptions.MaxRetryError: HTTPConnectionPool(host='localhost', port=8001): Max retries exceeded with url: /api/run-index?user_id=test_run_index_user_no_terra (Caused by NewConnectionError('<urllib3.connection.HTTPConnection object at 0x7f290f685430>: Failed to establish a new connection: [Errno 111] Connection refused'))

During handling of the above exception, another exception occurred:
backend/tests/test_run_index_screen.py:76: in test_metrics_contains_required_fields
    response = requests.get(f"{BASE_URL}/api/run-index?user_id={TEST_USER}")
               ^^^^^^^^^^^^^^^^^^^^^^^^^^^^^^^^^^^^^^^^^^^^^^^^^^^^^^^^^^^^^^^^
/usr/lib/python3/dist-packages/requests/api.py:73: in get
    return request("get", url, params=params, **kwargs)
           ^^^^^^^^^^^^^^^^^^^^^^^^^^^^^^^^^^^^^^^^^^^^
/usr/lib/python3/dist-packages/requests/api.py:59: in request
    return session.request(method=method, url=url, **kwargs)
           ^^^^^^^^^^^^^^^^^^^^^^^^^^^^^^^^^^^^^^^^^^^^^^^^^
/usr/lib/python3/dist-packages/requests/sessions.py:589: in request
    resp = self.send(prep, **send_kwargs)
           ^^^^^^^^^^^^^^^^^^^^^^^^^^^^^^
/usr/lib/python3/dist-packages/requests/sessions.py:703: in send
    r = adapter.send(request, **kwargs)
        ^^^^^^^^^^^^^^^^^^^^^^^^^^^^^^^
/usr/lib/python3/dist-packages/requests/adapters.py:519: in send
    raise ConnectionError(e, request=request)
E   requests.exceptions.ConnectionError: HTTPConnectionPool(host='localhost', port=8001): Max retries exceeded with url: /api/run-index?user_id=test_run_index_user_no_terra (Caused by NewConnectionError('<urllib3.connection.HTTPConnection object at 0x7f290f685430>: Failed to establish a new connection: [Errno 111] Connection refused'))
_________ TestRunIndexEndpoint.test_metric_status_values_are_valid __________
/usr/lib/python3/dist-packages/urllib3/connection.py:203: in _new_conn
    sock = connection.create_connection(
/usr/lib/python3/dist-packages/urllib3/util/connection.py:85: in create_connection
    raise err
/usr/lib/python3/dist-packages/urllib3/util/connection.py:73: in create_connection
    sock.connect(sa)
E   ConnectionRefusedError: [Errno 111] Connection refused

The above exception was the direct cause of the following exception:
/usr/lib/python3/dist-packages/urllib3/connectionpool.py:791: in urlopen
    response = self._make_request(
/usr/lib/python3/dist-packages/urllib3/connectionpool.py:497: in _make_request
    conn.request(
/usr/lib/python3/dist-packages/urllib3/connection.py:395: in request
    self.endheaders()
/usr/lib/python3.12/http/client.py:1351: in endheaders
    self._send_output(message_body, encode_chunked=encode_chunked)
/usr/lib/python3.12/http/client.py:1111: in _send_output
    self.send(msg)
/usr/lib/python3.12/http/client.py:1055: in send
    self.connect()
/usr/lib/python3/dist-packages/urllib3/connection.py:243: in connect
    self.sock = self._new_conn()
                ^^^^^^^^^^^^^^^^
/usr/lib/python3/dist-packages/urllib3/connection.py:218: in _new_conn
    raise NewConnectionError(
E   urllib3.exceptions.NewConnectionError: <urllib3.connection.HTTPConnection object at 0x7f290f685a00>: Failed to establish a new connection: [Errno 111] Connection refused

The above exception was the direct cause of the following exception:
/usr/lib/python3/dist-packages/requests/adapters.py:486: in send
    resp = conn.urlopen(
/usr/lib/python3/dist-packages/urllib3/connectionpool.py:845: in urlopen
    retries = retries.increment(
/usr/lib/python3/dist-packages/urllib3/util/retry.py:517: in increment
    raise MaxRetryError(_pool, url, reason) from reason  # type: ignore[arg-type]
    ^^^^^^^^^^^^^^^^^^^^^^^^^^^^^^^^^^^^^^^^^^^^^^^^^^^
E   urllib3.exceptions.MaxRetryError: HTTPConnectionPool(host='localhost', port=8001): Max retries exceeded with url: /api/run-index?user_id=test_run_index_user_no_terra (Caused by NewConnectionError('<urllib3.connection.HTTPConnection object at 0x7f290f685a00>: Failed to establish a new connection: [Errno 111] Connection refused'))

During handling of the above exception, another exception occurred:
backend/tests/test_run_index_screen.py:104: in test_metric_status_values_are_valid
    response = requests.get(f"{BASE_URL}/api/run-index?user_id={TEST_USER}")
               ^^^^^^^^^^^^^^^^^^^^^^^^^^^^^^^^^^^^^^^^^^^^^^^^^^^^^^^^^^^^^^^^
/usr/lib/python3/dist-packages/requests/api.py:73: in get
    return request("get", url, params=params, **kwargs)
           ^^^^^^^^^^^^^^^^^^^^^^^^^^^^^^^^^^^^^^^^^^^^
/usr/lib/python3/dist-packages/requests/api.py:59: in request
    return session.request(method=method, url=url, **kwargs)
           ^^^^^^^^^^^^^^^^^^^^^^^^^^^^^^^^^^^^^^^^^^^^^^^^^
/usr/lib/python3/dist-packages/requests/sessions.py:589: in request
    resp = self.send(prep, **send_kwargs)
           ^^^^^^^^^^^^^^^^^^^^^^^^^^^^^^
/usr/lib/python3/dist-packages/requests/sessions.py:703: in send
    r = adapter.send(request, **kwargs)
        ^^^^^^^^^^^^^^^^^^^^^^^^^^^^^^^
/usr/lib/python3/dist-packages/requests/adapters.py:519: in send
    raise ConnectionError(e, request=request)
E   requests.exceptions.ConnectionError: HTTPConnectionPool(host='localhost', port=8001): Max retries exceeded with url: /api/run-index?user_id=test_run_index_user_no_terra (Caused by NewConnectionError('<urllib3.connection.HTTPConnection object at 0x7f290f685a00>: Failed to establish a new connection: [Errno 111] Connection refused'))
____________ TestRunIndexEndpoint.test_reasons_is_non_empty_list ____________
/usr/lib/python3/dist-packages/urllib3/connection.py:203: in _new_conn
    sock = connection.create_connection(
/usr/lib/python3/dist-packages/urllib3/util/connection.py:85: in create_connection
    raise err
/usr/lib/python3/dist-packages/urllib3/util/connection.py:73: in create_connection
    sock.connect(sa)
E   ConnectionRefusedError: [Errno 111] Connection refused

The above exception was the direct cause of the following exception:
/usr/lib/python3/dist-packages/urllib3/connectionpool.py:791: in urlopen
    response = self._make_request(
/usr/lib/python3/dist-packages/urllib3/connectionpool.py:497: in _make_request
    conn.request(
/usr/lib/python3/dist-packages/urllib3/connection.py:395: in request
    self.endheaders()
/usr/lib/python3.12/http/client.py:1351: in endheaders
    self._send_output(message_body, encode_chunked=encode_chunked)
/usr/lib/python3.12/http/client.py:1111: in _send_output
    self.send(msg)
/usr/lib/python3.12/http/client.py:1055: in send
    self.connect()
/usr/lib/python3/dist-packages/urllib3/connection.py:243: in connect
    self.sock = self._new_conn()
                ^^^^^^^^^^^^^^^^
/usr/lib/python3/dist-packages/urllib3/connection.py:218: in _new_conn
    raise NewConnectionError(
E   urllib3.exceptions.NewConnectionError: <urllib3.connection.HTTPConnection object at 0x7f290f66b6b0>: Failed to establish a new connection: [Errno 111] Connection refused

The above exception was the direct cause of the following exception:
/usr/lib/python3/dist-packages/requests/adapters.py:486: in send
    resp = conn.urlopen(
/usr/lib/python3/dist-packages/urllib3/connectionpool.py:845: in urlopen
    retries = retries.increment(
/usr/lib/python3/dist-packages/urllib3/util/retry.py:517: in increment
    raise MaxRetryError(_pool, url, reason) from reason  # type: ignore[arg-type]
    ^^^^^^^^^^^^^^^^^^^^^^^^^^^^^^^^^^^^^^^^^^^^^^^^^^^
E   urllib3.exceptions.MaxRetryError: HTTPConnectionPool(host='localhost', port=8001): Max retries exceeded with url: /api/run-index?user_id=test_run_index_user_no_terra (Caused by NewConnectionError('<urllib3.connection.HTTPConnection object at 0x7f290f66b6b0>: Failed to establish a new connection: [Errno 111] Connection refused'))

During handling of the above exception, another exception occurred:
backend/tests/test_run_index_screen.py:116: in test_reasons_is_non_empty_list
    response = requests.get(f"{BASE_URL}/api/run-index?user_id={TEST_USER}")
               ^^^^^^^^^^^^^^^^^^^^^^^^^^^^^^^^^^^^^^^^^^^^^^^^^^^^^^^^^^^^^^^^
/usr/lib/python3/dist-packages/requests/api.py:73: in get
    return request("get", url, params=params, **kwargs)
           ^^^^^^^^^^^^^^^^^^^^^^^^^^^^^^^^^^^^^^^^^^^^
/usr/lib/python3/dist-packages/requests/api.py:59: in request
    return session.request(method=method, url=url, **kwargs)
           ^^^^^^^^^^^^^^^^^^^^^^^^^^^^^^^^^^^^^^^^^^^^^^^^^
/usr/lib/python3/dist-packages/requests/sessions.py:589: in request
    resp = self.send(prep, **send_kwargs)
           ^^^^^^^^^^^^^^^^^^^^^^^^^^^^^^
/usr/lib/python3/dist-packages/requests/sessions.py:703: in send
    r = adapter.send(request, **kwargs)
        ^^^^^^^^^^^^^^^^^^^^^^^^^^^^^^^
/usr/lib/python3/dist-packages/requests/adapters.py:519: in send
    raise ConnectionError(e, request=request)
E   requests.exceptions.ConnectionError: HTTPConnectionPool(host='localhost', port=8001): Max retries exceeded with url: /api/run-index?user_id=test_run_index_user_no_terra (Caused by NewConnectionError('<urllib3.connection.HTTPConnection object at 0x7f290f66b6b0>: Failed to establish a new connection: [Errno 111] Connection refused'))
__________ TestRunIndexEndpoint.test_history_has_at_most_7_entries __________
/usr/lib/python3/dist-packages/urllib3/connection.py:203: in _new_conn
    sock = connection.create_connection(
/usr/lib/python3/dist-packages/urllib3/util/connection.py:85: in create_connection
    raise err
/usr/lib/python3/dist-packages/urllib3/util/connection.py:73: in create_connection
    sock.connect(sa)
E   ConnectionRefusedError: [Errno 111] Connection refused

The above exception was the direct cause of the following exception:
/usr/lib/python3/dist-packages/urllib3/connectionpool.py:791: in urlopen
    response = self._make_request(
/usr/lib/python3/dist-packages/urllib3/connectionpool.py:497: in _make_request
    conn.request(
/usr/lib/python3/dist-packages/urllib3/connection.py:395: in request
    self.endheaders()
/usr/lib/python3.12/http/client.py:1351: in endheaders
    self._send_output(message_body, encode_chunked=encode_chunked)
/usr/lib/python3.12/http/client.py:1111: in _send_output
    self.send(msg)
/usr/lib/python3.12/http/client.py:1055: in send
    self.connect()
/usr/lib/python3/dist-packages/urllib3/connection.py:243: in connect
    self.sock = self._new_conn()
                ^^^^^^^^^^^^^^^^
/usr/lib/python3/dist-packages/urllib3/connection.py:218: in _new_conn
    raise NewConnectionError(
E   urllib3.exceptions.NewConnectionError: <urllib3.connection.HTTPConnection object at 0x7f290f66b620>: Failed to establish a new connection: [Errno 111] Connection refused

The above exception was the direct cause of the following exception:
/usr/lib/python3/dist-packages/requests/adapters.py:486: in send
    resp = conn.urlopen(
/usr/lib/python3/dist-packages/urllib3/connectionpool.py:845: in urlopen
    retries = retries.increment(
/usr/lib/python3/dist-packages/urllib3/util/retry.py:517: in increment
    raise MaxRetryError(_pool, url, reason) from reason  # type: ignore[arg-type]
    ^^^^^^^^^^^^^^^^^^^^^^^^^^^^^^^^^^^^^^^^^^^^^^^^^^^
E   urllib3.exceptions.MaxRetryError: HTTPConnectionPool(host='localhost', port=8001): Max retries exceeded with url: /api/run-index?user_id=test_run_index_user_no_terra (Caused by NewConnectionError('<urllib3.connection.HTTPConnection object at 0x7f290f66b620>: Failed to establish a new connection: [Errno 111] Connection refused'))

During handling of the above exception, another exception occurred:
backend/tests/test_run_index_screen.py:127: in test_history_has_at_most_7_entries
    response = requests.get(f"{BASE_URL}/api/run-index?user_id={TEST_USER}")
               ^^^^^^^^^^^^^^^^^^^^^^^^^^^^^^^^^^^^^^^^^^^^^^^^^^^^^^^^^^^^^^^^
/usr/lib/python3/dist-packages/requests/api.py:73: in get
    return request("get", url, params=params, **kwargs)
           ^^^^^^^^^^^^^^^^^^^^^^^^^^^^^^^^^^^^^^^^^^^^
/usr/lib/python3/dist-packages/requests/api.py:59: in request
    return session.request(method=method, url=url, **kwargs)
           ^^^^^^^^^^^^^^^^^^^^^^^^^^^^^^^^^^^^^^^^^^^^^^^^^
/usr/lib/python3/dist-packages/requests/sessions.py:589: in request
    resp = self.send(prep, **send_kwargs)
           ^^^^^^^^^^^^^^^^^^^^^^^^^^^^^^
/usr/lib/python3/dist-packages/requests/sessions.py:703: in send
    r = adapter.send(request, **kwargs)
        ^^^^^^^^^^^^^^^^^^^^^^^^^^^^^^^
/usr/lib/python3/dist-packages/requests/adapters.py:519: in send
    raise ConnectionError(e, request=request)
E   requests.exceptions.ConnectionError: HTTPConnectionPool(host='localhost', port=8001): Max retries exceeded with url: /api/run-index?user_id=test_run_index_user_no_terra (Caused by NewConnectionError('<urllib3.connection.HTTPConnection object at 0x7f290f66b620>: Failed to establish a new connection: [Errno 111] Connection refused'))
______ TestRunIndexEndpoint.test_history_entries_have_required_fields _______
/usr/lib/python3/dist-packages/urllib3/connection.py:203: in _new_conn
    sock = connection.create_connection(
/usr/lib/python3/dist-packages/urllib3/util/connection.py:85: in create_connection
    raise err
/usr/lib/python3/dist-packages/urllib3/util/connection.py:73: in create_connection
    sock.connect(sa)
E   ConnectionRefusedError: [Errno 111] Connection refused

The above exception was the direct cause of the following exception:
/usr/lib/python3/dist-packages/urllib3/connectionpool.py:791: in urlopen
    response = self._make_request(
/usr/lib/python3/dist-packages/urllib3/connectionpool.py:497: in _make_request
    conn.request(
/usr/lib/python3/dist-packages/urllib3/connection.py:395: in request
    self.endheaders()
/usr/lib/python3.12/http/client.py:1351: in endheaders
    self._send_output(message_body, encode_chunked=encode_chunked)
/usr/lib/python3.12/http/client.py:1111: in _send_output
    self.send(msg)
/usr/lib/python3.12/http/client.py:1055: in send
    self.connect()
/usr/lib/python3/dist-packages/urllib3/connection.py:243: in connect
    self.sock = self._new_conn()
                ^^^^^^^^^^^^^^^^
/usr/lib/python3/dist-packages/urllib3/connection.py:218: in _new_conn
    raise NewConnectionError(
E   urllib3.exceptions.NewConnectionError: <urllib3.connection.HTTPConnection object at 0x7f290f4e04d0>: Failed to establish a new connection: [Errno 111] Connection refused

The above exception was the direct cause of the following exception:
/usr/lib/python3/dist-packages/requests/adapters.py:486: in send
    resp = conn.urlopen(
/usr/lib/python3/dist-packages/urllib3/connectionpool.py:845: in urlopen
    retries = retries.increment(
/usr/lib/python3/dist-packages/urllib3/util/retry.py:517: in increment
    raise MaxRetryError(_pool, url, reason) from reason  # type: ignore[arg-type]
    ^^^^^^^^^^^^^^^^^^^^^^^^^^^^^^^^^^^^^^^^^^^^^^^^^^^
E   urllib3.exceptions.MaxRetryError: HTTPConnectionPool(host='localhost', port=8001): Max retries exceeded with url: /api/run-index?user_id=test_run_index_user_no_terra (Caused by NewConnectionError('<urllib3.connection.HTTPConnection object at 0x7f290f4e04d0>: Failed to establish a new connection: [Errno 111] Connection refused'))

During handling of the above exception, another exception occurred:
backend/tests/test_run_index_screen.py:136: in test_history_entries_have_required_fields
    response = requests.get(f"{BASE_URL}/api/run-index?user_id={TEST_USER}")
               ^^^^^^^^^^^^^^^^^^^^^^^^^^^^^^^^^^^^^^^^^^^^^^^^^^^^^^^^^^^^^^^^
/usr/lib/python3/dist-packages/requests/api.py:73: in get
    return request("get", url, params=params, **kwargs)
           ^^^^^^^^^^^^^^^^^^^^^^^^^^^^^^^^^^^^^^^^^^^^
/usr/lib/python3/dist-packages/requests/api.py:59: in request
    return session.request(method=method, url=url, **kwargs)
           ^^^^^^^^^^^^^^^^^^^^^^^^^^^^^^^^^^^^^^^^^^^^^^^^^
/usr/lib/python3/dist-packages/requests/sessions.py:589: in request
    resp = self.send(prep, **send_kwargs)
           ^^^^^^^^^^^^^^^^^^^^^^^^^^^^^^
/usr/lib/python3/dist-packages/requests/sessions.py:703: in send
    r = adapter.send(request, **kwargs)
        ^^^^^^^^^^^^^^^^^^^^^^^^^^^^^^^
/usr/lib/python3/dist-packages/requests/adapters.py:519: in send
    raise ConnectionError(e, request=request)
E   requests.exceptions.ConnectionError: HTTPConnectionPool(host='localhost', port=8001): Max retries exceeded with url: /api/run-index?user_id=test_run_index_user_no_terra (Caused by NewConnectionError('<urllib3.connection.HTTPConnection object at 0x7f290f4e04d0>: Failed to establish a new connection: [Errno 111] Connection refused'))
_____________ TestRunIndexEndpoint.test_next_workout_has_label ______________
/usr/lib/python3/dist-packages/urllib3/connection.py:203: in _new_conn
    sock = connection.create_connection(
/usr/lib/python3/dist-packages/urllib3/util/connection.py:85: in create_connection
    raise err
/usr/lib/python3/dist-packages/urllib3/util/connection.py:73: in create_connection
    sock.connect(sa)
E   ConnectionRefusedError: [Errno 111] Connection refused

The above exception was the direct cause of the following exception:
/usr/lib/python3/dist-packages/urllib3/connectionpool.py:791: in urlopen
    response = self._make_request(
/usr/lib/python3/dist-packages/urllib3/connectionpool.py:497: in _make_request
    conn.request(
/usr/lib/python3/dist-packages/urllib3/connection.py:395: in request
    self.endheaders()
/usr/lib/python3.12/http/client.py:1351: in endheaders
    self._send_output(message_body, encode_chunked=encode_chunked)
/usr/lib/python3.12/http/client.py:1111: in _send_output
    self.send(msg)
/usr/lib/python3.12/http/client.py:1055: in send
    self.connect()
/usr/lib/python3/dist-packages/urllib3/connection.py:243: in connect
    self.sock = self._new_conn()
                ^^^^^^^^^^^^^^^^
/usr/lib/python3/dist-packages/urllib3/connection.py:218: in _new_conn
    raise NewConnectionError(
E   urllib3.exceptions.NewConnectionError: <urllib3.connection.HTTPConnection object at 0x7f290f4e0950>: Failed to establish a new connection: [Errno 111] Connection refused

The above exception was the direct cause of the following exception:
/usr/lib/python3/dist-packages/requests/adapters.py:486: in send
    resp = conn.urlopen(
/usr/lib/python3/dist-packages/urllib3/connectionpool.py:845: in urlopen
    retries = retries.increment(
/usr/lib/python3/dist-packages/urllib3/util/retry.py:517: in increment
    raise MaxRetryError(_pool, url, reason) from reason  # type: ignore[arg-type]
    ^^^^^^^^^^^^^^^^^^^^^^^^^^^^^^^^^^^^^^^^^^^^^^^^^^^
E   urllib3.exceptions.MaxRetryError: HTTPConnectionPool(host='localhost', port=8001): Max retries exceeded with url: /api/run-index?user_id=test_run_index_user_no_terra (Caused by NewConnectionError('<urllib3.connection.HTTPConnection object at 0x7f290f4e0950>: Failed to establish a new connection: [Errno 111] Connection refused'))

During handling of the above exception, another exception occurred:
backend/tests/test_run_index_screen.py:147: in test_next_workout_has_label
    response = requests.get(f"{BASE_URL}/api/run-index?user_id={TEST_USER}")
               ^^^^^^^^^^^^^^^^^^^^^^^^^^^^^^^^^^^^^^^^^^^^^^^^^^^^^^^^^^^^^^^^
/usr/lib/python3/dist-packages/requests/api.py:73: in get
    return request("get", url, params=params, **kwargs)
           ^^^^^^^^^^^^^^^^^^^^^^^^^^^^^^^^^^^^^^^^^^^^
/usr/lib/python3/dist-packages/requests/api.py:59: in request
    return session.request(method=method, url=url, **kwargs)
           ^^^^^^^^^^^^^^^^^^^^^^^^^^^^^^^^^^^^^^^^^^^^^^^^^
/usr/lib/python3/dist-packages/requests/sessions.py:589: in request
    resp = self.send(prep, **send_kwargs)
           ^^^^^^^^^^^^^^^^^^^^^^^^^^^^^^
/usr/lib/python3/dist-packages/requests/sessions.py:703: in send
    r = adapter.send(request, **kwargs)
        ^^^^^^^^^^^^^^^^^^^^^^^^^^^^^^^
/usr/lib/python3/dist-packages/requests/adapters.py:519: in send
    raise ConnectionError(e, request=request)
E   requests.exceptions.ConnectionError: HTTPConnectionPool(host='localhost', port=8001): Max retries exceeded with url: /api/run-index?user_id=test_run_index_user_no_terra (Caused by NewConnectionError('<urllib3.connection.HTTPConnection object at 0x7f290f4e0950>: Failed to establish a new connection: [Errno 111] Connection refused'))
______________ TestRunIndexEndpoint.test_mock_flag_is_present _______________
/usr/lib/python3/dist-packages/urllib3/connection.py:203: in _new_conn
    sock = connection.create_connection(
/usr/lib/python3/dist-packages/urllib3/util/connection.py:85: in create_connection
    raise err
/usr/lib/python3/dist-packages/urllib3/util/connection.py:73: in create_connection
    sock.connect(sa)
E   ConnectionRefusedError: [Errno 111] Connection refused

The above exception was the direct cause of the following exception:
/usr/lib/python3/dist-packages/urllib3/connectionpool.py:791: in urlopen
    response = self._make_request(
/usr/lib/python3/dist-packages/urllib3/connectionpool.py:497: in _make_request
    conn.request(
/usr/lib/python3/dist-packages/urllib3/connection.py:395: in request
    self.endheaders()
/usr/lib/python3.12/http/client.py:1351: in endheaders
    self._send_output(message_body, encode_chunked=encode_chunked)
/usr/lib/python3.12/http/client.py:1111: in _send_output
    self.send(msg)
/usr/lib/python3.12/http/client.py:1055: in send
    self.connect()
/usr/lib/python3/dist-packages/urllib3/connection.py:243: in connect
    self.sock = self._new_conn()
                ^^^^^^^^^^^^^^^^
/usr/lib/python3/dist-packages/urllib3/connection.py:218: in _new_conn
    raise NewConnectionError(
E   urllib3.exceptions.NewConnectionError: <urllib3.connection.HTTPConnection object at 0x7f290f4e19a0>: Failed to establish a new connection: [Errno 111] Connection refused

The above exception was the direct cause of the following exception:
/usr/lib/python3/dist-packages/requests/adapters.py:486: in send
    resp = conn.urlopen(
/usr/lib/python3/dist-packages/urllib3/connectionpool.py:845: in urlopen
    retries = retries.increment(
/usr/lib/python3/dist-packages/urllib3/util/retry.py:517: in increment
    raise MaxRetryError(_pool, url, reason) from reason  # type: ignore[arg-type]
    ^^^^^^^^^^^^^^^^^^^^^^^^^^^^^^^^^^^^^^^^^^^^^^^^^^^
E   urllib3.exceptions.MaxRetryError: HTTPConnectionPool(host='localhost', port=8001): Max retries exceeded with url: /api/run-index?user_id=test_run_index_user_no_terra (Caused by NewConnectionError('<urllib3.connection.HTTPConnection object at 0x7f290f4e19a0>: Failed to establish a new connection: [Errno 111] Connection refused'))

During handling of the above exception, another exception occurred:
backend/tests/test_run_index_screen.py:156: in test_mock_flag_is_present
    response = requests.get(f"{BASE_URL}/api/run-index?user_id={TEST_USER}")
               ^^^^^^^^^^^^^^^^^^^^^^^^^^^^^^^^^^^^^^^^^^^^^^^^^^^^^^^^^^^^^^^^
/usr/lib/python3/dist-packages/requests/api.py:73: in get
    return request("get", url, params=params, **kwargs)
           ^^^^^^^^^^^^^^^^^^^^^^^^^^^^^^^^^^^^^^^^^^^^
/usr/lib/python3/dist-packages/requests/api.py:59: in request
    return session.request(method=method, url=url, **kwargs)
           ^^^^^^^^^^^^^^^^^^^^^^^^^^^^^^^^^^^^^^^^^^^^^^^^^
/usr/lib/python3/dist-packages/requests/sessions.py:589: in request
    resp = self.send(prep, **send_kwargs)
           ^^^^^^^^^^^^^^^^^^^^^^^^^^^^^^
/usr/lib/python3/dist-packages/requests/sessions.py:703: in send
    r = adapter.send(request, **kwargs)
        ^^^^^^^^^^^^^^^^^^^^^^^^^^^^^^^
/usr/lib/python3/dist-packages/requests/adapters.py:519: in send
    raise ConnectionError(e, request=request)
E   requests.exceptions.ConnectionError: HTTPConnectionPool(host='localhost', port=8001): Max retries exceeded with url: /api/run-index?user_id=test_run_index_user_no_terra (Caused by NewConnectionError('<urllib3.connection.HTTPConnection object at 0x7f290f4e19a0>: Failed to establish a new connection: [Errno 111] Connection refused'))
______________ TestRunIndexEndpoint.test_default_user_id_works ______________
/usr/lib/python3/dist-packages/urllib3/connection.py:203: in _new_conn
    sock = connection.create_connection(
/usr/lib/python3/dist-packages/urllib3/util/connection.py:85: in create_connection
    raise err
/usr/lib/python3/dist-packages/urllib3/util/connection.py:73: in create_connection
    sock.connect(sa)
E   ConnectionRefusedError: [Errno 111] Connection refused

The above exception was the direct cause of the following exception:
/usr/lib/python3/dist-packages/urllib3/connectionpool.py:791: in urlopen
    response = self._make_request(
/usr/lib/python3/dist-packages/urllib3/connectionpool.py:497: in _make_request
    conn.request(
/usr/lib/python3/dist-packages/urllib3/connection.py:395: in request
    self.endheaders()
/usr/lib/python3.12/http/client.py:1351: in endheaders
    self._send_output(message_body, encode_chunked=encode_chunked)
/usr/lib/python3.12/http/client.py:1111: in _send_output
    self.send(msg)
/usr/lib/python3.12/http/client.py:1055: in send
    self.connect()
/usr/lib/python3/dist-packages/urllib3/connection.py:243: in connect
    self.sock = self._new_conn()
                ^^^^^^^^^^^^^^^^
/usr/lib/python3/dist-packages/urllib3/connection.py:218: in _new_conn
    raise NewConnectionError(
E   urllib3.exceptions.NewConnectionError: <urllib3.connection.HTTPConnection object at 0x7f290f5f2150>: Failed to establish a new connection: [Errno 111] Connection refused

The above exception was the direct cause of the following exception:
/usr/lib/python3/dist-packages/requests/adapters.py:486: in send
    resp = conn.urlopen(
/usr/lib/python3/dist-packages/urllib3/connectionpool.py:845: in urlopen
    retries = retries.increment(
/usr/lib/python3/dist-packages/urllib3/util/retry.py:517: in increment
    raise MaxRetryError(_pool, url, reason) from reason  # type: ignore[arg-type]
    ^^^^^^^^^^^^^^^^^^^^^^^^^^^^^^^^^^^^^^^^^^^^^^^^^^^
E   urllib3.exceptions.MaxRetryError: HTTPConnectionPool(host='localhost', port=8001): Max retries exceeded with url: /api/run-index (Caused by NewConnectionError('<urllib3.connection.HTTPConnection object at 0x7f290f5f2150>: Failed to establish a new connection: [Errno 111] Connection refused'))

During handling of the above exception, another exception occurred:
backend/tests/test_run_index_screen.py:166: in test_default_user_id_works
    response = requests.get(f"{BASE_URL}/api/run-index")
               ^^^^^^^^^^^^^^^^^^^^^^^^^^^^^^^^^^^^^^^^^^^^
/usr/lib/python3/dist-packages/requests/api.py:73: in get
    return request("get", url, params=params, **kwargs)
           ^^^^^^^^^^^^^^^^^^^^^^^^^^^^^^^^^^^^^^^^^^^^
/usr/lib/python3/dist-packages/requests/api.py:59: in request
    return session.request(method=method, url=url, **kwargs)
           ^^^^^^^^^^^^^^^^^^^^^^^^^^^^^^^^^^^^^^^^^^^^^^^^^
/usr/lib/python3/dist-packages/requests/sessions.py:589: in request
    resp = self.send(prep, **send_kwargs)
           ^^^^^^^^^^^^^^^^^^^^^^^^^^^^^^
/usr/lib/python3/dist-packages/requests/sessions.py:703: in send
    r = adapter.send(request, **kwargs)
        ^^^^^^^^^^^^^^^^^^^^^^^^^^^^^^^
/usr/lib/python3/dist-packages/requests/adapters.py:519: in send
    raise ConnectionError(e, request=request)
E   requests.exceptions.ConnectionError: HTTPConnectionPool(host='localhost', port=8001): Max retries exceeded with url: /api/run-index (Caused by NewConnectionError('<urllib3.connection.HTTPConnection object at 0x7f290f5f2150>: Failed to establish a new connection: [Errno 111] Connection refused'))
________________ TestCoachConversationalFormat.test_api_health _________________
backend/tests/test_coach_conversational.py:31: in test_api_health
    response = requests.get(f"{BASE_URL}/api/")
               ^^^^^^^^^^^^^^^^^^^^^^^^^^^^^^^^
/usr/lib/python3/dist-packages/requests/api.py:73: in get
    return request("get", url, params=params, **kwargs)
           ^^^^^^^^^^^^^^^^^^^^^^^^^^^^^^^^^^^^^^^^^^^^
/usr/lib/python3/dist-packages/requests/api.py:59: in request
    return session.request(method=method, url=url, **kwargs)
           ^^^^^^^^^^^^^^^^^^^^^^^^^^^^^^^^^^^^^^^^^^^^^^^^^
/usr/lib/python3/dist-packages/requests/sessions.py:575: in request
    prep = self.prepare_request(req)
           ^^^^^^^^^^^^^^^^^^^^^^^^^
/usr/lib/python3/dist-packages/requests/sessions.py:486: in prepare_request
    p.prepare(
/usr/lib/python3/dist-packages/requests/models.py:368: in prepare
    self.prepare_url(url, params)
/usr/lib/python3/dist-packages/requests/models.py:439: in prepare_url
    raise MissingSchema(
E   requests.exceptions.MissingSchema: Invalid URL '/api/': No scheme supplied. Perhaps you meant https:///api/?
_________ TestCoachConversationalFormat.test_english_response_no_stars _________
backend/tests/test_coach_conversational.py:37: in test_english_response_no_stars
    response = requests.post(f"{BASE_URL}/api/coach/analyze", json={
/usr/lib/python3/dist-packages/requests/api.py:115: in post
    return request("post", url, data=data, json=json, **kwargs)
           ^^^^^^^^^^^^^^^^^^^^^^^^^^^^^^^^^^^^^^^^^^^^^^^^^^^^
/usr/lib/python3/dist-packages/requests/api.py:59: in request
    return session.request(method=method, url=url, **kwargs)
           ^^^^^^^^^^^^^^^^^^^^^^^^^^^^^^^^^^^^^^^^^^^^^^^^^
/usr/lib/python3/dist-packages/requests/sessions.py:575: in request
    prep = self.prepare_request(req)
           ^^^^^^^^^^^^^^^^^^^^^^^^^
/usr/lib/python3/dist-packages/requests/sessions.py:486: in prepare_request
    p.prepare(
/usr/lib/python3/dist-packages/requests/models.py:368: in prepare
    self.prepare_url(url, params)
/usr/lib/python3/dist-packages/requests/models.py:439: in prepare_url
    raise MissingSchema(
E   requests.exceptions.MissingSchema: Invalid URL '/api/coach/analyze': No scheme supplied. Perhaps you meant https:///api/coach/analyze?
___ TestCoachConversationalFormat.test_english_response_no_markdown_headers ____
backend/tests/test_coach_conversational.py:58: in test_english_response_no_markdown_headers
    response = requests.post(f"{BASE_URL}/api/coach/analyze", json={
/usr/lib/python3/dist-packages/requests/api.py:115: in post
    return request("post", url, data=data, json=json, **kwargs)
           ^^^^^^^^^^^^^^^^^^^^^^^^^^^^^^^^^^^^^^^^^^^^^^^^^^^^
/usr/lib/python3/dist-packages/requests/api.py:59: in request
    return session.request(method=method, url=url, **kwargs)
           ^^^^^^^^^^^^^^^^^^^^^^^^^^^^^^^^^^^^^^^^^^^^^^^^^
/usr/lib/python3/dist-packages/requests/sessions.py:575: in request
    prep = self.prepare_request(req)
           ^^^^^^^^^^^^^^^^^^^^^^^^^
/usr/lib/python3/dist-packages/requests/sessions.py:486: in prepare_request
    p.prepare(
/usr/lib/python3/dist-packages/requests/models.py:368: in prepare
    self.prepare_url(url, params)
/usr/lib/python3/dist-packages/requests/models.py:439: in prepare_url
    raise MissingSchema(
E   requests.exceptions.MissingSchema: Invalid URL '/api/coach/analyze': No scheme supplied. Perhaps you meant https:///api/coach/analyze?
____ TestCoachConversationalFormat.test_english_response_no_numbered_lists _____
backend/tests/test_coach_conversational.py:76: in test_english_response_no_numbered_lists
    response = requests.post(f"{BASE_URL}/api/coach/analyze", json={
/usr/lib/python3/dist-packages/requests/api.py:115: in post
    return request("post", url, data=data, json=json, **kwargs)
           ^^^^^^^^^^^^^^^^^^^^^^^^^^^^^^^^^^^^^^^^^^^^^^^^^^^^
/usr/lib/python3/dist-packages/requests/api.py:59: in request
    return session.request(method=method, url=url, **kwargs)
           ^^^^^^^^^^^^^^^^^^^^^^^^^^^^^^^^^^^^^^^^^^^^^^^^^
/usr/lib/python3/dist-packages/requests/sessions.py:575: in request
    prep = self.prepare_request(req)
           ^^^^^^^^^^^^^^^^^^^^^^^^^
/usr/lib/python3/dist-packages/requests/sessions.py:486: in prepare_request
    p.prepare(
/usr/lib/python3/dist-packages/requests/models.py:368: in prepare
    self.prepare_url(url, params)
/usr/lib/python3/dist-packages/requests/models.py:439: in prepare_url
    raise MissingSchema(
E   requests.exceptions.MissingSchema: Invalid URL '/api/coach/analyze': No scheme supplied. Perhaps you meant https:///api/coach/analyze?
____ TestCoachConversationalFormat.test_english_response_is_conversational _____
backend/tests/test_coach_conversational.py:93: in test_english_response_is_conversational
    response = requests.post(f"{BASE_URL}/api/coach/analyze", json={
/usr/lib/python3/dist-packages/requests/api.py:115: in post
    return request("post", url, data=data, json=json, **kwargs)
           ^^^^^^^^^^^^^^^^^^^^^^^^^^^^^^^^^^^^^^^^^^^^^^^^^^^^
/usr/lib/python3/dist-packages/requests/api.py:59: in request
    return session.request(method=method, url=url, **kwargs)
           ^^^^^^^^^^^^^^^^^^^^^^^^^^^^^^^^^^^^^^^^^^^^^^^^^
/usr/lib/python3/dist-packages/requests/sessions.py:575: in request
    prep = self.prepare_request(req)
           ^^^^^^^^^^^^^^^^^^^^^^^^^
/usr/lib/python3/dist-packages/requests/sessions.py:486: in prepare_request
    p.prepare(
/usr/lib/python3/dist-packages/requests/models.py:368: in prepare
    self.prepare_url(url, params)
/usr/lib/python3/dist-packages/requests/models.py:439: in prepare_url
    raise MissingSchema(
E   requests.exceptions.MissingSchema: Invalid URL '/api/coach/analyze': No scheme supplied. Perhaps you meant https:///api/coach/analyze?
___ TestCoachConversationalFormat.test_english_response_100_percent_english ____
backend/tests/test_coach_conversational.py:112: in test_english_response_100_percent_english
    response = requests.post(f"{BASE_URL}/api/coach/analyze", json={
/usr/lib/python3/dist-packages/requests/api.py:115: in post
    return request("post", url, data=data, json=json, **kwargs)
           ^^^^^^^^^^^^^^^^^^^^^^^^^^^^^^^^^^^^^^^^^^^^^^^^^^^^
/usr/lib/python3/dist-packages/requests/api.py:59: in request
    return session.request(method=method, url=url, **kwargs)
           ^^^^^^^^^^^^^^^^^^^^^^^^^^^^^^^^^^^^^^^^^^^^^^^^^
/usr/lib/python3/dist-packages/requests/sessions.py:575: in request
    prep = self.prepare_request(req)
           ^^^^^^^^^^^^^^^^^^^^^^^^^
/usr/lib/python3/dist-packages/requests/sessions.py:486: in prepare_request
    p.prepare(
/usr/lib/python3/dist-packages/requests/models.py:368: in prepare
    self.prepare_url(url, params)
/usr/lib/python3/dist-packages/requests/models.py:439: in prepare_url
    raise MissingSchema(
E   requests.exceptions.MissingSchema: Invalid URL '/api/coach/analyze': No scheme supplied. Perhaps you meant https:///api/coach/analyze?
_________ TestCoachConversationalFormat.test_french_response_no_stars __________
backend/tests/test_coach_conversational.py:142: in test_french_response_no_stars
    response = requests.post(f"{BASE_URL}/api/coach/analyze", json={
/usr/lib/python3/dist-packages/requests/api.py:115: in post
    return request("post", url, data=data, json=json, **kwargs)
           ^^^^^^^^^^^^^^^^^^^^^^^^^^^^^^^^^^^^^^^^^^^^^^^^^^^^
/usr/lib/python3/dist-packages/requests/api.py:59: in request
    return session.request(method=method, url=url, **kwargs)
           ^^^^^^^^^^^^^^^^^^^^^^^^^^^^^^^^^^^^^^^^^^^^^^^^^
/usr/lib/python3/dist-packages/requests/sessions.py:575: in request
    prep = self.prepare_request(req)
           ^^^^^^^^^^^^^^^^^^^^^^^^^
/usr/lib/python3/dist-packages/requests/sessions.py:486: in prepare_request
    p.prepare(
/usr/lib/python3/dist-packages/requests/models.py:368: in prepare
    self.prepare_url(url, params)
/usr/lib/python3/dist-packages/requests/models.py:439: in prepare_url
    raise MissingSchema(
E   requests.exceptions.MissingSchema: Invalid URL '/api/coach/analyze': No scheme supplied. Perhaps you meant https:///api/coach/analyze?
____ TestCoachConversationalFormat.test_french_response_no_markdown_headers ____
backend/tests/test_coach_conversational.py:160: in test_french_response_no_markdown_headers
    response = requests.post(f"{BASE_URL}/api/coach/analyze", json={
/usr/lib/python3/dist-packages/requests/api.py:115: in post
    return request("post", url, data=data, json=json, **kwargs)
           ^^^^^^^^^^^^^^^^^^^^^^^^^^^^^^^^^^^^^^^^^^^^^^^^^^^^
/usr/lib/python3/dist-packages/requests/api.py:59: in request
    return session.request(method=method, url=url, **kwargs)
           ^^^^^^^^^^^^^^^^^^^^^^^^^^^^^^^^^^^^^^^^^^^^^^^^^
/usr/lib/python3/dist-packages/requests/sessions.py:575: in request
    prep = self.prepare_request(req)
           ^^^^^^^^^^^^^^^^^^^^^^^^^
/usr/lib/python3/dist-packages/requests/sessions.py:486: in prepare_request
    p.prepare(
/usr/lib/python3/dist-packages/requests/models.py:368: in prepare
    self.prepare_url(url, params)
/usr/lib/python3/dist-packages/requests/models.py:439: in prepare_url
    raise MissingSchema(
E   requests.exceptions.MissingSchema: Invalid URL '/api/coach/analyze': No scheme supplied. Perhaps you meant https:///api/coach/analyze?
_____ TestCoachConversationalFormat.test_french_response_no_numbered_lists _____
backend/tests/test_coach_conversational.py:178: in test_french_response_no_numbered_lists
    response = requests.post(f"{BASE_URL}/api/coach/analyze", json={
/usr/lib/python3/dist-packages/requests/api.py:115: in post
    return request("post", url, data=data, json=json, **kwargs)
           ^^^^^^^^^^^^^^^^^^^^^^^^^^^^^^^^^^^^^^^^^^^^^^^^^^^^
/usr/lib/python3/dist-packages/requests/api.py:59: in request
    return session.request(method=method, url=url, **kwargs)
           ^^^^^^^^^^^^^^^^^^^^^^^^^^^^^^^^^^^^^^^^^^^^^^^^^
/usr/lib/python3/dist-packages/requests/sessions.py:575: in request
    prep = self.prepare_request(req)
           ^^^^^^^^^^^^^^^^^^^^^^^^^
/usr/lib/python3/dist-packages/requests/sessions.py:486: in prepare_request
    p.prepare(
/usr/lib/python3/dist-packages/requests/models.py:368: in prepare
    self.prepare_url(url, params)
/usr/lib/python3/dist-packages/requests/models.py:439: in prepare_url
    raise MissingSchema(
E   requests.exceptions.MissingSchema: Invalid URL '/api/coach/analyze': No scheme supplied. Perhaps you meant https:///api/coach/analyze?
____ TestCoachConversationalFormat.test_french_response_100_percent_french _____
backend/tests/test_coach_conversational.py:195: in test_french_response_100_percent_french
    response = requests.post(f"{BASE_URL}/api/coach/analyze", json={
/usr/lib/python3/dist-packages/requests/api.py:115: in post
    return request("post", url, data=data, json=json, **kwargs)
           ^^^^^^^^^^^^^^^^^^^^^^^^^^^^^^^^^^^^^^^^^^^^^^^^^^^^
/usr/lib/python3/dist-packages/requests/api.py:59: in request
    return session.request(method=method, url=url, **kwargs)
           ^^^^^^^^^^^^^^^^^^^^^^^^^^^^^^^^^^^^^^^^^^^^^^^^^
/usr/lib/python3/dist-packages/requests/sessions.py:575: in request
    prep = self.prepare_request(req)
           ^^^^^^^^^^^^^^^^^^^^^^^^^
/usr/lib/python3/dist-packages/requests/sessions.py:486: in prepare_request
    p.prepare(
/usr/lib/python3/dist-packages/requests/models.py:368: in prepare
    self.prepare_url(url, params)
/usr/lib/python3/dist-packages/requests/models.py:439: in prepare_url
    raise MissingSchema(
E   requests.exceptions.MissingSchema: Invalid URL '/api/coach/analyze': No scheme supplied. Perhaps you meant https:///api/coach/analyze?
____ TestCoachConversationalFormat.test_response_readable_under_15_seconds _____
backend/tests/test_coach_conversational.py:222: in test_response_readable_under_15_seconds
    response = requests.post(f"{BASE_URL}/api/coach/analyze", json={
/usr/lib/python3/dist-packages/requests/api.py:115: in post
    return request("post", url, data=data, json=json, **kwargs)
           ^^^^^^^^^^^^^^^^^^^^^^^^^^^^^^^^^^^^^^^^^^^^^^^^^^^^
/usr/lib/python3/dist-packages/requests/api.py:59: in request
    return session.request(method=method, url=url, **kwargs)
           ^^^^^^^^^^^^^^^^^^^^^^^^^^^^^^^^^^^^^^^^^^^^^^^^^
/usr/lib/python3/dist-packages/requests/sessions.py:575: in request
    prep = self.prepare_request(req)
           ^^^^^^^^^^^^^^^^^^^^^^^^^
/usr/lib/python3/dist-packages/requests/sessions.py:486: in prepare_request
    p.prepare(
/usr/lib/python3/dist-packages/requests/models.py:368: in prepare
    self.prepare_url(url, params)
/usr/lib/python3/dist-packages/requests/models.py:439: in prepare_url
    raise MissingSchema(
E   requests.exceptions.MissingSchema: Invalid URL '/api/coach/analyze': No scheme supplied. Perhaps you meant https:///api/coach/analyze?
__________ TestCoachConversationalFormat.test_response_has_coach_tip ___________
backend/tests/test_coach_conversational.py:241: in test_response_has_coach_tip
    response = requests.post(f"{BASE_URL}/api/coach/analyze", json={
/usr/lib/python3/dist-packages/requests/api.py:115: in post
    return request("post", url, data=data, json=json, **kwargs)
           ^^^^^^^^^^^^^^^^^^^^^^^^^^^^^^^^^^^^^^^^^^^^^^^^^^^^
/usr/lib/python3/dist-packages/requests/api.py:59: in request
    return session.request(method=method, url=url, **kwargs)
           ^^^^^^^^^^^^^^^^^^^^^^^^^^^^^^^^^^^^^^^^^^^^^^^^^
/usr/lib/python3/dist-packages/requests/sessions.py:575: in request
    prep = self.prepare_request(req)
           ^^^^^^^^^^^^^^^^^^^^^^^^^
/usr/lib/python3/dist-packages/requests/sessions.py:486: in prepare_request
    p.prepare(
/usr/lib/python3/dist-packages/requests/models.py:368: in prepare
    self.prepare_url(url, params)
/usr/lib/python3/dist-packages/requests/models.py:439: in prepare_url
    raise MissingSchema(
E   requests.exceptions.MissingSchema: Invalid URL '/api/coach/analyze': No scheme supplied. Perhaps you meant https:///api/coach/analyze?
________________ TestCoachClearHistory.test_clear_history_works ________________
backend/tests/test_coach_conversational.py:274: in test_clear_history_works
    response = requests.post(f"{BASE_URL}/api/coach/analyze", json={
/usr/lib/python3/dist-packages/requests/api.py:115: in post
    return request("post", url, data=data, json=json, **kwargs)
           ^^^^^^^^^^^^^^^^^^^^^^^^^^^^^^^^^^^^^^^^^^^^^^^^^^^^
/usr/lib/python3/dist-packages/requests/api.py:59: in request
    return session.request(method=method, url=url, **kwargs)
           ^^^^^^^^^^^^^^^^^^^^^^^^^^^^^^^^^^^^^^^^^^^^^^^^^
/usr/lib/python3/dist-packages/requests/sessions.py:575: in request
    prep = self.prepare_request(req)
           ^^^^^^^^^^^^^^^^^^^^^^^^^
/usr/lib/python3/dist-packages/requests/sessions.py:486: in prepare_request
    p.prepare(
/usr/lib/python3/dist-packages/requests/models.py:368: in prepare
    self.prepare_url(url, params)
/usr/lib/python3/dist-packages/requests/models.py:439: in prepare_url
    raise MissingSchema(
E   requests.exceptions.MissingSchema: Invalid URL '/api/coach/analyze': No scheme supplied. Perhaps you meant https:///api/coach/analyze?
______________ TestQuickActionButtons.test_training_load_question ______________
backend/tests/test_coach_conversational.py:303: in test_training_load_question
    response = requests.post(f"{BASE_URL}/api/coach/analyze", json={
/usr/lib/python3/dist-packages/requests/api.py:115: in post
    return request("post", url, data=data, json=json, **kwargs)
           ^^^^^^^^^^^^^^^^^^^^^^^^^^^^^^^^^^^^^^^^^^^^^^^^^^^^
/usr/lib/python3/dist-packages/requests/api.py:59: in request
    return session.request(method=method, url=url, **kwargs)
           ^^^^^^^^^^^^^^^^^^^^^^^^^^^^^^^^^^^^^^^^^^^^^^^^^
/usr/lib/python3/dist-packages/requests/sessions.py:575: in request
    prep = self.prepare_request(req)
           ^^^^^^^^^^^^^^^^^^^^^^^^^
/usr/lib/python3/dist-packages/requests/sessions.py:486: in prepare_request
    p.prepare(
/usr/lib/python3/dist-packages/requests/models.py:368: in prepare
    self.prepare_url(url, params)
/usr/lib/python3/dist-packages/requests/models.py:439: in prepare_url
    raise MissingSchema(
E   requests.exceptions.MissingSchema: Invalid URL '/api/coach/analyze': No scheme supplied. Perhaps you meant https:///api/coach/analyze?
_______________ TestQuickActionButtons.test_heart_rate_question ________________
backend/tests/test_coach_conversational.py:325: in test_heart_rate_question
    response = requests.post(f"{BASE_URL}/api/coach/analyze", json={
/usr/lib/python3/dist-packages/requests/api.py:115: in post
    return request("post", url, data=data, json=json, **kwargs)
           ^^^^^^^^^^^^^^^^^^^^^^^^^^^^^^^^^^^^^^^^^^^^^^^^^^^^
/usr/lib/python3/dist-packages/requests/api.py:59: in request
    return session.request(method=method, url=url, **kwargs)
           ^^^^^^^^^^^^^^^^^^^^^^^^^^^^^^^^^^^^^^^^^^^^^^^^^
/usr/lib/python3/dist-packages/requests/sessions.py:575: in request
    prep = self.prepare_request(req)
           ^^^^^^^^^^^^^^^^^^^^^^^^^
/usr/lib/python3/dist-packages/requests/sessions.py:486: in prepare_request
    p.prepare(
/usr/lib/python3/dist-packages/requests/models.py:368: in prepare
    self.prepare_url(url, params)
/usr/lib/python3/dist-packages/requests/models.py:439: in prepare_url
    raise MissingSchema(
E   requests.exceptions.MissingSchema: Invalid URL '/api/coach/analyze': No scheme supplied. Perhaps you meant https:///api/coach/analyze?
____________ TestQuickActionButtons.test_pace_consistency_question _____________
backend/tests/test_coach_conversational.py:347: in test_pace_consistency_question
    response = requests.post(f"{BASE_URL}/api/coach/analyze", json={
/usr/lib/python3/dist-packages/requests/api.py:115: in post
    return request("post", url, data=data, json=json, **kwargs)
           ^^^^^^^^^^^^^^^^^^^^^^^^^^^^^^^^^^^^^^^^^^^^^^^^^^^^
/usr/lib/python3/dist-packages/requests/api.py:59: in request
    return session.request(method=method, url=url, **kwargs)
           ^^^^^^^^^^^^^^^^^^^^^^^^^^^^^^^^^^^^^^^^^^^^^^^^^
/usr/lib/python3/dist-packages/requests/sessions.py:575: in request
    prep = self.prepare_request(req)
           ^^^^^^^^^^^^^^^^^^^^^^^^^
/usr/lib/python3/dist-packages/requests/sessions.py:486: in prepare_request
    p.prepare(
/usr/lib/python3/dist-packages/requests/models.py:368: in prepare
    self.prepare_url(url, params)
/usr/lib/python3/dist-packages/requests/models.py:439: in prepare_url
    raise MissingSchema(
E   requests.exceptions.MissingSchema: Invalid URL '/api/coach/analyze': No scheme supplied. Perhaps you meant https:///api/coach/analyze?
__________ TestDashboardInsightAPI.test_dashboard_insight_returns_200 __________
backend/tests/test_dashboard_insight.py:23: in test_dashboard_insight_returns_200
    response = requests.get(f"{BASE_URL}/api/dashboard/insight")
               ^^^^^^^^^^^^^^^^^^^^^^^^^^^^^^^^^^^^^^^^^^^^^^^^^
/usr/lib/python3/dist-packages/requests/api.py:73: in get
    return request("get", url, params=params, **kwargs)
           ^^^^^^^^^^^^^^^^^^^^^^^^^^^^^^^^^^^^^^^^^^^^
/usr/lib/python3/dist-packages/requests/api.py:59: in request
    return session.request(method=method, url=url, **kwargs)
           ^^^^^^^^^^^^^^^^^^^^^^^^^^^^^^^^^^^^^^^^^^^^^^^^^
/usr/lib/python3/dist-packages/requests/sessions.py:575: in request
    prep = self.prepare_request(req)
           ^^^^^^^^^^^^^^^^^^^^^^^^^
/usr/lib/python3/dist-packages/requests/sessions.py:486: in prepare_request
    p.prepare(
/usr/lib/python3/dist-packages/requests/models.py:368: in prepare
    self.prepare_url(url, params)
/usr/lib/python3/dist-packages/requests/models.py:439: in prepare_url
    raise MissingSchema(
E   requests.exceptions.MissingSchema: Invalid URL '/api/dashboard/insight': No scheme supplied. Perhaps you meant https:///api/dashboard/insight?
_______ TestDashboardInsightAPI.test_dashboard_insight_has_coach_insight _______
backend/tests/test_dashboard_insight.py:29: in test_dashboard_insight_has_coach_insight
    response = requests.get(f"{BASE_URL}/api/dashboard/insight")
               ^^^^^^^^^^^^^^^^^^^^^^^^^^^^^^^^^^^^^^^^^^^^^^^^^
/usr/lib/python3/dist-packages/requests/api.py:73: in get
    return request("get", url, params=params, **kwargs)
           ^^^^^^^^^^^^^^^^^^^^^^^^^^^^^^^^^^^^^^^^^^^^
/usr/lib/python3/dist-packages/requests/api.py:59: in request
    return session.request(method=method, url=url, **kwargs)
           ^^^^^^^^^^^^^^^^^^^^^^^^^^^^^^^^^^^^^^^^^^^^^^^^^
/usr/lib/python3/dist-packages/requests/sessions.py:575: in request
    prep = self.prepare_request(req)
           ^^^^^^^^^^^^^^^^^^^^^^^^^
/usr/lib/python3/dist-packages/requests/sessions.py:486: in prepare_request
    p.prepare(
/usr/lib/python3/dist-packages/requests/models.py:368: in prepare
    self.prepare_url(url, params)
/usr/lib/python3/dist-packages/requests/models.py:439: in prepare_url
    raise MissingSchema(
E   requests.exceptions.MissingSchema: Invalid URL '/api/dashboard/insight': No scheme supplied. Perhaps you meant https:///api/dashboard/insight?
___ TestDashboardInsightAPI.test_coach_insight_is_one_sentence_max_15_words ____
backend/tests/test_dashboard_insight.py:38: in test_coach_insight_is_one_sentence_max_15_words
    response = requests.get(f"{BASE_URL}/api/dashboard/insight")
               ^^^^^^^^^^^^^^^^^^^^^^^^^^^^^^^^^^^^^^^^^^^^^^^^^
/usr/lib/python3/dist-packages/requests/api.py:73: in get
    return request("get", url, params=params, **kwargs)
           ^^^^^^^^^^^^^^^^^^^^^^^^^^^^^^^^^^^^^^^^^^^^
/usr/lib/python3/dist-packages/requests/api.py:59: in request
    return session.request(method=method, url=url, **kwargs)
           ^^^^^^^^^^^^^^^^^^^^^^^^^^^^^^^^^^^^^^^^^^^^^^^^^
/usr/lib/python3/dist-packages/requests/sessions.py:575: in request
    prep = self.prepare_request(req)
           ^^^^^^^^^^^^^^^^^^^^^^^^^
/usr/lib/python3/dist-packages/requests/sessions.py:486: in prepare_request
    p.prepare(
/usr/lib/python3/dist-packages/requests/models.py:368: in prepare
    self.prepare_url(url, params)
/usr/lib/python3/dist-packages/requests/models.py:439: in prepare_url
    raise MissingSchema(
E   requests.exceptions.MissingSchema: Invalid URL '/api/dashboard/insight': No scheme supplied. Perhaps you meant https:///api/dashboard/insight?
________ TestDashboardInsightAPI.test_dashboard_insight_has_week_stats _________
backend/tests/test_dashboard_insight.py:57: in test_dashboard_insight_has_week_stats
    response = requests.get(f"{BASE_URL}/api/dashboard/insight")
               ^^^^^^^^^^^^^^^^^^^^^^^^^^^^^^^^^^^^^^^^^^^^^^^^^
/usr/lib/python3/dist-packages/requests/api.py:73: in get
    return request("get", url, params=params, **kwargs)
           ^^^^^^^^^^^^^^^^^^^^^^^^^^^^^^^^^^^^^^^^^^^^
/usr/lib/python3/dist-packages/requests/api.py:59: in request
    return session.request(method=method, url=url, **kwargs)
           ^^^^^^^^^^^^^^^^^^^^^^^^^^^^^^^^^^^^^^^^^^^^^^^^^
/usr/lib/python3/dist-packages/requests/sessions.py:575: in request
    prep = self.prepare_request(req)
           ^^^^^^^^^^^^^^^^^^^^^^^^^
/usr/lib/python3/dist-packages/requests/sessions.py:486: in prepare_request
    p.prepare(
/usr/lib/python3/dist-packages/requests/models.py:368: in prepare
    self.prepare_url(url, params)
/usr/lib/python3/dist-packages/requests/models.py:439: in prepare_url
    raise MissingSchema(
E   requests.exceptions.MissingSchema: Invalid URL '/api/dashboard/insight': No scheme supplied. Perhaps you meant https:///api/dashboard/insight?
_______ TestDashboardInsightAPI.test_week_sessions_is_count_of_workouts ________
backend/tests/test_dashboard_insight.py:77: in test_week_sessions_is_count_of_workouts
    response = requests.get(f"{BASE_URL}/api/dashboard/insight")
               ^^^^^^^^^^^^^^^^^^^^^^^^^^^^^^^^^^^^^^^^^^^^^^^^^
/usr/lib/python3/dist-packages/requests/api.py:73: in get
    return request("get", url, params=params, **kwargs)
           ^^^^^^^^^^^^^^^^^^^^^^^^^^^^^^^^^^^^^^^^^^^^
/usr/lib/python3/dist-packages/requests/api.py:59: in request
    return session.request(method=method, url=url, **kwargs)
           ^^^^^^^^^^^^^^^^^^^^^^^^^^^^^^^^^^^^^^^^^^^^^^^^^
/usr/lib/python3/dist-packages/requests/sessions.py:575: in request
    prep = self.prepare_request(req)
           ^^^^^^^^^^^^^^^^^^^^^^^^^
/usr/lib/python3/dist-packages/requests/sessions.py:486: in prepare_request
    p.prepare(
/usr/lib/python3/dist-packages/requests/models.py:368: in prepare
    self.prepare_url(url, params)
/usr/lib/python3/dist-packages/requests/models.py:439: in prepare_url
    raise MissingSchema(
E   requests.exceptions.MissingSchema: Invalid URL '/api/dashboard/insight': No scheme supplied. Perhaps you meant https:///api/dashboard/insight?
___________ TestDashboardInsightAPI.test_week_volume_km_is_total_km ____________
backend/tests/test_dashboard_insight.py:88: in test_week_volume_km_is_total_km
    response = requests.get(f"{BASE_URL}/api/dashboard/insight")
               ^^^^^^^^^^^^^^^^^^^^^^^^^^^^^^^^^^^^^^^^^^^^^^^^^
/usr/lib/python3/dist-packages/requests/api.py:73: in get
    return request("get", url, params=params, **kwargs)
           ^^^^^^^^^^^^^^^^^^^^^^^^^^^^^^^^^^^^^^^^^^^^
/usr/lib/python3/dist-packages/requests/api.py:59: in request
    return session.request(method=method, url=url, **kwargs)
           ^^^^^^^^^^^^^^^^^^^^^^^^^^^^^^^^^^^^^^^^^^^^^^^^^
/usr/lib/python3/dist-packages/requests/sessions.py:575: in request
    prep = self.prepare_request(req)
           ^^^^^^^^^^^^^^^^^^^^^^^^^
/usr/lib/python3/dist-packages/requests/sessions.py:486: in prepare_request
    p.prepare(
/usr/lib/python3/dist-packages/requests/models.py:368: in prepare
    self.prepare_url(url, params)
/usr/lib/python3/dist-packages/requests/models.py:439: in prepare_url
    raise MissingSchema(
E   requests.exceptions.MissingSchema: Invalid URL '/api/dashboard/insight': No scheme supplied. Perhaps you meant https:///api/dashboard/insight?
____________ TestDashboardInsightAPI.test_week_load_signal_is_valid ____________
backend/tests/test_dashboard_insight.py:99: in test_week_load_signal_is_valid
    response = requests.get(f"{BASE_URL}/api/dashboard/insight")
               ^^^^^^^^^^^^^^^^^^^^^^^^^^^^^^^^^^^^^^^^^^^^^^^^^
/usr/lib/python3/dist-packages/requests/api.py:73: in get
    return request("get", url, params=params, **kwargs)
           ^^^^^^^^^^^^^^^^^^^^^^^^^^^^^^^^^^^^^^^^^^^^
/usr/lib/python3/dist-packages/requests/api.py:59: in request
    return session.request(method=method, url=url, **kwargs)
           ^^^^^^^^^^^^^^^^^^^^^^^^^^^^^^^^^^^^^^^^^^^^^^^^^
/usr/lib/python3/dist-packages/requests/sessions.py:575: in request
    prep = self.prepare_request(req)
           ^^^^^^^^^^^^^^^^^^^^^^^^^
/usr/lib/python3/dist-packages/requests/sessions.py:486: in prepare_request
    p.prepare(
/usr/lib/python3/dist-packages/requests/models.py:368: in prepare
    self.prepare_url(url, params)
/usr/lib/python3/dist-packages/requests/models.py:439: in prepare_url
    raise MissingSchema(
E   requests.exceptions.MissingSchema: Invalid URL '/api/dashboard/insight': No scheme supplied. Perhaps you meant https:///api/dashboard/insight?
________ TestDashboardInsightAPI.test_dashboard_insight_has_month_stats ________
backend/tests/test_dashboard_insight.py:110: in test_dashboard_insight_has_month_stats
    response = requests.get(f"{BASE_URL}/api/dashboard/insight")
               ^^^^^^^^^^^^^^^^^^^^^^^^^^^^^^^^^^^^^^^^^^^^^^^^^
/usr/lib/python3/dist-packages/requests/api.py:73: in get
    return request("get", url, params=params, **kwargs)
           ^^^^^^^^^^^^^^^^^^^^^^^^^^^^^^^^^^^^^^^^^^^^
/usr/lib/python3/dist-packages/requests/api.py:59: in request
    return session.request(method=method, url=url, **kwargs)
           ^^^^^^^^^^^^^^^^^^^^^^^^^^^^^^^^^^^^^^^^^^^^^^^^^
/usr/lib/python3/dist-packages/requests/sessions.py:575: in request
    prep = self.prepare_request(req)
           ^^^^^^^^^^^^^^^^^^^^^^^^^
/usr/lib/python3/dist-packages/requests/sessions.py:486: in prepare_request
    p.prepare(
/usr/lib/python3/dist-packages/requests/models.py:368: in prepare
    self.prepare_url(url, params)
/usr/lib/python3/dist-packages/requests/models.py:439: in prepare_url
    raise MissingSchema(
E   requests.exceptions.MissingSchema: Invalid URL '/api/dashboard/insight': No scheme supplied. Perhaps you meant https:///api/dashboard/insight?
________ TestDashboardInsightAPI.test_month_volume_km_is_total_30_days _________
backend/tests/test_dashboard_insight.py:130: in test_month_volume_km_is_total_30_days
    response = requests.get(f"{BASE_URL}/api/dashboard/insight")
               ^^^^^^^^^^^^^^^^^^^^^^^^^^^^^^^^^^^^^^^^^^^^^^^^^
/usr/lib/python3/dist-packages/requests/api.py:73: in get
    return request("get", url, params=params, **kwargs)
           ^^^^^^^^^^^^^^^^^^^^^^^^^^^^^^^^^^^^^^^^^^^^
/usr/lib/python3/dist-packages/requests/api.py:59: in request
    return session.request(method=method, url=url, **kwargs)
           ^^^^^^^^^^^^^^^^^^^^^^^^^^^^^^^^^^^^^^^^^^^^^^^^^
/usr/lib/python3/dist-packages/requests/sessions.py:575: in request
    prep = self.prepare_request(req)
           ^^^^^^^^^^^^^^^^^^^^^^^^^
/usr/lib/python3/dist-packages/requests/sessions.py:486: in prepare_request
    p.prepare(
/usr/lib/python3/dist-packages/requests/models.py:368: in prepare
    self.prepare_url(url, params)
/usr/lib/python3/dist-packages/requests/models.py:439: in prepare_url
    raise MissingSchema(
E   requests.exceptions.MissingSchema: Invalid URL '/api/dashboard/insight': No scheme supplied. Perhaps you meant https:///api/dashboard/insight?
___________ TestDashboardInsightAPI.test_month_active_weeks_is_count ___________
backend/tests/test_dashboard_insight.py:140: in test_month_active_weeks_is_count
    response = requests.get(f"{BASE_URL}/api/dashboard/insight")
               ^^^^^^^^^^^^^^^^^^^^^^^^^^^^^^^^^^^^^^^^^^^^^^^^^
/usr/lib/python3/dist-packages/requests/api.py:73: in get
    return request("get", url, params=params, **kwargs)
           ^^^^^^^^^^^^^^^^^^^^^^^^^^^^^^^^^^^^^^^^^^^^
/usr/lib/python3/dist-packages/requests/api.py:59: in request
    return session.request(method=method, url=url, **kwargs)
           ^^^^^^^^^^^^^^^^^^^^^^^^^^^^^^^^^^^^^^^^^^^^^^^^^
/usr/lib/python3/dist-packages/requests/sessions.py:575: in request
    prep = self.prepare_request(req)
           ^^^^^^^^^^^^^^^^^^^^^^^^^
/usr/lib/python3/dist-packages/requests/sessions.py:486: in prepare_request
    p.prepare(
/usr/lib/python3/dist-packages/requests/models.py:368: in prepare
    self.prepare_url(url, params)
/usr/lib/python3/dist-packages/requests/models.py:439: in prepare_url
    raise MissingSchema(
E   requests.exceptions.MissingSchema: Invalid URL '/api/dashboard/insight': No scheme supplied. Perhaps you meant https:///api/dashboard/insight?
______________ TestDashboardInsightAPI.test_month_trend_is_valid _______________
backend/tests/test_dashboard_insight.py:151: in test_month_trend_is_valid
    response = requests.get(f"{BASE_URL}/api/dashboard/insight")
               ^^^^^^^^^^^^^^^^^^^^^^^^^^^^^^^^^^^^^^^^^^^^^^^^^
/usr/lib/python3/dist-packages/requests/api.py:73: in get
    return request("get", url, params=params, **kwargs)
           ^^^^^^^^^^^^^^^^^^^^^^^^^^^^^^^^^^^^^^^^^^^^
/usr/lib/python3/dist-packages/requests/api.py:59: in request
    return session.request(method=method, url=url, **kwargs)
           ^^^^^^^^^^^^^^^^^^^^^^^^^^^^^^^^^^^^^^^^^^^^^^^^^
/usr/lib/python3/dist-packages/requests/sessions.py:575: in request
    prep = self.prepare_request(req)
           ^^^^^^^^^^^^^^^^^^^^^^^^^
/usr/lib/python3/dist-packages/requests/sessions.py:486: in prepare_request
    p.prepare(
/usr/lib/python3/dist-packages/requests/models.py:368: in prepare
    self.prepare_url(url, params)
/usr/lib/python3/dist-packages/requests/models.py:439: in prepare_url
    raise MissingSchema(
E   requests.exceptions.MissingSchema: Invalid URL '/api/dashboard/insight': No scheme supplied. Perhaps you meant https:///api/dashboard/insight?
__________ TestDashboardInsightFrench.test_french_insight_returns_200 __________
backend/tests/test_dashboard_insight.py:166: in test_french_insight_returns_200
    response = requests.get(f"{BASE_URL}/api/dashboard/insight?language=fr")
               ^^^^^^^^^^^^^^^^^^^^^^^^^^^^^^^^^^^^^^^^^^^^^^^^^^^^^^^^^^^^^
/usr/lib/python3/dist-packages/requests/api.py:73: in get
    return request("get", url, params=params, **kwargs)
           ^^^^^^^^^^^^^^^^^^^^^^^^^^^^^^^^^^^^^^^^^^^^
/usr/lib/python3/dist-packages/requests/api.py:59: in request
    return session.request(method=method, url=url, **kwargs)
           ^^^^^^^^^^^^^^^^^^^^^^^^^^^^^^^^^^^^^^^^^^^^^^^^^
/usr/lib/python3/dist-packages/requests/sessions.py:575: in request
    prep = self.prepare_request(req)
           ^^^^^^^^^^^^^^^^^^^^^^^^^
/usr/lib/python3/dist-packages/requests/sessions.py:486: in prepare_request
    p.prepare(
/usr/lib/python3/dist-packages/requests/models.py:368: in prepare
    self.prepare_url(url, params)
/usr/lib/python3/dist-packages/requests/models.py:439: in prepare_url
    raise MissingSchema(
E   requests.exceptions.MissingSchema: Invalid URL '/api/dashboard/insight?language=fr': No scheme supplied. Perhaps you meant https:///api/dashboard/insight?language=fr?
_________ TestDashboardInsightFrench.test_french_insight_is_in_french __________
backend/tests/test_dashboard_insight.py:172: in test_french_insight_is_in_french
    response = requests.get(f"{BASE_URL}/api/dashboard/insight?language=fr")
               ^^^^^^^^^^^^^^^^^^^^^^^^^^^^^^^^^^^^^^^^^^^^^^^^^^^^^^^^^^^^^
/usr/lib/python3/dist-packages/requests/api.py:73: in get
    return request("get", url, params=params, **kwargs)
           ^^^^^^^^^^^^^^^^^^^^^^^^^^^^^^^^^^^^^^^^^^^^
/usr/lib/python3/dist-packages/requests/api.py:59: in request
    return session.request(method=method, url=url, **kwargs)
           ^^^^^^^^^^^^^^^^^^^^^^^^^^^^^^^^^^^^^^^^^^^^^^^^^
/usr/lib/python3/dist-packages/requests/sessions.py:575: in request
    prep = self.prepare_request(req)
           ^^^^^^^^^^^^^^^^^^^^^^^^^
/usr/lib/python3/dist-packages/requests/sessions.py:486: in prepare_request
    p.prepare(
/usr/lib/python3/dist-packages/requests/models.py:368: in prepare
    self.prepare_url(url, params)
/usr/lib/python3/dist-packages/requests/models.py:439: in prepare_url
    raise MissingSchema(
E   requests.exceptions.MissingSchema: Invalid URL '/api/dashboard/insight?language=fr': No scheme supplied. Perhaps you meant https:///api/dashboard/insight?language=fr?
________ TestDashboardInsightFrench.test_french_insight_same_structure _________
backend/tests/test_dashboard_insight.py:191: in test_french_insight_same_structure
    response = requests.get(f"{BASE_URL}/api/dashboard/insight?language=fr")
               ^^^^^^^^^^^^^^^^^^^^^^^^^^^^^^^^^^^^^^^^^^^^^^^^^^^^^^^^^^^^^
/usr/lib/python3/dist-packages/requests/api.py:73: in get
    return request("get", url, params=params, **kwargs)
           ^^^^^^^^^^^^^^^^^^^^^^^^^^^^^^^^^^^^^^^^^^^^
/usr/lib/python3/dist-packages/requests/api.py:59: in request
    return session.request(method=method, url=url, **kwargs)
           ^^^^^^^^^^^^^^^^^^^^^^^^^^^^^^^^^^^^^^^^^^^^^^^^^
/usr/lib/python3/dist-packages/requests/sessions.py:575: in request
    prep = self.prepare_request(req)
           ^^^^^^^^^^^^^^^^^^^^^^^^^
/usr/lib/python3/dist-packages/requests/sessions.py:486: in prepare_request
    p.prepare(
/usr/lib/python3/dist-packages/requests/models.py:368: in prepare
    self.prepare_url(url, params)
/usr/lib/python3/dist-packages/requests/models.py:439: in prepare_url
    raise MissingSchema(
E   requests.exceptions.MissingSchema: Invalid URL '/api/dashboard/insight?language=fr': No scheme supplied. Perhaps you meant https:///api/dashboard/insight?language=fr?
___________ TestDashboardNoRawNumbers.test_no_hr_numbers_in_insight ____________
backend/tests/test_dashboard_insight.py:212: in test_no_hr_numbers_in_insight
    response = requests.get(f"{BASE_URL}/api/dashboard/insight")
               ^^^^^^^^^^^^^^^^^^^^^^^^^^^^^^^^^^^^^^^^^^^^^^^^^
/usr/lib/python3/dist-packages/requests/api.py:73: in get
    return request("get", url, params=params, **kwargs)
           ^^^^^^^^^^^^^^^^^^^^^^^^^^^^^^^^^^^^^^^^^^^^
/usr/lib/python3/dist-packages/requests/api.py:59: in request
    return session.request(method=method, url=url, **kwargs)
           ^^^^^^^^^^^^^^^^^^^^^^^^^^^^^^^^^^^^^^^^^^^^^^^^^
/usr/lib/python3/dist-packages/requests/sessions.py:575: in request
    prep = self.prepare_request(req)
           ^^^^^^^^^^^^^^^^^^^^^^^^^
/usr/lib/python3/dist-packages/requests/sessions.py:486: in prepare_request
    p.prepare(
/usr/lib/python3/dist-packages/requests/models.py:368: in prepare
    self.prepare_url(url, params)
/usr/lib/python3/dist-packages/requests/models.py:439: in prepare_url
    raise MissingSchema(
E   requests.exceptions.MissingSchema: Invalid URL '/api/dashboard/insight': No scheme supplied. Perhaps you meant https:///api/dashboard/insight?
__________ TestDashboardNoRawNumbers.test_no_pace_numbers_in_insight ___________
backend/tests/test_dashboard_insight.py:226: in test_no_pace_numbers_in_insight
    response = requests.get(f"{BASE_URL}/api/dashboard/insight")
               ^^^^^^^^^^^^^^^^^^^^^^^^^^^^^^^^^^^^^^^^^^^^^^^^^
/usr/lib/python3/dist-packages/requests/api.py:73: in get
    return request("get", url, params=params, **kwargs)
           ^^^^^^^^^^^^^^^^^^^^^^^^^^^^^^^^^^^^^^^^^^^^
/usr/lib/python3/dist-packages/requests/api.py:59: in request
    return session.request(method=method, url=url, **kwargs)
           ^^^^^^^^^^^^^^^^^^^^^^^^^^^^^^^^^^^^^^^^^^^^^^^^^
/usr/lib/python3/dist-packages/requests/sessions.py:575: in request
    prep = self.prepare_request(req)
           ^^^^^^^^^^^^^^^^^^^^^^^^^
/usr/lib/python3/dist-packages/requests/sessions.py:486: in prepare_request
    p.prepare(
/usr/lib/python3/dist-packages/requests/models.py:368: in prepare
    self.prepare_url(url, params)
/usr/lib/python3/dist-packages/requests/models.py:439: in prepare_url
    raise MissingSchema(
E   requests.exceptions.MissingSchema: Invalid URL '/api/dashboard/insight': No scheme supplied. Perhaps you meant https:///api/dashboard/insight?
__________ TestDashboardNoRawNumbers.test_insight_is_action_oriented ___________
backend/tests/test_dashboard_insight.py:240: in test_insight_is_action_oriented
    response = requests.get(f"{BASE_URL}/api/dashboard/insight")
               ^^^^^^^^^^^^^^^^^^^^^^^^^^^^^^^^^^^^^^^^^^^^^^^^^
/usr/lib/python3/dist-packages/requests/api.py:73: in get
    return request("get", url, params=params, **kwargs)
           ^^^^^^^^^^^^^^^^^^^^^^^^^^^^^^^^^^^^^^^^^^^^
/usr/lib/python3/dist-packages/requests/api.py:59: in request
    return session.request(method=method, url=url, **kwargs)
           ^^^^^^^^^^^^^^^^^^^^^^^^^^^^^^^^^^^^^^^^^^^^^^^^^
/usr/lib/python3/dist-packages/requests/sessions.py:575: in request
    prep = self.prepare_request(req)
           ^^^^^^^^^^^^^^^^^^^^^^^^^
/usr/lib/python3/dist-packages/requests/sessions.py:486: in prepare_request
    p.prepare(
/usr/lib/python3/dist-packages/requests/models.py:368: in prepare
    self.prepare_url(url, params)
/usr/lib/python3/dist-packages/requests/models.py:439: in prepare_url
    raise MissingSchema(
E   requests.exceptions.MissingSchema: Invalid URL '/api/dashboard/insight': No scheme supplied. Perhaps you meant https:///api/dashboard/insight?
____________ TestDetailedAnalysisEndpoint.test_endpoint_returns_200 ____________
backend/tests/test_detailed_analysis.py:48: in test_endpoint_returns_200
    response = requests.get(f"{BASE_URL}/api/coach/detailed-analysis/{WORKOUT_ID}?language=en")
               ^^^^^^^^^^^^^^^^^^^^^^^^^^^^^^^^^^^^^^^^^^^^^^^^^^^^^^^^^^^^^^^^^^^^^^^^^^^^^^^^
/usr/lib/python3/dist-packages/requests/api.py:73: in get
    return request("get", url, params=params, **kwargs)
           ^^^^^^^^^^^^^^^^^^^^^^^^^^^^^^^^^^^^^^^^^^^^
/usr/lib/python3/dist-packages/requests/api.py:59: in request
    return session.request(method=method, url=url, **kwargs)
           ^^^^^^^^^^^^^^^^^^^^^^^^^^^^^^^^^^^^^^^^^^^^^^^^^
/usr/lib/python3/dist-packages/requests/sessions.py:575: in request
    prep = self.prepare_request(req)
           ^^^^^^^^^^^^^^^^^^^^^^^^^
/usr/lib/python3/dist-packages/requests/sessions.py:486: in prepare_request
    p.prepare(
/usr/lib/python3/dist-packages/requests/models.py:368: in prepare
    self.prepare_url(url, params)
/usr/lib/python3/dist-packages/requests/models.py:439: in prepare_url
    raise MissingSchema(
E   requests.exceptions.MissingSchema: Invalid URL '/api/coach/detailed-analysis/strava_17130033093?language=en': No scheme supplied. Perhaps you meant https:///api/coach/detailed-analysis/strava_17130033093?language=en?
_ TestDetailedAnalysisEndpoint.test_response_structure_has_all_required_fields _
backend/tests/test_detailed_analysis.py:54: in test_response_structure_has_all_required_fields
    response = requests.get(f"{BASE_URL}/api/coach/detailed-analysis/{WORKOUT_ID}?language=en")
               ^^^^^^^^^^^^^^^^^^^^^^^^^^^^^^^^^^^^^^^^^^^^^^^^^^^^^^^^^^^^^^^^^^^^^^^^^^^^^^^^
/usr/lib/python3/dist-packages/requests/api.py:73: in get
    return request("get", url, params=params, **kwargs)
           ^^^^^^^^^^^^^^^^^^^^^^^^^^^^^^^^^^^^^^^^^^^^
/usr/lib/python3/dist-packages/requests/api.py:59: in request
    return session.request(method=method, url=url, **kwargs)
           ^^^^^^^^^^^^^^^^^^^^^^^^^^^^^^^^^^^^^^^^^^^^^^^^^
/usr/lib/python3/dist-packages/requests/sessions.py:575: in request
    prep = self.prepare_request(req)
           ^^^^^^^^^^^^^^^^^^^^^^^^^
/usr/lib/python3/dist-packages/requests/sessions.py:486: in prepare_request
    p.prepare(
/usr/lib/python3/dist-packages/requests/models.py:368: in prepare
    self.prepare_url(url, params)
/usr/lib/python3/dist-packages/requests/models.py:439: in prepare_url
    raise MissingSchema(
E   requests.exceptions.MissingSchema: Invalid URL '/api/coach/detailed-analysis/strava_17130033093?language=en': No scheme supplied. Perhaps you meant https:///api/coach/detailed-analysis/strava_17130033093?language=en?
____ TestDetailedAnalysisEndpoint.test_header_has_context_and_session_name _____
backend/tests/test_detailed_analysis.py:71: in test_header_has_context_and_session_name
    response = requests.get(f"{BASE_URL}/api/coach/detailed-analysis/{WORKOUT_ID}?language=en")
               ^^^^^^^^^^^^^^^^^^^^^^^^^^^^^^^^^^^^^^^^^^^^^^^^^^^^^^^^^^^^^^^^^^^^^^^^^^^^^^^^
/usr/lib/python3/dist-packages/requests/api.py:73: in get
    return request("get", url, params=params, **kwargs)
           ^^^^^^^^^^^^^^^^^^^^^^^^^^^^^^^^^^^^^^^^^^^^
/usr/lib/python3/dist-packages/requests/api.py:59: in request
    return session.request(method=method, url=url, **kwargs)
           ^^^^^^^^^^^^^^^^^^^^^^^^^^^^^^^^^^^^^^^^^^^^^^^^^
/usr/lib/python3/dist-packages/requests/sessions.py:575: in request
    prep = self.prepare_request(req)
           ^^^^^^^^^^^^^^^^^^^^^^^^^
/usr/lib/python3/dist-packages/requests/sessions.py:486: in prepare_request
    p.prepare(
/usr/lib/python3/dist-packages/requests/models.py:368: in prepare
    self.prepare_url(url, params)
/usr/lib/python3/dist-packages/requests/models.py:439: in prepare_url
    raise MissingSchema(
E   requests.exceptions.MissingSchema: Invalid URL '/api/coach/detailed-analysis/strava_17130033093?language=en': No scheme supplied. Perhaps you meant https:///api/coach/detailed-analysis/strava_17130033093?language=en?
_____ TestDetailedAnalysisEndpoint.test_header_context_is_one_sentence_max _____
backend/tests/test_detailed_analysis.py:83: in test_header_context_is_one_sentence_max
    response = requests.get(f"{BASE_URL}/api/coach/detailed-analysis/{WORKOUT_ID}?language=en")
               ^^^^^^^^^^^^^^^^^^^^^^^^^^^^^^^^^^^^^^^^^^^^^^^^^^^^^^^^^^^^^^^^^^^^^^^^^^^^^^^^
/usr/lib/python3/dist-packages/requests/api.py:73: in get
    return request("get", url, params=params, **kwargs)
           ^^^^^^^^^^^^^^^^^^^^^^^^^^^^^^^^^^^^^^^^^^^^
/usr/lib/python3/dist-packages/requests/api.py:59: in request
    return session.request(method=method, url=url, **kwargs)
           ^^^^^^^^^^^^^^^^^^^^^^^^^^^^^^^^^^^^^^^^^^^^^^^^^
/usr/lib/python3/dist-packages/requests/sessions.py:575: in request
    prep = self.prepare_request(req)
           ^^^^^^^^^^^^^^^^^^^^^^^^^
/usr/lib/python3/dist-packages/requests/sessions.py:486: in prepare_request
    p.prepare(
/usr/lib/python3/dist-packages/requests/models.py:368: in prepare
    self.prepare_url(url, params)
/usr/lib/python3/dist-packages/requests/models.py:439: in prepare_url
    raise MissingSchema(
E   requests.exceptions.MissingSchema: Invalid URL '/api/coach/detailed-analysis/strava_17130033093?language=en': No scheme supplied. Perhaps you meant https:///api/coach/detailed-analysis/strava_17130033093?language=en?
_ TestDetailedAnalysisEndpoint.test_execution_card_has_intensity_volume_regularity _
backend/tests/test_detailed_analysis.py:99: in test_execution_card_has_intensity_volume_regularity
    response = requests.get(f"{BASE_URL}/api/coach/detailed-analysis/{WORKOUT_ID}?language=en")
               ^^^^^^^^^^^^^^^^^^^^^^^^^^^^^^^^^^^^^^^^^^^^^^^^^^^^^^^^^^^^^^^^^^^^^^^^^^^^^^^^
/usr/lib/python3/dist-packages/requests/api.py:73: in get
    return request("get", url, params=params, **kwargs)
           ^^^^^^^^^^^^^^^^^^^^^^^^^^^^^^^^^^^^^^^^^^^^
/usr/lib/python3/dist-packages/requests/api.py:59: in request
    return session.request(method=method, url=url, **kwargs)
           ^^^^^^^^^^^^^^^^^^^^^^^^^^^^^^^^^^^^^^^^^^^^^^^^^
/usr/lib/python3/dist-packages/requests/sessions.py:575: in request
    prep = self.prepare_request(req)
           ^^^^^^^^^^^^^^^^^^^^^^^^^
/usr/lib/python3/dist-packages/requests/sessions.py:486: in prepare_request
    p.prepare(
/usr/lib/python3/dist-packages/requests/models.py:368: in prepare
    self.prepare_url(url, params)
/usr/lib/python3/dist-packages/requests/models.py:439: in prepare_url
    raise MissingSchema(
E   requests.exceptions.MissingSchema: Invalid URL '/api/coach/detailed-analysis/strava_17130033093?language=en': No scheme supplied. Perhaps you meant https:///api/coach/detailed-analysis/strava_17130033093?language=en?
____ TestDetailedAnalysisEndpoint.test_execution_intensity_valid_values_en _____
backend/tests/test_detailed_analysis.py:113: in test_execution_intensity_valid_values_en
    response = requests.get(f"{BASE_URL}/api/coach/detailed-analysis/{WORKOUT_ID}?language=en")
               ^^^^^^^^^^^^^^^^^^^^^^^^^^^^^^^^^^^^^^^^^^^^^^^^^^^^^^^^^^^^^^^^^^^^^^^^^^^^^^^^
/usr/lib/python3/dist-packages/requests/api.py:73: in get
    return request("get", url, params=params, **kwargs)
           ^^^^^^^^^^^^^^^^^^^^^^^^^^^^^^^^^^^^^^^^^^^^
/usr/lib/python3/dist-packages/requests/api.py:59: in request
    return session.request(method=method, url=url, **kwargs)
           ^^^^^^^^^^^^^^^^^^^^^^^^^^^^^^^^^^^^^^^^^^^^^^^^^
/usr/lib/python3/dist-packages/requests/sessions.py:575: in request
    prep = self.prepare_request(req)
           ^^^^^^^^^^^^^^^^^^^^^^^^^
/usr/lib/python3/dist-packages/requests/sessions.py:486: in prepare_request
    p.prepare(
/usr/lib/python3/dist-packages/requests/models.py:368: in prepare
    self.prepare_url(url, params)
/usr/lib/python3/dist-packages/requests/models.py:439: in prepare_url
    raise MissingSchema(
E   requests.exceptions.MissingSchema: Invalid URL '/api/coach/detailed-analysis/strava_17130033093?language=en': No scheme supplied. Perhaps you meant https:///api/coach/detailed-analysis/strava_17130033093?language=en?
______ TestDetailedAnalysisEndpoint.test_execution_volume_valid_values_en ______
backend/tests/test_detailed_analysis.py:128: in test_execution_volume_valid_values_en
    response = requests.get(f"{BASE_URL}/api/coach/detailed-analysis/{WORKOUT_ID}?language=en")
               ^^^^^^^^^^^^^^^^^^^^^^^^^^^^^^^^^^^^^^^^^^^^^^^^^^^^^^^^^^^^^^^^^^^^^^^^^^^^^^^^
/usr/lib/python3/dist-packages/requests/api.py:73: in get
    return request("get", url, params=params, **kwargs)
           ^^^^^^^^^^^^^^^^^^^^^^^^^^^^^^^^^^^^^^^^^^^^
/usr/lib/python3/dist-packages/requests/api.py:59: in request
    return session.request(method=method, url=url, **kwargs)
           ^^^^^^^^^^^^^^^^^^^^^^^^^^^^^^^^^^^^^^^^^^^^^^^^^
/usr/lib/python3/dist-packages/requests/sessions.py:575: in request
    prep = self.prepare_request(req)
           ^^^^^^^^^^^^^^^^^^^^^^^^^
/usr/lib/python3/dist-packages/requests/sessions.py:486: in prepare_request
    p.prepare(
/usr/lib/python3/dist-packages/requests/models.py:368: in prepare
    self.prepare_url(url, params)
/usr/lib/python3/dist-packages/requests/models.py:439: in prepare_url
    raise MissingSchema(
E   requests.exceptions.MissingSchema: Invalid URL '/api/coach/detailed-analysis/strava_17130033093?language=en': No scheme supplied. Perhaps you meant https:///api/coach/detailed-analysis/strava_17130033093?language=en?
____ TestDetailedAnalysisEndpoint.test_execution_regularity_valid_values_en ____
backend/tests/test_detailed_analysis.py:142: in test_execution_regularity_valid_values_en
    response = requests.get(f"{BASE_URL}/api/coach/detailed-analysis/{WORKOUT_ID}?language=en")
               ^^^^^^^^^^^^^^^^^^^^^^^^^^^^^^^^^^^^^^^^^^^^^^^^^^^^^^^^^^^^^^^^^^^^^^^^^^^^^^^^
/usr/lib/python3/dist-packages/requests/api.py:73: in get
    return request("get", url, params=params, **kwargs)
           ^^^^^^^^^^^^^^^^^^^^^^^^^^^^^^^^^^^^^^^^^^^^
/usr/lib/python3/dist-packages/requests/api.py:59: in request
    return session.request(method=method, url=url, **kwargs)
           ^^^^^^^^^^^^^^^^^^^^^^^^^^^^^^^^^^^^^^^^^^^^^^^^^
/usr/lib/python3/dist-packages/requests/sessions.py:575: in request
    prep = self.prepare_request(req)
           ^^^^^^^^^^^^^^^^^^^^^^^^^
/usr/lib/python3/dist-packages/requests/sessions.py:486: in prepare_request
    p.prepare(
/usr/lib/python3/dist-packages/requests/models.py:368: in prepare
    self.prepare_url(url, params)
/usr/lib/python3/dist-packages/requests/models.py:439: in prepare_url
    raise MissingSchema(
E   requests.exceptions.MissingSchema: Invalid URL '/api/coach/detailed-analysis/strava_17130033093?language=en': No scheme supplied. Perhaps you meant https:///api/coach/detailed-analysis/strava_17130033093?language=en?
_______ TestDetailedAnalysisEndpoint.test_meaning_text_is_2_3_sentences ________
backend/tests/test_detailed_analysis.py:156: in test_meaning_text_is_2_3_sentences
    response = requests.get(f"{BASE_URL}/api/coach/detailed-analysis/{WORKOUT_ID}?language=en")
               ^^^^^^^^^^^^^^^^^^^^^^^^^^^^^^^^^^^^^^^^^^^^^^^^^^^^^^^^^^^^^^^^^^^^^^^^^^^^^^^^
/usr/lib/python3/dist-packages/requests/api.py:73: in get
    return request("get", url, params=params, **kwargs)
           ^^^^^^^^^^^^^^^^^^^^^^^^^^^^^^^^^^^^^^^^^^^^
/usr/lib/python3/dist-packages/requests/api.py:59: in request
    return session.request(method=method, url=url, **kwargs)
           ^^^^^^^^^^^^^^^^^^^^^^^^^^^^^^^^^^^^^^^^^^^^^^^^^
/usr/lib/python3/dist-packages/requests/sessions.py:575: in request
    prep = self.prepare_request(req)
           ^^^^^^^^^^^^^^^^^^^^^^^^^
/usr/lib/python3/dist-packages/requests/sessions.py:486: in prepare_request
    p.prepare(
/usr/lib/python3/dist-packages/requests/models.py:368: in prepare
    self.prepare_url(url, params)
/usr/lib/python3/dist-packages/requests/models.py:439: in prepare_url
    raise MissingSchema(
E   requests.exceptions.MissingSchema: Invalid URL '/api/coach/detailed-analysis/strava_17130033093?language=en': No scheme supplied. Perhaps you meant https:///api/coach/detailed-analysis/strava_17130033093?language=en?
______ TestDetailedAnalysisEndpoint.test_recovery_text_is_one_key_message ______
backend/tests/test_detailed_analysis.py:179: in test_recovery_text_is_one_key_message
    response = requests.get(f"{BASE_URL}/api/coach/detailed-analysis/{WORKOUT_ID}?language=en")
               ^^^^^^^^^^^^^^^^^^^^^^^^^^^^^^^^^^^^^^^^^^^^^^^^^^^^^^^^^^^^^^^^^^^^^^^^^^^^^^^^
/usr/lib/python3/dist-packages/requests/api.py:73: in get
    return request("get", url, params=params, **kwargs)
           ^^^^^^^^^^^^^^^^^^^^^^^^^^^^^^^^^^^^^^^^^^^^
/usr/lib/python3/dist-packages/requests/api.py:59: in request
    return session.request(method=method, url=url, **kwargs)
           ^^^^^^^^^^^^^^^^^^^^^^^^^^^^^^^^^^^^^^^^^^^^^^^^^
/usr/lib/python3/dist-packages/requests/sessions.py:575: in request
    prep = self.prepare_request(req)
           ^^^^^^^^^^^^^^^^^^^^^^^^^
/usr/lib/python3/dist-packages/requests/sessions.py:486: in prepare_request
    p.prepare(
/usr/lib/python3/dist-packages/requests/models.py:368: in prepare
    self.prepare_url(url, params)
/usr/lib/python3/dist-packages/requests/models.py:439: in prepare_url
    raise MissingSchema(
E   requests.exceptions.MissingSchema: Invalid URL '/api/coach/detailed-analysis/strava_17130033093?language=en': No scheme supplied. Perhaps you meant https:///api/coach/detailed-analysis/strava_17130033093?language=en?
_____ TestDetailedAnalysisEndpoint.test_advice_text_is_one_recommendation ______
backend/tests/test_detailed_analysis.py:202: in test_advice_text_is_one_recommendation
    response = requests.get(f"{BASE_URL}/api/coach/detailed-analysis/{WORKOUT_ID}?language=en")
               ^^^^^^^^^^^^^^^^^^^^^^^^^^^^^^^^^^^^^^^^^^^^^^^^^^^^^^^^^^^^^^^^^^^^^^^^^^^^^^^^
/usr/lib/python3/dist-packages/requests/api.py:73: in get
    return request("get", url, params=params, **kwargs)
           ^^^^^^^^^^^^^^^^^^^^^^^^^^^^^^^^^^^^^^^^^^^^
/usr/lib/python3/dist-packages/requests/api.py:59: in request
    return session.request(method=method, url=url, **kwargs)
           ^^^^^^^^^^^^^^^^^^^^^^^^^^^^^^^^^^^^^^^^^^^^^^^^^
/usr/lib/python3/dist-packages/requests/sessions.py:575: in request
    prep = self.prepare_request(req)
           ^^^^^^^^^^^^^^^^^^^^^^^^^
/usr/lib/python3/dist-packages/requests/sessions.py:486: in prepare_request
    p.prepare(
/usr/lib/python3/dist-packages/requests/models.py:368: in prepare
    self.prepare_url(url, params)
/usr/lib/python3/dist-packages/requests/models.py:439: in prepare_url
    raise MissingSchema(
E   requests.exceptions.MissingSchema: Invalid URL '/api/coach/detailed-analysis/strava_17130033093?language=en': No scheme supplied. Perhaps you meant https:///api/coach/detailed-analysis/strava_17130033093?language=en?
__________ TestDetailedAnalysisEndpoint.test_advanced_section_exists ___________
backend/tests/test_detailed_analysis.py:225: in test_advanced_section_exists
    response = requests.get(f"{BASE_URL}/api/coach/detailed-analysis/{WORKOUT_ID}?language=en")
               ^^^^^^^^^^^^^^^^^^^^^^^^^^^^^^^^^^^^^^^^^^^^^^^^^^^^^^^^^^^^^^^^^^^^^^^^^^^^^^^^
/usr/lib/python3/dist-packages/requests/api.py:73: in get
    return request("get", url, params=params, **kwargs)
           ^^^^^^^^^^^^^^^^^^^^^^^^^^^^^^^^^^^^^^^^^^^^
/usr/lib/python3/dist-packages/requests/api.py:59: in request
    return session.request(method=method, url=url, **kwargs)
           ^^^^^^^^^^^^^^^^^^^^^^^^^^^^^^^^^^^^^^^^^^^^^^^^^
/usr/lib/python3/dist-packages/requests/sessions.py:575: in request
    prep = self.prepare_request(req)
           ^^^^^^^^^^^^^^^^^^^^^^^^^
/usr/lib/python3/dist-packages/requests/sessions.py:486: in prepare_request
    p.prepare(
/usr/lib/python3/dist-packages/requests/models.py:368: in prepare
    self.prepare_url(url, params)
/usr/lib/python3/dist-packages/requests/models.py:439: in prepare_url
    raise MissingSchema(
E   requests.exceptions.MissingSchema: Invalid URL '/api/coach/detailed-analysis/strava_17130033093?language=en': No scheme supplied. Perhaps you meant https:///api/coach/detailed-analysis/strava_17130033093?language=en?
______ TestLanguageEnforcement.test_english_response_has_no_french_words _______
backend/tests/test_detailed_analysis.py:242: in test_english_response_has_no_french_words
    response = requests.get(f"{BASE_URL}/api/coach/detailed-analysis/{WORKOUT_ID}?language=en")
               ^^^^^^^^^^^^^^^^^^^^^^^^^^^^^^^^^^^^^^^^^^^^^^^^^^^^^^^^^^^^^^^^^^^^^^^^^^^^^^^^
/usr/lib/python3/dist-packages/requests/api.py:73: in get
    return request("get", url, params=params, **kwargs)
           ^^^^^^^^^^^^^^^^^^^^^^^^^^^^^^^^^^^^^^^^^^^^
/usr/lib/python3/dist-packages/requests/api.py:59: in request
    return session.request(method=method, url=url, **kwargs)
           ^^^^^^^^^^^^^^^^^^^^^^^^^^^^^^^^^^^^^^^^^^^^^^^^^
/usr/lib/python3/dist-packages/requests/sessions.py:575: in request
    prep = self.prepare_request(req)
           ^^^^^^^^^^^^^^^^^^^^^^^^^
/usr/lib/python3/dist-packages/requests/sessions.py:486: in prepare_request
    p.prepare(
/usr/lib/python3/dist-packages/requests/models.py:368: in prepare
    self.prepare_url(url, params)
/usr/lib/python3/dist-packages/requests/models.py:439: in prepare_url
    raise MissingSchema(
E   requests.exceptions.MissingSchema: Invalid URL '/api/coach/detailed-analysis/strava_17130033093?language=en': No scheme supplied. Perhaps you meant https:///api/coach/detailed-analysis/strava_17130033093?language=en?
______ TestLanguageEnforcement.test_french_response_has_no_english_words _______
backend/tests/test_detailed_analysis.py:269: in test_french_response_has_no_english_words
    response = requests.get(f"{BASE_URL}/api/coach/detailed-analysis/{WORKOUT_ID}?language=fr")
               ^^^^^^^^^^^^^^^^^^^^^^^^^^^^^^^^^^^^^^^^^^^^^^^^^^^^^^^^^^^^^^^^^^^^^^^^^^^^^^^^
/usr/lib/python3/dist-packages/requests/api.py:73: in get
    return request("get", url, params=params, **kwargs)
           ^^^^^^^^^^^^^^^^^^^^^^^^^^^^^^^^^^^^^^^^^^^^
/usr/lib/python3/dist-packages/requests/api.py:59: in request
    return session.request(method=method, url=url, **kwargs)
           ^^^^^^^^^^^^^^^^^^^^^^^^^^^^^^^^^^^^^^^^^^^^^^^^^
/usr/lib/python3/dist-packages/requests/sessions.py:575: in request
    prep = self.prepare_request(req)
           ^^^^^^^^^^^^^^^^^^^^^^^^^
/usr/lib/python3/dist-packages/requests/sessions.py:486: in prepare_request
    p.prepare(
/usr/lib/python3/dist-packages/requests/models.py:368: in prepare
    self.prepare_url(url, params)
/usr/lib/python3/dist-packages/requests/models.py:439: in prepare_url
    raise MissingSchema(
E   requests.exceptions.MissingSchema: Invalid URL '/api/coach/detailed-analysis/strava_17130033093?language=fr': No scheme supplied. Perhaps you meant https:///api/coach/detailed-analysis/strava_17130033093?language=fr?
_____________ TestLanguageEnforcement.test_french_execution_values _____________
backend/tests/test_detailed_analysis.py:298: in test_french_execution_values
    response = requests.get(f"{BASE_URL}/api/coach/detailed-analysis/{WORKOUT_ID}?language=fr")
               ^^^^^^^^^^^^^^^^^^^^^^^^^^^^^^^^^^^^^^^^^^^^^^^^^^^^^^^^^^^^^^^^^^^^^^^^^^^^^^^^
/usr/lib/python3/dist-packages/requests/api.py:73: in get
    return request("get", url, params=params, **kwargs)
           ^^^^^^^^^^^^^^^^^^^^^^^^^^^^^^^^^^^^^^^^^^^^
/usr/lib/python3/dist-packages/requests/api.py:59: in request
    return session.request(method=method, url=url, **kwargs)
           ^^^^^^^^^^^^^^^^^^^^^^^^^^^^^^^^^^^^^^^^^^^^^^^^^
/usr/lib/python3/dist-packages/requests/sessions.py:575: in request
    prep = self.prepare_request(req)
           ^^^^^^^^^^^^^^^^^^^^^^^^^
/usr/lib/python3/dist-packages/requests/sessions.py:486: in prepare_request
    p.prepare(
/usr/lib/python3/dist-packages/requests/models.py:368: in prepare
    self.prepare_url(url, params)
/usr/lib/python3/dist-packages/requests/models.py:439: in prepare_url
    raise MissingSchema(
E   requests.exceptions.MissingSchema: Invalid URL '/api/coach/detailed-analysis/strava_17130033093?language=fr': No scheme supplied. Perhaps you meant https:///api/coach/detailed-analysis/strava_17130033093?language=fr?
_____________ TestWorkoutNotFound.test_invalid_workout_returns_404 _____________
backend/tests/test_detailed_analysis.py:329: in test_invalid_workout_returns_404
    response = requests.get(f"{BASE_URL}/api/coach/detailed-analysis/invalid_workout_id_12345?language=en")
               ^^^^^^^^^^^^^^^^^^^^^^^^^^^^^^^^^^^^^^^^^^^^^^^^^^^^^^^^^^^^^^^^^^^^^^^^^^^^^^^^^^^^^^^^^^^^
/usr/lib/python3/dist-packages/requests/api.py:73: in get
    return request("get", url, params=params, **kwargs)
           ^^^^^^^^^^^^^^^^^^^^^^^^^^^^^^^^^^^^^^^^^^^^
/usr/lib/python3/dist-packages/requests/api.py:59: in request
    return session.request(method=method, url=url, **kwargs)
           ^^^^^^^^^^^^^^^^^^^^^^^^^^^^^^^^^^^^^^^^^^^^^^^^^
/usr/lib/python3/dist-packages/requests/sessions.py:575: in request
    prep = self.prepare_request(req)
           ^^^^^^^^^^^^^^^^^^^^^^^^^
/usr/lib/python3/dist-packages/requests/sessions.py:486: in prepare_request
    p.prepare(
/usr/lib/python3/dist-packages/requests/models.py:368: in prepare
    self.prepare_url(url, params)
/usr/lib/python3/dist-packages/requests/models.py:439: in prepare_url
    raise MissingSchema(
E   requests.exceptions.MissingSchema: Invalid URL '/api/coach/detailed-analysis/invalid_workout_id_12345?language=en': No scheme supplied. Perhaps you meant https:///api/coach/detailed-analysis/invalid_workout_id_12345?language=en?
_______ TestResponseQuality.test_response_is_scannable_under_10_seconds ________
backend/tests/test_detailed_analysis.py:339: in test_response_is_scannable_under_10_seconds
    response = requests.get(f"{BASE_URL}/api/coach/detailed-analysis/{WORKOUT_ID}?language=en")
               ^^^^^^^^^^^^^^^^^^^^^^^^^^^^^^^^^^^^^^^^^^^^^^^^^^^^^^^^^^^^^^^^^^^^^^^^^^^^^^^^
/usr/lib/python3/dist-packages/requests/api.py:73: in get
    return request("get", url, params=params, **kwargs)
           ^^^^^^^^^^^^^^^^^^^^^^^^^^^^^^^^^^^^^^^^^^^^
/usr/lib/python3/dist-packages/requests/api.py:59: in request
    return session.request(method=method, url=url, **kwargs)
           ^^^^^^^^^^^^^^^^^^^^^^^^^^^^^^^^^^^^^^^^^^^^^^^^^
/usr/lib/python3/dist-packages/requests/sessions.py:575: in request
    prep = self.prepare_request(req)
           ^^^^^^^^^^^^^^^^^^^^^^^^^
/usr/lib/python3/dist-packages/requests/sessions.py:486: in prepare_request
    p.prepare(
/usr/lib/python3/dist-packages/requests/models.py:368: in prepare
    self.prepare_url(url, params)
/usr/lib/python3/dist-packages/requests/models.py:439: in prepare_url
    raise MissingSchema(
E   requests.exceptions.MissingSchema: Invalid URL '/api/coach/detailed-analysis/strava_17130033093?language=en': No scheme supplied. Perhaps you meant https:///api/coach/detailed-analysis/strava_17130033093?language=en?
________________ TestResponseQuality.test_no_excessive_numbers _________________
backend/tests/test_detailed_analysis.py:361: in test_no_excessive_numbers
    response = requests.get(f"{BASE_URL}/api/coach/detailed-analysis/{WORKOUT_ID}?language=en")
               ^^^^^^^^^^^^^^^^^^^^^^^^^^^^^^^^^^^^^^^^^^^^^^^^^^^^^^^^^^^^^^^^^^^^^^^^^^^^^^^^
/usr/lib/python3/dist-packages/requests/api.py:73: in get
    return request("get", url, params=params, **kwargs)
           ^^^^^^^^^^^^^^^^^^^^^^^^^^^^^^^^^^^^^^^^^^^^
/usr/lib/python3/dist-packages/requests/api.py:59: in request
    return session.request(method=method, url=url, **kwargs)
           ^^^^^^^^^^^^^^^^^^^^^^^^^^^^^^^^^^^^^^^^^^^^^^^^^
/usr/lib/python3/dist-packages/requests/sessions.py:575: in request
    prep = self.prepare_request(req)
           ^^^^^^^^^^^^^^^^^^^^^^^^^
/usr/lib/python3/dist-packages/requests/sessions.py:486: in prepare_request
    p.prepare(
/usr/lib/python3/dist-packages/requests/models.py:368: in prepare
    self.prepare_url(url, params)
/usr/lib/python3/dist-packages/requests/models.py:439: in prepare_url
    raise MissingSchema(
E   requests.exceptions.MissingSchema: Invalid URL '/api/coach/detailed-analysis/strava_17130033093?language=en': No scheme supplied. Perhaps you meant https:///api/coach/detailed-analysis/strava_17130033093?language=en?
_________ TestMobileWorkoutAnalysis.test_workout_analysis_returns_200 __________
backend/tests/test_mobile_workout_analysis.py:18: in test_workout_analysis_returns_200
    response = requests.get(f"{BASE_URL}/api/coach/workout-analysis/strava_17130033093?language=en")
               ^^^^^^^^^^^^^^^^^^^^^^^^^^^^^^^^^^^^^^^^^^^^^^^^^^^^^^^^^^^^^^^^^^^^^^^^^^^^^^^^^^^^^
/usr/lib/python3/dist-packages/requests/api.py:73: in get
    return request("get", url, params=params, **kwargs)
           ^^^^^^^^^^^^^^^^^^^^^^^^^^^^^^^^^^^^^^^^^^^^
/usr/lib/python3/dist-packages/requests/api.py:59: in request
    return session.request(method=method, url=url, **kwargs)
           ^^^^^^^^^^^^^^^^^^^^^^^^^^^^^^^^^^^^^^^^^^^^^^^^^
/usr/lib/python3/dist-packages/requests/sessions.py:575: in request
    prep = self.prepare_request(req)
           ^^^^^^^^^^^^^^^^^^^^^^^^^
/usr/lib/python3/dist-packages/requests/sessions.py:486: in prepare_request
    p.prepare(
/usr/lib/python3/dist-packages/requests/models.py:368: in prepare
    self.prepare_url(url, params)
/usr/lib/python3/dist-packages/requests/models.py:439: in prepare_url
    raise MissingSchema(
E   requests.exceptions.MissingSchema: Invalid URL '/api/coach/workout-analysis/strava_17130033093?language=en': No scheme supplied. Perhaps you meant https:///api/coach/workout-analysis/strava_17130033093?language=en?
________ TestMobileWorkoutAnalysis.test_response_contains_coach_summary ________
backend/tests/test_mobile_workout_analysis.py:24: in test_response_contains_coach_summary
    response = requests.get(f"{BASE_URL}/api/coach/workout-analysis/strava_17130033093?language=en")
               ^^^^^^^^^^^^^^^^^^^^^^^^^^^^^^^^^^^^^^^^^^^^^^^^^^^^^^^^^^^^^^^^^^^^^^^^^^^^^^^^^^^^^
/usr/lib/python3/dist-packages/requests/api.py:73: in get
    return request("get", url, params=params, **kwargs)
           ^^^^^^^^^^^^^^^^^^^^^^^^^^^^^^^^^^^^^^^^^^^^
/usr/lib/python3/dist-packages/requests/api.py:59: in request
    return session.request(method=method, url=url, **kwargs)
           ^^^^^^^^^^^^^^^^^^^^^^^^^^^^^^^^^^^^^^^^^^^^^^^^^
/usr/lib/python3/dist-packages/requests/sessions.py:575: in request
    prep = self.prepare_request(req)
           ^^^^^^^^^^^^^^^^^^^^^^^^^
/usr/lib/python3/dist-packages/requests/sessions.py:486: in prepare_request
    p.prepare(
/usr/lib/python3/dist-packages/requests/models.py:368: in prepare
    self.prepare_url(url, params)
/usr/lib/python3/dist-packages/requests/models.py:439: in prepare_url
    raise MissingSchema(
E   requests.exceptions.MissingSchema: Invalid URL '/api/coach/workout-analysis/strava_17130033093?language=en': No scheme supplied. Perhaps you meant https:///api/coach/workout-analysis/strava_17130033093?language=en?
_______ TestMobileWorkoutAnalysis.test_response_contains_intensity_card ________
backend/tests/test_mobile_workout_analysis.py:43: in test_response_contains_intensity_card
    response = requests.get(f"{BASE_URL}/api/coach/workout-analysis/strava_17130033093?language=en")
               ^^^^^^^^^^^^^^^^^^^^^^^^^^^^^^^^^^^^^^^^^^^^^^^^^^^^^^^^^^^^^^^^^^^^^^^^^^^^^^^^^^^^^
/usr/lib/python3/dist-packages/requests/api.py:73: in get
    return request("get", url, params=params, **kwargs)
           ^^^^^^^^^^^^^^^^^^^^^^^^^^^^^^^^^^^^^^^^^^^^
/usr/lib/python3/dist-packages/requests/api.py:59: in request
    return session.request(method=method, url=url, **kwargs)
           ^^^^^^^^^^^^^^^^^^^^^^^^^^^^^^^^^^^^^^^^^^^^^^^^^
/usr/lib/python3/dist-packages/requests/sessions.py:575: in request
    prep = self.prepare_request(req)
           ^^^^^^^^^^^^^^^^^^^^^^^^^
/usr/lib/python3/dist-packages/requests/sessions.py:486: in prepare_request
    p.prepare(
/usr/lib/python3/dist-packages/requests/models.py:368: in prepare
    self.prepare_url(url, params)
/usr/lib/python3/dist-packages/requests/models.py:439: in prepare_url
    raise MissingSchema(
E   requests.exceptions.MissingSchema: Invalid URL '/api/coach/workout-analysis/strava_17130033093?language=en': No scheme supplied. Perhaps you meant https:///api/coach/workout-analysis/strava_17130033093?language=en?
__________ TestMobileWorkoutAnalysis.test_response_contains_load_card __________
backend/tests/test_mobile_workout_analysis.py:58: in test_response_contains_load_card
    response = requests.get(f"{BASE_URL}/api/coach/workout-analysis/strava_17130033093?language=en")
               ^^^^^^^^^^^^^^^^^^^^^^^^^^^^^^^^^^^^^^^^^^^^^^^^^^^^^^^^^^^^^^^^^^^^^^^^^^^^^^^^^^^^^
/usr/lib/python3/dist-packages/requests/api.py:73: in get
    return request("get", url, params=params, **kwargs)
           ^^^^^^^^^^^^^^^^^^^^^^^^^^^^^^^^^^^^^^^^^^^^
/usr/lib/python3/dist-packages/requests/api.py:59: in request
    return session.request(method=method, url=url, **kwargs)
           ^^^^^^^^^^^^^^^^^^^^^^^^^^^^^^^^^^^^^^^^^^^^^^^^^
/usr/lib/python3/dist-packages/requests/sessions.py:575: in request
    prep = self.prepare_request(req)
           ^^^^^^^^^^^^^^^^^^^^^^^^^
/usr/lib/python3/dist-packages/requests/sessions.py:486: in prepare_request
    p.prepare(
/usr/lib/python3/dist-packages/requests/models.py:368: in prepare
    self.prepare_url(url, params)
/usr/lib/python3/dist-packages/requests/models.py:439: in prepare_url
    raise MissingSchema(
E   requests.exceptions.MissingSchema: Invalid URL '/api/coach/workout-analysis/strava_17130033093?language=en': No scheme supplied. Perhaps you meant https:///api/coach/workout-analysis/strava_17130033093?language=en?
______ TestMobileWorkoutAnalysis.test_response_contains_session_type_card ______
backend/tests/test_mobile_workout_analysis.py:73: in test_response_contains_session_type_card
    response = requests.get(f"{BASE_URL}/api/coach/workout-analysis/strava_17130033093?language=en")
               ^^^^^^^^^^^^^^^^^^^^^^^^^^^^^^^^^^^^^^^^^^^^^^^^^^^^^^^^^^^^^^^^^^^^^^^^^^^^^^^^^^^^^
/usr/lib/python3/dist-packages/requests/api.py:73: in get
    return request("get", url, params=params, **kwargs)
           ^^^^^^^^^^^^^^^^^^^^^^^^^^^^^^^^^^^^^^^^^^^^
/usr/lib/python3/dist-packages/requests/api.py:59: in request
    return session.request(method=method, url=url, **kwargs)
           ^^^^^^^^^^^^^^^^^^^^^^^^^^^^^^^^^^^^^^^^^^^^^^^^^
/usr/lib/python3/dist-packages/requests/sessions.py:575: in request
    prep = self.prepare_request(req)
           ^^^^^^^^^^^^^^^^^^^^^^^^^
/usr/lib/python3/dist-packages/requests/sessions.py:486: in prepare_request
    p.prepare(
/usr/lib/python3/dist-packages/requests/models.py:368: in prepare
    self.prepare_url(url, params)
/usr/lib/python3/dist-packages/requests/models.py:439: in prepare_url
    raise MissingSchema(
E   requests.exceptions.MissingSchema: Invalid URL '/api/coach/workout-analysis/strava_17130033093?language=en': No scheme supplied. Perhaps you meant https:///api/coach/workout-analysis/strava_17130033093?language=en?
___________ TestMobileWorkoutAnalysis.test_response_contains_insight ___________
backend/tests/test_mobile_workout_analysis.py:86: in test_response_contains_insight
    response = requests.get(f"{BASE_URL}/api/coach/workout-analysis/strava_17130033093?language=en")
               ^^^^^^^^^^^^^^^^^^^^^^^^^^^^^^^^^^^^^^^^^^^^^^^^^^^^^^^^^^^^^^^^^^^^^^^^^^^^^^^^^^^^^
/usr/lib/python3/dist-packages/requests/api.py:73: in get
    return request("get", url, params=params, **kwargs)
           ^^^^^^^^^^^^^^^^^^^^^^^^^^^^^^^^^^^^^^^^^^^^
/usr/lib/python3/dist-packages/requests/api.py:59: in request
    return session.request(method=method, url=url, **kwargs)
           ^^^^^^^^^^^^^^^^^^^^^^^^^^^^^^^^^^^^^^^^^^^^^^^^^
/usr/lib/python3/dist-packages/requests/sessions.py:575: in request
    prep = self.prepare_request(req)
           ^^^^^^^^^^^^^^^^^^^^^^^^^
/usr/lib/python3/dist-packages/requests/sessions.py:486: in prepare_request
    p.prepare(
/usr/lib/python3/dist-packages/requests/models.py:368: in prepare
    self.prepare_url(url, params)
/usr/lib/python3/dist-packages/requests/models.py:439: in prepare_url
    raise MissingSchema(
E   requests.exceptions.MissingSchema: Invalid URL '/api/coach/workout-analysis/strava_17130033093?language=en': No scheme supplied. Perhaps you meant https:///api/coach/workout-analysis/strava_17130033093?language=en?
__________ TestMobileWorkoutAnalysis.test_response_contains_guidance ___________
backend/tests/test_mobile_workout_analysis.py:107: in test_response_contains_guidance
    response = requests.get(f"{BASE_URL}/api/coach/workout-analysis/strava_17130033093?language=en")
               ^^^^^^^^^^^^^^^^^^^^^^^^^^^^^^^^^^^^^^^^^^^^^^^^^^^^^^^^^^^^^^^^^^^^^^^^^^^^^^^^^^^^^
/usr/lib/python3/dist-packages/requests/api.py:73: in get
    return request("get", url, params=params, **kwargs)
           ^^^^^^^^^^^^^^^^^^^^^^^^^^^^^^^^^^^^^^^^^^^^
/usr/lib/python3/dist-packages/requests/api.py:59: in request
    return session.request(method=method, url=url, **kwargs)
           ^^^^^^^^^^^^^^^^^^^^^^^^^^^^^^^^^^^^^^^^^^^^^^^^^
/usr/lib/python3/dist-packages/requests/sessions.py:575: in request
    prep = self.prepare_request(req)
           ^^^^^^^^^^^^^^^^^^^^^^^^^
/usr/lib/python3/dist-packages/requests/sessions.py:486: in prepare_request
    p.prepare(
/usr/lib/python3/dist-packages/requests/models.py:368: in prepare
    self.prepare_url(url, params)
/usr/lib/python3/dist-packages/requests/models.py:439: in prepare_url
    raise MissingSchema(
E   requests.exceptions.MissingSchema: Invalid URL '/api/coach/workout-analysis/strava_17130033093?language=en': No scheme supplied. Perhaps you meant https:///api/coach/workout-analysis/strava_17130033093?language=en?
____________ TestMobileWorkoutAnalysis.test_french_language_support ____________
backend/tests/test_mobile_workout_analysis.py:124: in test_french_language_support
    response = requests.get(f"{BASE_URL}/api/coach/workout-analysis/strava_17130033093?language=fr")
               ^^^^^^^^^^^^^^^^^^^^^^^^^^^^^^^^^^^^^^^^^^^^^^^^^^^^^^^^^^^^^^^^^^^^^^^^^^^^^^^^^^^^^
/usr/lib/python3/dist-packages/requests/api.py:73: in get
    return request("get", url, params=params, **kwargs)
           ^^^^^^^^^^^^^^^^^^^^^^^^^^^^^^^^^^^^^^^^^^^^
/usr/lib/python3/dist-packages/requests/api.py:59: in request
    return session.request(method=method, url=url, **kwargs)
           ^^^^^^^^^^^^^^^^^^^^^^^^^^^^^^^^^^^^^^^^^^^^^^^^^
/usr/lib/python3/dist-packages/requests/sessions.py:575: in request
    prep = self.prepare_request(req)
           ^^^^^^^^^^^^^^^^^^^^^^^^^
/usr/lib/python3/dist-packages/requests/sessions.py:486: in prepare_request
    p.prepare(
/usr/lib/python3/dist-packages/requests/models.py:368: in prepare
    self.prepare_url(url, params)
/usr/lib/python3/dist-packages/requests/models.py:439: in prepare_url
    raise MissingSchema(
E   requests.exceptions.MissingSchema: Invalid URL '/api/coach/workout-analysis/strava_17130033093?language=fr': No scheme supplied. Perhaps you meant https:///api/coach/workout-analysis/strava_17130033093?language=fr?
_________ TestMobileWorkoutAnalysis.test_workout_not_found_returns_404 _________
backend/tests/test_mobile_workout_analysis.py:146: in test_workout_not_found_returns_404
    response = requests.get(f"{BASE_URL}/api/coach/workout-analysis/nonexistent_workout_id?language=en")
               ^^^^^^^^^^^^^^^^^^^^^^^^^^^^^^^^^^^^^^^^^^^^^^^^^^^^^^^^^^^^^^^^^^^^^^^^^^^^^^^^^^^^^^^^^
/usr/lib/python3/dist-packages/requests/api.py:73: in get
    return request("get", url, params=params, **kwargs)
           ^^^^^^^^^^^^^^^^^^^^^^^^^^^^^^^^^^^^^^^^^^^^
/usr/lib/python3/dist-packages/requests/api.py:59: in request
    return session.request(method=method, url=url, **kwargs)
           ^^^^^^^^^^^^^^^^^^^^^^^^^^^^^^^^^^^^^^^^^^^^^^^^^
/usr/lib/python3/dist-packages/requests/sessions.py:575: in request
    prep = self.prepare_request(req)
           ^^^^^^^^^^^^^^^^^^^^^^^^^
/usr/lib/python3/dist-packages/requests/sessions.py:486: in prepare_request
    p.prepare(
/usr/lib/python3/dist-packages/requests/models.py:368: in prepare
    self.prepare_url(url, params)
/usr/lib/python3/dist-packages/requests/models.py:439: in prepare_url
    raise MissingSchema(
E   requests.exceptions.MissingSchema: Invalid URL '/api/coach/workout-analysis/nonexistent_workout_id?language=en': No scheme supplied. Perhaps you meant https:///api/coach/workout-analysis/nonexistent_workout_id?language=en?
____________ TestMobileWorkoutAnalysis.test_workout_id_in_response _____________
backend/tests/test_mobile_workout_analysis.py:152: in test_workout_id_in_response
    response = requests.get(f"{BASE_URL}/api/coach/workout-analysis/strava_17130033093?language=en")
               ^^^^^^^^^^^^^^^^^^^^^^^^^^^^^^^^^^^^^^^^^^^^^^^^^^^^^^^^^^^^^^^^^^^^^^^^^^^^^^^^^^^^^
/usr/lib/python3/dist-packages/requests/api.py:73: in get
    return request("get", url, params=params, **kwargs)
           ^^^^^^^^^^^^^^^^^^^^^^^^^^^^^^^^^^^^^^^^^^^^
/usr/lib/python3/dist-packages/requests/api.py:59: in request
    return session.request(method=method, url=url, **kwargs)
           ^^^^^^^^^^^^^^^^^^^^^^^^^^^^^^^^^^^^^^^^^^^^^^^^^
/usr/lib/python3/dist-packages/requests/sessions.py:575: in request
    prep = self.prepare_request(req)
           ^^^^^^^^^^^^^^^^^^^^^^^^^
/usr/lib/python3/dist-packages/requests/sessions.py:486: in prepare_request
    p.prepare(
/usr/lib/python3/dist-packages/requests/models.py:368: in prepare
    self.prepare_url(url, params)
/usr/lib/python3/dist-packages/requests/models.py:439: in prepare_url
    raise MissingSchema(
E   requests.exceptions.MissingSchema: Invalid URL '/api/coach/workout-analysis/strava_17130033093?language=en': No scheme supplied. Perhaps you meant https:///api/coach/workout-analysis/strava_17130033093?language=en?
__________ TestWorkoutDetailEndpoint.test_workout_detail_returns_200 ___________
backend/tests/test_mobile_workout_analysis.py:165: in test_workout_detail_returns_200
    response = requests.get(f"{BASE_URL}/api/workouts/strava_17130033093")
               ^^^^^^^^^^^^^^^^^^^^^^^^^^^^^^^^^^^^^^^^^^^^^^^^^^^^^^^^^^^
/usr/lib/python3/dist-packages/requests/api.py:73: in get
    return request("get", url, params=params, **kwargs)
           ^^^^^^^^^^^^^^^^^^^^^^^^^^^^^^^^^^^^^^^^^^^^
/usr/lib/python3/dist-packages/requests/api.py:59: in request
    return session.request(method=method, url=url, **kwargs)
           ^^^^^^^^^^^^^^^^^^^^^^^^^^^^^^^^^^^^^^^^^^^^^^^^^
/usr/lib/python3/dist-packages/requests/sessions.py:575: in request
    prep = self.prepare_request(req)
           ^^^^^^^^^^^^^^^^^^^^^^^^^
/usr/lib/python3/dist-packages/requests/sessions.py:486: in prepare_request
    p.prepare(
/usr/lib/python3/dist-packages/requests/models.py:368: in prepare
    self.prepare_url(url, params)
/usr/lib/python3/dist-packages/requests/models.py:439: in prepare_url
    raise MissingSchema(
E   requests.exceptions.MissingSchema: Invalid URL '/api/workouts/strava_17130033093': No scheme supplied. Perhaps you meant https:///api/workouts/strava_17130033093?
____ TestWorkoutDetailEndpoint.test_workout_detail_contains_required_fields ____
backend/tests/test_mobile_workout_analysis.py:171: in test_workout_detail_contains_required_fields
    response = requests.get(f"{BASE_URL}/api/workouts/strava_17130033093")
               ^^^^^^^^^^^^^^^^^^^^^^^^^^^^^^^^^^^^^^^^^^^^^^^^^^^^^^^^^^^
/usr/lib/python3/dist-packages/requests/api.py:73: in get
    return request("get", url, params=params, **kwargs)
           ^^^^^^^^^^^^^^^^^^^^^^^^^^^^^^^^^^^^^^^^^^^^
/usr/lib/python3/dist-packages/requests/api.py:59: in request
    return session.request(method=method, url=url, **kwargs)
           ^^^^^^^^^^^^^^^^^^^^^^^^^^^^^^^^^^^^^^^^^^^^^^^^^
/usr/lib/python3/dist-packages/requests/sessions.py:575: in request
    prep = self.prepare_request(req)
           ^^^^^^^^^^^^^^^^^^^^^^^^^
/usr/lib/python3/dist-packages/requests/sessions.py:486: in prepare_request
    p.prepare(
/usr/lib/python3/dist-packages/requests/models.py:368: in prepare
    self.prepare_url(url, params)
/usr/lib/python3/dist-packages/requests/models.py:439: in prepare_url
    raise MissingSchema(
E   requests.exceptions.MissingSchema: Invalid URL '/api/workouts/strava_17130033093': No scheme supplied. Perhaps you meant https:///api/workouts/strava_17130033093?
____________ TestWorkoutDetailEndpoint.test_workout_has_strava_data ____________
backend/tests/test_mobile_workout_analysis.py:182: in test_workout_has_strava_data
    response = requests.get(f"{BASE_URL}/api/workouts/strava_17130033093")
               ^^^^^^^^^^^^^^^^^^^^^^^^^^^^^^^^^^^^^^^^^^^^^^^^^^^^^^^^^^^
/usr/lib/python3/dist-packages/requests/api.py:73: in get
    return request("get", url, params=params, **kwargs)
           ^^^^^^^^^^^^^^^^^^^^^^^^^^^^^^^^^^^^^^^^^^^^
/usr/lib/python3/dist-packages/requests/api.py:59: in request
    return session.request(method=method, url=url, **kwargs)
           ^^^^^^^^^^^^^^^^^^^^^^^^^^^^^^^^^^^^^^^^^^^^^^^^^
/usr/lib/python3/dist-packages/requests/sessions.py:575: in request
    prep = self.prepare_request(req)
           ^^^^^^^^^^^^^^^^^^^^^^^^^
/usr/lib/python3/dist-packages/requests/sessions.py:486: in prepare_request
    p.prepare(
/usr/lib/python3/dist-packages/requests/models.py:368: in prepare
    self.prepare_url(url, params)
/usr/lib/python3/dist-packages/requests/models.py:439: in prepare_url
    raise MissingSchema(
E   requests.exceptions.MissingSchema: Invalid URL '/api/workouts/strava_17130033093': No scheme supplied. Perhaps you meant https:///api/workouts/strava_17130033093?
____________________________ test_adaptive_interval ____________________________
async def functions are not natively supported.
You need to install a suitable plugin for your async framework, for example:
  - anyio
  - pytest-asyncio
  - pytest-tornasync
  - pytest-trio
  - pytest-twisted
_______ TestRecoveryScore.test_dashboard_insight_returns_recovery_score ________
backend/tests/test_new_features.py:19: in test_dashboard_insight_returns_recovery_score
    response = requests.get(f"{BASE_URL}/api/dashboard/insight?language=en")
               ^^^^^^^^^^^^^^^^^^^^^^^^^^^^^^^^^^^^^^^^^^^^^^^^^^^^^^^^^^^^^
/usr/lib/python3/dist-packages/requests/api.py:73: in get
    return request("get", url, params=params, **kwargs)
           ^^^^^^^^^^^^^^^^^^^^^^^^^^^^^^^^^^^^^^^^^^^^
/usr/lib/python3/dist-packages/requests/api.py:59: in request
    return session.request(method=method, url=url, **kwargs)
           ^^^^^^^^^^^^^^^^^^^^^^^^^^^^^^^^^^^^^^^^^^^^^^^^^
/usr/lib/python3/dist-packages/requests/sessions.py:575: in request
    prep = self.prepare_request(req)
           ^^^^^^^^^^^^^^^^^^^^^^^^^
/usr/lib/python3/dist-packages/requests/sessions.py:486: in prepare_request
    p.prepare(
/usr/lib/python3/dist-packages/requests/models.py:368: in prepare
    self.prepare_url(url, params)
/usr/lib/python3/dist-packages/requests/models.py:439: in prepare_url
    raise MissingSchema(
E   requests.exceptions.MissingSchema: Invalid URL '/api/dashboard/insight?language=en': No scheme supplied. Perhaps you meant https:///api/dashboard/insight?language=en?
__________ TestRecoveryScore.test_recovery_score_has_required_fields ___________
backend/tests/test_new_features.py:30: in test_recovery_score_has_required_fields
    response = requests.get(f"{BASE_URL}/api/dashboard/insight?language=en")
               ^^^^^^^^^^^^^^^^^^^^^^^^^^^^^^^^^^^^^^^^^^^^^^^^^^^^^^^^^^^^^
/usr/lib/python3/dist-packages/requests/api.py:73: in get
    return request("get", url, params=params, **kwargs)
           ^^^^^^^^^^^^^^^^^^^^^^^^^^^^^^^^^^^^^^^^^^^^
/usr/lib/python3/dist-packages/requests/api.py:59: in request
    return session.request(method=method, url=url, **kwargs)
           ^^^^^^^^^^^^^^^^^^^^^^^^^^^^^^^^^^^^^^^^^^^^^^^^^
/usr/lib/python3/dist-packages/requests/sessions.py:575: in request
    prep = self.prepare_request(req)
           ^^^^^^^^^^^^^^^^^^^^^^^^^
/usr/lib/python3/dist-packages/requests/sessions.py:486: in prepare_request
    p.prepare(
/usr/lib/python3/dist-packages/requests/models.py:368: in prepare
    self.prepare_url(url, params)
/usr/lib/python3/dist-packages/requests/models.py:439: in prepare_url
    raise MissingSchema(
E   requests.exceptions.MissingSchema: Invalid URL '/api/dashboard/insight?language=en': No scheme supplied. Perhaps you meant https:///api/dashboard/insight?language=en?
______________ TestRecoveryScore.test_recovery_score_value_range _______________
backend/tests/test_new_features.py:43: in test_recovery_score_value_range
    response = requests.get(f"{BASE_URL}/api/dashboard/insight?language=en")
               ^^^^^^^^^^^^^^^^^^^^^^^^^^^^^^^^^^^^^^^^^^^^^^^^^^^^^^^^^^^^^
/usr/lib/python3/dist-packages/requests/api.py:73: in get
    return request("get", url, params=params, **kwargs)
           ^^^^^^^^^^^^^^^^^^^^^^^^^^^^^^^^^^^^^^^^^^^^
/usr/lib/python3/dist-packages/requests/api.py:59: in request
    return session.request(method=method, url=url, **kwargs)
           ^^^^^^^^^^^^^^^^^^^^^^^^^^^^^^^^^^^^^^^^^^^^^^^^^
/usr/lib/python3/dist-packages/requests/sessions.py:575: in request
    prep = self.prepare_request(req)
           ^^^^^^^^^^^^^^^^^^^^^^^^^
/usr/lib/python3/dist-packages/requests/sessions.py:486: in prepare_request
    p.prepare(
/usr/lib/python3/dist-packages/requests/models.py:368: in prepare
    self.prepare_url(url, params)
/usr/lib/python3/dist-packages/requests/models.py:439: in prepare_url
    raise MissingSchema(
E   requests.exceptions.MissingSchema: Invalid URL '/api/dashboard/insight?language=en': No scheme supplied. Perhaps you meant https:///api/dashboard/insight?language=en?
_____________ TestRecoveryScore.test_recovery_score_status_values ______________
backend/tests/test_new_features.py:52: in test_recovery_score_status_values
    response = requests.get(f"{BASE_URL}/api/dashboard/insight?language=en")
               ^^^^^^^^^^^^^^^^^^^^^^^^^^^^^^^^^^^^^^^^^^^^^^^^^^^^^^^^^^^^^
/usr/lib/python3/dist-packages/requests/api.py:73: in get
    return request("get", url, params=params, **kwargs)
           ^^^^^^^^^^^^^^^^^^^^^^^^^^^^^^^^^^^^^^^^^^^^
/usr/lib/python3/dist-packages/requests/api.py:59: in request
    return session.request(method=method, url=url, **kwargs)
           ^^^^^^^^^^^^^^^^^^^^^^^^^^^^^^^^^^^^^^^^^^^^^^^^^
/usr/lib/python3/dist-packages/requests/sessions.py:575: in request
    prep = self.prepare_request(req)
           ^^^^^^^^^^^^^^^^^^^^^^^^^
/usr/lib/python3/dist-packages/requests/sessions.py:486: in prepare_request
    p.prepare(
/usr/lib/python3/dist-packages/requests/models.py:368: in prepare
    self.prepare_url(url, params)
/usr/lib/python3/dist-packages/requests/models.py:439: in prepare_url
    raise MissingSchema(
E   requests.exceptions.MissingSchema: Invalid URL '/api/dashboard/insight?language=en': No scheme supplied. Perhaps you meant https:///api/dashboard/insight?language=en?
____________ TestRecoveryScore.test_recovery_score_phrase_not_empty ____________
backend/tests/test_new_features.py:60: in test_recovery_score_phrase_not_empty
    response = requests.get(f"{BASE_URL}/api/dashboard/insight?language=en")
               ^^^^^^^^^^^^^^^^^^^^^^^^^^^^^^^^^^^^^^^^^^^^^^^^^^^^^^^^^^^^^
/usr/lib/python3/dist-packages/requests/api.py:73: in get
    return request("get", url, params=params, **kwargs)
           ^^^^^^^^^^^^^^^^^^^^^^^^^^^^^^^^^^^^^^^^^^^^
/usr/lib/python3/dist-packages/requests/api.py:59: in request
    return session.request(method=method, url=url, **kwargs)
           ^^^^^^^^^^^^^^^^^^^^^^^^^^^^^^^^^^^^^^^^^^^^^^^^^
/usr/lib/python3/dist-packages/requests/sessions.py:575: in request
    prep = self.prepare_request(req)
           ^^^^^^^^^^^^^^^^^^^^^^^^^
/usr/lib/python3/dist-packages/requests/sessions.py:486: in prepare_request
    p.prepare(
/usr/lib/python3/dist-packages/requests/models.py:368: in prepare
    self.prepare_url(url, params)
/usr/lib/python3/dist-packages/requests/models.py:439: in prepare_url
    raise MissingSchema(
E   requests.exceptions.MissingSchema: Invalid URL '/api/dashboard/insight?language=en': No scheme supplied. Perhaps you meant https:///api/dashboard/insight?language=en?
____________ TestRecoveryScore.test_recovery_score_french_language _____________
backend/tests/test_new_features.py:69: in test_recovery_score_french_language
    response = requests.get(f"{BASE_URL}/api/dashboard/insight?language=fr")
               ^^^^^^^^^^^^^^^^^^^^^^^^^^^^^^^^^^^^^^^^^^^^^^^^^^^^^^^^^^^^^
/usr/lib/python3/dist-packages/requests/api.py:73: in get
    return request("get", url, params=params, **kwargs)
           ^^^^^^^^^^^^^^^^^^^^^^^^^^^^^^^^^^^^^^^^^^^^
/usr/lib/python3/dist-packages/requests/api.py:59: in request
    return session.request(method=method, url=url, **kwargs)
           ^^^^^^^^^^^^^^^^^^^^^^^^^^^^^^^^^^^^^^^^^^^^^^^^^
/usr/lib/python3/dist-packages/requests/sessions.py:575: in request
    prep = self.prepare_request(req)
           ^^^^^^^^^^^^^^^^^^^^^^^^^
/usr/lib/python3/dist-packages/requests/sessions.py:486: in prepare_request
    p.prepare(
/usr/lib/python3/dist-packages/requests/models.py:368: in prepare
    self.prepare_url(url, params)
/usr/lib/python3/dist-packages/requests/models.py:439: in prepare_url
    raise MissingSchema(
E   requests.exceptions.MissingSchema: Invalid URL '/api/dashboard/insight?language=fr': No scheme supplied. Perhaps you meant https:///api/dashboard/insight?language=fr?
____________ TestWeeklyReviewWithGoal.test_digest_returns_user_goal ____________
backend/tests/test_new_features.py:221: in test_digest_returns_user_goal
    requests.post(f"{BASE_URL}/api/user/goal?user_id=default", json=goal_data)
/usr/lib/python3/dist-packages/requests/api.py:115: in post
    return request("post", url, data=data, json=json, **kwargs)
           ^^^^^^^^^^^^^^^^^^^^^^^^^^^^^^^^^^^^^^^^^^^^^^^^^^^^
/usr/lib/python3/dist-packages/requests/api.py:59: in request
    return session.request(method=method, url=url, **kwargs)
           ^^^^^^^^^^^^^^^^^^^^^^^^^^^^^^^^^^^^^^^^^^^^^^^^^
/usr/lib/python3/dist-packages/requests/sessions.py:575: in request
    prep = self.prepare_request(req)
           ^^^^^^^^^^^^^^^^^^^^^^^^^
/usr/lib/python3/dist-packages/requests/sessions.py:486: in prepare_request
    p.prepare(
/usr/lib/python3/dist-packages/requests/models.py:368: in prepare
    self.prepare_url(url, params)
/usr/lib/python3/dist-packages/requests/models.py:439: in prepare_url
    raise MissingSchema(
E   requests.exceptions.MissingSchema: Invalid URL '/api/user/goal?user_id=default': No scheme supplied. Perhaps you meant https:///api/user/goal?user_id=default?
______ TestWeeklyReviewWithGoal.test_digest_user_goal_has_correct_fields _______
backend/tests/test_new_features.py:231: in test_digest_user_goal_has_correct_fields
    response = requests.get(f"{BASE_URL}/api/coach/digest?user_id=default&language=en")
               ^^^^^^^^^^^^^^^^^^^^^^^^^^^^^^^^^^^^^^^^^^^^^^^^^^^^^^^^^^^^^^^^^^^^^^^^
/usr/lib/python3/dist-packages/requests/api.py:73: in get
    return request("get", url, params=params, **kwargs)
           ^^^^^^^^^^^^^^^^^^^^^^^^^^^^^^^^^^^^^^^^^^^^
/usr/lib/python3/dist-packages/requests/api.py:59: in request
    return session.request(method=method, url=url, **kwargs)
           ^^^^^^^^^^^^^^^^^^^^^^^^^^^^^^^^^^^^^^^^^^^^^^^^^
/usr/lib/python3/dist-packages/requests/sessions.py:575: in request
    prep = self.prepare_request(req)
           ^^^^^^^^^^^^^^^^^^^^^^^^^
/usr/lib/python3/dist-packages/requests/sessions.py:486: in prepare_request
    p.prepare(
/usr/lib/python3/dist-packages/requests/models.py:368: in prepare
    self.prepare_url(url, params)
/usr/lib/python3/dist-packages/requests/models.py:439: in prepare_url
    raise MissingSchema(
E   requests.exceptions.MissingSchema: Invalid URL '/api/coach/digest?user_id=default&language=en': No scheme supplied. Perhaps you meant https:///api/coach/digest?user_id=default&language=en?
____ TestWeeklyReviewWithGoal.test_digest_returns_recommendations_followup _____
backend/tests/test_new_features.py:241: in test_digest_returns_recommendations_followup
    response = requests.get(f"{BASE_URL}/api/coach/digest?user_id=default&language=en")
               ^^^^^^^^^^^^^^^^^^^^^^^^^^^^^^^^^^^^^^^^^^^^^^^^^^^^^^^^^^^^^^^^^^^^^^^^
/usr/lib/python3/dist-packages/requests/api.py:73: in get
    return request("get", url, params=params, **kwargs)
           ^^^^^^^^^^^^^^^^^^^^^^^^^^^^^^^^^^^^^^^^^^^^
/usr/lib/python3/dist-packages/requests/api.py:59: in request
    return session.request(method=method, url=url, **kwargs)
           ^^^^^^^^^^^^^^^^^^^^^^^^^^^^^^^^^^^^^^^^^^^^^^^^^
/usr/lib/python3/dist-packages/requests/sessions.py:575: in request
    prep = self.prepare_request(req)
           ^^^^^^^^^^^^^^^^^^^^^^^^^
/usr/lib/python3/dist-packages/requests/sessions.py:486: in prepare_request
    p.prepare(
/usr/lib/python3/dist-packages/requests/models.py:368: in prepare
    self.prepare_url(url, params)
/usr/lib/python3/dist-packages/requests/models.py:439: in prepare_url
    raise MissingSchema(
E   requests.exceptions.MissingSchema: Invalid URL '/api/coach/digest?user_id=default&language=en': No scheme supplied. Perhaps you meant https:///api/coach/digest?user_id=default&language=en?
___ TestWeeklyReviewWithGoal.test_digest_recommendations_followup_is_string ____
backend/tests/test_new_features.py:249: in test_digest_recommendations_followup_is_string
    response = requests.get(f"{BASE_URL}/api/coach/digest?user_id=default&language=en")
               ^^^^^^^^^^^^^^^^^^^^^^^^^^^^^^^^^^^^^^^^^^^^^^^^^^^^^^^^^^^^^^^^^^^^^^^^
/usr/lib/python3/dist-packages/requests/api.py:73: in get
    return request("get", url, params=params, **kwargs)
           ^^^^^^^^^^^^^^^^^^^^^^^^^^^^^^^^^^^^^^^^^^^^
/usr/lib/python3/dist-packages/requests/api.py:59: in request
    return session.request(method=method, url=url, **kwargs)
           ^^^^^^^^^^^^^^^^^^^^^^^^^^^^^^^^^^^^^^^^^^^^^^^^^
/usr/lib/python3/dist-packages/requests/sessions.py:575: in request
    prep = self.prepare_request(req)
           ^^^^^^^^^^^^^^^^^^^^^^^^^
/usr/lib/python3/dist-packages/requests/sessions.py:486: in prepare_request
    p.prepare(
/usr/lib/python3/dist-packages/requests/models.py:368: in prepare
    self.prepare_url(url, params)
/usr/lib/python3/dist-packages/requests/models.py:439: in prepare_url
    raise MissingSchema(
E   requests.exceptions.MissingSchema: Invalid URL '/api/coach/digest?user_id=default&language=en': No scheme supplied. Perhaps you meant https:///api/coach/digest?user_id=default&language=en?
____________ TestWeeklyReviewWithGoal.test_digest_french_with_goal _____________
backend/tests/test_new_features.py:257: in test_digest_french_with_goal
    response = requests.get(f"{BASE_URL}/api/coach/digest?user_id=default&language=fr")
               ^^^^^^^^^^^^^^^^^^^^^^^^^^^^^^^^^^^^^^^^^^^^^^^^^^^^^^^^^^^^^^^^^^^^^^^^
/usr/lib/python3/dist-packages/requests/api.py:73: in get
    return request("get", url, params=params, **kwargs)
           ^^^^^^^^^^^^^^^^^^^^^^^^^^^^^^^^^^^^^^^^^^^^
/usr/lib/python3/dist-packages/requests/api.py:59: in request
    return session.request(method=method, url=url, **kwargs)
           ^^^^^^^^^^^^^^^^^^^^^^^^^^^^^^^^^^^^^^^^^^^^^^^^^
/usr/lib/python3/dist-packages/requests/sessions.py:575: in request
    prep = self.prepare_request(req)
           ^^^^^^^^^^^^^^^^^^^^^^^^^
/usr/lib/python3/dist-packages/requests/sessions.py:486: in prepare_request
    p.prepare(
/usr/lib/python3/dist-packages/requests/models.py:368: in prepare
    self.prepare_url(url, params)
/usr/lib/python3/dist-packages/requests/models.py:439: in prepare_url
    raise MissingSchema(
E   requests.exceptions.MissingSchema: Invalid URL '/api/coach/digest?user_id=default&language=fr': No scheme supplied. Perhaps you meant https:///api/coach/digest?user_id=default&language=fr?
__________ TestWeeklyReviewWithGoal.test_digest_still_has_core_fields __________
backend/tests/test_new_features.py:266: in test_digest_still_has_core_fields
    response = requests.get(f"{BASE_URL}/api/coach/digest?user_id=default&language=en")
               ^^^^^^^^^^^^^^^^^^^^^^^^^^^^^^^^^^^^^^^^^^^^^^^^^^^^^^^^^^^^^^^^^^^^^^^^
/usr/lib/python3/dist-packages/requests/api.py:73: in get
    return request("get", url, params=params, **kwargs)
           ^^^^^^^^^^^^^^^^^^^^^^^^^^^^^^^^^^^^^^^^^^^^
/usr/lib/python3/dist-packages/requests/api.py:59: in request
    return session.request(method=method, url=url, **kwargs)
           ^^^^^^^^^^^^^^^^^^^^^^^^^^^^^^^^^^^^^^^^^^^^^^^^^
/usr/lib/python3/dist-packages/requests/sessions.py:575: in request
    prep = self.prepare_request(req)
           ^^^^^^^^^^^^^^^^^^^^^^^^^
/usr/lib/python3/dist-packages/requests/sessions.py:486: in prepare_request
    p.prepare(
/usr/lib/python3/dist-packages/requests/models.py:368: in prepare
    self.prepare_url(url, params)
/usr/lib/python3/dist-packages/requests/models.py:439: in prepare_url
    raise MissingSchema(
E   requests.exceptions.MissingSchema: Invalid URL '/api/coach/digest?user_id=default&language=en': No scheme supplied. Perhaps you meant https:///api/coach/digest?user_id=default&language=en?
______ TestDashboardInsightComplete.test_dashboard_insight_has_all_fields ______
backend/tests/test_new_features.py:284: in test_dashboard_insight_has_all_fields
    response = requests.get(f"{BASE_URL}/api/dashboard/insight?language=en")
               ^^^^^^^^^^^^^^^^^^^^^^^^^^^^^^^^^^^^^^^^^^^^^^^^^^^^^^^^^^^^^
/usr/lib/python3/dist-packages/requests/api.py:73: in get
    return request("get", url, params=params, **kwargs)
           ^^^^^^^^^^^^^^^^^^^^^^^^^^^^^^^^^^^^^^^^^^^^
/usr/lib/python3/dist-packages/requests/api.py:59: in request
    return session.request(method=method, url=url, **kwargs)
           ^^^^^^^^^^^^^^^^^^^^^^^^^^^^^^^^^^^^^^^^^^^^^^^^^
/usr/lib/python3/dist-packages/requests/sessions.py:575: in request
    prep = self.prepare_request(req)
           ^^^^^^^^^^^^^^^^^^^^^^^^^
/usr/lib/python3/dist-packages/requests/sessions.py:486: in prepare_request
    p.prepare(
/usr/lib/python3/dist-packages/requests/models.py:368: in prepare
    self.prepare_url(url, params)
/usr/lib/python3/dist-packages/requests/models.py:439: in prepare_url
    raise MissingSchema(
E   requests.exceptions.MissingSchema: Invalid URL '/api/dashboard/insight?language=en': No scheme supplied. Perhaps you meant https:///api/dashboard/insight?language=en?
____________ TestDashboardInsightComplete.test_week_stats_structure ____________
backend/tests/test_new_features.py:295: in test_week_stats_structure
    response = requests.get(f"{BASE_URL}/api/dashboard/insight?language=en")
               ^^^^^^^^^^^^^^^^^^^^^^^^^^^^^^^^^^^^^^^^^^^^^^^^^^^^^^^^^^^^^
/usr/lib/python3/dist-packages/requests/api.py:73: in get
    return request("get", url, params=params, **kwargs)
           ^^^^^^^^^^^^^^^^^^^^^^^^^^^^^^^^^^^^^^^^^^^^
/usr/lib/python3/dist-packages/requests/api.py:59: in request
    return session.request(method=method, url=url, **kwargs)
           ^^^^^^^^^^^^^^^^^^^^^^^^^^^^^^^^^^^^^^^^^^^^^^^^^
/usr/lib/python3/dist-packages/requests/sessions.py:575: in request
    prep = self.prepare_request(req)
           ^^^^^^^^^^^^^^^^^^^^^^^^^
/usr/lib/python3/dist-packages/requests/sessions.py:486: in prepare_request
    p.prepare(
/usr/lib/python3/dist-packages/requests/models.py:368: in prepare
    self.prepare_url(url, params)
/usr/lib/python3/dist-packages/requests/models.py:439: in prepare_url
    raise MissingSchema(
E   requests.exceptions.MissingSchema: Invalid URL '/api/dashboard/insight?language=en': No scheme supplied. Perhaps you meant https:///api/dashboard/insight?language=en?
___________ TestDashboardInsightComplete.test_month_stats_structure ____________
backend/tests/test_new_features.py:305: in test_month_stats_structure
    response = requests.get(f"{BASE_URL}/api/dashboard/insight?language=en")
               ^^^^^^^^^^^^^^^^^^^^^^^^^^^^^^^^^^^^^^^^^^^^^^^^^^^^^^^^^^^^^
/usr/lib/python3/dist-packages/requests/api.py:73: in get
    return request("get", url, params=params, **kwargs)
           ^^^^^^^^^^^^^^^^^^^^^^^^^^^^^^^^^^^^^^^^^^^^
/usr/lib/python3/dist-packages/requests/api.py:59: in request
    return session.request(method=method, url=url, **kwargs)
           ^^^^^^^^^^^^^^^^^^^^^^^^^^^^^^^^^^^^^^^^^^^^^^^^^
/usr/lib/python3/dist-packages/requests/sessions.py:575: in request
    prep = self.prepare_request(req)
           ^^^^^^^^^^^^^^^^^^^^^^^^^
/usr/lib/python3/dist-packages/requests/sessions.py:486: in prepare_request
    p.prepare(
/usr/lib/python3/dist-packages/requests/models.py:368: in prepare
    self.prepare_url(url, params)
/usr/lib/python3/dist-packages/requests/models.py:439: in prepare_url
    raise MissingSchema(
E   requests.exceptions.MissingSchema: Invalid URL '/api/dashboard/insight?language=en': No scheme supplied. Perhaps you meant https:///api/dashboard/insight?language=en?
____________________________ test_redis_unavailable ____________________________
async def functions are not natively supported.
You need to install a suitable plugin for your async framework, for example:
  - anyio
  - pytest-asyncio
  - pytest-tornasync
  - pytest-trio
  - pytest-twisted
_______________ TestRAGDashboard.test_rag_dashboard_returns_200 ________________
backend/tests/test_rag_endpoints.py:19: in test_rag_dashboard_returns_200
    response = requests.get(f"{BASE_URL}/api/rag/dashboard")
               ^^^^^^^^^^^^^^^^^^^^^^^^^^^^^^^^^^^^^^^^^^^^^
/usr/lib/python3/dist-packages/requests/api.py:73: in get
    return request("get", url, params=params, **kwargs)
           ^^^^^^^^^^^^^^^^^^^^^^^^^^^^^^^^^^^^^^^^^^^^
/usr/lib/python3/dist-packages/requests/api.py:59: in request
    return session.request(method=method, url=url, **kwargs)
           ^^^^^^^^^^^^^^^^^^^^^^^^^^^^^^^^^^^^^^^^^^^^^^^^^
/usr/lib/python3/dist-packages/requests/sessions.py:575: in request
    prep = self.prepare_request(req)
           ^^^^^^^^^^^^^^^^^^^^^^^^^
/usr/lib/python3/dist-packages/requests/sessions.py:486: in prepare_request
    p.prepare(
/usr/lib/python3/dist-packages/requests/models.py:368: in prepare
    self.prepare_url(url, params)
/usr/lib/python3/dist-packages/requests/models.py:439: in prepare_url
    raise MissingSchema(
E   requests.exceptions.MissingSchema: Invalid URL '/api/rag/dashboard': No scheme supplied. Perhaps you meant https:///api/rag/dashboard?
________ TestRAGDashboard.test_rag_dashboard_km_total_greater_than_zero ________
backend/tests/test_rag_endpoints.py:25: in test_rag_dashboard_km_total_greater_than_zero
    response = requests.get(f"{BASE_URL}/api/rag/dashboard")
               ^^^^^^^^^^^^^^^^^^^^^^^^^^^^^^^^^^^^^^^^^^^^^
/usr/lib/python3/dist-packages/requests/api.py:73: in get
    return request("get", url, params=params, **kwargs)
           ^^^^^^^^^^^^^^^^^^^^^^^^^^^^^^^^^^^^^^^^^^^^
/usr/lib/python3/dist-packages/requests/api.py:59: in request
    return session.request(method=method, url=url, **kwargs)
           ^^^^^^^^^^^^^^^^^^^^^^^^^^^^^^^^^^^^^^^^^^^^^^^^^
/usr/lib/python3/dist-packages/requests/sessions.py:575: in request
    prep = self.prepare_request(req)
           ^^^^^^^^^^^^^^^^^^^^^^^^^
/usr/lib/python3/dist-packages/requests/sessions.py:486: in prepare_request
    p.prepare(
/usr/lib/python3/dist-packages/requests/models.py:368: in prepare
    self.prepare_url(url, params)
/usr/lib/python3/dist-packages/requests/models.py:439: in prepare_url
    raise MissingSchema(
E   requests.exceptions.MissingSchema: Invalid URL '/api/rag/dashboard': No scheme supplied. Perhaps you meant https:///api/rag/dashboard?
_______ TestRAGDashboard.test_rag_dashboard_nb_seances_greater_than_zero _______
backend/tests/test_rag_endpoints.py:37: in test_rag_dashboard_nb_seances_greater_than_zero
    response = requests.get(f"{BASE_URL}/api/rag/dashboard")
               ^^^^^^^^^^^^^^^^^^^^^^^^^^^^^^^^^^^^^^^^^^^^^
/usr/lib/python3/dist-packages/requests/api.py:73: in get
    return request("get", url, params=params, **kwargs)
           ^^^^^^^^^^^^^^^^^^^^^^^^^^^^^^^^^^^^^^^^^^^^
/usr/lib/python3/dist-packages/requests/api.py:59: in request
    return session.request(method=method, url=url, **kwargs)
           ^^^^^^^^^^^^^^^^^^^^^^^^^^^^^^^^^^^^^^^^^^^^^^^^^
/usr/lib/python3/dist-packages/requests/sessions.py:575: in request
    prep = self.prepare_request(req)
           ^^^^^^^^^^^^^^^^^^^^^^^^^
/usr/lib/python3/dist-packages/requests/sessions.py:486: in prepare_request
    p.prepare(
/usr/lib/python3/dist-packages/requests/models.py:368: in prepare
    self.prepare_url(url, params)
/usr/lib/python3/dist-packages/requests/models.py:439: in prepare_url
    raise MissingSchema(
E   requests.exceptions.MissingSchema: Invalid URL '/api/rag/dashboard': No scheme supplied. Perhaps you meant https:///api/rag/dashboard?
____________ TestRAGDashboard.test_rag_dashboard_allure_moy_not_na _____________
backend/tests/test_rag_endpoints.py:47: in test_rag_dashboard_allure_moy_not_na
    response = requests.get(f"{BASE_URL}/api/rag/dashboard")
               ^^^^^^^^^^^^^^^^^^^^^^^^^^^^^^^^^^^^^^^^^^^^^
/usr/lib/python3/dist-packages/requests/api.py:73: in get
    return request("get", url, params=params, **kwargs)
           ^^^^^^^^^^^^^^^^^^^^^^^^^^^^^^^^^^^^^^^^^^^^
/usr/lib/python3/dist-packages/requests/api.py:59: in request
    return session.request(method=method, url=url, **kwargs)
           ^^^^^^^^^^^^^^^^^^^^^^^^^^^^^^^^^^^^^^^^^^^^^^^^^
/usr/lib/python3/dist-packages/requests/sessions.py:575: in request
    prep = self.prepare_request(req)
           ^^^^^^^^^^^^^^^^^^^^^^^^^
/usr/lib/python3/dist-packages/requests/sessions.py:486: in prepare_request
    p.prepare(
/usr/lib/python3/dist-packages/requests/models.py:368: in prepare
    self.prepare_url(url, params)
/usr/lib/python3/dist-packages/requests/models.py:439: in prepare_url
    raise MissingSchema(
E   requests.exceptions.MissingSchema: Invalid URL '/api/rag/dashboard': No scheme supplied. Perhaps you meant https:///api/rag/dashboard?
__________ TestRAGDashboard.test_rag_dashboard_duree_totale_not_zero ___________
backend/tests/test_rag_endpoints.py:57: in test_rag_dashboard_duree_totale_not_zero
    response = requests.get(f"{BASE_URL}/api/rag/dashboard")
               ^^^^^^^^^^^^^^^^^^^^^^^^^^^^^^^^^^^^^^^^^^^^^
/usr/lib/python3/dist-packages/requests/api.py:73: in get
    return request("get", url, params=params, **kwargs)
           ^^^^^^^^^^^^^^^^^^^^^^^^^^^^^^^^^^^^^^^^^^^^
/usr/lib/python3/dist-packages/requests/api.py:59: in request
    return session.request(method=method, url=url, **kwargs)
           ^^^^^^^^^^^^^^^^^^^^^^^^^^^^^^^^^^^^^^^^^^^^^^^^^
/usr/lib/python3/dist-packages/requests/sessions.py:575: in request
    prep = self.prepare_request(req)
           ^^^^^^^^^^^^^^^^^^^^^^^^^
/usr/lib/python3/dist-packages/requests/sessions.py:486: in prepare_request
    p.prepare(
/usr/lib/python3/dist-packages/requests/models.py:368: in prepare
    self.prepare_url(url, params)
/usr/lib/python3/dist-packages/requests/models.py:439: in prepare_url
    raise MissingSchema(
E   requests.exceptions.MissingSchema: Invalid URL '/api/rag/dashboard': No scheme supplied. Perhaps you meant https:///api/rag/dashboard?
_____________ TestRAGDashboard.test_rag_dashboard_has_rag_summary ______________
backend/tests/test_rag_endpoints.py:67: in test_rag_dashboard_has_rag_summary
    response = requests.get(f"{BASE_URL}/api/rag/dashboard")
               ^^^^^^^^^^^^^^^^^^^^^^^^^^^^^^^^^^^^^^^^^^^^^
/usr/lib/python3/dist-packages/requests/api.py:73: in get
    return request("get", url, params=params, **kwargs)
           ^^^^^^^^^^^^^^^^^^^^^^^^^^^^^^^^^^^^^^^^^^^^
/usr/lib/python3/dist-packages/requests/api.py:59: in request
    return session.request(method=method, url=url, **kwargs)
           ^^^^^^^^^^^^^^^^^^^^^^^^^^^^^^^^^^^^^^^^^^^^^^^^^
/usr/lib/python3/dist-packages/requests/sessions.py:575: in request
    prep = self.prepare_request(req)
           ^^^^^^^^^^^^^^^^^^^^^^^^^
/usr/lib/python3/dist-packages/requests/sessions.py:486: in prepare_request
    p.prepare(
/usr/lib/python3/dist-packages/requests/models.py:368: in prepare
    self.prepare_url(url, params)
/usr/lib/python3/dist-packages/requests/models.py:439: in prepare_url
    raise MissingSchema(
E   requests.exceptions.MissingSchema: Invalid URL '/api/rag/dashboard': No scheme supplied. Perhaps you meant https:///api/rag/dashboard?
_____________ TestRAGDashboard.test_rag_dashboard_has_points_forts _____________
backend/tests/test_rag_endpoints.py:76: in test_rag_dashboard_has_points_forts
    response = requests.get(f"{BASE_URL}/api/rag/dashboard")
               ^^^^^^^^^^^^^^^^^^^^^^^^^^^^^^^^^^^^^^^^^^^^^
/usr/lib/python3/dist-packages/requests/api.py:73: in get
    return request("get", url, params=params, **kwargs)
           ^^^^^^^^^^^^^^^^^^^^^^^^^^^^^^^^^^^^^^^^^^^^
/usr/lib/python3/dist-packages/requests/api.py:59: in request
    return session.request(method=method, url=url, **kwargs)
           ^^^^^^^^^^^^^^^^^^^^^^^^^^^^^^^^^^^^^^^^^^^^^^^^^
/usr/lib/python3/dist-packages/requests/sessions.py:575: in request
    prep = self.prepare_request(req)
           ^^^^^^^^^^^^^^^^^^^^^^^^^
/usr/lib/python3/dist-packages/requests/sessions.py:486: in prepare_request
    p.prepare(
/usr/lib/python3/dist-packages/requests/models.py:368: in prepare
    self.prepare_url(url, params)
/usr/lib/python3/dist-packages/requests/models.py:439: in prepare_url
    raise MissingSchema(
E   requests.exceptions.MissingSchema: Invalid URL '/api/rag/dashboard': No scheme supplied. Perhaps you meant https:///api/rag/dashboard?
____________ TestRAGWeeklyReview.test_rag_weekly_review_returns_200 ____________
backend/tests/test_rag_endpoints.py:89: in test_rag_weekly_review_returns_200
    response = requests.get(f"{BASE_URL}/api/rag/weekly-review")
               ^^^^^^^^^^^^^^^^^^^^^^^^^^^^^^^^^^^^^^^^^^^^^^^^^
/usr/lib/python3/dist-packages/requests/api.py:73: in get
    return request("get", url, params=params, **kwargs)
           ^^^^^^^^^^^^^^^^^^^^^^^^^^^^^^^^^^^^^^^^^^^^
/usr/lib/python3/dist-packages/requests/api.py:59: in request
    return session.request(method=method, url=url, **kwargs)
           ^^^^^^^^^^^^^^^^^^^^^^^^^^^^^^^^^^^^^^^^^^^^^^^^^
/usr/lib/python3/dist-packages/requests/sessions.py:575: in request
    prep = self.prepare_request(req)
           ^^^^^^^^^^^^^^^^^^^^^^^^^
/usr/lib/python3/dist-packages/requests/sessions.py:486: in prepare_request
    p.prepare(
/usr/lib/python3/dist-packages/requests/models.py:368: in prepare
    self.prepare_url(url, params)
/usr/lib/python3/dist-packages/requests/models.py:439: in prepare_url
    raise MissingSchema(
E   requests.exceptions.MissingSchema: Invalid URL '/api/rag/weekly-review': No scheme supplied. Perhaps you meant https:///api/rag/weekly-review?
____ TestRAGWeeklyReview.test_rag_weekly_review_km_total_greater_than_zero _____
backend/tests/test_rag_endpoints.py:95: in test_rag_weekly_review_km_total_greater_than_zero
    response = requests.get(f"{BASE_URL}/api/rag/weekly-review")
               ^^^^^^^^^^^^^^^^^^^^^^^^^^^^^^^^^^^^^^^^^^^^^^^^^
/usr/lib/python3/dist-packages/requests/api.py:73: in get
    return request("get", url, params=params, **kwargs)
           ^^^^^^^^^^^^^^^^^^^^^^^^^^^^^^^^^^^^^^^^^^^^
/usr/lib/python3/dist-packages/requests/api.py:59: in request
    return session.request(method=method, url=url, **kwargs)
           ^^^^^^^^^^^^^^^^^^^^^^^^^^^^^^^^^^^^^^^^^^^^^^^^^
/usr/lib/python3/dist-packages/requests/sessions.py:575: in request
    prep = self.prepare_request(req)
           ^^^^^^^^^^^^^^^^^^^^^^^^^
/usr/lib/python3/dist-packages/requests/sessions.py:486: in prepare_request
    p.prepare(
/usr/lib/python3/dist-packages/requests/models.py:368: in prepare
    self.prepare_url(url, params)
/usr/lib/python3/dist-packages/requests/models.py:439: in prepare_url
    raise MissingSchema(
E   requests.exceptions.MissingSchema: Invalid URL '/api/rag/weekly-review': No scheme supplied. Perhaps you meant https:///api/rag/weekly-review?
__________ TestRAGWeeklyReview.test_rag_weekly_review_has_comparison ___________
backend/tests/test_rag_endpoints.py:107: in test_rag_weekly_review_has_comparison
    response = requests.get(f"{BASE_URL}/api/rag/weekly-review")
               ^^^^^^^^^^^^^^^^^^^^^^^^^^^^^^^^^^^^^^^^^^^^^^^^^
/usr/lib/python3/dist-packages/requests/api.py:73: in get
    return request("get", url, params=params, **kwargs)
           ^^^^^^^^^^^^^^^^^^^^^^^^^^^^^^^^^^^^^^^^^^^^
/usr/lib/python3/dist-packages/requests/api.py:59: in request
    return session.request(method=method, url=url, **kwargs)
           ^^^^^^^^^^^^^^^^^^^^^^^^^^^^^^^^^^^^^^^^^^^^^^^^^
/usr/lib/python3/dist-packages/requests/sessions.py:575: in request
    prep = self.prepare_request(req)
           ^^^^^^^^^^^^^^^^^^^^^^^^^
/usr/lib/python3/dist-packages/requests/sessions.py:486: in prepare_request
    p.prepare(
/usr/lib/python3/dist-packages/requests/models.py:368: in prepare
    self.prepare_url(url, params)
/usr/lib/python3/dist-packages/requests/models.py:439: in prepare_url
    raise MissingSchema(
E   requests.exceptions.MissingSchema: Invalid URL '/api/rag/weekly-review': No scheme supplied. Perhaps you meant https:///api/rag/weekly-review?
__________ TestRAGWeeklyReview.test_rag_weekly_review_has_rag_summary __________
backend/tests/test_rag_endpoints.py:119: in test_rag_weekly_review_has_rag_summary
    response = requests.get(f"{BASE_URL}/api/rag/weekly-review")
               ^^^^^^^^^^^^^^^^^^^^^^^^^^^^^^^^^^^^^^^^^^^^^^^^^
/usr/lib/python3/dist-packages/requests/api.py:73: in get
    return request("get", url, params=params, **kwargs)
           ^^^^^^^^^^^^^^^^^^^^^^^^^^^^^^^^^^^^^^^^^^^^
/usr/lib/python3/dist-packages/requests/api.py:59: in request
    return session.request(method=method, url=url, **kwargs)
           ^^^^^^^^^^^^^^^^^^^^^^^^^^^^^^^^^^^^^^^^^^^^^^^^^
/usr/lib/python3/dist-packages/requests/sessions.py:575: in request
    prep = self.prepare_request(req)
           ^^^^^^^^^^^^^^^^^^^^^^^^^
/usr/lib/python3/dist-packages/requests/sessions.py:486: in prepare_request
    p.prepare(
/usr/lib/python3/dist-packages/requests/models.py:368: in prepare
    self.prepare_url(url, params)
/usr/lib/python3/dist-packages/requests/models.py:439: in prepare_url
    raise MissingSchema(
E   requests.exceptions.MissingSchema: Invalid URL '/api/rag/weekly-review': No scheme supplied. Perhaps you meant https:///api/rag/weekly-review?
_________ TestRAGWorkoutAnalysis.test_rag_workout_analysis_returns_200 _________
backend/tests/test_rag_endpoints.py:134: in test_rag_workout_analysis_returns_200
    response = requests.get(f"{BASE_URL}/api/rag/workout/{workout_id}")
               ^^^^^^^^^^^^^^^^^^^^^^^^^^^^^^^^^^^^^^^^^^^^^^^^^^^^^^^^
/usr/lib/python3/dist-packages/requests/api.py:73: in get
    return request("get", url, params=params, **kwargs)
           ^^^^^^^^^^^^^^^^^^^^^^^^^^^^^^^^^^^^^^^^^^^^
/usr/lib/python3/dist-packages/requests/api.py:59: in request
    return session.request(method=method, url=url, **kwargs)
           ^^^^^^^^^^^^^^^^^^^^^^^^^^^^^^^^^^^^^^^^^^^^^^^^^
/usr/lib/python3/dist-packages/requests/sessions.py:575: in request
    prep = self.prepare_request(req)
           ^^^^^^^^^^^^^^^^^^^^^^^^^
/usr/lib/python3/dist-packages/requests/sessions.py:486: in prepare_request
    p.prepare(
/usr/lib/python3/dist-packages/requests/models.py:368: in prepare
    self.prepare_url(url, params)
/usr/lib/python3/dist-packages/requests/models.py:439: in prepare_url
    raise MissingSchema(
E   requests.exceptions.MissingSchema: Invalid URL '/api/rag/workout/strava_17453996690': No scheme supplied. Perhaps you meant https:///api/rag/workout/strava_17453996690?
____ TestRAGWorkoutAnalysis.test_rag_workout_analysis_km_greater_than_zero _____
backend/tests/test_rag_endpoints.py:141: in test_rag_workout_analysis_km_greater_than_zero
    response = requests.get(f"{BASE_URL}/api/rag/workout/{workout_id}")
               ^^^^^^^^^^^^^^^^^^^^^^^^^^^^^^^^^^^^^^^^^^^^^^^^^^^^^^^^
/usr/lib/python3/dist-packages/requests/api.py:73: in get
    return request("get", url, params=params, **kwargs)
           ^^^^^^^^^^^^^^^^^^^^^^^^^^^^^^^^^^^^^^^^^^^^
/usr/lib/python3/dist-packages/requests/api.py:59: in request
    return session.request(method=method, url=url, **kwargs)
           ^^^^^^^^^^^^^^^^^^^^^^^^^^^^^^^^^^^^^^^^^^^^^^^^^
/usr/lib/python3/dist-packages/requests/sessions.py:575: in request
    prep = self.prepare_request(req)
           ^^^^^^^^^^^^^^^^^^^^^^^^^
/usr/lib/python3/dist-packages/requests/sessions.py:486: in prepare_request
    p.prepare(
/usr/lib/python3/dist-packages/requests/models.py:368: in prepare
    self.prepare_url(url, params)
/usr/lib/python3/dist-packages/requests/models.py:439: in prepare_url
    raise MissingSchema(
E   requests.exceptions.MissingSchema: Invalid URL '/api/rag/workout/strava_17453996690': No scheme supplied. Perhaps you meant https:///api/rag/workout/strava_17453996690?
_______ TestRAGWorkoutAnalysis.test_rag_workout_analysis_duree_not_zero ________
backend/tests/test_rag_endpoints.py:154: in test_rag_workout_analysis_duree_not_zero
    response = requests.get(f"{BASE_URL}/api/rag/workout/{workout_id}")
               ^^^^^^^^^^^^^^^^^^^^^^^^^^^^^^^^^^^^^^^^^^^^^^^^^^^^^^^^
/usr/lib/python3/dist-packages/requests/api.py:73: in get
    return request("get", url, params=params, **kwargs)
           ^^^^^^^^^^^^^^^^^^^^^^^^^^^^^^^^^^^^^^^^^^^^
/usr/lib/python3/dist-packages/requests/api.py:59: in request
    return session.request(method=method, url=url, **kwargs)
           ^^^^^^^^^^^^^^^^^^^^^^^^^^^^^^^^^^^^^^^^^^^^^^^^^
/usr/lib/python3/dist-packages/requests/sessions.py:575: in request
    prep = self.prepare_request(req)
           ^^^^^^^^^^^^^^^^^^^^^^^^^
/usr/lib/python3/dist-packages/requests/sessions.py:486: in prepare_request
    p.prepare(
/usr/lib/python3/dist-packages/requests/models.py:368: in prepare
    self.prepare_url(url, params)
/usr/lib/python3/dist-packages/requests/models.py:439: in prepare_url
    raise MissingSchema(
E   requests.exceptions.MissingSchema: Invalid URL '/api/rag/workout/strava_17453996690': No scheme supplied. Perhaps you meant https:///api/rag/workout/strava_17453996690?
_______ TestRAGWorkoutAnalysis.test_rag_workout_analysis_has_comparison ________
backend/tests/test_rag_endpoints.py:165: in test_rag_workout_analysis_has_comparison
    response = requests.get(f"{BASE_URL}/api/rag/workout/{workout_id}")
               ^^^^^^^^^^^^^^^^^^^^^^^^^^^^^^^^^^^^^^^^^^^^^^^^^^^^^^^^
/usr/lib/python3/dist-packages/requests/api.py:73: in get
    return request("get", url, params=params, **kwargs)
           ^^^^^^^^^^^^^^^^^^^^^^^^^^^^^^^^^^^^^^^^^^^^
/usr/lib/python3/dist-packages/requests/api.py:59: in request
    return session.request(method=method, url=url, **kwargs)
           ^^^^^^^^^^^^^^^^^^^^^^^^^^^^^^^^^^^^^^^^^^^^^^^^^
/usr/lib/python3/dist-packages/requests/sessions.py:575: in request
    prep = self.prepare_request(req)
           ^^^^^^^^^^^^^^^^^^^^^^^^^
/usr/lib/python3/dist-packages/requests/sessions.py:486: in prepare_request
    p.prepare(
/usr/lib/python3/dist-packages/requests/models.py:368: in prepare
    self.prepare_url(url, params)
/usr/lib/python3/dist-packages/requests/models.py:439: in prepare_url
    raise MissingSchema(
E   requests.exceptions.MissingSchema: Invalid URL '/api/rag/workout/strava_17453996690': No scheme supplied. Perhaps you meant https:///api/rag/workout/strava_17453996690?
_____ TestRAGWorkoutAnalysis.test_rag_workout_analysis_404_for_invalid_id ______
backend/tests/test_rag_endpoints.py:176: in test_rag_workout_analysis_404_for_invalid_id
    response = requests.get(f"{BASE_URL}/api/rag/workout/invalid_workout_id_12345")
               ^^^^^^^^^^^^^^^^^^^^^^^^^^^^^^^^^^^^^^^^^^^^^^^^^^^^^^^^^^^^^^^^^^^^
/usr/lib/python3/dist-packages/requests/api.py:73: in get
    return request("get", url, params=params, **kwargs)
           ^^^^^^^^^^^^^^^^^^^^^^^^^^^^^^^^^^^^^^^^^^^^
/usr/lib/python3/dist-packages/requests/api.py:59: in request
    return session.request(method=method, url=url, **kwargs)
           ^^^^^^^^^^^^^^^^^^^^^^^^^^^^^^^^^^^^^^^^^^^^^^^^^
/usr/lib/python3/dist-packages/requests/sessions.py:575: in request
    prep = self.prepare_request(req)
           ^^^^^^^^^^^^^^^^^^^^^^^^^
/usr/lib/python3/dist-packages/requests/sessions.py:486: in prepare_request
    p.prepare(
/usr/lib/python3/dist-packages/requests/models.py:368: in prepare
    self.prepare_url(url, params)
/usr/lib/python3/dist-packages/requests/models.py:439: in prepare_url
    raise MissingSchema(
E   requests.exceptions.MissingSchema: Invalid URL '/api/rag/workout/invalid_workout_id_12345': No scheme supplied. Perhaps you meant https:///api/rag/workout/invalid_workout_id_12345?
________________ TestWorkoutsEndpoint.test_workouts_returns_200 ________________
backend/tests/test_rag_endpoints.py:186: in test_workouts_returns_200
    response = requests.get(f"{BASE_URL}/api/workouts")
               ^^^^^^^^^^^^^^^^^^^^^^^^^^^^^^^^^^^^^^^^
/usr/lib/python3/dist-packages/requests/api.py:73: in get
    return request("get", url, params=params, **kwargs)
           ^^^^^^^^^^^^^^^^^^^^^^^^^^^^^^^^^^^^^^^^^^^^
/usr/lib/python3/dist-packages/requests/api.py:59: in request
    return session.request(method=method, url=url, **kwargs)
           ^^^^^^^^^^^^^^^^^^^^^^^^^^^^^^^^^^^^^^^^^^^^^^^^^
/usr/lib/python3/dist-packages/requests/sessions.py:575: in request
    prep = self.prepare_request(req)
           ^^^^^^^^^^^^^^^^^^^^^^^^^
/usr/lib/python3/dist-packages/requests/sessions.py:486: in prepare_request
    p.prepare(
/usr/lib/python3/dist-packages/requests/models.py:368: in prepare
    self.prepare_url(url, params)
/usr/lib/python3/dist-packages/requests/models.py:439: in prepare_url
    raise MissingSchema(
E   requests.exceptions.MissingSchema: Invalid URL '/api/workouts': No scheme supplied. Perhaps you meant https:///api/workouts?
__________ TestWorkoutsEndpoint.test_workouts_returns_expected_count ___________
backend/tests/test_rag_endpoints.py:192: in test_workouts_returns_expected_count
    response = requests.get(f"{BASE_URL}/api/workouts")
               ^^^^^^^^^^^^^^^^^^^^^^^^^^^^^^^^^^^^^^^^
/usr/lib/python3/dist-packages/requests/api.py:73: in get
    return request("get", url, params=params, **kwargs)
           ^^^^^^^^^^^^^^^^^^^^^^^^^^^^^^^^^^^^^^^^^^^^
/usr/lib/python3/dist-packages/requests/api.py:59: in request
    return session.request(method=method, url=url, **kwargs)
           ^^^^^^^^^^^^^^^^^^^^^^^^^^^^^^^^^^^^^^^^^^^^^^^^^
/usr/lib/python3/dist-packages/requests/sessions.py:575: in request
    prep = self.prepare_request(req)
           ^^^^^^^^^^^^^^^^^^^^^^^^^
/usr/lib/python3/dist-packages/requests/sessions.py:486: in prepare_request
    p.prepare(
/usr/lib/python3/dist-packages/requests/models.py:368: in prepare
    self.prepare_url(url, params)
/usr/lib/python3/dist-packages/requests/models.py:439: in prepare_url
    raise MissingSchema(
E   requests.exceptions.MissingSchema: Invalid URL '/api/workouts': No scheme supplied. Perhaps you meant https:///api/workouts?
___________ TestWorkoutsEndpoint.test_workouts_have_required_fields ____________
backend/tests/test_rag_endpoints.py:202: in test_workouts_have_required_fields
    response = requests.get(f"{BASE_URL}/api/workouts")
               ^^^^^^^^^^^^^^^^^^^^^^^^^^^^^^^^^^^^^^^^
/usr/lib/python3/dist-packages/requests/api.py:73: in get
    return request("get", url, params=params, **kwargs)
           ^^^^^^^^^^^^^^^^^^^^^^^^^^^^^^^^^^^^^^^^^^^^
/usr/lib/python3/dist-packages/requests/api.py:59: in request
    return session.request(method=method, url=url, **kwargs)
           ^^^^^^^^^^^^^^^^^^^^^^^^^^^^^^^^^^^^^^^^^^^^^^^^^
/usr/lib/python3/dist-packages/requests/sessions.py:575: in request
    prep = self.prepare_request(req)
           ^^^^^^^^^^^^^^^^^^^^^^^^^
/usr/lib/python3/dist-packages/requests/sessions.py:486: in prepare_request
    p.prepare(
/usr/lib/python3/dist-packages/requests/models.py:368: in prepare
    self.prepare_url(url, params)
/usr/lib/python3/dist-packages/requests/models.py:439: in prepare_url
    raise MissingSchema(
E   requests.exceptions.MissingSchema: Invalid URL '/api/workouts': No scheme supplied. Perhaps you meant https:///api/workouts?
___________ TestDashboardInsight.test_dashboard_insight_returns_200 ____________
backend/tests/test_rag_endpoints.py:218: in test_dashboard_insight_returns_200
    response = requests.get(f"{BASE_URL}/api/dashboard/insight")
               ^^^^^^^^^^^^^^^^^^^^^^^^^^^^^^^^^^^^^^^^^^^^^^^^^
/usr/lib/python3/dist-packages/requests/api.py:73: in get
    return request("get", url, params=params, **kwargs)
           ^^^^^^^^^^^^^^^^^^^^^^^^^^^^^^^^^^^^^^^^^^^^
/usr/lib/python3/dist-packages/requests/api.py:59: in request
    return session.request(method=method, url=url, **kwargs)
           ^^^^^^^^^^^^^^^^^^^^^^^^^^^^^^^^^^^^^^^^^^^^^^^^^
/usr/lib/python3/dist-packages/requests/sessions.py:575: in request
    prep = self.prepare_request(req)
           ^^^^^^^^^^^^^^^^^^^^^^^^^
/usr/lib/python3/dist-packages/requests/sessions.py:486: in prepare_request
    p.prepare(
/usr/lib/python3/dist-packages/requests/models.py:368: in prepare
    self.prepare_url(url, params)
/usr/lib/python3/dist-packages/requests/models.py:439: in prepare_url
    raise MissingSchema(
E   requests.exceptions.MissingSchema: Invalid URL '/api/dashboard/insight': No scheme supplied. Perhaps you meant https:///api/dashboard/insight?
________ TestDashboardInsight.test_dashboard_insight_has_coach_insight _________
backend/tests/test_rag_endpoints.py:224: in test_dashboard_insight_has_coach_insight
    response = requests.get(f"{BASE_URL}/api/dashboard/insight")
               ^^^^^^^^^^^^^^^^^^^^^^^^^^^^^^^^^^^^^^^^^^^^^^^^^
/usr/lib/python3/dist-packages/requests/api.py:73: in get
    return request("get", url, params=params, **kwargs)
           ^^^^^^^^^^^^^^^^^^^^^^^^^^^^^^^^^^^^^^^^^^^^
/usr/lib/python3/dist-packages/requests/api.py:59: in request
    return session.request(method=method, url=url, **kwargs)
           ^^^^^^^^^^^^^^^^^^^^^^^^^^^^^^^^^^^^^^^^^^^^^^^^^
/usr/lib/python3/dist-packages/requests/sessions.py:575: in request
    prep = self.prepare_request(req)
           ^^^^^^^^^^^^^^^^^^^^^^^^^
/usr/lib/python3/dist-packages/requests/sessions.py:486: in prepare_request
    p.prepare(
/usr/lib/python3/dist-packages/requests/models.py:368: in prepare
    self.prepare_url(url, params)
/usr/lib/python3/dist-packages/requests/models.py:439: in prepare_url
    raise MissingSchema(
E   requests.exceptions.MissingSchema: Invalid URL '/api/dashboard/insight': No scheme supplied. Perhaps you meant https:///api/dashboard/insight?
__________ TestDashboardInsight.test_dashboard_insight_has_week_data ___________
backend/tests/test_rag_endpoints.py:233: in test_dashboard_insight_has_week_data
    response = requests.get(f"{BASE_URL}/api/dashboard/insight")
               ^^^^^^^^^^^^^^^^^^^^^^^^^^^^^^^^^^^^^^^^^^^^^^^^^
/usr/lib/python3/dist-packages/requests/api.py:73: in get
    return request("get", url, params=params, **kwargs)
           ^^^^^^^^^^^^^^^^^^^^^^^^^^^^^^^^^^^^^^^^^^^^
/usr/lib/python3/dist-packages/requests/api.py:59: in request
    return session.request(method=method, url=url, **kwargs)
           ^^^^^^^^^^^^^^^^^^^^^^^^^^^^^^^^^^^^^^^^^^^^^^^^^
/usr/lib/python3/dist-packages/requests/sessions.py:575: in request
    prep = self.prepare_request(req)
           ^^^^^^^^^^^^^^^^^^^^^^^^^
/usr/lib/python3/dist-packages/requests/sessions.py:486: in prepare_request
    p.prepare(
/usr/lib/python3/dist-packages/requests/models.py:368: in prepare
    self.prepare_url(url, params)
/usr/lib/python3/dist-packages/requests/models.py:439: in prepare_url
    raise MissingSchema(
E   requests.exceptions.MissingSchema: Invalid URL '/api/dashboard/insight': No scheme supplied. Perhaps you meant https:///api/dashboard/insight?
________ TestDashboardInsight.test_dashboard_insight_has_recovery_score ________
backend/tests/test_rag_endpoints.py:244: in test_dashboard_insight_has_recovery_score
    response = requests.get(f"{BASE_URL}/api/dashboard/insight")
               ^^^^^^^^^^^^^^^^^^^^^^^^^^^^^^^^^^^^^^^^^^^^^^^^^
/usr/lib/python3/dist-packages/requests/api.py:73: in get
    return request("get", url, params=params, **kwargs)
           ^^^^^^^^^^^^^^^^^^^^^^^^^^^^^^^^^^^^^^^^^^^^
/usr/lib/python3/dist-packages/requests/api.py:59: in request
    return session.request(method=method, url=url, **kwargs)
           ^^^^^^^^^^^^^^^^^^^^^^^^^^^^^^^^^^^^^^^^^^^^^^^^^
/usr/lib/python3/dist-packages/requests/sessions.py:575: in request
    prep = self.prepare_request(req)
           ^^^^^^^^^^^^^^^^^^^^^^^^^
/usr/lib/python3/dist-packages/requests/sessions.py:486: in prepare_request
    p.prepare(
/usr/lib/python3/dist-packages/requests/models.py:368: in prepare
    self.prepare_url(url, params)
/usr/lib/python3/dist-packages/requests/models.py:439: in prepare_url
    raise MissingSchema(
E   requests.exceptions.MissingSchema: Invalid URL '/api/dashboard/insight': No scheme supplied. Perhaps you meant https:///api/dashboard/insight?
_________ TestRAGWorkoutSplitAnalysis.test_workout_has_split_analysis __________
backend/tests/test_rag_enrichment.py:21: in test_workout_has_split_analysis
    response = requests.get(f"{BASE_URL}/api/rag/workout/{TEST_WORKOUT_ID}")
               ^^^^^^^^^^^^^^^^^^^^^^^^^^^^^^^^^^^^^^^^^^^^^^^^^^^^^^^^^^^^^
/usr/lib/python3/dist-packages/requests/api.py:73: in get
    return request("get", url, params=params, **kwargs)
           ^^^^^^^^^^^^^^^^^^^^^^^^^^^^^^^^^^^^^^^^^^^^
/usr/lib/python3/dist-packages/requests/api.py:59: in request
    return session.request(method=method, url=url, **kwargs)
           ^^^^^^^^^^^^^^^^^^^^^^^^^^^^^^^^^^^^^^^^^^^^^^^^^
/usr/lib/python3/dist-packages/requests/sessions.py:575: in request
    prep = self.prepare_request(req)
           ^^^^^^^^^^^^^^^^^^^^^^^^^
/usr/lib/python3/dist-packages/requests/sessions.py:486: in prepare_request
    p.prepare(
/usr/lib/python3/dist-packages/requests/models.py:368: in prepare
    self.prepare_url(url, params)
/usr/lib/python3/dist-packages/requests/models.py:439: in prepare_url
    raise MissingSchema(
E   requests.exceptions.MissingSchema: Invalid URL '/api/rag/workout/strava_17130033093': No scheme supplied. Perhaps you meant https:///api/rag/workout/strava_17130033093?
________ TestRAGWorkoutSplitAnalysis.test_split_analysis_has_fastest_km ________
backend/tests/test_rag_enrichment.py:35: in test_split_analysis_has_fastest_km
    response = requests.get(f"{BASE_URL}/api/rag/workout/{TEST_WORKOUT_ID}")
               ^^^^^^^^^^^^^^^^^^^^^^^^^^^^^^^^^^^^^^^^^^^^^^^^^^^^^^^^^^^^^
/usr/lib/python3/dist-packages/requests/api.py:73: in get
    return request("get", url, params=params, **kwargs)
           ^^^^^^^^^^^^^^^^^^^^^^^^^^^^^^^^^^^^^^^^^^^^
/usr/lib/python3/dist-packages/requests/api.py:59: in request
    return session.request(method=method, url=url, **kwargs)
           ^^^^^^^^^^^^^^^^^^^^^^^^^^^^^^^^^^^^^^^^^^^^^^^^^
/usr/lib/python3/dist-packages/requests/sessions.py:575: in request
    prep = self.prepare_request(req)
           ^^^^^^^^^^^^^^^^^^^^^^^^^
/usr/lib/python3/dist-packages/requests/sessions.py:486: in prepare_request
    p.prepare(
/usr/lib/python3/dist-packages/requests/models.py:368: in prepare
    self.prepare_url(url, params)
/usr/lib/python3/dist-packages/requests/models.py:439: in prepare_url
    raise MissingSchema(
E   requests.exceptions.MissingSchema: Invalid URL '/api/rag/workout/strava_17130033093': No scheme supplied. Perhaps you meant https:///api/rag/workout/strava_17130033093?
________ TestRAGWorkoutSplitAnalysis.test_split_analysis_has_slowest_km ________
backend/tests/test_rag_enrichment.py:45: in test_split_analysis_has_slowest_km
    response = requests.get(f"{BASE_URL}/api/rag/workout/{TEST_WORKOUT_ID}")
               ^^^^^^^^^^^^^^^^^^^^^^^^^^^^^^^^^^^^^^^^^^^^^^^^^^^^^^^^^^^^^
/usr/lib/python3/dist-packages/requests/api.py:73: in get
    return request("get", url, params=params, **kwargs)
           ^^^^^^^^^^^^^^^^^^^^^^^^^^^^^^^^^^^^^^^^^^^^
/usr/lib/python3/dist-packages/requests/api.py:59: in request
    return session.request(method=method, url=url, **kwargs)
           ^^^^^^^^^^^^^^^^^^^^^^^^^^^^^^^^^^^^^^^^^^^^^^^^^
/usr/lib/python3/dist-packages/requests/sessions.py:575: in request
    prep = self.prepare_request(req)
           ^^^^^^^^^^^^^^^^^^^^^^^^^
/usr/lib/python3/dist-packages/requests/sessions.py:486: in prepare_request
    p.prepare(
/usr/lib/python3/dist-packages/requests/models.py:368: in prepare
    self.prepare_url(url, params)
/usr/lib/python3/dist-packages/requests/models.py:439: in prepare_url
    raise MissingSchema(
E   requests.exceptions.MissingSchema: Invalid URL '/api/rag/workout/strava_17130033093': No scheme supplied. Perhaps you meant https:///api/rag/workout/strava_17130033093?
________ TestRAGWorkoutSplitAnalysis.test_split_analysis_has_pace_drop _________
backend/tests/test_rag_enrichment.py:55: in test_split_analysis_has_pace_drop
    response = requests.get(f"{BASE_URL}/api/rag/workout/{TEST_WORKOUT_ID}")
               ^^^^^^^^^^^^^^^^^^^^^^^^^^^^^^^^^^^^^^^^^^^^^^^^^^^^^^^^^^^^^
/usr/lib/python3/dist-packages/requests/api.py:73: in get
    return request("get", url, params=params, **kwargs)
           ^^^^^^^^^^^^^^^^^^^^^^^^^^^^^^^^^^^^^^^^^^^^
/usr/lib/python3/dist-packages/requests/api.py:59: in request
    return session.request(method=method, url=url, **kwargs)
           ^^^^^^^^^^^^^^^^^^^^^^^^^^^^^^^^^^^^^^^^^^^^^^^^^
/usr/lib/python3/dist-packages/requests/sessions.py:575: in request
    prep = self.prepare_request(req)
           ^^^^^^^^^^^^^^^^^^^^^^^^^
/usr/lib/python3/dist-packages/requests/sessions.py:486: in prepare_request
    p.prepare(
/usr/lib/python3/dist-packages/requests/models.py:368: in prepare
    self.prepare_url(url, params)
/usr/lib/python3/dist-packages/requests/models.py:439: in prepare_url
    raise MissingSchema(
E   requests.exceptions.MissingSchema: Invalid URL '/api/rag/workout/strava_17130033093': No scheme supplied. Perhaps you meant https:///api/rag/workout/strava_17130033093?
____ TestRAGWorkoutSplitAnalysis.test_split_analysis_has_consistency_score _____
backend/tests/test_rag_enrichment.py:65: in test_split_analysis_has_consistency_score
    response = requests.get(f"{BASE_URL}/api/rag/workout/{TEST_WORKOUT_ID}")
               ^^^^^^^^^^^^^^^^^^^^^^^^^^^^^^^^^^^^^^^^^^^^^^^^^^^^^^^^^^^^^
/usr/lib/python3/dist-packages/requests/api.py:73: in get
    return request("get", url, params=params, **kwargs)
           ^^^^^^^^^^^^^^^^^^^^^^^^^^^^^^^^^^^^^^^^^^^^
/usr/lib/python3/dist-packages/requests/api.py:59: in request
    return session.request(method=method, url=url, **kwargs)
           ^^^^^^^^^^^^^^^^^^^^^^^^^^^^^^^^^^^^^^^^^^^^^^^^^
/usr/lib/python3/dist-packages/requests/sessions.py:575: in request
    prep = self.prepare_request(req)
           ^^^^^^^^^^^^^^^^^^^^^^^^^
/usr/lib/python3/dist-packages/requests/sessions.py:486: in prepare_request
    p.prepare(
/usr/lib/python3/dist-packages/requests/models.py:368: in prepare
    self.prepare_url(url, params)
/usr/lib/python3/dist-packages/requests/models.py:439: in prepare_url
    raise MissingSchema(
E   requests.exceptions.MissingSchema: Invalid URL '/api/rag/workout/strava_17130033093': No scheme supplied. Perhaps you meant https:///api/rag/workout/strava_17130033093?
______ TestRAGWorkoutSplitAnalysis.test_split_analysis_has_negative_split ______
backend/tests/test_rag_enrichment.py:77: in test_split_analysis_has_negative_split
    response = requests.get(f"{BASE_URL}/api/rag/workout/{TEST_WORKOUT_ID}")
               ^^^^^^^^^^^^^^^^^^^^^^^^^^^^^^^^^^^^^^^^^^^^^^^^^^^^^^^^^^^^^
/usr/lib/python3/dist-packages/requests/api.py:73: in get
    return request("get", url, params=params, **kwargs)
           ^^^^^^^^^^^^^^^^^^^^^^^^^^^^^^^^^^^^^^^^^^^^
/usr/lib/python3/dist-packages/requests/api.py:59: in request
    return session.request(method=method, url=url, **kwargs)
           ^^^^^^^^^^^^^^^^^^^^^^^^^^^^^^^^^^^^^^^^^^^^^^^^^
/usr/lib/python3/dist-packages/requests/sessions.py:575: in request
    prep = self.prepare_request(req)
           ^^^^^^^^^^^^^^^^^^^^^^^^^
/usr/lib/python3/dist-packages/requests/sessions.py:486: in prepare_request
    p.prepare(
/usr/lib/python3/dist-packages/requests/models.py:368: in prepare
    self.prepare_url(url, params)
/usr/lib/python3/dist-packages/requests/models.py:439: in prepare_url
    raise MissingSchema(
E   requests.exceptions.MissingSchema: Invalid URL '/api/rag/workout/strava_17130033093': No scheme supplied. Perhaps you meant https:///api/rag/workout/strava_17130033093?
____________ TestRAGWorkoutHRAnalysis.test_workout_has_hr_analysis _____________
backend/tests/test_rag_enrichment.py:91: in test_workout_has_hr_analysis
    response = requests.get(f"{BASE_URL}/api/rag/workout/{TEST_WORKOUT_ID}")
               ^^^^^^^^^^^^^^^^^^^^^^^^^^^^^^^^^^^^^^^^^^^^^^^^^^^^^^^^^^^^^
/usr/lib/python3/dist-packages/requests/api.py:73: in get
    return request("get", url, params=params, **kwargs)
           ^^^^^^^^^^^^^^^^^^^^^^^^^^^^^^^^^^^^^^^^^^^^
/usr/lib/python3/dist-packages/requests/api.py:59: in request
    return session.request(method=method, url=url, **kwargs)
           ^^^^^^^^^^^^^^^^^^^^^^^^^^^^^^^^^^^^^^^^^^^^^^^^^
/usr/lib/python3/dist-packages/requests/sessions.py:575: in request
    prep = self.prepare_request(req)
           ^^^^^^^^^^^^^^^^^^^^^^^^^
/usr/lib/python3/dist-packages/requests/sessions.py:486: in prepare_request
    p.prepare(
/usr/lib/python3/dist-packages/requests/models.py:368: in prepare
    self.prepare_url(url, params)
/usr/lib/python3/dist-packages/requests/models.py:439: in prepare_url
    raise MissingSchema(
E   requests.exceptions.MissingSchema: Invalid URL '/api/rag/workout/strava_17130033093': No scheme supplied. Perhaps you meant https:///api/rag/workout/strava_17130033093?
_____________ TestRAGWorkoutHRAnalysis.test_hr_analysis_has_min_hr _____________
backend/tests/test_rag_enrichment.py:103: in test_hr_analysis_has_min_hr
    response = requests.get(f"{BASE_URL}/api/rag/workout/{TEST_WORKOUT_ID}")
               ^^^^^^^^^^^^^^^^^^^^^^^^^^^^^^^^^^^^^^^^^^^^^^^^^^^^^^^^^^^^^
/usr/lib/python3/dist-packages/requests/api.py:73: in get
    return request("get", url, params=params, **kwargs)
           ^^^^^^^^^^^^^^^^^^^^^^^^^^^^^^^^^^^^^^^^^^^^
/usr/lib/python3/dist-packages/requests/api.py:59: in request
    return session.request(method=method, url=url, **kwargs)
           ^^^^^^^^^^^^^^^^^^^^^^^^^^^^^^^^^^^^^^^^^^^^^^^^^
/usr/lib/python3/dist-packages/requests/sessions.py:575: in request
    prep = self.prepare_request(req)
           ^^^^^^^^^^^^^^^^^^^^^^^^^
/usr/lib/python3/dist-packages/requests/sessions.py:486: in prepare_request
    p.prepare(
/usr/lib/python3/dist-packages/requests/models.py:368: in prepare
    self.prepare_url(url, params)
/usr/lib/python3/dist-packages/requests/models.py:439: in prepare_url
    raise MissingSchema(
E   requests.exceptions.MissingSchema: Invalid URL '/api/rag/workout/strava_17130033093': No scheme supplied. Perhaps you meant https:///api/rag/workout/strava_17130033093?
_____________ TestRAGWorkoutHRAnalysis.test_hr_analysis_has_avg_hr _____________
backend/tests/test_rag_enrichment.py:115: in test_hr_analysis_has_avg_hr
    response = requests.get(f"{BASE_URL}/api/rag/workout/{TEST_WORKOUT_ID}")
               ^^^^^^^^^^^^^^^^^^^^^^^^^^^^^^^^^^^^^^^^^^^^^^^^^^^^^^^^^^^^^
/usr/lib/python3/dist-packages/requests/api.py:73: in get
    return request("get", url, params=params, **kwargs)
           ^^^^^^^^^^^^^^^^^^^^^^^^^^^^^^^^^^^^^^^^^^^^
/usr/lib/python3/dist-packages/requests/api.py:59: in request
    return session.request(method=method, url=url, **kwargs)
           ^^^^^^^^^^^^^^^^^^^^^^^^^^^^^^^^^^^^^^^^^^^^^^^^^
/usr/lib/python3/dist-packages/requests/sessions.py:575: in request
    prep = self.prepare_request(req)
           ^^^^^^^^^^^^^^^^^^^^^^^^^
/usr/lib/python3/dist-packages/requests/sessions.py:486: in prepare_request
    p.prepare(
/usr/lib/python3/dist-packages/requests/models.py:368: in prepare
    self.prepare_url(url, params)
/usr/lib/python3/dist-packages/requests/models.py:439: in prepare_url
    raise MissingSchema(
E   requests.exceptions.MissingSchema: Invalid URL '/api/rag/workout/strava_17130033093': No scheme supplied. Perhaps you meant https:///api/rag/workout/strava_17130033093?
_____________ TestRAGWorkoutHRAnalysis.test_hr_analysis_has_max_hr _____________
backend/tests/test_rag_enrichment.py:127: in test_hr_analysis_has_max_hr
    response = requests.get(f"{BASE_URL}/api/rag/workout/{TEST_WORKOUT_ID}")
               ^^^^^^^^^^^^^^^^^^^^^^^^^^^^^^^^^^^^^^^^^^^^^^^^^^^^^^^^^^^^^
/usr/lib/python3/dist-packages/requests/api.py:73: in get
    return request("get", url, params=params, **kwargs)
           ^^^^^^^^^^^^^^^^^^^^^^^^^^^^^^^^^^^^^^^^^^^^
/usr/lib/python3/dist-packages/requests/api.py:59: in request
    return session.request(method=method, url=url, **kwargs)
           ^^^^^^^^^^^^^^^^^^^^^^^^^^^^^^^^^^^^^^^^^^^^^^^^^
/usr/lib/python3/dist-packages/requests/sessions.py:575: in request
    prep = self.prepare_request(req)
           ^^^^^^^^^^^^^^^^^^^^^^^^^
/usr/lib/python3/dist-packages/requests/sessions.py:486: in prepare_request
    p.prepare(
/usr/lib/python3/dist-packages/requests/models.py:368: in prepare
    self.prepare_url(url, params)
/usr/lib/python3/dist-packages/requests/models.py:439: in prepare_url
    raise MissingSchema(
E   requests.exceptions.MissingSchema: Invalid URL '/api/rag/workout/strava_17130033093': No scheme supplied. Perhaps you meant https:///api/rag/workout/strava_17130033093?
____________ TestRAGWorkoutHRAnalysis.test_hr_analysis_has_hr_drift ____________
backend/tests/test_rag_enrichment.py:139: in test_hr_analysis_has_hr_drift
    response = requests.get(f"{BASE_URL}/api/rag/workout/{TEST_WORKOUT_ID}")
               ^^^^^^^^^^^^^^^^^^^^^^^^^^^^^^^^^^^^^^^^^^^^^^^^^^^^^^^^^^^^^
/usr/lib/python3/dist-packages/requests/api.py:73: in get
    return request("get", url, params=params, **kwargs)
           ^^^^^^^^^^^^^^^^^^^^^^^^^^^^^^^^^^^^^^^^^^^^
/usr/lib/python3/dist-packages/requests/api.py:59: in request
    return session.request(method=method, url=url, **kwargs)
           ^^^^^^^^^^^^^^^^^^^^^^^^^^^^^^^^^^^^^^^^^^^^^^^^^
/usr/lib/python3/dist-packages/requests/sessions.py:575: in request
    prep = self.prepare_request(req)
           ^^^^^^^^^^^^^^^^^^^^^^^^^
/usr/lib/python3/dist-packages/requests/sessions.py:486: in prepare_request
    p.prepare(
/usr/lib/python3/dist-packages/requests/models.py:368: in prepare
    self.prepare_url(url, params)
/usr/lib/python3/dist-packages/requests/models.py:439: in prepare_url
    raise MissingSchema(
E   requests.exceptions.MissingSchema: Invalid URL '/api/rag/workout/strava_17130033093': No scheme supplied. Perhaps you meant https:///api/rag/workout/strava_17130033093?
_______________ TestRAGWorkoutHRAnalysis.test_hr_values_logical ________________
backend/tests/test_rag_enrichment.py:150: in test_hr_values_logical
    response = requests.get(f"{BASE_URL}/api/rag/workout/{TEST_WORKOUT_ID}")
               ^^^^^^^^^^^^^^^^^^^^^^^^^^^^^^^^^^^^^^^^^^^^^^^^^^^^^^^^^^^^^
/usr/lib/python3/dist-packages/requests/api.py:73: in get
    return request("get", url, params=params, **kwargs)
           ^^^^^^^^^^^^^^^^^^^^^^^^^^^^^^^^^^^^^^^^^^^^
/usr/lib/python3/dist-packages/requests/api.py:59: in request
    return session.request(method=method, url=url, **kwargs)
           ^^^^^^^^^^^^^^^^^^^^^^^^^^^^^^^^^^^^^^^^^^^^^^^^^
/usr/lib/python3/dist-packages/requests/sessions.py:575: in request
    prep = self.prepare_request(req)
           ^^^^^^^^^^^^^^^^^^^^^^^^^
/usr/lib/python3/dist-packages/requests/sessions.py:486: in prepare_request
    p.prepare(
/usr/lib/python3/dist-packages/requests/models.py:368: in prepare
    self.prepare_url(url, params)
/usr/lib/python3/dist-packages/requests/models.py:439: in prepare_url
    raise MissingSchema(
E   requests.exceptions.MissingSchema: Invalid URL '/api/rag/workout/strava_17130033093': No scheme supplied. Perhaps you meant https:///api/rag/workout/strava_17130033093?
_______ TestRAGWorkoutCadenceAnalysis.test_workout_has_cadence_analysis ________
backend/tests/test_rag_enrichment.py:168: in test_workout_has_cadence_analysis
    response = requests.get(f"{BASE_URL}/api/rag/workout/{TEST_WORKOUT_ID}")
               ^^^^^^^^^^^^^^^^^^^^^^^^^^^^^^^^^^^^^^^^^^^^^^^^^^^^^^^^^^^^^
/usr/lib/python3/dist-packages/requests/api.py:73: in get
    return request("get", url, params=params, **kwargs)
           ^^^^^^^^^^^^^^^^^^^^^^^^^^^^^^^^^^^^^^^^^^^^
/usr/lib/python3/dist-packages/requests/api.py:59: in request
    return session.request(method=method, url=url, **kwargs)
           ^^^^^^^^^^^^^^^^^^^^^^^^^^^^^^^^^^^^^^^^^^^^^^^^^
/usr/lib/python3/dist-packages/requests/sessions.py:575: in request
    prep = self.prepare_request(req)
           ^^^^^^^^^^^^^^^^^^^^^^^^^
/usr/lib/python3/dist-packages/requests/sessions.py:486: in prepare_request
    p.prepare(
/usr/lib/python3/dist-packages/requests/models.py:368: in prepare
    self.prepare_url(url, params)
/usr/lib/python3/dist-packages/requests/models.py:439: in prepare_url
    raise MissingSchema(
E   requests.exceptions.MissingSchema: Invalid URL '/api/rag/workout/strava_17130033093': No scheme supplied. Perhaps you meant https:///api/rag/workout/strava_17130033093?
_____ TestRAGWorkoutCadenceAnalysis.test_cadence_analysis_has_min_cadence ______
backend/tests/test_rag_enrichment.py:180: in test_cadence_analysis_has_min_cadence
    response = requests.get(f"{BASE_URL}/api/rag/workout/{TEST_WORKOUT_ID}")
               ^^^^^^^^^^^^^^^^^^^^^^^^^^^^^^^^^^^^^^^^^^^^^^^^^^^^^^^^^^^^^
/usr/lib/python3/dist-packages/requests/api.py:73: in get
    return request("get", url, params=params, **kwargs)
           ^^^^^^^^^^^^^^^^^^^^^^^^^^^^^^^^^^^^^^^^^^^^
/usr/lib/python3/dist-packages/requests/api.py:59: in request
    return session.request(method=method, url=url, **kwargs)
           ^^^^^^^^^^^^^^^^^^^^^^^^^^^^^^^^^^^^^^^^^^^^^^^^^
/usr/lib/python3/dist-packages/requests/sessions.py:575: in request
    prep = self.prepare_request(req)
           ^^^^^^^^^^^^^^^^^^^^^^^^^
/usr/lib/python3/dist-packages/requests/sessions.py:486: in prepare_request
    p.prepare(
/usr/lib/python3/dist-packages/requests/models.py:368: in prepare
    self.prepare_url(url, params)
/usr/lib/python3/dist-packages/requests/models.py:439: in prepare_url
    raise MissingSchema(
E   requests.exceptions.MissingSchema: Invalid URL '/api/rag/workout/strava_17130033093': No scheme supplied. Perhaps you meant https:///api/rag/workout/strava_17130033093?
_____ TestRAGWorkoutCadenceAnalysis.test_cadence_analysis_has_max_cadence ______
backend/tests/test_rag_enrichment.py:191: in test_cadence_analysis_has_max_cadence
    response = requests.get(f"{BASE_URL}/api/rag/workout/{TEST_WORKOUT_ID}")
               ^^^^^^^^^^^^^^^^^^^^^^^^^^^^^^^^^^^^^^^^^^^^^^^^^^^^^^^^^^^^^
/usr/lib/python3/dist-packages/requests/api.py:73: in get
    return request("get", url, params=params, **kwargs)
           ^^^^^^^^^^^^^^^^^^^^^^^^^^^^^^^^^^^^^^^^^^^^
/usr/lib/python3/dist-packages/requests/api.py:59: in request
    return session.request(method=method, url=url, **kwargs)
           ^^^^^^^^^^^^^^^^^^^^^^^^^^^^^^^^^^^^^^^^^^^^^^^^^
/usr/lib/python3/dist-packages/requests/sessions.py:575: in request
    prep = self.prepare_request(req)
           ^^^^^^^^^^^^^^^^^^^^^^^^^
/usr/lib/python3/dist-packages/requests/sessions.py:486: in prepare_request
    p.prepare(
/usr/lib/python3/dist-packages/requests/models.py:368: in prepare
    self.prepare_url(url, params)
/usr/lib/python3/dist-packages/requests/models.py:439: in prepare_url
    raise MissingSchema(
E   requests.exceptions.MissingSchema: Invalid URL '/api/rag/workout/strava_17130033093': No scheme supplied. Perhaps you meant https:///api/rag/workout/strava_17130033093?
_____ TestRAGWorkoutCadenceAnalysis.test_cadence_analysis_has_avg_cadence ______
backend/tests/test_rag_enrichment.py:202: in test_cadence_analysis_has_avg_cadence
    response = requests.get(f"{BASE_URL}/api/rag/workout/{TEST_WORKOUT_ID}")
               ^^^^^^^^^^^^^^^^^^^^^^^^^^^^^^^^^^^^^^^^^^^^^^^^^^^^^^^^^^^^^
/usr/lib/python3/dist-packages/requests/api.py:73: in get
    return request("get", url, params=params, **kwargs)
           ^^^^^^^^^^^^^^^^^^^^^^^^^^^^^^^^^^^^^^^^^^^^
/usr/lib/python3/dist-packages/requests/api.py:59: in request
    return session.request(method=method, url=url, **kwargs)
           ^^^^^^^^^^^^^^^^^^^^^^^^^^^^^^^^^^^^^^^^^^^^^^^^^
/usr/lib/python3/dist-packages/requests/sessions.py:575: in request
    prep = self.prepare_request(req)
           ^^^^^^^^^^^^^^^^^^^^^^^^^
/usr/lib/python3/dist-packages/requests/sessions.py:486: in prepare_request
    p.prepare(
/usr/lib/python3/dist-packages/requests/models.py:368: in prepare
    self.prepare_url(url, params)
/usr/lib/python3/dist-packages/requests/models.py:439: in prepare_url
    raise MissingSchema(
E   requests.exceptions.MissingSchema: Invalid URL '/api/rag/workout/strava_17130033093': No scheme supplied. Perhaps you meant https:///api/rag/workout/strava_17130033093?
______ TestRAGWorkoutCadenceAnalysis.test_cadence_analysis_has_stability _______
backend/tests/test_rag_enrichment.py:213: in test_cadence_analysis_has_stability
    response = requests.get(f"{BASE_URL}/api/rag/workout/{TEST_WORKOUT_ID}")
               ^^^^^^^^^^^^^^^^^^^^^^^^^^^^^^^^^^^^^^^^^^^^^^^^^^^^^^^^^^^^^
/usr/lib/python3/dist-packages/requests/api.py:73: in get
    return request("get", url, params=params, **kwargs)
           ^^^^^^^^^^^^^^^^^^^^^^^^^^^^^^^^^^^^^^^^^^^^
/usr/lib/python3/dist-packages/requests/api.py:59: in request
    return session.request(method=method, url=url, **kwargs)
           ^^^^^^^^^^^^^^^^^^^^^^^^^^^^^^^^^^^^^^^^^^^^^^^^^
/usr/lib/python3/dist-packages/requests/sessions.py:575: in request
    prep = self.prepare_request(req)
           ^^^^^^^^^^^^^^^^^^^^^^^^^
/usr/lib/python3/dist-packages/requests/sessions.py:486: in prepare_request
    p.prepare(
/usr/lib/python3/dist-packages/requests/models.py:368: in prepare
    self.prepare_url(url, params)
/usr/lib/python3/dist-packages/requests/models.py:439: in prepare_url
    raise MissingSchema(
E   requests.exceptions.MissingSchema: Invalid URL '/api/rag/workout/strava_17130033093': No scheme supplied. Perhaps you meant https:///api/rag/workout/strava_17130033093?
________ TestRAGWorkoutComparison.test_comparison_has_splits_comparison ________
backend/tests/test_rag_enrichment.py:229: in test_comparison_has_splits_comparison
    response = requests.get(f"{BASE_URL}/api/rag/workout/{TEST_WORKOUT_ID}")
               ^^^^^^^^^^^^^^^^^^^^^^^^^^^^^^^^^^^^^^^^^^^^^^^^^^^^^^^^^^^^^
/usr/lib/python3/dist-packages/requests/api.py:73: in get
    return request("get", url, params=params, **kwargs)
           ^^^^^^^^^^^^^^^^^^^^^^^^^^^^^^^^^^^^^^^^^^^^
/usr/lib/python3/dist-packages/requests/api.py:59: in request
    return session.request(method=method, url=url, **kwargs)
           ^^^^^^^^^^^^^^^^^^^^^^^^^^^^^^^^^^^^^^^^^^^^^^^^^
/usr/lib/python3/dist-packages/requests/sessions.py:575: in request
    prep = self.prepare_request(req)
           ^^^^^^^^^^^^^^^^^^^^^^^^^
/usr/lib/python3/dist-packages/requests/sessions.py:486: in prepare_request
    p.prepare(
/usr/lib/python3/dist-packages/requests/models.py:368: in prepare
    self.prepare_url(url, params)
/usr/lib/python3/dist-packages/requests/models.py:439: in prepare_url
    raise MissingSchema(
E   requests.exceptions.MissingSchema: Invalid URL '/api/rag/workout/strava_17130033093': No scheme supplied. Perhaps you meant https:///api/rag/workout/strava_17130033093?
___________ TestRAGWorkoutComparison.test_comparison_has_progression ___________
backend/tests/test_rag_enrichment.py:245: in test_comparison_has_progression
    response = requests.get(f"{BASE_URL}/api/rag/workout/{TEST_WORKOUT_ID}")
               ^^^^^^^^^^^^^^^^^^^^^^^^^^^^^^^^^^^^^^^^^^^^^^^^^^^^^^^^^^^^^
/usr/lib/python3/dist-packages/requests/api.py:73: in get
    return request("get", url, params=params, **kwargs)
           ^^^^^^^^^^^^^^^^^^^^^^^^^^^^^^^^^^^^^^^^^^^^
/usr/lib/python3/dist-packages/requests/api.py:59: in request
    return session.request(method=method, url=url, **kwargs)
           ^^^^^^^^^^^^^^^^^^^^^^^^^^^^^^^^^^^^^^^^^^^^^^^^^
/usr/lib/python3/dist-packages/requests/sessions.py:575: in request
    prep = self.prepare_request(req)
           ^^^^^^^^^^^^^^^^^^^^^^^^^
/usr/lib/python3/dist-packages/requests/sessions.py:486: in prepare_request
    p.prepare(
/usr/lib/python3/dist-packages/requests/models.py:368: in prepare
    self.prepare_url(url, params)
/usr/lib/python3/dist-packages/requests/models.py:439: in prepare_url
    raise MissingSchema(
E   requests.exceptions.MissingSchema: Invalid URL '/api/rag/workout/strava_17130033093': No scheme supplied. Perhaps you meant https:///api/rag/workout/strava_17130033093?
___________ TestRAGSources.test_rag_sources_indicates_detailed_data ____________
backend/tests/test_rag_enrichment.py:261: in test_rag_sources_indicates_detailed_data
    response = requests.get(f"{BASE_URL}/api/rag/workout/{TEST_WORKOUT_ID}")
               ^^^^^^^^^^^^^^^^^^^^^^^^^^^^^^^^^^^^^^^^^^^^^^^^^^^^^^^^^^^^^
/usr/lib/python3/dist-packages/requests/api.py:73: in get
    return request("get", url, params=params, **kwargs)
           ^^^^^^^^^^^^^^^^^^^^^^^^^^^^^^^^^^^^^^^^^^^^
/usr/lib/python3/dist-packages/requests/api.py:59: in request
    return session.request(method=method, url=url, **kwargs)
           ^^^^^^^^^^^^^^^^^^^^^^^^^^^^^^^^^^^^^^^^^^^^^^^^^
/usr/lib/python3/dist-packages/requests/sessions.py:575: in request
    prep = self.prepare_request(req)
           ^^^^^^^^^^^^^^^^^^^^^^^^^
/usr/lib/python3/dist-packages/requests/sessions.py:486: in prepare_request
    p.prepare(
/usr/lib/python3/dist-packages/requests/models.py:368: in prepare
    self.prepare_url(url, params)
/usr/lib/python3/dist-packages/requests/models.py:439: in prepare_url
    raise MissingSchema(
E   requests.exceptions.MissingSchema: Invalid URL '/api/rag/workout/strava_17130033093': No scheme supplied. Perhaps you meant https:///api/rag/workout/strava_17130033093?
_________________________ TestHealth.test_queue_health _________________________
/usr/lib/python3/dist-packages/urllib3/connection.py:203: in _new_conn
    sock = connection.create_connection(
/usr/lib/python3/dist-packages/urllib3/util/connection.py:60: in create_connection
    for res in socket.getaddrinfo(host, port, family, socket.SOCK_STREAM):
               ^^^^^^^^^^^^^^^^^^^^^^^^^^^^^^^^^^^^^^^^^^^^^^^^^^^^^^^^^^
/usr/lib/python3.12/socket.py:963: in getaddrinfo
    for res in _socket.getaddrinfo(host, port, family, type, proto, flags):
               ^^^^^^^^^^^^^^^^^^^^^^^^^^^^^^^^^^^^^^^^^^^^^^^^^^^^^^^^^^^
E   socket.gaierror: [Errno -5] No address associated with hostname

The above exception was the direct cause of the following exception:
/usr/lib/python3/dist-packages/urllib3/connectionpool.py:791: in urlopen
    response = self._make_request(
/usr/lib/python3/dist-packages/urllib3/connectionpool.py:492: in _make_request
    raise new_e
/usr/lib/python3/dist-packages/urllib3/connectionpool.py:468: in _make_request
    self._validate_conn(conn)
/usr/lib/python3/dist-packages/urllib3/connectionpool.py:1109: in _validate_conn
    conn.connect()
/usr/lib/python3/dist-packages/urllib3/connection.py:611: in connect
    self.sock = sock = self._new_conn()
                       ^^^^^^^^^^^^^^^^
/usr/lib/python3/dist-packages/urllib3/connection.py:210: in _new_conn
    raise NameResolutionError(self.host, self, e) from e
E   urllib3.exceptions.NameResolutionError: <urllib3.connection.HTTPSConnection object at 0x7f290f3b01d0>: Failed to resolve 'charge-load.preview.emergentagent.com' ([Errno -5] No address associated with hostname)

The above exception was the direct cause of the following exception:
/usr/lib/python3/dist-packages/requests/adapters.py:486: in send
    resp = conn.urlopen(
/usr/lib/python3/dist-packages/urllib3/connectionpool.py:845: in urlopen
    retries = retries.increment(
/usr/lib/python3/dist-packages/urllib3/util/retry.py:517: in increment
    raise MaxRetryError(_pool, url, reason) from reason  # type: ignore[arg-type]
    ^^^^^^^^^^^^^^^^^^^^^^^^^^^^^^^^^^^^^^^^^^^^^^^^^^^
E   urllib3.exceptions.MaxRetryError: HTTPSConnectionPool(host='charge-load.preview.emergentagent.com', port=443): Max retries exceeded with url: /api/garmin/queue/health (Caused by NameResolutionError("<urllib3.connection.HTTPSConnection object at 0x7f290f3b01d0>: Failed to resolve 'charge-load.preview.emergentagent.com' ([Errno -5] No address associated with hostname)"))

During handling of the above exception, another exception occurred:
backend/tests/test_realtime_sync_pipeline.py:105: in test_queue_health
    r = session.get(f"{API}/garmin/queue/health", timeout=15)
        ^^^^^^^^^^^^^^^^^^^^^^^^^^^^^^^^^^^^^^^^^^^^^^^^^^^^^
/usr/lib/python3/dist-packages/requests/sessions.py:602: in get
    return self.request("GET", url, **kwargs)
           ^^^^^^^^^^^^^^^^^^^^^^^^^^^^^^^^^^
/usr/lib/python3/dist-packages/requests/sessions.py:589: in request
    resp = self.send(prep, **send_kwargs)
           ^^^^^^^^^^^^^^^^^^^^^^^^^^^^^^
/usr/lib/python3/dist-packages/requests/sessions.py:703: in send
    r = adapter.send(request, **kwargs)
        ^^^^^^^^^^^^^^^^^^^^^^^^^^^^^^^
/usr/lib/python3/dist-packages/requests/adapters.py:519: in send
    raise ConnectionError(e, request=request)
E   requests.exceptions.ConnectionError: HTTPSConnectionPool(host='charge-load.preview.emergentagent.com', port=443): Max retries exceeded with url: /api/garmin/queue/health (Caused by NameResolutionError("<urllib3.connection.HTTPSConnection object at 0x7f290f3b01d0>: Failed to resolve 'charge-load.preview.emergentagent.com' ([Errno -5] No address associated with hostname)"))
___________________ TestHealth.test_garmin_status_connected ____________________
/usr/lib/python3/dist-packages/urllib3/connection.py:203: in _new_conn
    sock = connection.create_connection(
/usr/lib/python3/dist-packages/urllib3/util/connection.py:60: in create_connection
    for res in socket.getaddrinfo(host, port, family, socket.SOCK_STREAM):
               ^^^^^^^^^^^^^^^^^^^^^^^^^^^^^^^^^^^^^^^^^^^^^^^^^^^^^^^^^^
/usr/lib/python3.12/socket.py:963: in getaddrinfo
    for res in _socket.getaddrinfo(host, port, family, type, proto, flags):
               ^^^^^^^^^^^^^^^^^^^^^^^^^^^^^^^^^^^^^^^^^^^^^^^^^^^^^^^^^^^
E   socket.gaierror: [Errno -5] No address associated with hostname

The above exception was the direct cause of the following exception:
/usr/lib/python3/dist-packages/urllib3/connectionpool.py:791: in urlopen
    response = self._make_request(
/usr/lib/python3/dist-packages/urllib3/connectionpool.py:492: in _make_request
    raise new_e
/usr/lib/python3/dist-packages/urllib3/connectionpool.py:468: in _make_request
    self._validate_conn(conn)
/usr/lib/python3/dist-packages/urllib3/connectionpool.py:1109: in _validate_conn
    conn.connect()
/usr/lib/python3/dist-packages/urllib3/connection.py:611: in connect
    self.sock = sock = self._new_conn()
                       ^^^^^^^^^^^^^^^^
/usr/lib/python3/dist-packages/urllib3/connection.py:210: in _new_conn
    raise NameResolutionError(self.host, self, e) from e
E   urllib3.exceptions.NameResolutionError: <urllib3.connection.HTTPSConnection object at 0x7f290f5248f0>: Failed to resolve 'charge-load.preview.emergentagent.com' ([Errno -5] No address associated with hostname)

The above exception was the direct cause of the following exception:
/usr/lib/python3/dist-packages/requests/adapters.py:486: in send
    resp = conn.urlopen(
/usr/lib/python3/dist-packages/urllib3/connectionpool.py:845: in urlopen
    retries = retries.increment(
/usr/lib/python3/dist-packages/urllib3/util/retry.py:517: in increment
    raise MaxRetryError(_pool, url, reason) from reason  # type: ignore[arg-type]
    ^^^^^^^^^^^^^^^^^^^^^^^^^^^^^^^^^^^^^^^^^^^^^^^^^^^
E   urllib3.exceptions.MaxRetryError: HTTPSConnectionPool(host='charge-load.preview.emergentagent.com', port=443): Max retries exceeded with url: /api/garmin/status?user_id=default (Caused by NameResolutionError("<urllib3.connection.HTTPSConnection object at 0x7f290f5248f0>: Failed to resolve 'charge-load.preview.emergentagent.com' ([Errno -5] No address associated with hostname)"))

During handling of the above exception, another exception occurred:
backend/tests/test_realtime_sync_pipeline.py:114: in test_garmin_status_connected
    r = session.get(f"{API}/garmin/status", params={"user_id": USER_ID}, timeout=15)
        ^^^^^^^^^^^^^^^^^^^^^^^^^^^^^^^^^^^^^^^^^^^^^^^^^^^^^^^^^^^^^^^^^^^^^^^^^^^^
/usr/lib/python3/dist-packages/requests/sessions.py:602: in get
    return self.request("GET", url, **kwargs)
           ^^^^^^^^^^^^^^^^^^^^^^^^^^^^^^^^^^
/usr/lib/python3/dist-packages/requests/sessions.py:589: in request
    resp = self.send(prep, **send_kwargs)
           ^^^^^^^^^^^^^^^^^^^^^^^^^^^^^^
/usr/lib/python3/dist-packages/requests/sessions.py:703: in send
    r = adapter.send(request, **kwargs)
        ^^^^^^^^^^^^^^^^^^^^^^^^^^^^^^^
/usr/lib/python3/dist-packages/requests/adapters.py:519: in send
    raise ConnectionError(e, request=request)
E   requests.exceptions.ConnectionError: HTTPSConnectionPool(host='charge-load.preview.emergentagent.com', port=443): Max retries exceeded with url: /api/garmin/status?user_id=default (Caused by NameResolutionError("<urllib3.connection.HTTPSConnection object at 0x7f290f5248f0>: Failed to resolve 'charge-load.preview.emergentagent.com' ([Errno -5] No address associated with hostname)"))
____________ TestSyncAndIngestion.test_sync_returns_fast_and_queued ____________
backend/tests/test_realtime_sync_pipeline.py:127: in test_sync_returns_fast_and_queued
    _redis_cli("DEL", f"sync_pending:{USER_ID}")
backend/tests/test_realtime_sync_pipeline.py:32: in _redis_cli
    proc = subprocess.run(
/usr/lib/python3.12/subprocess.py:548: in run
    with Popen(*popenargs, **kwargs) as process:
         ^^^^^^^^^^^^^^^^^^^^^^^^^^^
/usr/lib/python3.12/subprocess.py:1026: in __init__
    self._execute_child(args, executable, preexec_fn, close_fds,
/usr/lib/python3.12/subprocess.py:1955: in _execute_child
    raise child_exception_type(errno_num, err_msg, err_filename)
E   FileNotFoundError: [Errno 2] No such file or directory: '/app/bin/redis-cli'
____ TestSyncAndIngestion.test_sync_worker_processes_and_updates_last_sync _____
/usr/lib/python3/dist-packages/urllib3/connection.py:203: in _new_conn
    sock = connection.create_connection(
/usr/lib/python3/dist-packages/urllib3/util/connection.py:60: in create_connection
    for res in socket.getaddrinfo(host, port, family, socket.SOCK_STREAM):
               ^^^^^^^^^^^^^^^^^^^^^^^^^^^^^^^^^^^^^^^^^^^^^^^^^^^^^^^^^^
/usr/lib/python3.12/socket.py:963: in getaddrinfo
    for res in _socket.getaddrinfo(host, port, family, type, proto, flags):
               ^^^^^^^^^^^^^^^^^^^^^^^^^^^^^^^^^^^^^^^^^^^^^^^^^^^^^^^^^^^
E   socket.gaierror: [Errno -5] No address associated with hostname

The above exception was the direct cause of the following exception:
/usr/lib/python3/dist-packages/urllib3/connectionpool.py:791: in urlopen
    response = self._make_request(
/usr/lib/python3/dist-packages/urllib3/connectionpool.py:492: in _make_request
    raise new_e
/usr/lib/python3/dist-packages/urllib3/connectionpool.py:468: in _make_request
    self._validate_conn(conn)
/usr/lib/python3/dist-packages/urllib3/connectionpool.py:1109: in _validate_conn
    conn.connect()
/usr/lib/python3/dist-packages/urllib3/connection.py:611: in connect
    self.sock = sock = self._new_conn()
                       ^^^^^^^^^^^^^^^^
/usr/lib/python3/dist-packages/urllib3/connection.py:210: in _new_conn
    raise NameResolutionError(self.host, self, e) from e
E   urllib3.exceptions.NameResolutionError: <urllib3.connection.HTTPSConnection object at 0x7f290f3ec800>: Failed to resolve 'charge-load.preview.emergentagent.com' ([Errno -5] No address associated with hostname)

The above exception was the direct cause of the following exception:
/usr/lib/python3/dist-packages/requests/adapters.py:486: in send
    resp = conn.urlopen(
/usr/lib/python3/dist-packages/urllib3/connectionpool.py:845: in urlopen
    retries = retries.increment(
/usr/lib/python3/dist-packages/urllib3/util/retry.py:517: in increment
    raise MaxRetryError(_pool, url, reason) from reason  # type: ignore[arg-type]
    ^^^^^^^^^^^^^^^^^^^^^^^^^^^^^^^^^^^^^^^^^^^^^^^^^^^
E   urllib3.exceptions.MaxRetryError: HTTPSConnectionPool(host='charge-load.preview.emergentagent.com', port=443): Max retries exceeded with url: /api/garmin/status?user_id=default (Caused by NameResolutionError("<urllib3.connection.HTTPSConnection object at 0x7f290f3ec800>: Failed to resolve 'charge-load.preview.emergentagent.com' ([Errno -5] No address associated with hostname)"))

During handling of the above exception, another exception occurred:
backend/tests/test_realtime_sync_pipeline.py:139: in test_sync_worker_processes_and_updates_last_sync
    before = session.get(f"{API}/garmin/status", params={"user_id": USER_ID}).json()
             ^^^^^^^^^^^^^^^^^^^^^^^^^^^^^^^^^^^^^^^^^^^^^^^^^^^^^^^^^^^^^^^^
/usr/lib/python3/dist-packages/requests/sessions.py:602: in get
    return self.request("GET", url, **kwargs)
           ^^^^^^^^^^^^^^^^^^^^^^^^^^^^^^^^^^
/usr/lib/python3/dist-packages/requests/sessions.py:589: in request
    resp = self.send(prep, **send_kwargs)
           ^^^^^^^^^^^^^^^^^^^^^^^^^^^^^^
/usr/lib/python3/dist-packages/requests/sessions.py:703: in send
    r = adapter.send(request, **kwargs)
        ^^^^^^^^^^^^^^^^^^^^^^^^^^^^^^^
/usr/lib/python3/dist-packages/requests/adapters.py:519: in send
    raise ConnectionError(e, request=request)
E   requests.exceptions.ConnectionError: HTTPSConnectionPool(host='charge-load.preview.emergentagent.com', port=443): Max retries exceeded with url: /api/garmin/status?user_id=default (Caused by NameResolutionError("<urllib3.connection.HTTPSConnection object at 0x7f290f3ec800>: Failed to resolve 'charge-load.preview.emergentagent.com' ([Errno -5] No address associated with hostname)"))
__________ TestSyncAndIngestion.test_activities_populated_and_deduped __________
/usr/lib/python3/dist-packages/urllib3/connection.py:203: in _new_conn
    sock = connection.create_connection(
/usr/lib/python3/dist-packages/urllib3/util/connection.py:60: in create_connection
    for res in socket.getaddrinfo(host, port, family, socket.SOCK_STREAM):
               ^^^^^^^^^^^^^^^^^^^^^^^^^^^^^^^^^^^^^^^^^^^^^^^^^^^^^^^^^^
/usr/lib/python3.12/socket.py:963: in getaddrinfo
    for res in _socket.getaddrinfo(host, port, family, type, proto, flags):
               ^^^^^^^^^^^^^^^^^^^^^^^^^^^^^^^^^^^^^^^^^^^^^^^^^^^^^^^^^^^
E   socket.gaierror: [Errno -5] No address associated with hostname

The above exception was the direct cause of the following exception:
/usr/lib/python3/dist-packages/urllib3/connectionpool.py:791: in urlopen
    response = self._make_request(
/usr/lib/python3/dist-packages/urllib3/connectionpool.py:492: in _make_request
    raise new_e
/usr/lib/python3/dist-packages/urllib3/connectionpool.py:468: in _make_request
    self._validate_conn(conn)
/usr/lib/python3/dist-packages/urllib3/connectionpool.py:1109: in _validate_conn
    conn.connect()
/usr/lib/python3/dist-packages/urllib3/connection.py:611: in connect
    self.sock = sock = self._new_conn()
                       ^^^^^^^^^^^^^^^^
/usr/lib/python3/dist-packages/urllib3/connection.py:210: in _new_conn
    raise NameResolutionError(self.host, self, e) from e
E   urllib3.exceptions.NameResolutionError: <urllib3.connection.HTTPSConnection object at 0x7f290f3b2210>: Failed to resolve 'charge-load.preview.emergentagent.com' ([Errno -5] No address associated with hostname)

The above exception was the direct cause of the following exception:
/usr/lib/python3/dist-packages/requests/adapters.py:486: in send
    resp = conn.urlopen(
/usr/lib/python3/dist-packages/urllib3/connectionpool.py:845: in urlopen
    retries = retries.increment(
/usr/lib/python3/dist-packages/urllib3/util/retry.py:517: in increment
    raise MaxRetryError(_pool, url, reason) from reason  # type: ignore[arg-type]
    ^^^^^^^^^^^^^^^^^^^^^^^^^^^^^^^^^^^^^^^^^^^^^^^^^^^
E   urllib3.exceptions.MaxRetryError: HTTPSConnectionPool(host='charge-load.preview.emergentagent.com', port=443): Max retries exceeded with url: /api/garmin/activities?user_id=default&limit=200 (Caused by NameResolutionError("<urllib3.connection.HTTPSConnection object at 0x7f290f3b2210>: Failed to resolve 'charge-load.preview.emergentagent.com' ([Errno -5] No address associated with hostname)"))

During handling of the above exception, another exception occurred:
backend/tests/test_realtime_sync_pipeline.py:152: in test_activities_populated_and_deduped
    r1 = session.get(f"{API}/garmin/activities",
/usr/lib/python3/dist-packages/requests/sessions.py:602: in get
    return self.request("GET", url, **kwargs)
           ^^^^^^^^^^^^^^^^^^^^^^^^^^^^^^^^^^
/usr/lib/python3/dist-packages/requests/sessions.py:589: in request
    resp = self.send(prep, **send_kwargs)
           ^^^^^^^^^^^^^^^^^^^^^^^^^^^^^^
/usr/lib/python3/dist-packages/requests/sessions.py:703: in send
    r = adapter.send(request, **kwargs)
        ^^^^^^^^^^^^^^^^^^^^^^^^^^^^^^^
/usr/lib/python3/dist-packages/requests/adapters.py:519: in send
    raise ConnectionError(e, request=request)
E   requests.exceptions.ConnectionError: HTTPSConnectionPool(host='charge-load.preview.emergentagent.com', port=443): Max retries exceeded with url: /api/garmin/activities?user_id=default&limit=200 (Caused by NameResolutionError("<urllib3.connection.HTTPSConnection object at 0x7f290f3b2210>: Failed to resolve 'charge-load.preview.emergentagent.com' ([Errno -5] No address associated with hostname)"))
____________________ TestEventFanOut.test_stream_key_exists ____________________
backend/tests/test_realtime_sync_pipeline.py:179: in test_stream_key_exists
    assert redis_xlen("runindex:events:activity_created") >= 0
           ^^^^^^^^^^^^^^^^^^^^^^^^^^^^^^^^^^^^^^^^^^^^^^^^^
backend/tests/test_realtime_sync_pipeline.py:66: in redis_xlen
    v = _redis_cli("XLEN", key)
        ^^^^^^^^^^^^^^^^^^^^^^^
backend/tests/test_realtime_sync_pipeline.py:32: in _redis_cli
    proc = subprocess.run(
/usr/lib/python3.12/subprocess.py:548: in run
    with Popen(*popenargs, **kwargs) as process:
         ^^^^^^^^^^^^^^^^^^^^^^^^^^^
/usr/lib/python3.12/subprocess.py:1026: in __init__
    self._execute_child(args, executable, preexec_fn, close_fds,
/usr/lib/python3.12/subprocess.py:1955: in _execute_child
    raise child_exception_type(errno_num, err_msg, err_filename)
E   FileNotFoundError: [Errno 2] No such file or directory: '/app/bin/redis-cli'
____________________ TestEventFanOut.test_feed_cache_warmed ____________________
/usr/lib/python3/dist-packages/urllib3/connection.py:203: in _new_conn
    sock = connection.create_connection(
/usr/lib/python3/dist-packages/urllib3/util/connection.py:60: in create_connection
    for res in socket.getaddrinfo(host, port, family, socket.SOCK_STREAM):
               ^^^^^^^^^^^^^^^^^^^^^^^^^^^^^^^^^^^^^^^^^^^^^^^^^^^^^^^^^^
/usr/lib/python3.12/socket.py:963: in getaddrinfo
    for res in _socket.getaddrinfo(host, port, family, type, proto, flags):
               ^^^^^^^^^^^^^^^^^^^^^^^^^^^^^^^^^^^^^^^^^^^^^^^^^^^^^^^^^^^
E   socket.gaierror: [Errno -5] No address associated with hostname

The above exception was the direct cause of the following exception:
/usr/lib/python3/dist-packages/urllib3/connectionpool.py:791: in urlopen
    response = self._make_request(
/usr/lib/python3/dist-packages/urllib3/connectionpool.py:492: in _make_request
    raise new_e
/usr/lib/python3/dist-packages/urllib3/connectionpool.py:468: in _make_request
    self._validate_conn(conn)
/usr/lib/python3/dist-packages/urllib3/connectionpool.py:1109: in _validate_conn
    conn.connect()
/usr/lib/python3/dist-packages/urllib3/connection.py:611: in connect
    self.sock = sock = self._new_conn()
                       ^^^^^^^^^^^^^^^^
/usr/lib/python3/dist-packages/urllib3/connection.py:210: in _new_conn
    raise NameResolutionError(self.host, self, e) from e
E   urllib3.exceptions.NameResolutionError: <urllib3.connection.HTTPSConnection object at 0x7f290f5b3f50>: Failed to resolve 'charge-load.preview.emergentagent.com' ([Errno -5] No address associated with hostname)

The above exception was the direct cause of the following exception:
/usr/lib/python3/dist-packages/requests/adapters.py:486: in send
    resp = conn.urlopen(
/usr/lib/python3/dist-packages/urllib3/connectionpool.py:845: in urlopen
    retries = retries.increment(
/usr/lib/python3/dist-packages/urllib3/util/retry.py:517: in increment
    raise MaxRetryError(_pool, url, reason) from reason  # type: ignore[arg-type]
    ^^^^^^^^^^^^^^^^^^^^^^^^^^^^^^^^^^^^^^^^^^^^^^^^^^^
E   urllib3.exceptions.MaxRetryError: HTTPSConnectionPool(host='charge-load.preview.emergentagent.com', port=443): Max retries exceeded with url: /api/garmin/activities?user_id=default&limit=5 (Caused by NameResolutionError("<urllib3.connection.HTTPSConnection object at 0x7f290f5b3f50>: Failed to resolve 'charge-load.preview.emergentagent.com' ([Errno -5] No address associated with hostname)"))

During handling of the above exception, another exception occurred:
backend/tests/test_realtime_sync_pipeline.py:184: in test_feed_cache_warmed
    session.get(f"{API}/garmin/activities",
/usr/lib/python3/dist-packages/requests/sessions.py:602: in get
    return self.request("GET", url, **kwargs)
           ^^^^^^^^^^^^^^^^^^^^^^^^^^^^^^^^^^
/usr/lib/python3/dist-packages/requests/sessions.py:589: in request
    resp = self.send(prep, **send_kwargs)
           ^^^^^^^^^^^^^^^^^^^^^^^^^^^^^^
/usr/lib/python3/dist-packages/requests/sessions.py:703: in send
    r = adapter.send(request, **kwargs)
        ^^^^^^^^^^^^^^^^^^^^^^^^^^^^^^^
/usr/lib/python3/dist-packages/requests/adapters.py:519: in send
    raise ConnectionError(e, request=request)
E   requests.exceptions.ConnectionError: HTTPSConnectionPool(host='charge-load.preview.emergentagent.com', port=443): Max retries exceeded with url: /api/garmin/activities?user_id=default&limit=5 (Caused by NameResolutionError("<urllib3.connection.HTTPSConnection object at 0x7f290f5b3f50>: Failed to resolve 'charge-load.preview.emergentagent.com' ([Errno -5] No address associated with hostname)"))
_________________ TestEventFanOut.test_activities_source_cache _________________
/usr/lib/python3/dist-packages/urllib3/connection.py:203: in _new_conn
    sock = connection.create_connection(
/usr/lib/python3/dist-packages/urllib3/util/connection.py:60: in create_connection
    for res in socket.getaddrinfo(host, port, family, socket.SOCK_STREAM):
               ^^^^^^^^^^^^^^^^^^^^^^^^^^^^^^^^^^^^^^^^^^^^^^^^^^^^^^^^^^
/usr/lib/python3.12/socket.py:963: in getaddrinfo
    for res in _socket.getaddrinfo(host, port, family, type, proto, flags):
               ^^^^^^^^^^^^^^^^^^^^^^^^^^^^^^^^^^^^^^^^^^^^^^^^^^^^^^^^^^^
E   socket.gaierror: [Errno -5] No address associated with hostname

The above exception was the direct cause of the following exception:
/usr/lib/python3/dist-packages/urllib3/connectionpool.py:791: in urlopen
    response = self._make_request(
/usr/lib/python3/dist-packages/urllib3/connectionpool.py:492: in _make_request
    raise new_e
/usr/lib/python3/dist-packages/urllib3/connectionpool.py:468: in _make_request
    self._validate_conn(conn)
/usr/lib/python3/dist-packages/urllib3/connectionpool.py:1109: in _validate_conn
    conn.connect()
/usr/lib/python3/dist-packages/urllib3/connection.py:611: in connect
    self.sock = sock = self._new_conn()
                       ^^^^^^^^^^^^^^^^
/usr/lib/python3/dist-packages/urllib3/connection.py:210: in _new_conn
    raise NameResolutionError(self.host, self, e) from e
E   urllib3.exceptions.NameResolutionError: <urllib3.connection.HTTPSConnection object at 0x7f290f550320>: Failed to resolve 'charge-load.preview.emergentagent.com' ([Errno -5] No address associated with hostname)

The above exception was the direct cause of the following exception:
/usr/lib/python3/dist-packages/requests/adapters.py:486: in send
    resp = conn.urlopen(
/usr/lib/python3/dist-packages/urllib3/connectionpool.py:845: in urlopen
    retries = retries.increment(
/usr/lib/python3/dist-packages/urllib3/util/retry.py:517: in increment
    raise MaxRetryError(_pool, url, reason) from reason  # type: ignore[arg-type]
    ^^^^^^^^^^^^^^^^^^^^^^^^^^^^^^^^^^^^^^^^^^^^^^^^^^^
E   urllib3.exceptions.MaxRetryError: HTTPSConnectionPool(host='charge-load.preview.emergentagent.com', port=443): Max retries exceeded with url: /api/garmin/activities?user_id=default&limit=5 (Caused by NameResolutionError("<urllib3.connection.HTTPSConnection object at 0x7f290f550320>: Failed to resolve 'charge-load.preview.emergentagent.com' ([Errno -5] No address associated with hostname)"))

During handling of the above exception, another exception occurred:
backend/tests/test_realtime_sync_pipeline.py:192: in test_activities_source_cache
    r = session.get(f"{API}/garmin/activities",
/usr/lib/python3/dist-packages/requests/sessions.py:602: in get
    return self.request("GET", url, **kwargs)
           ^^^^^^^^^^^^^^^^^^^^^^^^^^^^^^^^^^
/usr/lib/python3/dist-packages/requests/sessions.py:589: in request
    resp = self.send(prep, **send_kwargs)
           ^^^^^^^^^^^^^^^^^^^^^^^^^^^^^^
/usr/lib/python3/dist-packages/requests/sessions.py:703: in send
    r = adapter.send(request, **kwargs)
        ^^^^^^^^^^^^^^^^^^^^^^^^^^^^^^^
/usr/lib/python3/dist-packages/requests/adapters.py:519: in send
    raise ConnectionError(e, request=request)
E   requests.exceptions.ConnectionError: HTTPSConnectionPool(host='charge-load.preview.emergentagent.com', port=443): Max retries exceeded with url: /api/garmin/activities?user_id=default&limit=5 (Caused by NameResolutionError("<urllib3.connection.HTTPSConnection object at 0x7f290f550320>: Failed to resolve 'charge-load.preview.emergentagent.com' ([Errno -5] No address associated with hostname)"))
____________ TestEventFanOut.test_workouts_derived_layer_populated _____________
/usr/lib/python3/dist-packages/urllib3/connection.py:203: in _new_conn
    sock = connection.create_connection(
/usr/lib/python3/dist-packages/urllib3/util/connection.py:60: in create_connection
    for res in socket.getaddrinfo(host, port, family, socket.SOCK_STREAM):
               ^^^^^^^^^^^^^^^^^^^^^^^^^^^^^^^^^^^^^^^^^^^^^^^^^^^^^^^^^^
/usr/lib/python3.12/socket.py:963: in getaddrinfo
    for res in _socket.getaddrinfo(host, port, family, type, proto, flags):
               ^^^^^^^^^^^^^^^^^^^^^^^^^^^^^^^^^^^^^^^^^^^^^^^^^^^^^^^^^^^
E   socket.gaierror: [Errno -5] No address associated with hostname

The above exception was the direct cause of the following exception:
/usr/lib/python3/dist-packages/urllib3/connectionpool.py:791: in urlopen
    response = self._make_request(
/usr/lib/python3/dist-packages/urllib3/connectionpool.py:492: in _make_request
    raise new_e
/usr/lib/python3/dist-packages/urllib3/connectionpool.py:468: in _make_request
    self._validate_conn(conn)
/usr/lib/python3/dist-packages/urllib3/connectionpool.py:1109: in _validate_conn
    conn.connect()
/usr/lib/python3/dist-packages/urllib3/connection.py:611: in connect
    self.sock = sock = self._new_conn()
                       ^^^^^^^^^^^^^^^^
/usr/lib/python3/dist-packages/urllib3/connection.py:210: in _new_conn
    raise NameResolutionError(self.host, self, e) from e
E   urllib3.exceptions.NameResolutionError: <urllib3.connection.HTTPSConnection object at 0x7f290f559ac0>: Failed to resolve 'charge-load.preview.emergentagent.com' ([Errno -5] No address associated with hostname)

The above exception was the direct cause of the following exception:
/usr/lib/python3/dist-packages/requests/adapters.py:486: in send
    resp = conn.urlopen(
/usr/lib/python3/dist-packages/urllib3/connectionpool.py:845: in urlopen
    retries = retries.increment(
/usr/lib/python3/dist-packages/urllib3/util/retry.py:517: in increment
    raise MaxRetryError(_pool, url, reason) from reason  # type: ignore[arg-type]
    ^^^^^^^^^^^^^^^^^^^^^^^^^^^^^^^^^^^^^^^^^^^^^^^^^^^
E   urllib3.exceptions.MaxRetryError: HTTPSConnectionPool(host='charge-load.preview.emergentagent.com', port=443): Max retries exceeded with url: /api/garmin/activities?user_id=default&limit=1 (Caused by NameResolutionError("<urllib3.connection.HTTPSConnection object at 0x7f290f559ac0>: Failed to resolve 'charge-load.preview.emergentagent.com' ([Errno -5] No address associated with hostname)"))

During handling of the above exception, another exception occurred:
backend/tests/test_realtime_sync_pipeline.py:207: in test_workouts_derived_layer_populated
    acts = session.get(f"{API}/garmin/activities",
/usr/lib/python3/dist-packages/requests/sessions.py:602: in get
    return self.request("GET", url, **kwargs)
           ^^^^^^^^^^^^^^^^^^^^^^^^^^^^^^^^^^
/usr/lib/python3/dist-packages/requests/sessions.py:589: in request
    resp = self.send(prep, **send_kwargs)
           ^^^^^^^^^^^^^^^^^^^^^^^^^^^^^^
/usr/lib/python3/dist-packages/requests/sessions.py:703: in send
    r = adapter.send(request, **kwargs)
        ^^^^^^^^^^^^^^^^^^^^^^^^^^^^^^^
/usr/lib/python3/dist-packages/requests/adapters.py:519: in send
    raise ConnectionError(e, request=request)
E   requests.exceptions.ConnectionError: HTTPSConnectionPool(host='charge-load.preview.emergentagent.com', port=443): Max retries exceeded with url: /api/garmin/activities?user_id=default&limit=1 (Caused by NameResolutionError("<urllib3.connection.HTTPSConnection object at 0x7f290f559ac0>: Failed to resolve 'charge-load.preview.emergentagent.com' ([Errno -5] No address associated with hostname)"))
_____________ TestSinceFilter.test_since_filter_returns_only_newer _____________
/usr/lib/python3/dist-packages/urllib3/connection.py:203: in _new_conn
    sock = connection.create_connection(
/usr/lib/python3/dist-packages/urllib3/util/connection.py:60: in create_connection
    for res in socket.getaddrinfo(host, port, family, socket.SOCK_STREAM):
               ^^^^^^^^^^^^^^^^^^^^^^^^^^^^^^^^^^^^^^^^^^^^^^^^^^^^^^^^^^
/usr/lib/python3.12/socket.py:963: in getaddrinfo
    for res in _socket.getaddrinfo(host, port, family, type, proto, flags):
               ^^^^^^^^^^^^^^^^^^^^^^^^^^^^^^^^^^^^^^^^^^^^^^^^^^^^^^^^^^^
E   socket.gaierror: [Errno -5] No address associated with hostname

The above exception was the direct cause of the following exception:
/usr/lib/python3/dist-packages/urllib3/connectionpool.py:791: in urlopen
    response = self._make_request(
/usr/lib/python3/dist-packages/urllib3/connectionpool.py:492: in _make_request
    raise new_e
/usr/lib/python3/dist-packages/urllib3/connectionpool.py:468: in _make_request
    self._validate_conn(conn)
/usr/lib/python3/dist-packages/urllib3/connectionpool.py:1109: in _validate_conn
    conn.connect()
/usr/lib/python3/dist-packages/urllib3/connection.py:611: in connect
    self.sock = sock = self._new_conn()
                       ^^^^^^^^^^^^^^^^
/usr/lib/python3/dist-packages/urllib3/connection.py:210: in _new_conn
    raise NameResolutionError(self.host, self, e) from e
E   urllib3.exceptions.NameResolutionError: <urllib3.connection.HTTPSConnection object at 0x7f290f552510>: Failed to resolve 'charge-load.preview.emergentagent.com' ([Errno -5] No address associated with hostname)

The above exception was the direct cause of the following exception:
/usr/lib/python3/dist-packages/requests/adapters.py:486: in send
    resp = conn.urlopen(
/usr/lib/python3/dist-packages/urllib3/connectionpool.py:845: in urlopen
    retries = retries.increment(
/usr/lib/python3/dist-packages/urllib3/util/retry.py:517: in increment
    raise MaxRetryError(_pool, url, reason) from reason  # type: ignore[arg-type]
    ^^^^^^^^^^^^^^^^^^^^^^^^^^^^^^^^^^^^^^^^^^^^^^^^^^^
E   urllib3.exceptions.MaxRetryError: HTTPSConnectionPool(host='charge-load.preview.emergentagent.com', port=443): Max retries exceeded with url: /api/garmin/activities?user_id=default&limit=50 (Caused by NameResolutionError("<urllib3.connection.HTTPSConnection object at 0x7f290f552510>: Failed to resolve 'charge-load.preview.emergentagent.com' ([Errno -5] No address associated with hostname)"))

During handling of the above exception, another exception occurred:
backend/tests/test_realtime_sync_pipeline.py:224: in test_since_filter_returns_only_newer
    r = session.get(f"{API}/garmin/activities",
/usr/lib/python3/dist-packages/requests/sessions.py:602: in get
    return self.request("GET", url, **kwargs)
           ^^^^^^^^^^^^^^^^^^^^^^^^^^^^^^^^^^
/usr/lib/python3/dist-packages/requests/sessions.py:589: in request
    resp = self.send(prep, **send_kwargs)
           ^^^^^^^^^^^^^^^^^^^^^^^^^^^^^^
/usr/lib/python3/dist-packages/requests/sessions.py:703: in send
    r = adapter.send(request, **kwargs)
        ^^^^^^^^^^^^^^^^^^^^^^^^^^^^^^^
/usr/lib/python3/dist-packages/requests/adapters.py:519: in send
    raise ConnectionError(e, request=request)
E   requests.exceptions.ConnectionError: HTTPSConnectionPool(host='charge-load.preview.emergentagent.com', port=443): Max retries exceeded with url: /api/garmin/activities?user_id=default&limit=50 (Caused by NameResolutionError("<urllib3.connection.HTTPSConnection object at 0x7f290f552510>: Failed to resolve 'charge-load.preview.emergentagent.com' ([Errno -5] No address associated with hostname)"))
_____________ TestActivitySignal.test_signal_sets_key_and_no_sync ______________
backend/tests/test_realtime_sync_pipeline.py:248: in test_signal_sets_key_and_no_sync
    q_before = redis_llen("runindex:garmin:queue")
               ^^^^^^^^^^^^^^^^^^^^^^^^^^^^^^^^^^^^^^
backend/tests/test_realtime_sync_pipeline.py:49: in redis_llen
    v = _redis_cli("LLEN", key)
        ^^^^^^^^^^^^^^^^^^^^^^^
backend/tests/test_realtime_sync_pipeline.py:32: in _redis_cli
    proc = subprocess.run(
/usr/lib/python3.12/subprocess.py:548: in run
    with Popen(*popenargs, **kwargs) as process:
         ^^^^^^^^^^^^^^^^^^^^^^^^^^^
/usr/lib/python3.12/subprocess.py:1026: in __init__
    self._execute_child(args, executable, preexec_fn, close_fds,
/usr/lib/python3.12/subprocess.py:1955: in _execute_child
    raise child_exception_type(errno_num, err_msg, err_filename)
E   FileNotFoundError: [Errno 2] No such file or directory: '/app/bin/redis-cli'
_______________ TestRateLimiter.test_cooldown_key_set_after_sync _______________
backend/tests/test_realtime_sync_pipeline.py:277: in test_cooldown_key_set_after_sync
    ttl = redis_ttl(f"runindex:sync_cooldown:{USER_ID}")
          ^^^^^^^^^^^^^^^^^^^^^^^^^^^^^^^^^^^^^^^^^^^^^^^^^
backend/tests/test_realtime_sync_pipeline.py:74: in redis_ttl
    v = _redis_cli("TTL", key)
        ^^^^^^^^^^^^^^^^^^^^^^
backend/tests/test_realtime_sync_pipeline.py:32: in _redis_cli
    proc = subprocess.run(
/usr/lib/python3.12/subprocess.py:548: in run
    with Popen(*popenargs, **kwargs) as process:
         ^^^^^^^^^^^^^^^^^^^^^^^^^^^
/usr/lib/python3.12/subprocess.py:1026: in __init__
    self._execute_child(args, executable, preexec_fn, close_fds,
/usr/lib/python3.12/subprocess.py:1955: in _execute_child
    raise child_exception_type(errno_num, err_msg, err_filename)
E   FileNotFoundError: [Errno 2] No such file or directory: '/app/bin/redis-cli'
________ TestRateLimiter.test_global_active_counter_exists_and_bounded _________
backend/tests/test_realtime_sync_pipeline.py:283: in test_global_active_counter_exists_and_bounded
    v = redis_get("runindex:garmin:global_active")
        ^^^^^^^^^^^^^^^^^^^^^^^^^^^^^^^^^^^^^^^^^^^^^
backend/tests/test_realtime_sync_pipeline.py:40: in redis_get
    v = _redis_cli("GET", key)
        ^^^^^^^^^^^^^^^^^^^^^^
backend/tests/test_realtime_sync_pipeline.py:32: in _redis_cli
    proc = subprocess.run(
/usr/lib/python3.12/subprocess.py:548: in run
    with Popen(*popenargs, **kwargs) as process:
         ^^^^^^^^^^^^^^^^^^^^^^^^^^^
/usr/lib/python3.12/subprocess.py:1026: in __init__
    self._execute_child(args, executable, preexec_fn, close_fds,
/usr/lib/python3.12/subprocess.py:1955: in _execute_child
    raise child_exception_type(errno_num, err_msg, err_filename)
E   FileNotFoundError: [Errno 2] No such file or directory: '/app/bin/redis-cli'
______________ TestBackwardCompat.test_activities_response_shape _______________
/usr/lib/python3/dist-packages/urllib3/connection.py:203: in _new_conn
    sock = connection.create_connection(
/usr/lib/python3/dist-packages/urllib3/util/connection.py:60: in create_connection
    for res in socket.getaddrinfo(host, port, family, socket.SOCK_STREAM):
               ^^^^^^^^^^^^^^^^^^^^^^^^^^^^^^^^^^^^^^^^^^^^^^^^^^^^^^^^^^
/usr/lib/python3.12/socket.py:963: in getaddrinfo
    for res in _socket.getaddrinfo(host, port, family, type, proto, flags):
               ^^^^^^^^^^^^^^^^^^^^^^^^^^^^^^^^^^^^^^^^^^^^^^^^^^^^^^^^^^^
E   socket.gaierror: [Errno -5] No address associated with hostname

The above exception was the direct cause of the following exception:
/usr/lib/python3/dist-packages/urllib3/connectionpool.py:791: in urlopen
    response = self._make_request(
/usr/lib/python3/dist-packages/urllib3/connectionpool.py:492: in _make_request
    raise new_e
/usr/lib/python3/dist-packages/urllib3/connectionpool.py:468: in _make_request
    self._validate_conn(conn)
/usr/lib/python3/dist-packages/urllib3/connectionpool.py:1109: in _validate_conn
    conn.connect()
/usr/lib/python3/dist-packages/urllib3/connection.py:611: in connect
    self.sock = sock = self._new_conn()
                       ^^^^^^^^^^^^^^^^
/usr/lib/python3/dist-packages/urllib3/connection.py:210: in _new_conn
    raise NameResolutionError(self.host, self, e) from e
E   urllib3.exceptions.NameResolutionError: <urllib3.connection.HTTPSConnection object at 0x7f290f2dab70>: Failed to resolve 'charge-load.preview.emergentagent.com' ([Errno -5] No address associated with hostname)

The above exception was the direct cause of the following exception:
/usr/lib/python3/dist-packages/requests/adapters.py:486: in send
    resp = conn.urlopen(
/usr/lib/python3/dist-packages/urllib3/connectionpool.py:845: in urlopen
    retries = retries.increment(
/usr/lib/python3/dist-packages/urllib3/util/retry.py:517: in increment
    raise MaxRetryError(_pool, url, reason) from reason  # type: ignore[arg-type]
    ^^^^^^^^^^^^^^^^^^^^^^^^^^^^^^^^^^^^^^^^^^^^^^^^^^^
E   urllib3.exceptions.MaxRetryError: HTTPSConnectionPool(host='charge-load.preview.emergentagent.com', port=443): Max retries exceeded with url: /api/garmin/activities?user_id=default&limit=3 (Caused by NameResolutionError("<urllib3.connection.HTTPSConnection object at 0x7f290f2dab70>: Failed to resolve 'charge-load.preview.emergentagent.com' ([Errno -5] No address associated with hostname)"))

During handling of the above exception, another exception occurred:
backend/tests/test_realtime_sync_pipeline.py:292: in test_activities_response_shape
    r = session.get(f"{API}/garmin/activities",
/usr/lib/python3/dist-packages/requests/sessions.py:602: in get
    return self.request("GET", url, **kwargs)
           ^^^^^^^^^^^^^^^^^^^^^^^^^^^^^^^^^^
/usr/lib/python3/dist-packages/requests/sessions.py:589: in request
    resp = self.send(prep, **send_kwargs)
           ^^^^^^^^^^^^^^^^^^^^^^^^^^^^^^
/usr/lib/python3/dist-packages/requests/sessions.py:703: in send
    r = adapter.send(request, **kwargs)
        ^^^^^^^^^^^^^^^^^^^^^^^^^^^^^^^
/usr/lib/python3/dist-packages/requests/adapters.py:519: in send
    raise ConnectionError(e, request=request)
E   requests.exceptions.ConnectionError: HTTPSConnectionPool(host='charge-load.preview.emergentagent.com', port=443): Max retries exceeded with url: /api/garmin/activities?user_id=default&limit=3 (Caused by NameResolutionError("<urllib3.connection.HTTPSConnection object at 0x7f290f2dab70>: Failed to resolve 'charge-load.preview.emergentagent.com' ([Errno -5] No address associated with hostname)"))
_______________________ test_stream_delivers_and_filters _______________________
async def functions are not natively supported.
You need to install a suitable plugin for your async framework, for example:
  - anyio
  - pytest-asyncio
  - pytest-tornasync
  - pytest-trio
  - pytest-twisted
_________________________ test_reconnect_from_last_id __________________________
async def functions are not natively supported.
You need to install a suitable plugin for your async framework, for example:
  - anyio
  - pytest-asyncio
  - pytest-tornasync
  - pytest-trio
  - pytest-twisted
____ TestSubscriptionEndpoints.test_subscription_info_endpoint_returns_200 _____
backend/tests/test_subscription.py:33: in test_subscription_info_endpoint_returns_200
    res = requests.get(f"{BASE_URL}/api/subscription/info", params={"user_id": self.test_user_id, "language": "fr"})
          ^^^^^^^^^^^^^^^^^^^^^^^^^^^^^^^^^^^^^^^^^^^^^^^^^^^^^^^^^^^^^^^^^^^^^^^^^^^^^^^^^^^^^^^^^^^^^^^^^^^^^^^^^^
/usr/lib/python3/dist-packages/requests/api.py:73: in get
    return request("get", url, params=params, **kwargs)
           ^^^^^^^^^^^^^^^^^^^^^^^^^^^^^^^^^^^^^^^^^^^^
/usr/lib/python3/dist-packages/requests/api.py:59: in request
    return session.request(method=method, url=url, **kwargs)
           ^^^^^^^^^^^^^^^^^^^^^^^^^^^^^^^^^^^^^^^^^^^^^^^^^
/usr/lib/python3/dist-packages/requests/sessions.py:575: in request
    prep = self.prepare_request(req)
           ^^^^^^^^^^^^^^^^^^^^^^^^^
/usr/lib/python3/dist-packages/requests/sessions.py:486: in prepare_request
    p.prepare(
/usr/lib/python3/dist-packages/requests/models.py:368: in prepare
    self.prepare_url(url, params)
/usr/lib/python3/dist-packages/requests/models.py:439: in prepare_url
    raise MissingSchema(
E   requests.exceptions.MissingSchema: Invalid URL '/api/subscription/info': No scheme supplied. Perhaps you meant https:///api/subscription/info?
__________ TestSubscriptionEndpoints.test_new_user_gets_trial_status ___________
backend/tests/test_subscription.py:42: in test_new_user_gets_trial_status
    res = requests.get(f"{BASE_URL}/api/subscription/info", params={"user_id": self.test_user_id, "language": "fr"})
          ^^^^^^^^^^^^^^^^^^^^^^^^^^^^^^^^^^^^^^^^^^^^^^^^^^^^^^^^^^^^^^^^^^^^^^^^^^^^^^^^^^^^^^^^^^^^^^^^^^^^^^^^^^
/usr/lib/python3/dist-packages/requests/api.py:73: in get
    return request("get", url, params=params, **kwargs)
           ^^^^^^^^^^^^^^^^^^^^^^^^^^^^^^^^^^^^^^^^^^^^
/usr/lib/python3/dist-packages/requests/api.py:59: in request
    return session.request(method=method, url=url, **kwargs)
           ^^^^^^^^^^^^^^^^^^^^^^^^^^^^^^^^^^^^^^^^^^^^^^^^^
/usr/lib/python3/dist-packages/requests/sessions.py:575: in request
    prep = self.prepare_request(req)
           ^^^^^^^^^^^^^^^^^^^^^^^^^
/usr/lib/python3/dist-packages/requests/sessions.py:486: in prepare_request
    p.prepare(
/usr/lib/python3/dist-packages/requests/models.py:368: in prepare
    self.prepare_url(url, params)
/usr/lib/python3/dist-packages/requests/models.py:439: in prepare_url
    raise MissingSchema(
E   requests.exceptions.MissingSchema: Invalid URL '/api/subscription/info': No scheme supplied. Perhaps you meant https:///api/subscription/info?
__________ TestSubscriptionEndpoints.test_trial_user_has_all_features __________
backend/tests/test_subscription.py:52: in test_trial_user_has_all_features
    res = requests.get(f"{BASE_URL}/api/subscription/info", params={"user_id": self.test_user_id})
          ^^^^^^^^^^^^^^^^^^^^^^^^^^^^^^^^^^^^^^^^^^^^^^^^^^^^^^^^^^^^^^^^^^^^^^^^^^^^^^^^^^^^^^^^
/usr/lib/python3/dist-packages/requests/api.py:73: in get
    return request("get", url, params=params, **kwargs)
           ^^^^^^^^^^^^^^^^^^^^^^^^^^^^^^^^^^^^^^^^^^^^
/usr/lib/python3/dist-packages/requests/api.py:59: in request
    return session.request(method=method, url=url, **kwargs)
           ^^^^^^^^^^^^^^^^^^^^^^^^^^^^^^^^^^^^^^^^^^^^^^^^^
/usr/lib/python3/dist-packages/requests/sessions.py:575: in request
    prep = self.prepare_request(req)
           ^^^^^^^^^^^^^^^^^^^^^^^^^
/usr/lib/python3/dist-packages/requests/sessions.py:486: in prepare_request
    p.prepare(
/usr/lib/python3/dist-packages/requests/models.py:368: in prepare
    self.prepare_url(url, params)
/usr/lib/python3/dist-packages/requests/models.py:439: in prepare_url
    raise MissingSchema(
E   requests.exceptions.MissingSchema: Invalid URL '/api/subscription/info': No scheme supplied. Perhaps you meant https:///api/subscription/info?
_______ TestSubscriptionEndpoints.test_subscription_display_info_french ________
backend/tests/test_subscription.py:65: in test_subscription_display_info_french
    res = requests.get(f"{BASE_URL}/api/subscription/info", params={"user_id": self.test_user_id, "language": "fr"})
          ^^^^^^^^^^^^^^^^^^^^^^^^^^^^^^^^^^^^^^^^^^^^^^^^^^^^^^^^^^^^^^^^^^^^^^^^^^^^^^^^^^^^^^^^^^^^^^^^^^^^^^^^^^
/usr/lib/python3/dist-packages/requests/api.py:73: in get
    return request("get", url, params=params, **kwargs)
           ^^^^^^^^^^^^^^^^^^^^^^^^^^^^^^^^^^^^^^^^^^^^
/usr/lib/python3/dist-packages/requests/api.py:59: in request
    return session.request(method=method, url=url, **kwargs)
           ^^^^^^^^^^^^^^^^^^^^^^^^^^^^^^^^^^^^^^^^^^^^^^^^^
/usr/lib/python3/dist-packages/requests/sessions.py:575: in request
    prep = self.prepare_request(req)
           ^^^^^^^^^^^^^^^^^^^^^^^^^
/usr/lib/python3/dist-packages/requests/sessions.py:486: in prepare_request
    p.prepare(
/usr/lib/python3/dist-packages/requests/models.py:368: in prepare
    self.prepare_url(url, params)
/usr/lib/python3/dist-packages/requests/models.py:439: in prepare_url
    raise MissingSchema(
E   requests.exceptions.MissingSchema: Invalid URL '/api/subscription/info': No scheme supplied. Perhaps you meant https:///api/subscription/info?
_______ TestSubscriptionEndpoints.test_subscription_display_info_english _______
backend/tests/test_subscription.py:75: in test_subscription_display_info_english
    res = requests.get(f"{BASE_URL}/api/subscription/info", params={"user_id": self.test_user_id, "language": "en"})
          ^^^^^^^^^^^^^^^^^^^^^^^^^^^^^^^^^^^^^^^^^^^^^^^^^^^^^^^^^^^^^^^^^^^^^^^^^^^^^^^^^^^^^^^^^^^^^^^^^^^^^^^^^^
/usr/lib/python3/dist-packages/requests/api.py:73: in get
    return request("get", url, params=params, **kwargs)
           ^^^^^^^^^^^^^^^^^^^^^^^^^^^^^^^^^^^^^^^^^^^^
/usr/lib/python3/dist-packages/requests/api.py:59: in request
    return session.request(method=method, url=url, **kwargs)
           ^^^^^^^^^^^^^^^^^^^^^^^^^^^^^^^^^^^^^^^^^^^^^^^^^
/usr/lib/python3/dist-packages/requests/sessions.py:575: in request
    prep = self.prepare_request(req)
           ^^^^^^^^^^^^^^^^^^^^^^^^^
/usr/lib/python3/dist-packages/requests/sessions.py:486: in prepare_request
    p.prepare(
/usr/lib/python3/dist-packages/requests/models.py:368: in prepare
    self.prepare_url(url, params)
/usr/lib/python3/dist-packages/requests/models.py:439: in prepare_url
    raise MissingSchema(
E   requests.exceptions.MissingSchema: Invalid URL '/api/subscription/info': No scheme supplied. Perhaps you meant https:///api/subscription/info?
_____________ TestSubscriptionEndpoints.test_trial_days_remaining ______________
backend/tests/test_subscription.py:83: in test_trial_days_remaining
    res = requests.get(f"{BASE_URL}/api/subscription/info", params={"user_id": self.test_user_id})
          ^^^^^^^^^^^^^^^^^^^^^^^^^^^^^^^^^^^^^^^^^^^^^^^^^^^^^^^^^^^^^^^^^^^^^^^^^^^^^^^^^^^^^^^^
/usr/lib/python3/dist-packages/requests/api.py:73: in get
    return request("get", url, params=params, **kwargs)
           ^^^^^^^^^^^^^^^^^^^^^^^^^^^^^^^^^^^^^^^^^^^^
/usr/lib/python3/dist-packages/requests/api.py:59: in request
    return session.request(method=method, url=url, **kwargs)
           ^^^^^^^^^^^^^^^^^^^^^^^^^^^^^^^^^^^^^^^^^^^^^^^^^
/usr/lib/python3/dist-packages/requests/sessions.py:575: in request
    prep = self.prepare_request(req)
           ^^^^^^^^^^^^^^^^^^^^^^^^^
/usr/lib/python3/dist-packages/requests/sessions.py:486: in prepare_request
    p.prepare(
/usr/lib/python3/dist-packages/requests/models.py:368: in prepare
    self.prepare_url(url, params)
/usr/lib/python3/dist-packages/requests/models.py:439: in prepare_url
    raise MissingSchema(
E   requests.exceptions.MissingSchema: Invalid URL '/api/subscription/info': No scheme supplied. Perhaps you meant https:///api/subscription/info?
_________ TestSubscriptionEndpoints.test_early_adopter_offer_endpoint __________
backend/tests/test_subscription.py:94: in test_early_adopter_offer_endpoint
    res = requests.get(f"{BASE_URL}/api/subscription/early-adopter-offer", params={"language": "fr"})
          ^^^^^^^^^^^^^^^^^^^^^^^^^^^^^^^^^^^^^^^^^^^^^^^^^^^^^^^^^^^^^^^^^^^^^^^^^^^^^^^^^^^^^^^^^^^
/usr/lib/python3/dist-packages/requests/api.py:73: in get
    return request("get", url, params=params, **kwargs)
           ^^^^^^^^^^^^^^^^^^^^^^^^^^^^^^^^^^^^^^^^^^^^
/usr/lib/python3/dist-packages/requests/api.py:59: in request
    return session.request(method=method, url=url, **kwargs)
           ^^^^^^^^^^^^^^^^^^^^^^^^^^^^^^^^^^^^^^^^^^^^^^^^^
/usr/lib/python3/dist-packages/requests/sessions.py:575: in request
    prep = self.prepare_request(req)
           ^^^^^^^^^^^^^^^^^^^^^^^^^
/usr/lib/python3/dist-packages/requests/sessions.py:486: in prepare_request
    p.prepare(
/usr/lib/python3/dist-packages/requests/models.py:368: in prepare
    self.prepare_url(url, params)
/usr/lib/python3/dist-packages/requests/models.py:439: in prepare_url
    raise MissingSchema(
E   requests.exceptions.MissingSchema: Invalid URL '/api/subscription/early-adopter-offer': No scheme supplied. Perhaps you meant https:///api/subscription/early-adopter-offer?
__________ TestSubscriptionEndpoints.test_early_adopter_offer_english __________
backend/tests/test_subscription.py:106: in test_early_adopter_offer_english
    res = requests.get(f"{BASE_URL}/api/subscription/early-adopter-offer", params={"language": "en"})
          ^^^^^^^^^^^^^^^^^^^^^^^^^^^^^^^^^^^^^^^^^^^^^^^^^^^^^^^^^^^^^^^^^^^^^^^^^^^^^^^^^^^^^^^^^^^
/usr/lib/python3/dist-packages/requests/api.py:73: in get
    return request("get", url, params=params, **kwargs)
           ^^^^^^^^^^^^^^^^^^^^^^^^^^^^^^^^^^^^^^^^^^^^
/usr/lib/python3/dist-packages/requests/api.py:59: in request
    return session.request(method=method, url=url, **kwargs)
           ^^^^^^^^^^^^^^^^^^^^^^^^^^^^^^^^^^^^^^^^^^^^^^^^^
/usr/lib/python3/dist-packages/requests/sessions.py:575: in request
    prep = self.prepare_request(req)
           ^^^^^^^^^^^^^^^^^^^^^^^^^
/usr/lib/python3/dist-packages/requests/sessions.py:486: in prepare_request
    p.prepare(
/usr/lib/python3/dist-packages/requests/models.py:368: in prepare
    self.prepare_url(url, params)
/usr/lib/python3/dist-packages/requests/models.py:439: in prepare_url
    raise MissingSchema(
E   requests.exceptions.MissingSchema: Invalid URL '/api/subscription/early-adopter-offer': No scheme supplied. Perhaps you meant https:///api/subscription/early-adopter-offer?
____ TestSubscriptionEndpoints.test_early_adopter_checkout_creates_session _____
backend/tests/test_subscription.py:116: in test_early_adopter_checkout_creates_session
    res = requests.post(
/usr/lib/python3/dist-packages/requests/api.py:115: in post
    return request("post", url, data=data, json=json, **kwargs)
           ^^^^^^^^^^^^^^^^^^^^^^^^^^^^^^^^^^^^^^^^^^^^^^^^^^^^
/usr/lib/python3/dist-packages/requests/api.py:59: in request
    return session.request(method=method, url=url, **kwargs)
           ^^^^^^^^^^^^^^^^^^^^^^^^^^^^^^^^^^^^^^^^^^^^^^^^^
/usr/lib/python3/dist-packages/requests/sessions.py:575: in request
    prep = self.prepare_request(req)
           ^^^^^^^^^^^^^^^^^^^^^^^^^
/usr/lib/python3/dist-packages/requests/sessions.py:486: in prepare_request
    p.prepare(
/usr/lib/python3/dist-packages/requests/models.py:368: in prepare
    self.prepare_url(url, params)
/usr/lib/python3/dist-packages/requests/models.py:439: in prepare_url
    raise MissingSchema(
E   requests.exceptions.MissingSchema: Invalid URL '/api/subscription/early-adopter/checkout': No scheme supplied. Perhaps you meant https:///api/subscription/early-adopter/checkout?
______ TestSubscriptionEndpoints.test_checkout_session_has_correct_amount ______
backend/tests/test_subscription.py:133: in test_checkout_session_has_correct_amount
    res = requests.post(
/usr/lib/python3/dist-packages/requests/api.py:115: in post
    return request("post", url, data=data, json=json, **kwargs)
           ^^^^^^^^^^^^^^^^^^^^^^^^^^^^^^^^^^^^^^^^^^^^^^^^^^^^
/usr/lib/python3/dist-packages/requests/api.py:59: in request
    return session.request(method=method, url=url, **kwargs)
           ^^^^^^^^^^^^^^^^^^^^^^^^^^^^^^^^^^^^^^^^^^^^^^^^^
/usr/lib/python3/dist-packages/requests/sessions.py:575: in request
    prep = self.prepare_request(req)
           ^^^^^^^^^^^^^^^^^^^^^^^^^
/usr/lib/python3/dist-packages/requests/sessions.py:486: in prepare_request
    p.prepare(
/usr/lib/python3/dist-packages/requests/models.py:368: in prepare
    self.prepare_url(url, params)
/usr/lib/python3/dist-packages/requests/models.py:439: in prepare_url
    raise MissingSchema(
E   requests.exceptions.MissingSchema: Invalid URL '/api/subscription/early-adopter/checkout': No scheme supplied. Perhaps you meant https:///api/subscription/early-adopter/checkout?
____ TestSubscriptionEndpoints.test_verify_checkout_activates_early_adopter ____
backend/tests/test_subscription.py:151: in test_verify_checkout_activates_early_adopter
    checkout_res = requests.post(
/usr/lib/python3/dist-packages/requests/api.py:115: in post
    return request("post", url, data=data, json=json, **kwargs)
           ^^^^^^^^^^^^^^^^^^^^^^^^^^^^^^^^^^^^^^^^^^^^^^^^^^^^
/usr/lib/python3/dist-packages/requests/api.py:59: in request
    return session.request(method=method, url=url, **kwargs)
           ^^^^^^^^^^^^^^^^^^^^^^^^^^^^^^^^^^^^^^^^^^^^^^^^^
/usr/lib/python3/dist-packages/requests/sessions.py:575: in request
    prep = self.prepare_request(req)
           ^^^^^^^^^^^^^^^^^^^^^^^^^
/usr/lib/python3/dist-packages/requests/sessions.py:486: in prepare_request
    p.prepare(
/usr/lib/python3/dist-packages/requests/models.py:368: in prepare
    self.prepare_url(url, params)
/usr/lib/python3/dist-packages/requests/models.py:439: in prepare_url
    raise MissingSchema(
E   requests.exceptions.MissingSchema: Invalid URL '/api/subscription/early-adopter/checkout': No scheme supplied. Perhaps you meant https:///api/subscription/early-adopter/checkout?
______ TestSubscriptionEndpoints.test_simulate_trial_end_sets_free_status ______
backend/tests/test_subscription.py:182: in test_simulate_trial_end_sets_free_status
    requests.post(f"{BASE_URL}/api/subscription/reset-to-trial", params={"user_id": self.test_user_id})
/usr/lib/python3/dist-packages/requests/api.py:115: in post
    return request("post", url, data=data, json=json, **kwargs)
           ^^^^^^^^^^^^^^^^^^^^^^^^^^^^^^^^^^^^^^^^^^^^^^^^^^^^
/usr/lib/python3/dist-packages/requests/api.py:59: in request
    return session.request(method=method, url=url, **kwargs)
           ^^^^^^^^^^^^^^^^^^^^^^^^^^^^^^^^^^^^^^^^^^^^^^^^^
/usr/lib/python3/dist-packages/requests/sessions.py:575: in request
    prep = self.prepare_request(req)
           ^^^^^^^^^^^^^^^^^^^^^^^^^
/usr/lib/python3/dist-packages/requests/sessions.py:486: in prepare_request
    p.prepare(
/usr/lib/python3/dist-packages/requests/models.py:368: in prepare
    self.prepare_url(url, params)
/usr/lib/python3/dist-packages/requests/models.py:439: in prepare_url
    raise MissingSchema(
E   requests.exceptions.MissingSchema: Invalid URL '/api/subscription/reset-to-trial': No scheme supplied. Perhaps you meant https:///api/subscription/reset-to-trial?
________ TestSubscriptionEndpoints.test_free_user_has_limited_features _________
backend/tests/test_subscription.py:198: in test_free_user_has_limited_features
    requests.get(f"{BASE_URL}/api/subscription/info", params={"user_id": self.test_user_id})
/usr/lib/python3/dist-packages/requests/api.py:73: in get
    return request("get", url, params=params, **kwargs)
           ^^^^^^^^^^^^^^^^^^^^^^^^^^^^^^^^^^^^^^^^^^^^
/usr/lib/python3/dist-packages/requests/api.py:59: in request
    return session.request(method=method, url=url, **kwargs)
           ^^^^^^^^^^^^^^^^^^^^^^^^^^^^^^^^^^^^^^^^^^^^^^^^^
/usr/lib/python3/dist-packages/requests/sessions.py:575: in request
    prep = self.prepare_request(req)
           ^^^^^^^^^^^^^^^^^^^^^^^^^
/usr/lib/python3/dist-packages/requests/sessions.py:486: in prepare_request
    p.prepare(
/usr/lib/python3/dist-packages/requests/models.py:368: in prepare
    self.prepare_url(url, params)
/usr/lib/python3/dist-packages/requests/models.py:439: in prepare_url
    raise MissingSchema(
E   requests.exceptions.MissingSchema: Invalid URL '/api/subscription/info': No scheme supplied. Perhaps you meant https:///api/subscription/info?
________ TestSubscriptionEndpoints.test_activate_early_adopter_endpoint ________
backend/tests/test_subscription.py:218: in test_activate_early_adopter_endpoint
    res = requests.post(
/usr/lib/python3/dist-packages/requests/api.py:115: in post
    return request("post", url, data=data, json=json, **kwargs)
           ^^^^^^^^^^^^^^^^^^^^^^^^^^^^^^^^^^^^^^^^^^^^^^^^^^^^
/usr/lib/python3/dist-packages/requests/api.py:59: in request
    return session.request(method=method, url=url, **kwargs)
           ^^^^^^^^^^^^^^^^^^^^^^^^^^^^^^^^^^^^^^^^^^^^^^^^^
/usr/lib/python3/dist-packages/requests/sessions.py:575: in request
    prep = self.prepare_request(req)
           ^^^^^^^^^^^^^^^^^^^^^^^^^
/usr/lib/python3/dist-packages/requests/sessions.py:486: in prepare_request
    p.prepare(
/usr/lib/python3/dist-packages/requests/models.py:368: in prepare
    self.prepare_url(url, params)
/usr/lib/python3/dist-packages/requests/models.py:439: in prepare_url
    raise MissingSchema(
E   requests.exceptions.MissingSchema: Invalid URL '/api/subscription/activate-early-adopter': No scheme supplied. Perhaps you meant https:///api/subscription/activate-early-adopter?
________ TestSubscriptionEndpoints.test_early_adopter_has_all_features _________
backend/tests/test_subscription.py:240: in test_early_adopter_has_all_features
    requests.post(
/usr/lib/python3/dist-packages/requests/api.py:115: in post
    return request("post", url, data=data, json=json, **kwargs)
           ^^^^^^^^^^^^^^^^^^^^^^^^^^^^^^^^^^^^^^^^^^^^^^^^^^^^
/usr/lib/python3/dist-packages/requests/api.py:59: in request
    return session.request(method=method, url=url, **kwargs)
           ^^^^^^^^^^^^^^^^^^^^^^^^^^^^^^^^^^^^^^^^^^^^^^^^^
/usr/lib/python3/dist-packages/requests/sessions.py:575: in request
    prep = self.prepare_request(req)
           ^^^^^^^^^^^^^^^^^^^^^^^^^
/usr/lib/python3/dist-packages/requests/sessions.py:486: in prepare_request
    p.prepare(
/usr/lib/python3/dist-packages/requests/models.py:368: in prepare
    self.prepare_url(url, params)
/usr/lib/python3/dist-packages/requests/models.py:439: in prepare_url
    raise MissingSchema(
E   requests.exceptions.MissingSchema: Invalid URL '/api/subscription/activate-early-adopter': No scheme supplied. Perhaps you meant https:///api/subscription/activate-early-adopter?
__________ TestSubscriptionEndpoints.test_early_adopter_display_info ___________
backend/tests/test_subscription.py:258: in test_early_adopter_display_info
    requests.post(
/usr/lib/python3/dist-packages/requests/api.py:115: in post
    return request("post", url, data=data, json=json, **kwargs)
           ^^^^^^^^^^^^^^^^^^^^^^^^^^^^^^^^^^^^^^^^^^^^^^^^^^^^
/usr/lib/python3/dist-packages/requests/api.py:59: in request
    return session.request(method=method, url=url, **kwargs)
           ^^^^^^^^^^^^^^^^^^^^^^^^^^^^^^^^^^^^^^^^^^^^^^^^^
/usr/lib/python3/dist-packages/requests/sessions.py:575: in request
    prep = self.prepare_request(req)
           ^^^^^^^^^^^^^^^^^^^^^^^^^
/usr/lib/python3/dist-packages/requests/sessions.py:486: in prepare_request
    p.prepare(
/usr/lib/python3/dist-packages/requests/models.py:368: in prepare
    self.prepare_url(url, params)
/usr/lib/python3/dist-packages/requests/models.py:439: in prepare_url
    raise MissingSchema(
E   requests.exceptions.MissingSchema: Invalid URL '/api/subscription/activate-early-adopter': No scheme supplied. Perhaps you meant https:///api/subscription/activate-early-adopter?
_____ TestSubscriptionEndpoints.test_cancel_subscription_sets_free_status ______
backend/tests/test_subscription.py:274: in test_cancel_subscription_sets_free_status
    requests.post(
/usr/lib/python3/dist-packages/requests/api.py:115: in post
    return request("post", url, data=data, json=json, **kwargs)
           ^^^^^^^^^^^^^^^^^^^^^^^^^^^^^^^^^^^^^^^^^^^^^^^^^^^^
/usr/lib/python3/dist-packages/requests/api.py:59: in request
    return session.request(method=method, url=url, **kwargs)
           ^^^^^^^^^^^^^^^^^^^^^^^^^^^^^^^^^^^^^^^^^^^^^^^^^
/usr/lib/python3/dist-packages/requests/sessions.py:575: in request
    prep = self.prepare_request(req)
           ^^^^^^^^^^^^^^^^^^^^^^^^^
/usr/lib/python3/dist-packages/requests/sessions.py:486: in prepare_request
    p.prepare(
/usr/lib/python3/dist-packages/requests/models.py:368: in prepare
    self.prepare_url(url, params)
/usr/lib/python3/dist-packages/requests/models.py:439: in prepare_url
    raise MissingSchema(
E   requests.exceptions.MissingSchema: Invalid URL '/api/subscription/activate-early-adopter': No scheme supplied. Perhaps you meant https:///api/subscription/activate-early-adopter?
________________ TestSubscriptionEndpoints.test_reset_to_trial _________________
backend/tests/test_subscription.py:291: in test_reset_to_trial
    requests.post(f"{BASE_URL}/api/subscription/simulate-trial-end", params={"user_id": self.test_user_id})
/usr/lib/python3/dist-packages/requests/api.py:115: in post
    return request("post", url, data=data, json=json, **kwargs)
           ^^^^^^^^^^^^^^^^^^^^^^^^^^^^^^^^^^^^^^^^^^^^^^^^^^^^
/usr/lib/python3/dist-packages/requests/api.py:59: in request
    return session.request(method=method, url=url, **kwargs)
           ^^^^^^^^^^^^^^^^^^^^^^^^^^^^^^^^^^^^^^^^^^^^^^^^^
/usr/lib/python3/dist-packages/requests/sessions.py:575: in request
    prep = self.prepare_request(req)
           ^^^^^^^^^^^^^^^^^^^^^^^^^
/usr/lib/python3/dist-packages/requests/sessions.py:486: in prepare_request
    p.prepare(
/usr/lib/python3/dist-packages/requests/models.py:368: in prepare
    self.prepare_url(url, params)
/usr/lib/python3/dist-packages/requests/models.py:439: in prepare_url
    raise MissingSchema(
E   requests.exceptions.MissingSchema: Invalid URL '/api/subscription/simulate-trial-end': No scheme supplied. Perhaps you meant https:///api/subscription/simulate-trial-end?
______________ TestSubscriptionTiers.test_get_subscription_tiers _______________
backend/tests/test_subscription_chat.py:19: in test_get_subscription_tiers
    response = requests.get(f"{BASE_URL}/api/subscription/tiers")
               ^^^^^^^^^^^^^^^^^^^^^^^^^^^^^^^^^^^^^^^^^^^^^^^^^^
/usr/lib/python3/dist-packages/requests/api.py:73: in get
    return request("get", url, params=params, **kwargs)
           ^^^^^^^^^^^^^^^^^^^^^^^^^^^^^^^^^^^^^^^^^^^^
/usr/lib/python3/dist-packages/requests/api.py:59: in request
    return session.request(method=method, url=url, **kwargs)
           ^^^^^^^^^^^^^^^^^^^^^^^^^^^^^^^^^^^^^^^^^^^^^^^^^
/usr/lib/python3/dist-packages/requests/sessions.py:575: in request
    prep = self.prepare_request(req)
           ^^^^^^^^^^^^^^^^^^^^^^^^^
/usr/lib/python3/dist-packages/requests/sessions.py:486: in prepare_request
    p.prepare(
/usr/lib/python3/dist-packages/requests/models.py:368: in prepare
    self.prepare_url(url, params)
/usr/lib/python3/dist-packages/requests/models.py:439: in prepare_url
    raise MissingSchema(
E   requests.exceptions.MissingSchema: Invalid URL '/api/subscription/tiers': No scheme supplied. Perhaps you meant https:///api/subscription/tiers?
_________________ TestSubscriptionTiers.test_free_tier_details _________________
backend/tests/test_subscription_chat.py:34: in test_free_tier_details
    response = requests.get(f"{BASE_URL}/api/subscription/tiers")
               ^^^^^^^^^^^^^^^^^^^^^^^^^^^^^^^^^^^^^^^^^^^^^^^^^^
/usr/lib/python3/dist-packages/requests/api.py:73: in get
    return request("get", url, params=params, **kwargs)
           ^^^^^^^^^^^^^^^^^^^^^^^^^^^^^^^^^^^^^^^^^^^^
/usr/lib/python3/dist-packages/requests/api.py:59: in request
    return session.request(method=method, url=url, **kwargs)
           ^^^^^^^^^^^^^^^^^^^^^^^^^^^^^^^^^^^^^^^^^^^^^^^^^
/usr/lib/python3/dist-packages/requests/sessions.py:575: in request
    prep = self.prepare_request(req)
           ^^^^^^^^^^^^^^^^^^^^^^^^^
/usr/lib/python3/dist-packages/requests/sessions.py:486: in prepare_request
    p.prepare(
/usr/lib/python3/dist-packages/requests/models.py:368: in prepare
    self.prepare_url(url, params)
/usr/lib/python3/dist-packages/requests/models.py:439: in prepare_url
    raise MissingSchema(
E   requests.exceptions.MissingSchema: Invalid URL '/api/subscription/tiers': No scheme supplied. Perhaps you meant https:///api/subscription/tiers?
_______________ TestSubscriptionTiers.test_starter_tier_details ________________
backend/tests/test_subscription_chat.py:45: in test_starter_tier_details
    response = requests.get(f"{BASE_URL}/api/subscription/tiers")
               ^^^^^^^^^^^^^^^^^^^^^^^^^^^^^^^^^^^^^^^^^^^^^^^^^^
/usr/lib/python3/dist-packages/requests/api.py:73: in get
    return request("get", url, params=params, **kwargs)
           ^^^^^^^^^^^^^^^^^^^^^^^^^^^^^^^^^^^^^^^^^^^^
/usr/lib/python3/dist-packages/requests/api.py:59: in request
    return session.request(method=method, url=url, **kwargs)
           ^^^^^^^^^^^^^^^^^^^^^^^^^^^^^^^^^^^^^^^^^^^^^^^^^
/usr/lib/python3/dist-packages/requests/sessions.py:575: in request
    prep = self.prepare_request(req)
           ^^^^^^^^^^^^^^^^^^^^^^^^^
/usr/lib/python3/dist-packages/requests/sessions.py:486: in prepare_request
    p.prepare(
/usr/lib/python3/dist-packages/requests/models.py:368: in prepare
    self.prepare_url(url, params)
/usr/lib/python3/dist-packages/requests/models.py:439: in prepare_url
    raise MissingSchema(
E   requests.exceptions.MissingSchema: Invalid URL '/api/subscription/tiers': No scheme supplied. Perhaps you meant https:///api/subscription/tiers?
_______________ TestSubscriptionTiers.test_confort_tier_details ________________
backend/tests/test_subscription_chat.py:55: in test_confort_tier_details
    response = requests.get(f"{BASE_URL}/api/subscription/tiers")
               ^^^^^^^^^^^^^^^^^^^^^^^^^^^^^^^^^^^^^^^^^^^^^^^^^^
/usr/lib/python3/dist-packages/requests/api.py:73: in get
    return request("get", url, params=params, **kwargs)
           ^^^^^^^^^^^^^^^^^^^^^^^^^^^^^^^^^^^^^^^^^^^^
/usr/lib/python3/dist-packages/requests/api.py:59: in request
    return session.request(method=method, url=url, **kwargs)
           ^^^^^^^^^^^^^^^^^^^^^^^^^^^^^^^^^^^^^^^^^^^^^^^^^
/usr/lib/python3/dist-packages/requests/sessions.py:575: in request
    prep = self.prepare_request(req)
           ^^^^^^^^^^^^^^^^^^^^^^^^^
/usr/lib/python3/dist-packages/requests/sessions.py:486: in prepare_request
    p.prepare(
/usr/lib/python3/dist-packages/requests/models.py:368: in prepare
    self.prepare_url(url, params)
/usr/lib/python3/dist-packages/requests/models.py:439: in prepare_url
    raise MissingSchema(
E   requests.exceptions.MissingSchema: Invalid URL '/api/subscription/tiers': No scheme supplied. Perhaps you meant https:///api/subscription/tiers?
________________ TestSubscriptionTiers.test_pro_tier_unlimited _________________
backend/tests/test_subscription_chat.py:65: in test_pro_tier_unlimited
    response = requests.get(f"{BASE_URL}/api/subscription/tiers")
               ^^^^^^^^^^^^^^^^^^^^^^^^^^^^^^^^^^^^^^^^^^^^^^^^^^
/usr/lib/python3/dist-packages/requests/api.py:73: in get
    return request("get", url, params=params, **kwargs)
           ^^^^^^^^^^^^^^^^^^^^^^^^^^^^^^^^^^^^^^^^^^^^
/usr/lib/python3/dist-packages/requests/api.py:59: in request
    return session.request(method=method, url=url, **kwargs)
           ^^^^^^^^^^^^^^^^^^^^^^^^^^^^^^^^^^^^^^^^^^^^^^^^^
/usr/lib/python3/dist-packages/requests/sessions.py:575: in request
    prep = self.prepare_request(req)
           ^^^^^^^^^^^^^^^^^^^^^^^^^
/usr/lib/python3/dist-packages/requests/sessions.py:486: in prepare_request
    p.prepare(
/usr/lib/python3/dist-packages/requests/models.py:368: in prepare
    self.prepare_url(url, params)
/usr/lib/python3/dist-packages/requests/models.py:439: in prepare_url
    raise MissingSchema(
E   requests.exceptions.MissingSchema: Invalid URL '/api/subscription/tiers': No scheme supplied. Perhaps you meant https:///api/subscription/tiers?
_____________ TestSubscriptionStatus.test_get_subscription_status ______________
backend/tests/test_subscription_chat.py:79: in test_get_subscription_status
    response = requests.get(f"{BASE_URL}/api/subscription/status?user_id=default")
               ^^^^^^^^^^^^^^^^^^^^^^^^^^^^^^^^^^^^^^^^^^^^^^^^^^^^^^^^^^^^^^^^^^^
/usr/lib/python3/dist-packages/requests/api.py:73: in get
    return request("get", url, params=params, **kwargs)
           ^^^^^^^^^^^^^^^^^^^^^^^^^^^^^^^^^^^^^^^^^^^^
/usr/lib/python3/dist-packages/requests/api.py:59: in request
    return session.request(method=method, url=url, **kwargs)
           ^^^^^^^^^^^^^^^^^^^^^^^^^^^^^^^^^^^^^^^^^^^^^^^^^
/usr/lib/python3/dist-packages/requests/sessions.py:575: in request
    prep = self.prepare_request(req)
           ^^^^^^^^^^^^^^^^^^^^^^^^^
/usr/lib/python3/dist-packages/requests/sessions.py:486: in prepare_request
    p.prepare(
/usr/lib/python3/dist-packages/requests/models.py:368: in prepare
    self.prepare_url(url, params)
/usr/lib/python3/dist-packages/requests/models.py:439: in prepare_url
    raise MissingSchema(
E   requests.exceptions.MissingSchema: Invalid URL '/api/subscription/status?user_id=default': No scheme supplied. Perhaps you meant https:///api/subscription/status?user_id=default?
______ TestSubscriptionStatus.test_subscription_status_has_correct_fields ______
backend/tests/test_subscription_chat.py:92: in test_subscription_status_has_correct_fields
    response = requests.get(f"{BASE_URL}/api/subscription/status?user_id=default")
               ^^^^^^^^^^^^^^^^^^^^^^^^^^^^^^^^^^^^^^^^^^^^^^^^^^^^^^^^^^^^^^^^^^^
/usr/lib/python3/dist-packages/requests/api.py:73: in get
    return request("get", url, params=params, **kwargs)
           ^^^^^^^^^^^^^^^^^^^^^^^^^^^^^^^^^^^^^^^^^^^^
/usr/lib/python3/dist-packages/requests/api.py:59: in request
    return session.request(method=method, url=url, **kwargs)
           ^^^^^^^^^^^^^^^^^^^^^^^^^^^^^^^^^^^^^^^^^^^^^^^^^
/usr/lib/python3/dist-packages/requests/sessions.py:575: in request
    prep = self.prepare_request(req)
           ^^^^^^^^^^^^^^^^^^^^^^^^^
/usr/lib/python3/dist-packages/requests/sessions.py:486: in prepare_request
    p.prepare(
/usr/lib/python3/dist-packages/requests/models.py:368: in prepare
    self.prepare_url(url, params)
/usr/lib/python3/dist-packages/requests/models.py:439: in prepare_url
    raise MissingSchema(
E   requests.exceptions.MissingSchema: Invalid URL '/api/subscription/status?user_id=default': No scheme supplied. Perhaps you meant https:///api/subscription/status?user_id=default?
_________ TestSubscriptionStatus.test_subscription_status_for_new_user _________
backend/tests/test_subscription_chat.py:104: in test_subscription_status_for_new_user
    response = requests.get(f"{BASE_URL}/api/subscription/status?user_id=test_new_user_xyz")
               ^^^^^^^^^^^^^^^^^^^^^^^^^^^^^^^^^^^^^^^^^^^^^^^^^^^^^^^^^^^^^^^^^^^^^^^^^^^^^
/usr/lib/python3/dist-packages/requests/api.py:73: in get
    return request("get", url, params=params, **kwargs)
           ^^^^^^^^^^^^^^^^^^^^^^^^^^^^^^^^^^^^^^^^^^^^
/usr/lib/python3/dist-packages/requests/api.py:59: in request
    return session.request(method=method, url=url, **kwargs)
           ^^^^^^^^^^^^^^^^^^^^^^^^^^^^^^^^^^^^^^^^^^^^^^^^^
/usr/lib/python3/dist-packages/requests/sessions.py:575: in request
    prep = self.prepare_request(req)
           ^^^^^^^^^^^^^^^^^^^^^^^^^
/usr/lib/python3/dist-packages/requests/sessions.py:486: in prepare_request
    p.prepare(
/usr/lib/python3/dist-packages/requests/models.py:368: in prepare
    self.prepare_url(url, params)
/usr/lib/python3/dist-packages/requests/models.py:439: in prepare_url
    raise MissingSchema(
E   requests.exceptions.MissingSchema: Invalid URL '/api/subscription/status?user_id=test_new_user_xyz': No scheme supplied. Perhaps you meant https:///api/subscription/status?user_id=test_new_user_xyz?
___________ TestStripeCheckout.test_create_checkout_session_starter ____________
backend/tests/test_subscription_chat.py:117: in test_create_checkout_session_starter
    response = requests.post(
/usr/lib/python3/dist-packages/requests/api.py:115: in post
    return request("post", url, data=data, json=json, **kwargs)
           ^^^^^^^^^^^^^^^^^^^^^^^^^^^^^^^^^^^^^^^^^^^^^^^^^^^^
/usr/lib/python3/dist-packages/requests/api.py:59: in request
    return session.request(method=method, url=url, **kwargs)
           ^^^^^^^^^^^^^^^^^^^^^^^^^^^^^^^^^^^^^^^^^^^^^^^^^
/usr/lib/python3/dist-packages/requests/sessions.py:575: in request
    prep = self.prepare_request(req)
           ^^^^^^^^^^^^^^^^^^^^^^^^^
/usr/lib/python3/dist-packages/requests/sessions.py:486: in prepare_request
    p.prepare(
/usr/lib/python3/dist-packages/requests/models.py:368: in prepare
    self.prepare_url(url, params)
/usr/lib/python3/dist-packages/requests/models.py:439: in prepare_url
    raise MissingSchema(
E   requests.exceptions.MissingSchema: Invalid URL '/api/subscription/checkout?user_id=default': No scheme supplied. Perhaps you meant https:///api/subscription/checkout?user_id=default?
___________ TestStripeCheckout.test_create_checkout_session_confort ____________
backend/tests/test_subscription_chat.py:134: in test_create_checkout_session_confort
    response = requests.post(
/usr/lib/python3/dist-packages/requests/api.py:115: in post
    return request("post", url, data=data, json=json, **kwargs)
           ^^^^^^^^^^^^^^^^^^^^^^^^^^^^^^^^^^^^^^^^^^^^^^^^^^^^
/usr/lib/python3/dist-packages/requests/api.py:59: in request
    return session.request(method=method, url=url, **kwargs)
           ^^^^^^^^^^^^^^^^^^^^^^^^^^^^^^^^^^^^^^^^^^^^^^^^^
/usr/lib/python3/dist-packages/requests/sessions.py:575: in request
    prep = self.prepare_request(req)
           ^^^^^^^^^^^^^^^^^^^^^^^^^
/usr/lib/python3/dist-packages/requests/sessions.py:486: in prepare_request
    p.prepare(
/usr/lib/python3/dist-packages/requests/models.py:368: in prepare
    self.prepare_url(url, params)
/usr/lib/python3/dist-packages/requests/models.py:439: in prepare_url
    raise MissingSchema(
E   requests.exceptions.MissingSchema: Invalid URL '/api/subscription/checkout?user_id=default': No scheme supplied. Perhaps you meant https:///api/subscription/checkout?user_id=default?
_____________ TestStripeCheckout.test_create_checkout_session_pro ______________
backend/tests/test_subscription_chat.py:150: in test_create_checkout_session_pro
    response = requests.post(
/usr/lib/python3/dist-packages/requests/api.py:115: in post
    return request("post", url, data=data, json=json, **kwargs)
           ^^^^^^^^^^^^^^^^^^^^^^^^^^^^^^^^^^^^^^^^^^^^^^^^^^^^
/usr/lib/python3/dist-packages/requests/api.py:59: in request
    return session.request(method=method, url=url, **kwargs)
           ^^^^^^^^^^^^^^^^^^^^^^^^^^^^^^^^^^^^^^^^^^^^^^^^^
/usr/lib/python3/dist-packages/requests/sessions.py:575: in request
    prep = self.prepare_request(req)
           ^^^^^^^^^^^^^^^^^^^^^^^^^
/usr/lib/python3/dist-packages/requests/sessions.py:486: in prepare_request
    p.prepare(
/usr/lib/python3/dist-packages/requests/models.py:368: in prepare
    self.prepare_url(url, params)
/usr/lib/python3/dist-packages/requests/models.py:439: in prepare_url
    raise MissingSchema(
E   requests.exceptions.MissingSchema: Invalid URL '/api/subscription/checkout?user_id=default': No scheme supplied. Perhaps you meant https:///api/subscription/checkout?user_id=default?
____________ TestStripeCheckout.test_checkout_invalid_tier_rejected ____________
backend/tests/test_subscription_chat.py:165: in test_checkout_invalid_tier_rejected
    response = requests.post(
/usr/lib/python3/dist-packages/requests/api.py:115: in post
    return request("post", url, data=data, json=json, **kwargs)
           ^^^^^^^^^^^^^^^^^^^^^^^^^^^^^^^^^^^^^^^^^^^^^^^^^^^^
/usr/lib/python3/dist-packages/requests/api.py:59: in request
    return session.request(method=method, url=url, **kwargs)
           ^^^^^^^^^^^^^^^^^^^^^^^^^^^^^^^^^^^^^^^^^^^^^^^^^
/usr/lib/python3/dist-packages/requests/sessions.py:575: in request
    prep = self.prepare_request(req)
           ^^^^^^^^^^^^^^^^^^^^^^^^^
/usr/lib/python3/dist-packages/requests/sessions.py:486: in prepare_request
    p.prepare(
/usr/lib/python3/dist-packages/requests/models.py:368: in prepare
    self.prepare_url(url, params)
/usr/lib/python3/dist-packages/requests/models.py:439: in prepare_url
    raise MissingSchema(
E   requests.exceptions.MissingSchema: Invalid URL '/api/subscription/checkout?user_id=default': No scheme supplied. Perhaps you meant https:///api/subscription/checkout?user_id=default?
_____________________ TestChatCoach.test_send_chat_message _____________________
backend/tests/test_subscription_chat.py:181: in test_send_chat_message
    response = requests.post(
/usr/lib/python3/dist-packages/requests/api.py:115: in post
    return request("post", url, data=data, json=json, **kwargs)
           ^^^^^^^^^^^^^^^^^^^^^^^^^^^^^^^^^^^^^^^^^^^^^^^^^^^^
/usr/lib/python3/dist-packages/requests/api.py:59: in request
    return session.request(method=method, url=url, **kwargs)
           ^^^^^^^^^^^^^^^^^^^^^^^^^^^^^^^^^^^^^^^^^^^^^^^^^
/usr/lib/python3/dist-packages/requests/sessions.py:575: in request
    prep = self.prepare_request(req)
           ^^^^^^^^^^^^^^^^^^^^^^^^^
/usr/lib/python3/dist-packages/requests/sessions.py:486: in prepare_request
    p.prepare(
/usr/lib/python3/dist-packages/requests/models.py:368: in prepare
    self.prepare_url(url, params)
/usr/lib/python3/dist-packages/requests/models.py:439: in prepare_url
    raise MissingSchema(
E   requests.exceptions.MissingSchema: Invalid URL '/api/chat/send': No scheme supplied. Perhaps you meant https:///api/chat/send?
________________ TestChatCoach.test_chat_response_about_fatigue ________________
backend/tests/test_subscription_chat.py:198: in test_chat_response_about_fatigue
    response = requests.post(
/usr/lib/python3/dist-packages/requests/api.py:115: in post
    return request("post", url, data=data, json=json, **kwargs)
           ^^^^^^^^^^^^^^^^^^^^^^^^^^^^^^^^^^^^^^^^^^^^^^^^^^^^
/usr/lib/python3/dist-packages/requests/api.py:59: in request
    return session.request(method=method, url=url, **kwargs)
           ^^^^^^^^^^^^^^^^^^^^^^^^^^^^^^^^^^^^^^^^^^^^^^^^^
/usr/lib/python3/dist-packages/requests/sessions.py:575: in request
    prep = self.prepare_request(req)
           ^^^^^^^^^^^^^^^^^^^^^^^^^
/usr/lib/python3/dist-packages/requests/sessions.py:486: in prepare_request
    p.prepare(
/usr/lib/python3/dist-packages/requests/models.py:368: in prepare
    self.prepare_url(url, params)
/usr/lib/python3/dist-packages/requests/models.py:439: in prepare_url
    raise MissingSchema(
E   requests.exceptions.MissingSchema: Invalid URL '/api/chat/send': No scheme supplied. Perhaps you meant https:///api/chat/send?
________________ TestChatCoach.test_chat_response_about_cadence ________________
backend/tests/test_subscription_chat.py:212: in test_chat_response_about_cadence
    response = requests.post(
/usr/lib/python3/dist-packages/requests/api.py:115: in post
    return request("post", url, data=data, json=json, **kwargs)
           ^^^^^^^^^^^^^^^^^^^^^^^^^^^^^^^^^^^^^^^^^^^^^^^^^^^^
/usr/lib/python3/dist-packages/requests/api.py:59: in request
    return session.request(method=method, url=url, **kwargs)
           ^^^^^^^^^^^^^^^^^^^^^^^^^^^^^^^^^^^^^^^^^^^^^^^^^
/usr/lib/python3/dist-packages/requests/sessions.py:575: in request
    prep = self.prepare_request(req)
           ^^^^^^^^^^^^^^^^^^^^^^^^^
/usr/lib/python3/dist-packages/requests/sessions.py:486: in prepare_request
    p.prepare(
/usr/lib/python3/dist-packages/requests/models.py:368: in prepare
    self.prepare_url(url, params)
/usr/lib/python3/dist-packages/requests/models.py:439: in prepare_url
    raise MissingSchema(
E   requests.exceptions.MissingSchema: Invalid URL '/api/chat/send': No scheme supplied. Perhaps you meant https:///api/chat/send?
_______________ TestChatCoach.test_chat_response_about_recovery ________________
backend/tests/test_subscription_chat.py:226: in test_chat_response_about_recovery
    response = requests.post(
/usr/lib/python3/dist-packages/requests/api.py:115: in post
    return request("post", url, data=data, json=json, **kwargs)
           ^^^^^^^^^^^^^^^^^^^^^^^^^^^^^^^^^^^^^^^^^^^^^^^^^^^^
/usr/lib/python3/dist-packages/requests/api.py:59: in request
    return session.request(method=method, url=url, **kwargs)
           ^^^^^^^^^^^^^^^^^^^^^^^^^^^^^^^^^^^^^^^^^^^^^^^^^
/usr/lib/python3/dist-packages/requests/sessions.py:575: in request
    prep = self.prepare_request(req)
           ^^^^^^^^^^^^^^^^^^^^^^^^^
/usr/lib/python3/dist-packages/requests/sessions.py:486: in prepare_request
    p.prepare(
/usr/lib/python3/dist-packages/requests/models.py:368: in prepare
    self.prepare_url(url, params)
/usr/lib/python3/dist-packages/requests/models.py:439: in prepare_url
    raise MissingSchema(
E   requests.exceptions.MissingSchema: Invalid URL '/api/chat/send': No scheme supplied. Perhaps you meant https:///api/chat/send?
_______________________ TestChatCoach.test_chat_history ________________________
backend/tests/test_subscription_chat.py:240: in test_chat_history
    response = requests.get(f"{BASE_URL}/api/chat/history?user_id=default&limit=10")
               ^^^^^^^^^^^^^^^^^^^^^^^^^^^^^^^^^^^^^^^^^^^^^^^^^^^^^^^^^^^^^^^^^^^^^
/usr/lib/python3/dist-packages/requests/api.py:73: in get
    return request("get", url, params=params, **kwargs)
           ^^^^^^^^^^^^^^^^^^^^^^^^^^^^^^^^^^^^^^^^^^^^
/usr/lib/python3/dist-packages/requests/api.py:59: in request
    return session.request(method=method, url=url, **kwargs)
           ^^^^^^^^^^^^^^^^^^^^^^^^^^^^^^^^^^^^^^^^^^^^^^^^^
/usr/lib/python3/dist-packages/requests/sessions.py:575: in request
    prep = self.prepare_request(req)
           ^^^^^^^^^^^^^^^^^^^^^^^^^
/usr/lib/python3/dist-packages/requests/sessions.py:486: in prepare_request
    p.prepare(
/usr/lib/python3/dist-packages/requests/models.py:368: in prepare
    self.prepare_url(url, params)
/usr/lib/python3/dist-packages/requests/models.py:439: in prepare_url
    raise MissingSchema(
E   requests.exceptions.MissingSchema: Invalid URL '/api/chat/history?user_id=default&limit=10': No scheme supplied. Perhaps you meant https:///api/chat/history?user_id=default&limit=10?
____________ TestChatCoach.test_chat_decrements_messages_remaining _____________
backend/tests/test_subscription_chat.py:249: in test_chat_decrements_messages_remaining
    status_before = requests.get(f"{BASE_URL}/api/subscription/status?user_id=default").json()
                    ^^^^^^^^^^^^^^^^^^^^^^^^^^^^^^^^^^^^^^^^^^^^^^^^^^^^^^^^^^^^^^^^^^^
/usr/lib/python3/dist-packages/requests/api.py:73: in get
    return request("get", url, params=params, **kwargs)
           ^^^^^^^^^^^^^^^^^^^^^^^^^^^^^^^^^^^^^^^^^^^^
/usr/lib/python3/dist-packages/requests/api.py:59: in request
    return session.request(method=method, url=url, **kwargs)
           ^^^^^^^^^^^^^^^^^^^^^^^^^^^^^^^^^^^^^^^^^^^^^^^^^
/usr/lib/python3/dist-packages/requests/sessions.py:575: in request
    prep = self.prepare_request(req)
           ^^^^^^^^^^^^^^^^^^^^^^^^^
/usr/lib/python3/dist-packages/requests/sessions.py:486: in prepare_request
    p.prepare(
/usr/lib/python3/dist-packages/requests/models.py:368: in prepare
    self.prepare_url(url, params)
/usr/lib/python3/dist-packages/requests/models.py:439: in prepare_url
    raise MissingSchema(
E   requests.exceptions.MissingSchema: Invalid URL '/api/subscription/status?user_id=default': No scheme supplied. Perhaps you meant https:///api/subscription/status?user_id=default?
___________ TestChatEngine.test_fallback_response_for_unknown_query ____________
backend/tests/test_subscription_chat.py:269: in test_fallback_response_for_unknown_query
    response = requests.post(
/usr/lib/python3/dist-packages/requests/api.py:115: in post
    return request("post", url, data=data, json=json, **kwargs)
           ^^^^^^^^^^^^^^^^^^^^^^^^^^^^^^^^^^^^^^^^^^^^^^^^^^^^
/usr/lib/python3/dist-packages/requests/api.py:59: in request
    return session.request(method=method, url=url, **kwargs)
           ^^^^^^^^^^^^^^^^^^^^^^^^^^^^^^^^^^^^^^^^^^^^^^^^^
/usr/lib/python3/dist-packages/requests/sessions.py:575: in request
    prep = self.prepare_request(req)
           ^^^^^^^^^^^^^^^^^^^^^^^^^
/usr/lib/python3/dist-packages/requests/sessions.py:486: in prepare_request
    p.prepare(
/usr/lib/python3/dist-packages/requests/models.py:368: in prepare
    self.prepare_url(url, params)
/usr/lib/python3/dist-packages/requests/models.py:439: in prepare_url
    raise MissingSchema(
E   requests.exceptions.MissingSchema: Invalid URL '/api/chat/send': No scheme supplied. Perhaps you meant https:///api/chat/send?
_________________ TestChatEngine.test_chat_response_in_french __________________
backend/tests/test_subscription_chat.py:284: in test_chat_response_in_french
    response = requests.post(
/usr/lib/python3/dist-packages/requests/api.py:115: in post
    return request("post", url, data=data, json=json, **kwargs)
           ^^^^^^^^^^^^^^^^^^^^^^^^^^^^^^^^^^^^^^^^^^^^^^^^^^^^
/usr/lib/python3/dist-packages/requests/api.py:59: in request
    return session.request(method=method, url=url, **kwargs)
           ^^^^^^^^^^^^^^^^^^^^^^^^^^^^^^^^^^^^^^^^^^^^^^^^^
/usr/lib/python3/dist-packages/requests/sessions.py:575: in request
    prep = self.prepare_request(req)
           ^^^^^^^^^^^^^^^^^^^^^^^^^
/usr/lib/python3/dist-packages/requests/sessions.py:486: in prepare_request
    p.prepare(
/usr/lib/python3/dist-packages/requests/models.py:368: in prepare
    self.prepare_url(url, params)
/usr/lib/python3/dist-packages/requests/models.py:439: in prepare_url
    raise MissingSchema(
E   requests.exceptions.MissingSchema: Invalid URL '/api/chat/send': No scheme supplied. Perhaps you meant https:///api/chat/send?
___________ TestTerraStatusEndpoint.test_terra_status_not_connected ____________
/usr/lib/python3/dist-packages/urllib3/connection.py:203: in _new_conn
    sock = connection.create_connection(
/usr/lib/python3/dist-packages/urllib3/util/connection.py:85: in create_connection
    raise err
/usr/lib/python3/dist-packages/urllib3/util/connection.py:73: in create_connection
    sock.connect(sa)
E   ConnectionRefusedError: [Errno 111] Connection refused

The above exception was the direct cause of the following exception:
/usr/lib/python3/dist-packages/urllib3/connectionpool.py:791: in urlopen
    response = self._make_request(
/usr/lib/python3/dist-packages/urllib3/connectionpool.py:497: in _make_request
    conn.request(
/usr/lib/python3/dist-packages/urllib3/connection.py:395: in request
    self.endheaders()
/usr/lib/python3.12/http/client.py:1351: in endheaders
    self._send_output(message_body, encode_chunked=encode_chunked)
/usr/lib/python3.12/http/client.py:1111: in _send_output
    self.send(msg)
/usr/lib/python3.12/http/client.py:1055: in send
    self.connect()
/usr/lib/python3/dist-packages/urllib3/connection.py:243: in connect
    self.sock = self._new_conn()
                ^^^^^^^^^^^^^^^^
/usr/lib/python3/dist-packages/urllib3/connection.py:218: in _new_conn
    raise NewConnectionError(
E   urllib3.exceptions.NewConnectionError: <urllib3.connection.HTTPConnection object at 0x7f290f2cbf80>: Failed to establish a new connection: [Errno 111] Connection refused

The above exception was the direct cause of the following exception:
/usr/lib/python3/dist-packages/requests/adapters.py:486: in send
    resp = conn.urlopen(
/usr/lib/python3/dist-packages/urllib3/connectionpool.py:845: in urlopen
    retries = retries.increment(
/usr/lib/python3/dist-packages/urllib3/util/retry.py:517: in increment
    raise MaxRetryError(_pool, url, reason) from reason  # type: ignore[arg-type]
    ^^^^^^^^^^^^^^^^^^^^^^^^^^^^^^^^^^^^^^^^^^^^^^^^^^^
E   urllib3.exceptions.MaxRetryError: HTTPConnectionPool(host='localhost', port=8001): Max retries exceeded with url: /api/terra/status?user_id=test_terra_user (Caused by NewConnectionError('<urllib3.connection.HTTPConnection object at 0x7f290f2cbf80>: Failed to establish a new connection: [Errno 111] Connection refused'))

During handling of the above exception, another exception occurred:
backend/tests/test_terra_integration.py:26: in test_terra_status_not_connected
    response = requests.get(f"{BASE_URL}/api/terra/status?user_id=test_terra_user")
               ^^^^^^^^^^^^^^^^^^^^^^^^^^^^^^^^^^^^^^^^^^^^^^^^^^^^^^^^^^^^^^^^^^^^
/usr/lib/python3/dist-packages/requests/api.py:73: in get
    return request("get", url, params=params, **kwargs)
           ^^^^^^^^^^^^^^^^^^^^^^^^^^^^^^^^^^^^^^^^^^^^
/usr/lib/python3/dist-packages/requests/api.py:59: in request
    return session.request(method=method, url=url, **kwargs)
           ^^^^^^^^^^^^^^^^^^^^^^^^^^^^^^^^^^^^^^^^^^^^^^^^^
/usr/lib/python3/dist-packages/requests/sessions.py:589: in request
    resp = self.send(prep, **send_kwargs)
           ^^^^^^^^^^^^^^^^^^^^^^^^^^^^^^
/usr/lib/python3/dist-packages/requests/sessions.py:703: in send
    r = adapter.send(request, **kwargs)
        ^^^^^^^^^^^^^^^^^^^^^^^^^^^^^^^
/usr/lib/python3/dist-packages/requests/adapters.py:519: in send
    raise ConnectionError(e, request=request)
E   requests.exceptions.ConnectionError: HTTPConnectionPool(host='localhost', port=8001): Max retries exceeded with url: /api/terra/status?user_id=test_terra_user (Caused by NewConnectionError('<urllib3.connection.HTTPConnection object at 0x7f290f2cbf80>: Failed to establish a new connection: [Errno 111] Connection refused'))
___________ TestTerraStatusEndpoint.test_terra_status_fields_present ___________
/usr/lib/python3/dist-packages/urllib3/connection.py:203: in _new_conn
    sock = connection.create_connection(
/usr/lib/python3/dist-packages/urllib3/util/connection.py:85: in create_connection
    raise err
/usr/lib/python3/dist-packages/urllib3/util/connection.py:73: in create_connection
    sock.connect(sa)
E   ConnectionRefusedError: [Errno 111] Connection refused

The above exception was the direct cause of the following exception:
/usr/lib/python3/dist-packages/urllib3/connectionpool.py:791: in urlopen
    response = self._make_request(
/usr/lib/python3/dist-packages/urllib3/connectionpool.py:497: in _make_request
    conn.request(
/usr/lib/python3/dist-packages/urllib3/connection.py:395: in request
    self.endheaders()
/usr/lib/python3.12/http/client.py:1351: in endheaders
    self._send_output(message_body, encode_chunked=encode_chunked)
/usr/lib/python3.12/http/client.py:1111: in _send_output
    self.send(msg)
/usr/lib/python3.12/http/client.py:1055: in send
    self.connect()
/usr/lib/python3/dist-packages/urllib3/connection.py:243: in connect
    self.sock = self._new_conn()
                ^^^^^^^^^^^^^^^^
/usr/lib/python3/dist-packages/urllib3/connection.py:218: in _new_conn
    raise NewConnectionError(
E   urllib3.exceptions.NewConnectionError: <urllib3.connection.HTTPConnection object at 0x7f290f32d430>: Failed to establish a new connection: [Errno 111] Connection refused

The above exception was the direct cause of the following exception:
/usr/lib/python3/dist-packages/requests/adapters.py:486: in send
    resp = conn.urlopen(
/usr/lib/python3/dist-packages/urllib3/connectionpool.py:845: in urlopen
    retries = retries.increment(
/usr/lib/python3/dist-packages/urllib3/util/retry.py:517: in increment
    raise MaxRetryError(_pool, url, reason) from reason  # type: ignore[arg-type]
    ^^^^^^^^^^^^^^^^^^^^^^^^^^^^^^^^^^^^^^^^^^^^^^^^^^^
E   urllib3.exceptions.MaxRetryError: HTTPConnectionPool(host='localhost', port=8001): Max retries exceeded with url: /api/terra/status?user_id=test_terra_fields (Caused by NewConnectionError('<urllib3.connection.HTTPConnection object at 0x7f290f32d430>: Failed to establish a new connection: [Errno 111] Connection refused'))

During handling of the above exception, another exception occurred:
backend/tests/test_terra_integration.py:37: in test_terra_status_fields_present
    response = requests.get(f"{BASE_URL}/api/terra/status?user_id=test_terra_fields")
               ^^^^^^^^^^^^^^^^^^^^^^^^^^^^^^^^^^^^^^^^^^^^^^^^^^^^^^^^^^^^^^^^^^^^^^
/usr/lib/python3/dist-packages/requests/api.py:73: in get
    return request("get", url, params=params, **kwargs)
           ^^^^^^^^^^^^^^^^^^^^^^^^^^^^^^^^^^^^^^^^^^^^
/usr/lib/python3/dist-packages/requests/api.py:59: in request
    return session.request(method=method, url=url, **kwargs)
           ^^^^^^^^^^^^^^^^^^^^^^^^^^^^^^^^^^^^^^^^^^^^^^^^^
/usr/lib/python3/dist-packages/requests/sessions.py:589: in request
    resp = self.send(prep, **send_kwargs)
           ^^^^^^^^^^^^^^^^^^^^^^^^^^^^^^
/usr/lib/python3/dist-packages/requests/sessions.py:703: in send
    r = adapter.send(request, **kwargs)
        ^^^^^^^^^^^^^^^^^^^^^^^^^^^^^^^
/usr/lib/python3/dist-packages/requests/adapters.py:519: in send
    raise ConnectionError(e, request=request)
E   requests.exceptions.ConnectionError: HTTPConnectionPool(host='localhost', port=8001): Max retries exceeded with url: /api/terra/status?user_id=test_terra_fields (Caused by NewConnectionError('<urllib3.connection.HTTPConnection object at 0x7f290f32d430>: Failed to establish a new connection: [Errno 111] Connection refused'))
__________ TestTerraConnectDisconnect.test_terra_connect_stores_token __________
/usr/lib/python3/dist-packages/urllib3/connection.py:203: in _new_conn
    sock = connection.create_connection(
/usr/lib/python3/dist-packages/urllib3/util/connection.py:85: in create_connection
    raise err
/usr/lib/python3/dist-packages/urllib3/util/connection.py:73: in create_connection
    sock.connect(sa)
E   ConnectionRefusedError: [Errno 111] Connection refused

The above exception was the direct cause of the following exception:
/usr/lib/python3/dist-packages/urllib3/connectionpool.py:791: in urlopen
    response = self._make_request(
/usr/lib/python3/dist-packages/urllib3/connectionpool.py:497: in _make_request
    conn.request(
/usr/lib/python3/dist-packages/urllib3/connection.py:395: in request
    self.endheaders()
/usr/lib/python3.12/http/client.py:1351: in endheaders
    self._send_output(message_body, encode_chunked=encode_chunked)
/usr/lib/python3.12/http/client.py:1111: in _send_output
    self.send(msg)
/usr/lib/python3.12/http/client.py:1055: in send
    self.connect()
/usr/lib/python3/dist-packages/urllib3/connection.py:243: in connect
    self.sock = self._new_conn()
                ^^^^^^^^^^^^^^^^
/usr/lib/python3/dist-packages/urllib3/connection.py:218: in _new_conn
    raise NewConnectionError(
E   urllib3.exceptions.NewConnectionError: <urllib3.connection.HTTPConnection object at 0x7f290f2c63c0>: Failed to establish a new connection: [Errno 111] Connection refused

The above exception was the direct cause of the following exception:
/usr/lib/python3/dist-packages/requests/adapters.py:486: in send
    resp = conn.urlopen(
/usr/lib/python3/dist-packages/urllib3/connectionpool.py:845: in urlopen
    retries = retries.increment(
/usr/lib/python3/dist-packages/urllib3/util/retry.py:517: in increment
    raise MaxRetryError(_pool, url, reason) from reason  # type: ignore[arg-type]
    ^^^^^^^^^^^^^^^^^^^^^^^^^^^^^^^^^^^^^^^^^^^^^^^^^^^
E   urllib3.exceptions.MaxRetryError: HTTPConnectionPool(host='localhost', port=8001): Max retries exceeded with url: /api/terra/connect?user_id=test_terra_connect (Caused by NewConnectionError('<urllib3.connection.HTTPConnection object at 0x7f290f2c63c0>: Failed to establish a new connection: [Errno 111] Connection refused'))

During handling of the above exception, another exception occurred:
backend/tests/test_terra_integration.py:51: in test_terra_connect_stores_token
    response = requests.post(
/usr/lib/python3/dist-packages/requests/api.py:115: in post
    return request("post", url, data=data, json=json, **kwargs)
           ^^^^^^^^^^^^^^^^^^^^^^^^^^^^^^^^^^^^^^^^^^^^^^^^^^^^
/usr/lib/python3/dist-packages/requests/api.py:59: in request
    return session.request(method=method, url=url, **kwargs)
           ^^^^^^^^^^^^^^^^^^^^^^^^^^^^^^^^^^^^^^^^^^^^^^^^^
/usr/lib/python3/dist-packages/requests/sessions.py:589: in request
    resp = self.send(prep, **send_kwargs)
           ^^^^^^^^^^^^^^^^^^^^^^^^^^^^^^
/usr/lib/python3/dist-packages/requests/sessions.py:703: in send
    r = adapter.send(request, **kwargs)
        ^^^^^^^^^^^^^^^^^^^^^^^^^^^^^^^
/usr/lib/python3/dist-packages/requests/adapters.py:519: in send
    raise ConnectionError(e, request=request)
E   requests.exceptions.ConnectionError: HTTPConnectionPool(host='localhost', port=8001): Max retries exceeded with url: /api/terra/connect?user_id=test_terra_connect (Caused by NewConnectionError('<urllib3.connection.HTTPConnection object at 0x7f290f2c63c0>: Failed to establish a new connection: [Errno 111] Connection refused'))
_________ TestTerraConnectDisconnect.test_terra_connect_requires_token _________
/usr/lib/python3/dist-packages/urllib3/connection.py:203: in _new_conn
    sock = connection.create_connection(
/usr/lib/python3/dist-packages/urllib3/util/connection.py:85: in create_connection
    raise err
/usr/lib/python3/dist-packages/urllib3/util/connection.py:73: in create_connection
    sock.connect(sa)
E   ConnectionRefusedError: [Errno 111] Connection refused

The above exception was the direct cause of the following exception:
/usr/lib/python3/dist-packages/urllib3/connectionpool.py:791: in urlopen
    response = self._make_request(
/usr/lib/python3/dist-packages/urllib3/connectionpool.py:497: in _make_request
    conn.request(
/usr/lib/python3/dist-packages/urllib3/connection.py:395: in request
    self.endheaders()
/usr/lib/python3.12/http/client.py:1351: in endheaders
    self._send_output(message_body, encode_chunked=encode_chunked)
/usr/lib/python3.12/http/client.py:1111: in _send_output
    self.send(msg)
/usr/lib/python3.12/http/client.py:1055: in send
    self.connect()
/usr/lib/python3/dist-packages/urllib3/connection.py:243: in connect
    self.sock = self._new_conn()
                ^^^^^^^^^^^^^^^^
/usr/lib/python3/dist-packages/urllib3/connection.py:218: in _new_conn
    raise NewConnectionError(
E   urllib3.exceptions.NewConnectionError: <urllib3.connection.HTTPConnection object at 0x7f290f2c55e0>: Failed to establish a new connection: [Errno 111] Connection refused

The above exception was the direct cause of the following exception:
/usr/lib/python3/dist-packages/requests/adapters.py:486: in send
    resp = conn.urlopen(
/usr/lib/python3/dist-packages/urllib3/connectionpool.py:845: in urlopen
    retries = retries.increment(
/usr/lib/python3/dist-packages/urllib3/util/retry.py:517: in increment
    raise MaxRetryError(_pool, url, reason) from reason  # type: ignore[arg-type]
    ^^^^^^^^^^^^^^^^^^^^^^^^^^^^^^^^^^^^^^^^^^^^^^^^^^^
E   urllib3.exceptions.MaxRetryError: HTTPConnectionPool(host='localhost', port=8001): Max retries exceeded with url: /api/terra/connect?user_id=test_no_token (Caused by NewConnectionError('<urllib3.connection.HTTPConnection object at 0x7f290f2c55e0>: Failed to establish a new connection: [Errno 111] Connection refused'))

During handling of the above exception, another exception occurred:
backend/tests/test_terra_integration.py:66: in test_terra_connect_requires_token
    response = requests.post(
/usr/lib/python3/dist-packages/requests/api.py:115: in post
    return request("post", url, data=data, json=json, **kwargs)
           ^^^^^^^^^^^^^^^^^^^^^^^^^^^^^^^^^^^^^^^^^^^^^^^^^^^^
/usr/lib/python3/dist-packages/requests/api.py:59: in request
    return session.request(method=method, url=url, **kwargs)
           ^^^^^^^^^^^^^^^^^^^^^^^^^^^^^^^^^^^^^^^^^^^^^^^^^
/usr/lib/python3/dist-packages/requests/sessions.py:589: in request
    resp = self.send(prep, **send_kwargs)
           ^^^^^^^^^^^^^^^^^^^^^^^^^^^^^^
/usr/lib/python3/dist-packages/requests/sessions.py:703: in send
    r = adapter.send(request, **kwargs)
        ^^^^^^^^^^^^^^^^^^^^^^^^^^^^^^^
/usr/lib/python3/dist-packages/requests/adapters.py:519: in send
    raise ConnectionError(e, request=request)
E   requests.exceptions.ConnectionError: HTTPConnectionPool(host='localhost', port=8001): Max retries exceeded with url: /api/terra/connect?user_id=test_no_token (Caused by NewConnectionError('<urllib3.connection.HTTPConnection object at 0x7f290f2c55e0>: Failed to establish a new connection: [Errno 111] Connection refused'))
_______ TestTerraConnectDisconnect.test_terra_disconnect_returns_success _______
/usr/lib/python3/dist-packages/urllib3/connection.py:203: in _new_conn
    sock = connection.create_connection(
/usr/lib/python3/dist-packages/urllib3/util/connection.py:85: in create_connection
    raise err
/usr/lib/python3/dist-packages/urllib3/util/connection.py:73: in create_connection
    sock.connect(sa)
E   ConnectionRefusedError: [Errno 111] Connection refused

The above exception was the direct cause of the following exception:
/usr/lib/python3/dist-packages/urllib3/connectionpool.py:791: in urlopen
    response = self._make_request(
/usr/lib/python3/dist-packages/urllib3/connectionpool.py:497: in _make_request
    conn.request(
/usr/lib/python3/dist-packages/urllib3/connection.py:395: in request
    self.endheaders()
/usr/lib/python3.12/http/client.py:1351: in endheaders
    self._send_output(message_body, encode_chunked=encode_chunked)
/usr/lib/python3.12/http/client.py:1111: in _send_output
    self.send(msg)
/usr/lib/python3.12/http/client.py:1055: in send
    self.connect()
/usr/lib/python3/dist-packages/urllib3/connection.py:243: in connect
    self.sock = self._new_conn()
                ^^^^^^^^^^^^^^^^
/usr/lib/python3/dist-packages/urllib3/connection.py:218: in _new_conn
    raise NewConnectionError(
E   urllib3.exceptions.NewConnectionError: <urllib3.connection.HTTPConnection object at 0x7f290f28e780>: Failed to establish a new connection: [Errno 111] Connection refused

The above exception was the direct cause of the following exception:
/usr/lib/python3/dist-packages/requests/adapters.py:486: in send
    resp = conn.urlopen(
/usr/lib/python3/dist-packages/urllib3/connectionpool.py:845: in urlopen
    retries = retries.increment(
/usr/lib/python3/dist-packages/urllib3/util/retry.py:517: in increment
    raise MaxRetryError(_pool, url, reason) from reason  # type: ignore[arg-type]
    ^^^^^^^^^^^^^^^^^^^^^^^^^^^^^^^^^^^^^^^^^^^^^^^^^^^
E   urllib3.exceptions.MaxRetryError: HTTPConnectionPool(host='localhost', port=8001): Max retries exceeded with url: /api/terra/disconnect?user_id=test_terra_disconnect (Caused by NewConnectionError('<urllib3.connection.HTTPConnection object at 0x7f290f28e780>: Failed to establish a new connection: [Errno 111] Connection refused'))

During handling of the above exception, another exception occurred:
backend/tests/test_terra_integration.py:77: in test_terra_disconnect_returns_success
    response = requests.delete(
/usr/lib/python3/dist-packages/requests/api.py:157: in delete
    return request("delete", url, **kwargs)
           ^^^^^^^^^^^^^^^^^^^^^^^^^^^^^^^^
/usr/lib/python3/dist-packages/requests/api.py:59: in request
    return session.request(method=method, url=url, **kwargs)
           ^^^^^^^^^^^^^^^^^^^^^^^^^^^^^^^^^^^^^^^^^^^^^^^^^
/usr/lib/python3/dist-packages/requests/sessions.py:589: in request
    resp = self.send(prep, **send_kwargs)
           ^^^^^^^^^^^^^^^^^^^^^^^^^^^^^^
/usr/lib/python3/dist-packages/requests/sessions.py:703: in send
    r = adapter.send(request, **kwargs)
        ^^^^^^^^^^^^^^^^^^^^^^^^^^^^^^^
/usr/lib/python3/dist-packages/requests/adapters.py:519: in send
    raise ConnectionError(e, request=request)
E   requests.exceptions.ConnectionError: HTTPConnectionPool(host='localhost', port=8001): Max retries exceeded with url: /api/terra/disconnect?user_id=test_terra_disconnect (Caused by NewConnectionError('<urllib3.connection.HTTPConnection object at 0x7f290f28e780>: Failed to establish a new connection: [Errno 111] Connection refused'))
_____________ TestTerraSyncEndpoints.test_terra_sync_not_connected _____________
/usr/lib/python3/dist-packages/urllib3/connection.py:203: in _new_conn
    sock = connection.create_connection(
/usr/lib/python3/dist-packages/urllib3/util/connection.py:85: in create_connection
    raise err
/usr/lib/python3/dist-packages/urllib3/util/connection.py:73: in create_connection
    sock.connect(sa)
E   ConnectionRefusedError: [Errno 111] Connection refused

The above exception was the direct cause of the following exception:
/usr/lib/python3/dist-packages/urllib3/connectionpool.py:791: in urlopen
    response = self._make_request(
/usr/lib/python3/dist-packages/urllib3/connectionpool.py:497: in _make_request
    conn.request(
/usr/lib/python3/dist-packages/urllib3/connection.py:395: in request
    self.endheaders()
/usr/lib/python3.12/http/client.py:1351: in endheaders
    self._send_output(message_body, encode_chunked=encode_chunked)
/usr/lib/python3.12/http/client.py:1111: in _send_output
    self.send(msg)
/usr/lib/python3.12/http/client.py:1055: in send
    self.connect()
/usr/lib/python3/dist-packages/urllib3/connection.py:243: in connect
    self.sock = self._new_conn()
                ^^^^^^^^^^^^^^^^
/usr/lib/python3/dist-packages/urllib3/connection.py:218: in _new_conn
    raise NewConnectionError(
E   urllib3.exceptions.NewConnectionError: <urllib3.connection.HTTPConnection object at 0x7f290f28f860>: Failed to establish a new connection: [Errno 111] Connection refused

The above exception was the direct cause of the following exception:
/usr/lib/python3/dist-packages/requests/adapters.py:486: in send
    resp = conn.urlopen(
/usr/lib/python3/dist-packages/urllib3/connectionpool.py:845: in urlopen
    retries = retries.increment(
/usr/lib/python3/dist-packages/urllib3/util/retry.py:517: in increment
    raise MaxRetryError(_pool, url, reason) from reason  # type: ignore[arg-type]
    ^^^^^^^^^^^^^^^^^^^^^^^^^^^^^^^^^^^^^^^^^^^^^^^^^^^
E   urllib3.exceptions.MaxRetryError: HTTPConnectionPool(host='localhost', port=8001): Max retries exceeded with url: /api/terra/sync?user_id=test_sync_not_connected (Caused by NewConnectionError('<urllib3.connection.HTTPConnection object at 0x7f290f28f860>: Failed to establish a new connection: [Errno 111] Connection refused'))

During handling of the above exception, another exception occurred:
backend/tests/test_terra_integration.py:92: in test_terra_sync_not_connected
    response = requests.post(
/usr/lib/python3/dist-packages/requests/api.py:115: in post
    return request("post", url, data=data, json=json, **kwargs)
           ^^^^^^^^^^^^^^^^^^^^^^^^^^^^^^^^^^^^^^^^^^^^^^^^^^^^
/usr/lib/python3/dist-packages/requests/api.py:59: in request
    return session.request(method=method, url=url, **kwargs)
           ^^^^^^^^^^^^^^^^^^^^^^^^^^^^^^^^^^^^^^^^^^^^^^^^^
/usr/lib/python3/dist-packages/requests/sessions.py:589: in request
    resp = self.send(prep, **send_kwargs)
           ^^^^^^^^^^^^^^^^^^^^^^^^^^^^^^
/usr/lib/python3/dist-packages/requests/sessions.py:703: in send
    r = adapter.send(request, **kwargs)
        ^^^^^^^^^^^^^^^^^^^^^^^^^^^^^^^
/usr/lib/python3/dist-packages/requests/adapters.py:519: in send
    raise ConnectionError(e, request=request)
E   requests.exceptions.ConnectionError: HTTPConnectionPool(host='localhost', port=8001): Max retries exceeded with url: /api/terra/sync?user_id=test_sync_not_connected (Caused by NewConnectionError('<urllib3.connection.HTTPConnection object at 0x7f290f28f860>: Failed to establish a new connection: [Errno 111] Connection refused'))
__________ TestTerraSyncEndpoints.test_terra_sync_daily_not_connected __________
/usr/lib/python3/dist-packages/urllib3/connection.py:203: in _new_conn
    sock = connection.create_connection(
/usr/lib/python3/dist-packages/urllib3/util/connection.py:85: in create_connection
    raise err
/usr/lib/python3/dist-packages/urllib3/util/connection.py:73: in create_connection
    sock.connect(sa)
E   ConnectionRefusedError: [Errno 111] Connection refused

The above exception was the direct cause of the following exception:
/usr/lib/python3/dist-packages/urllib3/connectionpool.py:791: in urlopen
    response = self._make_request(
/usr/lib/python3/dist-packages/urllib3/connectionpool.py:497: in _make_request
    conn.request(
/usr/lib/python3/dist-packages/urllib3/connection.py:395: in request
    self.endheaders()
/usr/lib/python3.12/http/client.py:1351: in endheaders
    self._send_output(message_body, encode_chunked=encode_chunked)
/usr/lib/python3.12/http/client.py:1111: in _send_output
    self.send(msg)
/usr/lib/python3.12/http/client.py:1055: in send
    self.connect()
/usr/lib/python3/dist-packages/urllib3/connection.py:243: in connect
    self.sock = self._new_conn()
                ^^^^^^^^^^^^^^^^
/usr/lib/python3/dist-packages/urllib3/connection.py:218: in _new_conn
    raise NewConnectionError(
E   urllib3.exceptions.NewConnectionError: <urllib3.connection.HTTPConnection object at 0x7f290f28f740>: Failed to establish a new connection: [Errno 111] Connection refused

The above exception was the direct cause of the following exception:
/usr/lib/python3/dist-packages/requests/adapters.py:486: in send
    resp = conn.urlopen(
/usr/lib/python3/dist-packages/urllib3/connectionpool.py:845: in urlopen
    retries = retries.increment(
/usr/lib/python3/dist-packages/urllib3/util/retry.py:517: in increment
    raise MaxRetryError(_pool, url, reason) from reason  # type: ignore[arg-type]
    ^^^^^^^^^^^^^^^^^^^^^^^^^^^^^^^^^^^^^^^^^^^^^^^^^^^
E   urllib3.exceptions.MaxRetryError: HTTPConnectionPool(host='localhost', port=8001): Max retries exceeded with url: /api/terra/sync-daily?user_id=test_sync_daily_nc (Caused by NewConnectionError('<urllib3.connection.HTTPConnection object at 0x7f290f28f740>: Failed to establish a new connection: [Errno 111] Connection refused'))

During handling of the above exception, another exception occurred:
backend/tests/test_terra_integration.py:105: in test_terra_sync_daily_not_connected
    response = requests.post(
/usr/lib/python3/dist-packages/requests/api.py:115: in post
    return request("post", url, data=data, json=json, **kwargs)
           ^^^^^^^^^^^^^^^^^^^^^^^^^^^^^^^^^^^^^^^^^^^^^^^^^^^^
/usr/lib/python3/dist-packages/requests/api.py:59: in request
    return session.request(method=method, url=url, **kwargs)
           ^^^^^^^^^^^^^^^^^^^^^^^^^^^^^^^^^^^^^^^^^^^^^^^^^
/usr/lib/python3/dist-packages/requests/sessions.py:589: in request
    resp = self.send(prep, **send_kwargs)
           ^^^^^^^^^^^^^^^^^^^^^^^^^^^^^^
/usr/lib/python3/dist-packages/requests/sessions.py:703: in send
    r = adapter.send(request, **kwargs)
        ^^^^^^^^^^^^^^^^^^^^^^^^^^^^^^^
/usr/lib/python3/dist-packages/requests/adapters.py:519: in send
    raise ConnectionError(e, request=request)
E   requests.exceptions.ConnectionError: HTTPConnectionPool(host='localhost', port=8001): Max retries exceeded with url: /api/terra/sync-daily?user_id=test_sync_daily_nc (Caused by NewConnectionError('<urllib3.connection.HTTPConnection object at 0x7f290f28f740>: Failed to establish a new connection: [Errno 111] Connection refused'))
____________ TestTerraMetricsEndpoints.test_terra_recovery_no_data _____________
/usr/lib/python3/dist-packages/urllib3/connection.py:203: in _new_conn
    sock = connection.create_connection(
/usr/lib/python3/dist-packages/urllib3/util/connection.py:85: in create_connection
    raise err
/usr/lib/python3/dist-packages/urllib3/util/connection.py:73: in create_connection
    sock.connect(sa)
E   ConnectionRefusedError: [Errno 111] Connection refused

The above exception was the direct cause of the following exception:
/usr/lib/python3/dist-packages/urllib3/connectionpool.py:791: in urlopen
    response = self._make_request(
/usr/lib/python3/dist-packages/urllib3/connectionpool.py:497: in _make_request
    conn.request(
/usr/lib/python3/dist-packages/urllib3/connection.py:395: in request
    self.endheaders()
/usr/lib/python3.12/http/client.py:1351: in endheaders
    self._send_output(message_body, encode_chunked=encode_chunked)
/usr/lib/python3.12/http/client.py:1111: in _send_output
    self.send(msg)
/usr/lib/python3.12/http/client.py:1055: in send
    self.connect()
/usr/lib/python3/dist-packages/urllib3/connection.py:243: in connect
    self.sock = self._new_conn()
                ^^^^^^^^^^^^^^^^
/usr/lib/python3/dist-packages/urllib3/connection.py:218: in _new_conn
    raise NewConnectionError(
E   urllib3.exceptions.NewConnectionError: <urllib3.connection.HTTPConnection object at 0x7f290f08eae0>: Failed to establish a new connection: [Errno 111] Connection refused

The above exception was the direct cause of the following exception:
/usr/lib/python3/dist-packages/requests/adapters.py:486: in send
    resp = conn.urlopen(
/usr/lib/python3/dist-packages/urllib3/connectionpool.py:845: in urlopen
    retries = retries.increment(
/usr/lib/python3/dist-packages/urllib3/util/retry.py:517: in increment
    raise MaxRetryError(_pool, url, reason) from reason  # type: ignore[arg-type]
    ^^^^^^^^^^^^^^^^^^^^^^^^^^^^^^^^^^^^^^^^^^^^^^^^^^^
E   urllib3.exceptions.MaxRetryError: HTTPConnectionPool(host='localhost', port=8001): Max retries exceeded with url: /api/terra/recovery?user_id=test_recovery_nd (Caused by NewConnectionError('<urllib3.connection.HTTPConnection object at 0x7f290f08eae0>: Failed to establish a new connection: [Errno 111] Connection refused'))

During handling of the above exception, another exception occurred:
backend/tests/test_terra_integration.py:119: in test_terra_recovery_no_data
    response = requests.get(
/usr/lib/python3/dist-packages/requests/api.py:73: in get
    return request("get", url, params=params, **kwargs)
           ^^^^^^^^^^^^^^^^^^^^^^^^^^^^^^^^^^^^^^^^^^^^
/usr/lib/python3/dist-packages/requests/api.py:59: in request
    return session.request(method=method, url=url, **kwargs)
           ^^^^^^^^^^^^^^^^^^^^^^^^^^^^^^^^^^^^^^^^^^^^^^^^^
/usr/lib/python3/dist-packages/requests/sessions.py:589: in request
    resp = self.send(prep, **send_kwargs)
           ^^^^^^^^^^^^^^^^^^^^^^^^^^^^^^
/usr/lib/python3/dist-packages/requests/sessions.py:703: in send
    r = adapter.send(request, **kwargs)
        ^^^^^^^^^^^^^^^^^^^^^^^^^^^^^^^
/usr/lib/python3/dist-packages/requests/adapters.py:519: in send
    raise ConnectionError(e, request=request)
E   requests.exceptions.ConnectionError: HTTPConnectionPool(host='localhost', port=8001): Max retries exceeded with url: /api/terra/recovery?user_id=test_recovery_nd (Caused by NewConnectionError('<urllib3.connection.HTTPConnection object at 0x7f290f08eae0>: Failed to establish a new connection: [Errno 111] Connection refused'))
_________ TestTerraMetricsEndpoints.test_terra_recommendation_no_data __________
/usr/lib/python3/dist-packages/urllib3/connection.py:203: in _new_conn
    sock = connection.create_connection(
/usr/lib/python3/dist-packages/urllib3/util/connection.py:85: in create_connection
    raise err
/usr/lib/python3/dist-packages/urllib3/util/connection.py:73: in create_connection
    sock.connect(sa)
E   ConnectionRefusedError: [Errno 111] Connection refused

The above exception was the direct cause of the following exception:
/usr/lib/python3/dist-packages/urllib3/connectionpool.py:791: in urlopen
    response = self._make_request(
/usr/lib/python3/dist-packages/urllib3/connectionpool.py:497: in _make_request
    conn.request(
/usr/lib/python3/dist-packages/urllib3/connection.py:395: in request
    self.endheaders()
/usr/lib/python3.12/http/client.py:1351: in endheaders
    self._send_output(message_body, encode_chunked=encode_chunked)
/usr/lib/python3.12/http/client.py:1111: in _send_output
    self.send(msg)
/usr/lib/python3.12/http/client.py:1055: in send
    self.connect()
/usr/lib/python3/dist-packages/urllib3/connection.py:243: in connect
    self.sock = self._new_conn()
                ^^^^^^^^^^^^^^^^
/usr/lib/python3/dist-packages/urllib3/connection.py:218: in _new_conn
    raise NewConnectionError(
E   urllib3.exceptions.NewConnectionError: <urllib3.connection.HTTPConnection object at 0x7f290f08fce0>: Failed to establish a new connection: [Errno 111] Connection refused

The above exception was the direct cause of the following exception:
/usr/lib/python3/dist-packages/requests/adapters.py:486: in send
    resp = conn.urlopen(
/usr/lib/python3/dist-packages/urllib3/connectionpool.py:845: in urlopen
    retries = retries.increment(
/usr/lib/python3/dist-packages/urllib3/util/retry.py:517: in increment
    raise MaxRetryError(_pool, url, reason) from reason  # type: ignore[arg-type]
    ^^^^^^^^^^^^^^^^^^^^^^^^^^^^^^^^^^^^^^^^^^^^^^^^^^^
E   urllib3.exceptions.MaxRetryError: HTTPConnectionPool(host='localhost', port=8001): Max retries exceeded with url: /api/terra/recommendation?user_id=test_rec_nd (Caused by NewConnectionError('<urllib3.connection.HTTPConnection object at 0x7f290f08fce0>: Failed to establish a new connection: [Errno 111] Connection refused'))

During handling of the above exception, another exception occurred:
backend/tests/test_terra_integration.py:130: in test_terra_recommendation_no_data
    response = requests.get(
/usr/lib/python3/dist-packages/requests/api.py:73: in get
    return request("get", url, params=params, **kwargs)
           ^^^^^^^^^^^^^^^^^^^^^^^^^^^^^^^^^^^^^^^^^^^^
/usr/lib/python3/dist-packages/requests/api.py:59: in request
    return session.request(method=method, url=url, **kwargs)
           ^^^^^^^^^^^^^^^^^^^^^^^^^^^^^^^^^^^^^^^^^^^^^^^^^
/usr/lib/python3/dist-packages/requests/sessions.py:589: in request
    resp = self.send(prep, **send_kwargs)
           ^^^^^^^^^^^^^^^^^^^^^^^^^^^^^^
/usr/lib/python3/dist-packages/requests/sessions.py:703: in send
    r = adapter.send(request, **kwargs)
        ^^^^^^^^^^^^^^^^^^^^^^^^^^^^^^^
/usr/lib/python3/dist-packages/requests/adapters.py:519: in send
    raise ConnectionError(e, request=request)
E   requests.exceptions.ConnectionError: HTTPConnectionPool(host='localhost', port=8001): Max retries exceeded with url: /api/terra/recommendation?user_id=test_rec_nd (Caused by NewConnectionError('<urllib3.connection.HTTPConnection object at 0x7f290f08fce0>: Failed to establish a new connection: [Errno 111] Connection refused'))
__________ TestTerraMetricsEndpoints.test_terra_daily_metrics_no_data __________
/usr/lib/python3/dist-packages/urllib3/connection.py:203: in _new_conn
    sock = connection.create_connection(
/usr/lib/python3/dist-packages/urllib3/util/connection.py:85: in create_connection
    raise err
/usr/lib/python3/dist-packages/urllib3/util/connection.py:73: in create_connection
    sock.connect(sa)
E   ConnectionRefusedError: [Errno 111] Connection refused

The above exception was the direct cause of the following exception:
/usr/lib/python3/dist-packages/urllib3/connectionpool.py:791: in urlopen
    response = self._make_request(
/usr/lib/python3/dist-packages/urllib3/connectionpool.py:497: in _make_request
    conn.request(
/usr/lib/python3/dist-packages/urllib3/connection.py:395: in request
    self.endheaders()
/usr/lib/python3.12/http/client.py:1351: in endheaders
    self._send_output(message_body, encode_chunked=encode_chunked)
/usr/lib/python3.12/http/client.py:1111: in _send_output
    self.send(msg)
/usr/lib/python3.12/http/client.py:1055: in send
    self.connect()
/usr/lib/python3/dist-packages/urllib3/connection.py:243: in connect
    self.sock = self._new_conn()
                ^^^^^^^^^^^^^^^^
/usr/lib/python3/dist-packages/urllib3/connection.py:218: in _new_conn
    raise NewConnectionError(
E   urllib3.exceptions.NewConnectionError: <urllib3.connection.HTTPConnection object at 0x7f290f098bf0>: Failed to establish a new connection: [Errno 111] Connection refused

The above exception was the direct cause of the following exception:
/usr/lib/python3/dist-packages/requests/adapters.py:486: in send
    resp = conn.urlopen(
/usr/lib/python3/dist-packages/urllib3/connectionpool.py:845: in urlopen
    retries = retries.increment(
/usr/lib/python3/dist-packages/urllib3/util/retry.py:517: in increment
    raise MaxRetryError(_pool, url, reason) from reason  # type: ignore[arg-type]
    ^^^^^^^^^^^^^^^^^^^^^^^^^^^^^^^^^^^^^^^^^^^^^^^^^^^
E   urllib3.exceptions.MaxRetryError: HTTPConnectionPool(host='localhost', port=8001): Max retries exceeded with url: /api/terra/daily-metrics?user_id=test_dm_nd (Caused by NewConnectionError('<urllib3.connection.HTTPConnection object at 0x7f290f098bf0>: Failed to establish a new connection: [Errno 111] Connection refused'))

During handling of the above exception, another exception occurred:
backend/tests/test_terra_integration.py:142: in test_terra_daily_metrics_no_data
    response = requests.get(
/usr/lib/python3/dist-packages/requests/api.py:73: in get
    return request("get", url, params=params, **kwargs)
           ^^^^^^^^^^^^^^^^^^^^^^^^^^^^^^^^^^^^^^^^^^^^
/usr/lib/python3/dist-packages/requests/api.py:59: in request
    return session.request(method=method, url=url, **kwargs)
           ^^^^^^^^^^^^^^^^^^^^^^^^^^^^^^^^^^^^^^^^^^^^^^^^^
/usr/lib/python3/dist-packages/requests/sessions.py:589: in request
    resp = self.send(prep, **send_kwargs)
           ^^^^^^^^^^^^^^^^^^^^^^^^^^^^^^
/usr/lib/python3/dist-packages/requests/sessions.py:703: in send
    r = adapter.send(request, **kwargs)
        ^^^^^^^^^^^^^^^^^^^^^^^^^^^^^^^
/usr/lib/python3/dist-packages/requests/adapters.py:519: in send
    raise ConnectionError(e, request=request)
E   requests.exceptions.ConnectionError: HTTPConnectionPool(host='localhost', port=8001): Max retries exceeded with url: /api/terra/daily-metrics?user_id=test_dm_nd (Caused by NewConnectionError('<urllib3.connection.HTTPConnection object at 0x7f290f098bf0>: Failed to establish a new connection: [Errno 111] Connection refused'))
_______________ TestExistingFunctionalityNotBroken.test_api_root _______________
/usr/lib/python3/dist-packages/urllib3/connection.py:203: in _new_conn
    sock = connection.create_connection(
/usr/lib/python3/dist-packages/urllib3/util/connection.py:85: in create_connection
    raise err
/usr/lib/python3/dist-packages/urllib3/util/connection.py:73: in create_connection
    sock.connect(sa)
E   ConnectionRefusedError: [Errno 111] Connection refused

The above exception was the direct cause of the following exception:
/usr/lib/python3/dist-packages/urllib3/connectionpool.py:791: in urlopen
    response = self._make_request(
/usr/lib/python3/dist-packages/urllib3/connectionpool.py:497: in _make_request
    conn.request(
/usr/lib/python3/dist-packages/urllib3/connection.py:395: in request
    self.endheaders()
/usr/lib/python3.12/http/client.py:1351: in endheaders
    self._send_output(message_body, encode_chunked=encode_chunked)
/usr/lib/python3.12/http/client.py:1111: in _send_output
    self.send(msg)
/usr/lib/python3.12/http/client.py:1055: in send
    self.connect()
/usr/lib/python3/dist-packages/urllib3/connection.py:243: in connect
    self.sock = self._new_conn()
                ^^^^^^^^^^^^^^^^
/usr/lib/python3/dist-packages/urllib3/connection.py:218: in _new_conn
    raise NewConnectionError(
E   urllib3.exceptions.NewConnectionError: <urllib3.connection.HTTPConnection object at 0x7f290f28ef30>: Failed to establish a new connection: [Errno 111] Connection refused

The above exception was the direct cause of the following exception:
/usr/lib/python3/dist-packages/requests/adapters.py:486: in send
    resp = conn.urlopen(
/usr/lib/python3/dist-packages/urllib3/connectionpool.py:845: in urlopen
    retries = retries.increment(
/usr/lib/python3/dist-packages/urllib3/util/retry.py:517: in increment
    raise MaxRetryError(_pool, url, reason) from reason  # type: ignore[arg-type]
    ^^^^^^^^^^^^^^^^^^^^^^^^^^^^^^^^^^^^^^^^^^^^^^^^^^^
E   urllib3.exceptions.MaxRetryError: HTTPConnectionPool(host='localhost', port=8001): Max retries exceeded with url: /api/ (Caused by NewConnectionError('<urllib3.connection.HTTPConnection object at 0x7f290f28ef30>: Failed to establish a new connection: [Errno 111] Connection refused'))

During handling of the above exception, another exception occurred:
backend/tests/test_terra_integration.py:158: in test_api_root
    response = requests.get(f"{BASE_URL}/api/")
               ^^^^^^^^^^^^^^^^^^^^^^^^^^^^^^^^
/usr/lib/python3/dist-packages/requests/api.py:73: in get
    return request("get", url, params=params, **kwargs)
           ^^^^^^^^^^^^^^^^^^^^^^^^^^^^^^^^^^^^^^^^^^^^
/usr/lib/python3/dist-packages/requests/api.py:59: in request
    return session.request(method=method, url=url, **kwargs)
           ^^^^^^^^^^^^^^^^^^^^^^^^^^^^^^^^^^^^^^^^^^^^^^^^^
/usr/lib/python3/dist-packages/requests/sessions.py:589: in request
    resp = self.send(prep, **send_kwargs)
           ^^^^^^^^^^^^^^^^^^^^^^^^^^^^^^
/usr/lib/python3/dist-packages/requests/sessions.py:703: in send
    r = adapter.send(request, **kwargs)
        ^^^^^^^^^^^^^^^^^^^^^^^^^^^^^^^
/usr/lib/python3/dist-packages/requests/adapters.py:519: in send
    raise ConnectionError(e, request=request)
E   requests.exceptions.ConnectionError: HTTPConnectionPool(host='localhost', port=8001): Max retries exceeded with url: /api/ (Caused by NewConnectionError('<urllib3.connection.HTTPConnection object at 0x7f290f28ef30>: Failed to establish a new connection: [Errno 111] Connection refused'))
______ TestExistingFunctionalityNotBroken.test_strava_status_still_works _______
/usr/lib/python3/dist-packages/urllib3/connection.py:203: in _new_conn
    sock = connection.create_connection(
/usr/lib/python3/dist-packages/urllib3/util/connection.py:85: in create_connection
    raise err
/usr/lib/python3/dist-packages/urllib3/util/connection.py:73: in create_connection
    sock.connect(sa)
E   ConnectionRefusedError: [Errno 111] Connection refused

The above exception was the direct cause of the following exception:
/usr/lib/python3/dist-packages/urllib3/connectionpool.py:791: in urlopen
    response = self._make_request(
/usr/lib/python3/dist-packages/urllib3/connectionpool.py:497: in _make_request
    conn.request(
/usr/lib/python3/dist-packages/urllib3/connection.py:395: in request
    self.endheaders()
/usr/lib/python3.12/http/client.py:1351: in endheaders
    self._send_output(message_body, encode_chunked=encode_chunked)
/usr/lib/python3.12/http/client.py:1111: in _send_output
    self.send(msg)
/usr/lib/python3.12/http/client.py:1055: in send
    self.connect()
/usr/lib/python3/dist-packages/urllib3/connection.py:243: in connect
    self.sock = self._new_conn()
                ^^^^^^^^^^^^^^^^
/usr/lib/python3/dist-packages/urllib3/connection.py:218: in _new_conn
    raise NewConnectionError(
E   urllib3.exceptions.NewConnectionError: <urllib3.connection.HTTPConnection object at 0x7f290f2c55e0>: Failed to establish a new connection: [Errno 111] Connection refused

The above exception was the direct cause of the following exception:
/usr/lib/python3/dist-packages/requests/adapters.py:486: in send
    resp = conn.urlopen(
/usr/lib/python3/dist-packages/urllib3/connectionpool.py:845: in urlopen
    retries = retries.increment(
/usr/lib/python3/dist-packages/urllib3/util/retry.py:517: in increment
    raise MaxRetryError(_pool, url, reason) from reason  # type: ignore[arg-type]
    ^^^^^^^^^^^^^^^^^^^^^^^^^^^^^^^^^^^^^^^^^^^^^^^^^^^
E   urllib3.exceptions.MaxRetryError: HTTPConnectionPool(host='localhost', port=8001): Max retries exceeded with url: /api/strava/status?user_id=default (Caused by NewConnectionError('<urllib3.connection.HTTPConnection object at 0x7f290f2c55e0>: Failed to establish a new connection: [Errno 111] Connection refused'))

During handling of the above exception, another exception occurred:
backend/tests/test_terra_integration.py:167: in test_strava_status_still_works
    response = requests.get(f"{BASE_URL}/api/strava/status?user_id=default")
               ^^^^^^^^^^^^^^^^^^^^^^^^^^^^^^^^^^^^^^^^^^^^^^^^^^^^^^^^^^^^^
/usr/lib/python3/dist-packages/requests/api.py:73: in get
    return request("get", url, params=params, **kwargs)
           ^^^^^^^^^^^^^^^^^^^^^^^^^^^^^^^^^^^^^^^^^^^^
/usr/lib/python3/dist-packages/requests/api.py:59: in request
    return session.request(method=method, url=url, **kwargs)
           ^^^^^^^^^^^^^^^^^^^^^^^^^^^^^^^^^^^^^^^^^^^^^^^^^
/usr/lib/python3/dist-packages/requests/sessions.py:589: in request
    resp = self.send(prep, **send_kwargs)
           ^^^^^^^^^^^^^^^^^^^^^^^^^^^^^^
/usr/lib/python3/dist-packages/requests/sessions.py:703: in send
    r = adapter.send(request, **kwargs)
        ^^^^^^^^^^^^^^^^^^^^^^^^^^^^^^^
/usr/lib/python3/dist-packages/requests/adapters.py:519: in send
    raise ConnectionError(e, request=request)
E   requests.exceptions.ConnectionError: HTTPConnectionPool(host='localhost', port=8001): Max retries exceeded with url: /api/strava/status?user_id=default (Caused by NewConnectionError('<urllib3.connection.HTTPConnection object at 0x7f290f2c55e0>: Failed to establish a new connection: [Errno 111] Connection refused'))
_______ TestExistingFunctionalityNotBroken.test_get_workouts_still_works _______
/usr/lib/python3/dist-packages/urllib3/connection.py:203: in _new_conn
    sock = connection.create_connection(
/usr/lib/python3/dist-packages/urllib3/util/connection.py:85: in create_connection
    raise err
/usr/lib/python3/dist-packages/urllib3/util/connection.py:73: in create_connection
    sock.connect(sa)
E   ConnectionRefusedError: [Errno 111] Connection refused

The above exception was the direct cause of the following exception:
/usr/lib/python3/dist-packages/urllib3/connectionpool.py:791: in urlopen
    response = self._make_request(
/usr/lib/python3/dist-packages/urllib3/connectionpool.py:497: in _make_request
    conn.request(
/usr/lib/python3/dist-packages/urllib3/connection.py:395: in request
    self.endheaders()
/usr/lib/python3.12/http/client.py:1351: in endheaders
    self._send_output(message_body, encode_chunked=encode_chunked)
/usr/lib/python3.12/http/client.py:1111: in _send_output
    self.send(msg)
/usr/lib/python3.12/http/client.py:1055: in send
    self.connect()
/usr/lib/python3/dist-packages/urllib3/connection.py:243: in connect
    self.sock = self._new_conn()
                ^^^^^^^^^^^^^^^^
/usr/lib/python3/dist-packages/urllib3/connection.py:218: in _new_conn
    raise NewConnectionError(
E   urllib3.exceptions.NewConnectionError: <urllib3.connection.HTTPConnection object at 0x7f290f2c6210>: Failed to establish a new connection: [Errno 111] Connection refused

The above exception was the direct cause of the following exception:
/usr/lib/python3/dist-packages/requests/adapters.py:486: in send
    resp = conn.urlopen(
/usr/lib/python3/dist-packages/urllib3/connectionpool.py:845: in urlopen
    retries = retries.increment(
/usr/lib/python3/dist-packages/urllib3/util/retry.py:517: in increment
    raise MaxRetryError(_pool, url, reason) from reason  # type: ignore[arg-type]
    ^^^^^^^^^^^^^^^^^^^^^^^^^^^^^^^^^^^^^^^^^^^^^^^^^^^
E   urllib3.exceptions.MaxRetryError: HTTPConnectionPool(host='localhost', port=8001): Max retries exceeded with url: /api/workouts (Caused by NewConnectionError('<urllib3.connection.HTTPConnection object at 0x7f290f2c6210>: Failed to establish a new connection: [Errno 111] Connection refused'))

During handling of the above exception, another exception occurred:
backend/tests/test_terra_integration.py:175: in test_get_workouts_still_works
    response = requests.get(f"{BASE_URL}/api/workouts")
               ^^^^^^^^^^^^^^^^^^^^^^^^^^^^^^^^^^^^^^^^
/usr/lib/python3/dist-packages/requests/api.py:73: in get
    return request("get", url, params=params, **kwargs)
           ^^^^^^^^^^^^^^^^^^^^^^^^^^^^^^^^^^^^^^^^^^^^
/usr/lib/python3/dist-packages/requests/api.py:59: in request
    return session.request(method=method, url=url, **kwargs)
           ^^^^^^^^^^^^^^^^^^^^^^^^^^^^^^^^^^^^^^^^^^^^^^^^^
/usr/lib/python3/dist-packages/requests/sessions.py:589: in request
    resp = self.send(prep, **send_kwargs)
           ^^^^^^^^^^^^^^^^^^^^^^^^^^^^^^
/usr/lib/python3/dist-packages/requests/sessions.py:703: in send
    r = adapter.send(request, **kwargs)
        ^^^^^^^^^^^^^^^^^^^^^^^^^^^^^^^
/usr/lib/python3/dist-packages/requests/adapters.py:519: in send
    raise ConnectionError(e, request=request)
E   requests.exceptions.ConnectionError: HTTPConnectionPool(host='localhost', port=8001): Max retries exceeded with url: /api/workouts (Caused by NewConnectionError('<urllib3.connection.HTTPConnection object at 0x7f290f2c6210>: Failed to establish a new connection: [Errno 111] Connection refused'))
________ TestExistingFunctionalityNotBroken.test_get_stats_still_works _________
/usr/lib/python3/dist-packages/urllib3/connection.py:203: in _new_conn
    sock = connection.create_connection(
/usr/lib/python3/dist-packages/urllib3/util/connection.py:85: in create_connection
    raise err
/usr/lib/python3/dist-packages/urllib3/util/connection.py:73: in create_connection
    sock.connect(sa)
E   ConnectionRefusedError: [Errno 111] Connection refused

The above exception was the direct cause of the following exception:
/usr/lib/python3/dist-packages/urllib3/connectionpool.py:791: in urlopen
    response = self._make_request(
/usr/lib/python3/dist-packages/urllib3/connectionpool.py:497: in _make_request
    conn.request(
/usr/lib/python3/dist-packages/urllib3/connection.py:395: in request
    self.endheaders()
/usr/lib/python3.12/http/client.py:1351: in endheaders
    self._send_output(message_body, encode_chunked=encode_chunked)
/usr/lib/python3.12/http/client.py:1111: in _send_output
    self.send(msg)
/usr/lib/python3.12/http/client.py:1055: in send
    self.connect()
/usr/lib/python3/dist-packages/urllib3/connection.py:243: in connect
    self.sock = self._new_conn()
                ^^^^^^^^^^^^^^^^
/usr/lib/python3/dist-packages/urllib3/connection.py:218: in _new_conn
    raise NewConnectionError(
E   urllib3.exceptions.NewConnectionError: <urllib3.connection.HTTPConnection object at 0x7f290f3ed670>: Failed to establish a new connection: [Errno 111] Connection refused

The above exception was the direct cause of the following exception:
/usr/lib/python3/dist-packages/requests/adapters.py:486: in send
    resp = conn.urlopen(
/usr/lib/python3/dist-packages/urllib3/connectionpool.py:845: in urlopen
    retries = retries.increment(
/usr/lib/python3/dist-packages/urllib3/util/retry.py:517: in increment
    raise MaxRetryError(_pool, url, reason) from reason  # type: ignore[arg-type]
    ^^^^^^^^^^^^^^^^^^^^^^^^^^^^^^^^^^^^^^^^^^^^^^^^^^^
E   urllib3.exceptions.MaxRetryError: HTTPConnectionPool(host='localhost', port=8001): Max retries exceeded with url: /api/stats (Caused by NewConnectionError('<urllib3.connection.HTTPConnection object at 0x7f290f3ed670>: Failed to establish a new connection: [Errno 111] Connection refused'))

During handling of the above exception, another exception occurred:
backend/tests/test_terra_integration.py:182: in test_get_stats_still_works
    response = requests.get(f"{BASE_URL}/api/stats")
               ^^^^^^^^^^^^^^^^^^^^^^^^^^^^^^^^^^^^^
/usr/lib/python3/dist-packages/requests/api.py:73: in get
    return request("get", url, params=params, **kwargs)
           ^^^^^^^^^^^^^^^^^^^^^^^^^^^^^^^^^^^^^^^^^^^^
/usr/lib/python3/dist-packages/requests/api.py:59: in request
    return session.request(method=method, url=url, **kwargs)
           ^^^^^^^^^^^^^^^^^^^^^^^^^^^^^^^^^^^^^^^^^^^^^^^^^
/usr/lib/python3/dist-packages/requests/sessions.py:589: in request
    resp = self.send(prep, **send_kwargs)
           ^^^^^^^^^^^^^^^^^^^^^^^^^^^^^^
/usr/lib/python3/dist-packages/requests/sessions.py:703: in send
    r = adapter.send(request, **kwargs)
        ^^^^^^^^^^^^^^^^^^^^^^^^^^^^^^^
/usr/lib/python3/dist-packages/requests/adapters.py:519: in send
    raise ConnectionError(e, request=request)
E   requests.exceptions.ConnectionError: HTTPConnectionPool(host='localhost', port=8001): Max retries exceeded with url: /api/stats (Caused by NewConnectionError('<urllib3.connection.HTTPConnection object at 0x7f290f3ed670>: Failed to establish a new connection: [Errno 111] Connection refused'))
______________ TestTrainingPlanVMA.test_training_plan_returns_200 ______________
backend/tests/test_training_plan_vma.py:41: in test_training_plan_returns_200
    data = get_plan_cached()
           ^^^^^^^^^^^^^^^^^
backend/tests/test_training_plan_vma.py:27: in get_plan_cached
    response = requests.get(
/usr/lib/python3/dist-packages/requests/api.py:73: in get
    return request("get", url, params=params, **kwargs)
           ^^^^^^^^^^^^^^^^^^^^^^^^^^^^^^^^^^^^^^^^^^^^
/usr/lib/python3/dist-packages/requests/api.py:59: in request
    return session.request(method=method, url=url, **kwargs)
           ^^^^^^^^^^^^^^^^^^^^^^^^^^^^^^^^^^^^^^^^^^^^^^^^^
/usr/lib/python3/dist-packages/requests/sessions.py:575: in request
    prep = self.prepare_request(req)
           ^^^^^^^^^^^^^^^^^^^^^^^^^
/usr/lib/python3/dist-packages/requests/sessions.py:486: in prepare_request
    p.prepare(
/usr/lib/python3/dist-packages/requests/models.py:368: in prepare
    self.prepare_url(url, params)
/usr/lib/python3/dist-packages/requests/models.py:439: in prepare_url
    raise MissingSchema(
E   requests.exceptions.MissingSchema: Invalid URL '/api/training/plan': No scheme supplied. Perhaps you meant https:///api/training/plan?
_______________ TestTrainingPlanVMA.test_plan_contains_vma_field _______________
backend/tests/test_training_plan_vma.py:48: in test_plan_contains_vma_field
    data = get_plan_cached()
           ^^^^^^^^^^^^^^^^^
backend/tests/test_training_plan_vma.py:27: in get_plan_cached
    response = requests.get(
/usr/lib/python3/dist-packages/requests/api.py:73: in get
    return request("get", url, params=params, **kwargs)
           ^^^^^^^^^^^^^^^^^^^^^^^^^^^^^^^^^^^^^^^^^^^^
/usr/lib/python3/dist-packages/requests/api.py:59: in request
    return session.request(method=method, url=url, **kwargs)
           ^^^^^^^^^^^^^^^^^^^^^^^^^^^^^^^^^^^^^^^^^^^^^^^^^
/usr/lib/python3/dist-packages/requests/sessions.py:575: in request
    prep = self.prepare_request(req)
           ^^^^^^^^^^^^^^^^^^^^^^^^^
/usr/lib/python3/dist-packages/requests/sessions.py:486: in prepare_request
    p.prepare(
/usr/lib/python3/dist-packages/requests/models.py:368: in prepare
    self.prepare_url(url, params)
/usr/lib/python3/dist-packages/requests/models.py:439: in prepare_url
    raise MissingSchema(
E   requests.exceptions.MissingSchema: Invalid URL '/api/training/plan': No scheme supplied. Perhaps you meant https:///api/training/plan?
_____________ TestTrainingPlanVMA.test_plan_contains_vo2max_field ______________
backend/tests/test_training_plan_vma.py:59: in test_plan_contains_vo2max_field
    data = get_plan_cached()
           ^^^^^^^^^^^^^^^^^
backend/tests/test_training_plan_vma.py:27: in get_plan_cached
    response = requests.get(
/usr/lib/python3/dist-packages/requests/api.py:73: in get
    return request("get", url, params=params, **kwargs)
           ^^^^^^^^^^^^^^^^^^^^^^^^^^^^^^^^^^^^^^^^^^^^
/usr/lib/python3/dist-packages/requests/api.py:59: in request
    return session.request(method=method, url=url, **kwargs)
           ^^^^^^^^^^^^^^^^^^^^^^^^^^^^^^^^^^^^^^^^^^^^^^^^^
/usr/lib/python3/dist-packages/requests/sessions.py:575: in request
    prep = self.prepare_request(req)
           ^^^^^^^^^^^^^^^^^^^^^^^^^
/usr/lib/python3/dist-packages/requests/sessions.py:486: in prepare_request
    p.prepare(
/usr/lib/python3/dist-packages/requests/models.py:368: in prepare
    self.prepare_url(url, params)
/usr/lib/python3/dist-packages/requests/models.py:439: in prepare_url
    raise MissingSchema(
E   requests.exceptions.MissingSchema: Invalid URL '/api/training/plan': No scheme supplied. Perhaps you meant https:///api/training/plan?
____________ TestTrainingPlanVMA.test_plan_contains_readiness_score ____________
backend/tests/test_training_plan_vma.py:74: in test_plan_contains_readiness_score
    data = get_plan_cached()
           ^^^^^^^^^^^^^^^^^
backend/tests/test_training_plan_vma.py:27: in get_plan_cached
    response = requests.get(
/usr/lib/python3/dist-packages/requests/api.py:73: in get
    return request("get", url, params=params, **kwargs)
           ^^^^^^^^^^^^^^^^^^^^^^^^^^^^^^^^^^^^^^^^^^^^
/usr/lib/python3/dist-packages/requests/api.py:59: in request
    return session.request(method=method, url=url, **kwargs)
           ^^^^^^^^^^^^^^^^^^^^^^^^^^^^^^^^^^^^^^^^^^^^^^^^^
/usr/lib/python3/dist-packages/requests/sessions.py:575: in request
    prep = self.prepare_request(req)
           ^^^^^^^^^^^^^^^^^^^^^^^^^
/usr/lib/python3/dist-packages/requests/sessions.py:486: in prepare_request
    p.prepare(
/usr/lib/python3/dist-packages/requests/models.py:368: in prepare
    self.prepare_url(url, params)
/usr/lib/python3/dist-packages/requests/models.py:439: in prepare_url
    raise MissingSchema(
E   requests.exceptions.MissingSchema: Invalid URL '/api/training/plan': No scheme supplied. Perhaps you meant https:///api/training/plan?
______________ TestTrainingPlanVMA.test_plan_contains_prep_status ______________
backend/tests/test_training_plan_vma.py:85: in test_plan_contains_prep_status
    data = get_plan_cached()
           ^^^^^^^^^^^^^^^^^
backend/tests/test_training_plan_vma.py:27: in get_plan_cached
    response = requests.get(
/usr/lib/python3/dist-packages/requests/api.py:73: in get
    return request("get", url, params=params, **kwargs)
           ^^^^^^^^^^^^^^^^^^^^^^^^^^^^^^^^^^^^^^^^^^^^
/usr/lib/python3/dist-packages/requests/api.py:59: in request
    return session.request(method=method, url=url, **kwargs)
           ^^^^^^^^^^^^^^^^^^^^^^^^^^^^^^^^^^^^^^^^^^^^^^^^^
/usr/lib/python3/dist-packages/requests/sessions.py:575: in request
    prep = self.prepare_request(req)
           ^^^^^^^^^^^^^^^^^^^^^^^^^
/usr/lib/python3/dist-packages/requests/sessions.py:486: in prepare_request
    p.prepare(
/usr/lib/python3/dist-packages/requests/models.py:368: in prepare
    self.prepare_url(url, params)
/usr/lib/python3/dist-packages/requests/models.py:439: in prepare_url
    raise MissingSchema(
E   requests.exceptions.MissingSchema: Invalid URL '/api/training/plan': No scheme supplied. Perhaps you meant https:///api/training/plan?
____________ TestTrainingPlanVMA.test_plan_contains_adjusted_weeks _____________
backend/tests/test_training_plan_vma.py:95: in test_plan_contains_adjusted_weeks
    data = get_plan_cached()
           ^^^^^^^^^^^^^^^^^
backend/tests/test_training_plan_vma.py:27: in get_plan_cached
    response = requests.get(
/usr/lib/python3/dist-packages/requests/api.py:73: in get
    return request("get", url, params=params, **kwargs)
           ^^^^^^^^^^^^^^^^^^^^^^^^^^^^^^^^^^^^^^^^^^^^
/usr/lib/python3/dist-packages/requests/api.py:59: in request
    return session.request(method=method, url=url, **kwargs)
           ^^^^^^^^^^^^^^^^^^^^^^^^^^^^^^^^^^^^^^^^^^^^^^^^^
/usr/lib/python3/dist-packages/requests/sessions.py:575: in request
    prep = self.prepare_request(req)
           ^^^^^^^^^^^^^^^^^^^^^^^^^
/usr/lib/python3/dist-packages/requests/sessions.py:486: in prepare_request
    p.prepare(
/usr/lib/python3/dist-packages/requests/models.py:368: in prepare
    self.prepare_url(url, params)
/usr/lib/python3/dist-packages/requests/models.py:439: in prepare_url
    raise MissingSchema(
E   requests.exceptions.MissingSchema: Invalid URL '/api/training/plan': No scheme supplied. Perhaps you meant https:///api/training/plan?
__________ TestTrainingPlanVMA.test_plan_contains_personalized_paces ___________
backend/tests/test_training_plan_vma.py:105: in test_plan_contains_personalized_paces
    data = get_plan_cached()
           ^^^^^^^^^^^^^^^^^
backend/tests/test_training_plan_vma.py:27: in get_plan_cached
    response = requests.get(
/usr/lib/python3/dist-packages/requests/api.py:73: in get
    return request("get", url, params=params, **kwargs)
           ^^^^^^^^^^^^^^^^^^^^^^^^^^^^^^^^^^^^^^^^^^^^
/usr/lib/python3/dist-packages/requests/api.py:59: in request
    return session.request(method=method, url=url, **kwargs)
           ^^^^^^^^^^^^^^^^^^^^^^^^^^^^^^^^^^^^^^^^^^^^^^^^^
/usr/lib/python3/dist-packages/requests/sessions.py:575: in request
    prep = self.prepare_request(req)
           ^^^^^^^^^^^^^^^^^^^^^^^^^
/usr/lib/python3/dist-packages/requests/sessions.py:486: in prepare_request
    p.prepare(
/usr/lib/python3/dist-packages/requests/models.py:368: in prepare
    self.prepare_url(url, params)
/usr/lib/python3/dist-packages/requests/models.py:439: in prepare_url
    raise MissingSchema(
E   requests.exceptions.MissingSchema: Invalid URL '/api/training/plan': No scheme supplied. Perhaps you meant https:///api/training/plan?
________ TestSessionsWithPersonalizedPaces.test_sessions_exist_in_plan _________
backend/tests/test_training_plan_vma.py:128: in test_sessions_exist_in_plan
    data = get_plan_cached()
           ^^^^^^^^^^^^^^^^^
backend/tests/test_training_plan_vma.py:27: in get_plan_cached
    response = requests.get(
/usr/lib/python3/dist-packages/requests/api.py:73: in get
    return request("get", url, params=params, **kwargs)
           ^^^^^^^^^^^^^^^^^^^^^^^^^^^^^^^^^^^^^^^^^^^^
/usr/lib/python3/dist-packages/requests/api.py:59: in request
    return session.request(method=method, url=url, **kwargs)
           ^^^^^^^^^^^^^^^^^^^^^^^^^^^^^^^^^^^^^^^^^^^^^^^^^
/usr/lib/python3/dist-packages/requests/sessions.py:575: in request
    prep = self.prepare_request(req)
           ^^^^^^^^^^^^^^^^^^^^^^^^^
/usr/lib/python3/dist-packages/requests/sessions.py:486: in prepare_request
    p.prepare(
/usr/lib/python3/dist-packages/requests/models.py:368: in prepare
    self.prepare_url(url, params)
/usr/lib/python3/dist-packages/requests/models.py:439: in prepare_url
    raise MissingSchema(
E   requests.exceptions.MissingSchema: Invalid URL '/api/training/plan': No scheme supplied. Perhaps you meant https:///api/training/plan?
_____ TestSessionsWithPersonalizedPaces.test_sessions_have_required_fields _____
backend/tests/test_training_plan_vma.py:140: in test_sessions_have_required_fields
    data = get_plan_cached()
           ^^^^^^^^^^^^^^^^^
backend/tests/test_training_plan_vma.py:27: in get_plan_cached
    response = requests.get(
/usr/lib/python3/dist-packages/requests/api.py:73: in get
    return request("get", url, params=params, **kwargs)
           ^^^^^^^^^^^^^^^^^^^^^^^^^^^^^^^^^^^^^^^^^^^^
/usr/lib/python3/dist-packages/requests/api.py:59: in request
    return session.request(method=method, url=url, **kwargs)
           ^^^^^^^^^^^^^^^^^^^^^^^^^^^^^^^^^^^^^^^^^^^^^^^^^
/usr/lib/python3/dist-packages/requests/sessions.py:575: in request
    prep = self.prepare_request(req)
           ^^^^^^^^^^^^^^^^^^^^^^^^^
/usr/lib/python3/dist-packages/requests/sessions.py:486: in prepare_request
    p.prepare(
/usr/lib/python3/dist-packages/requests/models.py:368: in prepare
    self.prepare_url(url, params)
/usr/lib/python3/dist-packages/requests/models.py:439: in prepare_url
    raise MissingSchema(
E   requests.exceptions.MissingSchema: Invalid URL '/api/training/plan': No scheme supplied. Perhaps you meant https:///api/training/plan?
_ TestSessionsWithPersonalizedPaces.test_non_rest_sessions_contain_pace_in_details _
backend/tests/test_training_plan_vma.py:152: in test_non_rest_sessions_contain_pace_in_details
    data = get_plan_cached()
           ^^^^^^^^^^^^^^^^^
backend/tests/test_training_plan_vma.py:27: in get_plan_cached
    response = requests.get(
/usr/lib/python3/dist-packages/requests/api.py:73: in get
    return request("get", url, params=params, **kwargs)
           ^^^^^^^^^^^^^^^^^^^^^^^^^^^^^^^^^^^^^^^^^^^^
/usr/lib/python3/dist-packages/requests/api.py:59: in request
    return session.request(method=method, url=url, **kwargs)
           ^^^^^^^^^^^^^^^^^^^^^^^^^^^^^^^^^^^^^^^^^^^^^^^^^
/usr/lib/python3/dist-packages/requests/sessions.py:575: in request
    prep = self.prepare_request(req)
           ^^^^^^^^^^^^^^^^^^^^^^^^^
/usr/lib/python3/dist-packages/requests/sessions.py:486: in prepare_request
    p.prepare(
/usr/lib/python3/dist-packages/requests/models.py:368: in prepare
    self.prepare_url(url, params)
/usr/lib/python3/dist-packages/requests/models.py:439: in prepare_url
    raise MissingSchema(
E   requests.exceptions.MissingSchema: Invalid URL '/api/training/plan': No scheme supplied. Perhaps you meant https:///api/training/plan?
_ TestSessionsWithPersonalizedPaces.test_session_paces_match_vma_derived_paces _
backend/tests/test_training_plan_vma.py:173: in test_session_paces_match_vma_derived_paces
    data = get_plan_cached()
           ^^^^^^^^^^^^^^^^^
backend/tests/test_training_plan_vma.py:27: in get_plan_cached
    response = requests.get(
/usr/lib/python3/dist-packages/requests/api.py:73: in get
    return request("get", url, params=params, **kwargs)
           ^^^^^^^^^^^^^^^^^^^^^^^^^^^^^^^^^^^^^^^^^^^^
/usr/lib/python3/dist-packages/requests/api.py:59: in request
    return session.request(method=method, url=url, **kwargs)
           ^^^^^^^^^^^^^^^^^^^^^^^^^^^^^^^^^^^^^^^^^^^^^^^^^
/usr/lib/python3/dist-packages/requests/sessions.py:575: in request
    prep = self.prepare_request(req)
           ^^^^^^^^^^^^^^^^^^^^^^^^^
/usr/lib/python3/dist-packages/requests/sessions.py:486: in prepare_request
    p.prepare(
/usr/lib/python3/dist-packages/requests/models.py:368: in prepare
    self.prepare_url(url, params)
/usr/lib/python3/dist-packages/requests/models.py:439: in prepare_url
    raise MissingSchema(
E   requests.exceptions.MissingSchema: Invalid URL '/api/training/plan': No scheme supplied. Perhaps you meant https:///api/training/plan?
___________ TestPlanAdaptation.test_context_contains_fitness_metrics ___________
backend/tests/test_training_plan_vma.py:211: in test_context_contains_fitness_metrics
    data = get_plan_cached()
           ^^^^^^^^^^^^^^^^^
backend/tests/test_training_plan_vma.py:27: in get_plan_cached
    response = requests.get(
/usr/lib/python3/dist-packages/requests/api.py:73: in get
    return request("get", url, params=params, **kwargs)
           ^^^^^^^^^^^^^^^^^^^^^^^^^^^^^^^^^^^^^^^^^^^^
/usr/lib/python3/dist-packages/requests/api.py:59: in request
    return session.request(method=method, url=url, **kwargs)
           ^^^^^^^^^^^^^^^^^^^^^^^^^^^^^^^^^^^^^^^^^^^^^^^^^
/usr/lib/python3/dist-packages/requests/sessions.py:575: in request
    prep = self.prepare_request(req)
           ^^^^^^^^^^^^^^^^^^^^^^^^^
/usr/lib/python3/dist-packages/requests/sessions.py:486: in prepare_request
    p.prepare(
/usr/lib/python3/dist-packages/requests/models.py:368: in prepare
    self.prepare_url(url, params)
/usr/lib/python3/dist-packages/requests/models.py:439: in prepare_url
    raise MissingSchema(
E   requests.exceptions.MissingSchema: Invalid URL '/api/training/plan': No scheme supplied. Perhaps you meant https:///api/training/plan?
________ TestPlanAdaptation.test_adjusted_weeks_varies_with_prep_status ________
backend/tests/test_training_plan_vma.py:224: in test_adjusted_weeks_varies_with_prep_status
    data = get_plan_cached()
           ^^^^^^^^^^^^^^^^^
backend/tests/test_training_plan_vma.py:27: in get_plan_cached
    response = requests.get(
/usr/lib/python3/dist-packages/requests/api.py:73: in get
    return request("get", url, params=params, **kwargs)
           ^^^^^^^^^^^^^^^^^^^^^^^^^^^^^^^^^^^^^^^^^^^^
/usr/lib/python3/dist-packages/requests/api.py:59: in request
    return session.request(method=method, url=url, **kwargs)
           ^^^^^^^^^^^^^^^^^^^^^^^^^^^^^^^^^^^^^^^^^^^^^^^^^
/usr/lib/python3/dist-packages/requests/sessions.py:575: in request
    prep = self.prepare_request(req)
           ^^^^^^^^^^^^^^^^^^^^^^^^^
/usr/lib/python3/dist-packages/requests/sessions.py:486: in prepare_request
    p.prepare(
/usr/lib/python3/dist-packages/requests/models.py:368: in prepare
    self.prepare_url(url, params)
/usr/lib/python3/dist-packages/requests/models.py:439: in prepare_url
    raise MissingSchema(
E   requests.exceptions.MissingSchema: Invalid URL '/api/training/plan': No scheme supplied. Perhaps you meant https:///api/training/plan?
____________ TestTrainingPlanRefresh.test_refresh_plan_returns_200 _____________
backend/tests/test_training_plan_vma.py:255: in test_refresh_plan_returns_200
    response = requests.post(
/usr/lib/python3/dist-packages/requests/api.py:115: in post
    return request("post", url, data=data, json=json, **kwargs)
           ^^^^^^^^^^^^^^^^^^^^^^^^^^^^^^^^^^^^^^^^^^^^^^^^^^^^
/usr/lib/python3/dist-packages/requests/api.py:59: in request
    return session.request(method=method, url=url, **kwargs)
           ^^^^^^^^^^^^^^^^^^^^^^^^^^^^^^^^^^^^^^^^^^^^^^^^^
/usr/lib/python3/dist-packages/requests/sessions.py:575: in request
    prep = self.prepare_request(req)
           ^^^^^^^^^^^^^^^^^^^^^^^^^
/usr/lib/python3/dist-packages/requests/sessions.py:486: in prepare_request
    p.prepare(
/usr/lib/python3/dist-packages/requests/models.py:368: in prepare
    self.prepare_url(url, params)
/usr/lib/python3/dist-packages/requests/models.py:439: in prepare_url
    raise MissingSchema(
E   requests.exceptions.MissingSchema: Invalid URL '/api/training/refresh': No scheme supplied. Perhaps you meant https:///api/training/refresh?
_________ TestTrainingPlanRefresh.test_refresh_with_sessions_parameter _________
backend/tests/test_training_plan_vma.py:272: in test_refresh_with_sessions_parameter
    response = requests.post(
/usr/lib/python3/dist-packages/requests/api.py:115: in post
    return request("post", url, data=data, json=json, **kwargs)
           ^^^^^^^^^^^^^^^^^^^^^^^^^^^^^^^^^^^^^^^^^^^^^^^^^^^^
/usr/lib/python3/dist-packages/requests/api.py:59: in request
    return session.request(method=method, url=url, **kwargs)
           ^^^^^^^^^^^^^^^^^^^^^^^^^^^^^^^^^^^^^^^^^^^^^^^^^
/usr/lib/python3/dist-packages/requests/sessions.py:575: in request
    prep = self.prepare_request(req)
           ^^^^^^^^^^^^^^^^^^^^^^^^^
/usr/lib/python3/dist-packages/requests/sessions.py:486: in prepare_request
    p.prepare(
/usr/lib/python3/dist-packages/requests/models.py:368: in prepare
    self.prepare_url(url, params)
/usr/lib/python3/dist-packages/requests/models.py:439: in prepare_url
    raise MissingSchema(
E   requests.exceptions.MissingSchema: Invalid URL '/api/training/refresh?sessions=4': No scheme supplied. Perhaps you meant https:///api/training/refresh?sessions=4?
_______________ TestFullCycleWithVMA.test_full_cycle_returns_200 _______________
backend/tests/test_training_plan_vma.py:311: in test_full_cycle_returns_200
    data = get_full_cycle_cached()
           ^^^^^^^^^^^^^^^^^^^^^^^
backend/tests/test_training_plan_vma.py:297: in get_full_cycle_cached
    response = requests.get(
/usr/lib/python3/dist-packages/requests/api.py:73: in get
    return request("get", url, params=params, **kwargs)
           ^^^^^^^^^^^^^^^^^^^^^^^^^^^^^^^^^^^^^^^^^^^^
/usr/lib/python3/dist-packages/requests/api.py:59: in request
    return session.request(method=method, url=url, **kwargs)
           ^^^^^^^^^^^^^^^^^^^^^^^^^^^^^^^^^^^^^^^^^^^^^^^^^
/usr/lib/python3/dist-packages/requests/sessions.py:575: in request
    prep = self.prepare_request(req)
           ^^^^^^^^^^^^^^^^^^^^^^^^^
/usr/lib/python3/dist-packages/requests/sessions.py:486: in prepare_request
    p.prepare(
/usr/lib/python3/dist-packages/requests/models.py:368: in prepare
    self.prepare_url(url, params)
/usr/lib/python3/dist-packages/requests/models.py:439: in prepare_url
    raise MissingSchema(
E   requests.exceptions.MissingSchema: Invalid URL '/api/training/full-cycle': No scheme supplied. Perhaps you meant https:///api/training/full-cycle?
_______ TestFullCycleWithVMA.test_full_cycle_weeks_have_required_fields ________
backend/tests/test_training_plan_vma.py:321: in test_full_cycle_weeks_have_required_fields
    data = get_full_cycle_cached()
           ^^^^^^^^^^^^^^^^^^^^^^^
backend/tests/test_training_plan_vma.py:297: in get_full_cycle_cached
    response = requests.get(
/usr/lib/python3/dist-packages/requests/api.py:73: in get
    return request("get", url, params=params, **kwargs)
           ^^^^^^^^^^^^^^^^^^^^^^^^^^^^^^^^^^^^^^^^^^^^
/usr/lib/python3/dist-packages/requests/api.py:59: in request
    return session.request(method=method, url=url, **kwargs)
           ^^^^^^^^^^^^^^^^^^^^^^^^^^^^^^^^^^^^^^^^^^^^^^^^^
/usr/lib/python3/dist-packages/requests/sessions.py:575: in request
    prep = self.prepare_request(req)
           ^^^^^^^^^^^^^^^^^^^^^^^^^
/usr/lib/python3/dist-packages/requests/sessions.py:486: in prepare_request
    p.prepare(
/usr/lib/python3/dist-packages/requests/models.py:368: in prepare
    self.prepare_url(url, params)
/usr/lib/python3/dist-packages/requests/models.py:439: in prepare_url
    raise MissingSchema(
E   requests.exceptions.MissingSchema: Invalid URL '/api/training/full-cycle': No scheme supplied. Perhaps you meant https:///api/training/full-cycle?
_______________ TestPacesCalculation.test_z1_pace_slower_than_z5 _______________
backend/tests/test_training_plan_vma.py:338: in test_z1_pace_slower_than_z5
    data = get_plan_cached()
           ^^^^^^^^^^^^^^^^^
backend/tests/test_training_plan_vma.py:27: in get_plan_cached
    response = requests.get(
/usr/lib/python3/dist-packages/requests/api.py:73: in get
    return request("get", url, params=params, **kwargs)
           ^^^^^^^^^^^^^^^^^^^^^^^^^^^^^^^^^^^^^^^^^^^^
/usr/lib/python3/dist-packages/requests/api.py:59: in request
    return session.request(method=method, url=url, **kwargs)
           ^^^^^^^^^^^^^^^^^^^^^^^^^^^^^^^^^^^^^^^^^^^^^^^^^
/usr/lib/python3/dist-packages/requests/sessions.py:575: in request
    prep = self.prepare_request(req)
           ^^^^^^^^^^^^^^^^^^^^^^^^^
/usr/lib/python3/dist-packages/requests/sessions.py:486: in prepare_request
    p.prepare(
/usr/lib/python3/dist-packages/requests/models.py:368: in prepare
    self.prepare_url(url, params)
/usr/lib/python3/dist-packages/requests/models.py:439: in prepare_url
    raise MissingSchema(
E   requests.exceptions.MissingSchema: Invalid URL '/api/training/plan': No scheme supplied. Perhaps you meant https:///api/training/plan?
________ TestPacesCalculation.test_marathon_pace_slower_than_semi_pace _________
backend/tests/test_training_plan_vma.py:356: in test_marathon_pace_slower_than_semi_pace
    data = get_plan_cached()
           ^^^^^^^^^^^^^^^^^
backend/tests/test_training_plan_vma.py:27: in get_plan_cached
    response = requests.get(
/usr/lib/python3/dist-packages/requests/api.py:73: in get
    return request("get", url, params=params, **kwargs)
           ^^^^^^^^^^^^^^^^^^^^^^^^^^^^^^^^^^^^^^^^^^^^
/usr/lib/python3/dist-packages/requests/api.py:59: in request
    return session.request(method=method, url=url, **kwargs)
           ^^^^^^^^^^^^^^^^^^^^^^^^^^^^^^^^^^^^^^^^^^^^^^^^^
/usr/lib/python3/dist-packages/requests/sessions.py:575: in request
    prep = self.prepare_request(req)
           ^^^^^^^^^^^^^^^^^^^^^^^^^
/usr/lib/python3/dist-packages/requests/sessions.py:486: in prepare_request
    p.prepare(
/usr/lib/python3/dist-packages/requests/models.py:368: in prepare
    self.prepare_url(url, params)
/usr/lib/python3/dist-packages/requests/models.py:439: in prepare_url
    raise MissingSchema(
E   requests.exceptions.MissingSchema: Invalid URL '/api/training/plan': No scheme supplied. Perhaps you meant https:///api/training/plan?
____________ TestPacesCalculation.test_paces_are_realistic_for_vma _____________
backend/tests/test_training_plan_vma.py:374: in test_paces_are_realistic_for_vma
    data = get_plan_cached()
           ^^^^^^^^^^^^^^^^^
backend/tests/test_training_plan_vma.py:27: in get_plan_cached
    response = requests.get(
/usr/lib/python3/dist-packages/requests/api.py:73: in get
    return request("get", url, params=params, **kwargs)
           ^^^^^^^^^^^^^^^^^^^^^^^^^^^^^^^^^^^^^^^^^^^^
/usr/lib/python3/dist-packages/requests/api.py:59: in request
    return session.request(method=method, url=url, **kwargs)
           ^^^^^^^^^^^^^^^^^^^^^^^^^^^^^^^^^^^^^^^^^^^^^^^^^
/usr/lib/python3/dist-packages/requests/sessions.py:575: in request
    prep = self.prepare_request(req)
           ^^^^^^^^^^^^^^^^^^^^^^^^^
/usr/lib/python3/dist-packages/requests/sessions.py:486: in prepare_request
    p.prepare(
/usr/lib/python3/dist-packages/requests/models.py:368: in prepare
    self.prepare_url(url, params)
/usr/lib/python3/dist-packages/requests/models.py:439: in prepare_url
    raise MissingSchema(
E   requests.exceptions.MissingSchema: Invalid URL '/api/training/plan': No scheme supplied. Perhaps you meant https:///api/training/plan?
_____________ TestWeeklyDigestAPI.test_digest_endpoint_returns_200 _____________
backend/tests/test_weekly_digest.py:16: in test_digest_endpoint_returns_200
    response = requests.get(f"{BASE_URL}/api/coach/digest?user_id=default&language=en")
               ^^^^^^^^^^^^^^^^^^^^^^^^^^^^^^^^^^^^^^^^^^^^^^^^^^^^^^^^^^^^^^^^^^^^^^^^
/usr/lib/python3/dist-packages/requests/api.py:73: in get
    return request("get", url, params=params, **kwargs)
           ^^^^^^^^^^^^^^^^^^^^^^^^^^^^^^^^^^^^^^^^^^^^
/usr/lib/python3/dist-packages/requests/api.py:59: in request
    return session.request(method=method, url=url, **kwargs)
           ^^^^^^^^^^^^^^^^^^^^^^^^^^^^^^^^^^^^^^^^^^^^^^^^^
/usr/lib/python3/dist-packages/requests/sessions.py:575: in request
    prep = self.prepare_request(req)
           ^^^^^^^^^^^^^^^^^^^^^^^^^
/usr/lib/python3/dist-packages/requests/sessions.py:486: in prepare_request
    p.prepare(
/usr/lib/python3/dist-packages/requests/models.py:368: in prepare
    self.prepare_url(url, params)
/usr/lib/python3/dist-packages/requests/models.py:439: in prepare_url
    raise MissingSchema(
E   requests.exceptions.MissingSchema: Invalid URL '/api/coach/digest?user_id=default&language=en': No scheme supplied. Perhaps you meant https:///api/coach/digest?user_id=default&language=en?
______________ TestWeeklyDigestAPI.test_digest_response_structure ______________
backend/tests/test_weekly_digest.py:22: in test_digest_response_structure
    response = requests.get(f"{BASE_URL}/api/coach/digest?user_id=default&language=en")
               ^^^^^^^^^^^^^^^^^^^^^^^^^^^^^^^^^^^^^^^^^^^^^^^^^^^^^^^^^^^^^^^^^^^^^^^^
/usr/lib/python3/dist-packages/requests/api.py:73: in get
    return request("get", url, params=params, **kwargs)
           ^^^^^^^^^^^^^^^^^^^^^^^^^^^^^^^^^^^^^^^^^^^^
/usr/lib/python3/dist-packages/requests/api.py:59: in request
    return session.request(method=method, url=url, **kwargs)
           ^^^^^^^^^^^^^^^^^^^^^^^^^^^^^^^^^^^^^^^^^^^^^^^^^
/usr/lib/python3/dist-packages/requests/sessions.py:575: in request
    prep = self.prepare_request(req)
           ^^^^^^^^^^^^^^^^^^^^^^^^^
/usr/lib/python3/dist-packages/requests/sessions.py:486: in prepare_request
    p.prepare(
/usr/lib/python3/dist-packages/requests/models.py:368: in prepare
    self.prepare_url(url, params)
/usr/lib/python3/dist-packages/requests/models.py:439: in prepare_url
    raise MissingSchema(
E   requests.exceptions.MissingSchema: Invalid URL '/api/coach/digest?user_id=default&language=en': No scheme supplied. Perhaps you meant https:///api/coach/digest?user_id=default&language=en?
__________ TestWeeklyDigestAPI.test_digest_executive_summary_is_short __________
backend/tests/test_weekly_digest.py:36: in test_digest_executive_summary_is_short
    response = requests.get(f"{BASE_URL}/api/coach/digest?user_id=default&language=en")
               ^^^^^^^^^^^^^^^^^^^^^^^^^^^^^^^^^^^^^^^^^^^^^^^^^^^^^^^^^^^^^^^^^^^^^^^^
/usr/lib/python3/dist-packages/requests/api.py:73: in get
    return request("get", url, params=params, **kwargs)
           ^^^^^^^^^^^^^^^^^^^^^^^^^^^^^^^^^^^^^^^^^^^^
/usr/lib/python3/dist-packages/requests/api.py:59: in request
    return session.request(method=method, url=url, **kwargs)
           ^^^^^^^^^^^^^^^^^^^^^^^^^^^^^^^^^^^^^^^^^^^^^^^^^
/usr/lib/python3/dist-packages/requests/sessions.py:575: in request
    prep = self.prepare_request(req)
           ^^^^^^^^^^^^^^^^^^^^^^^^^
/usr/lib/python3/dist-packages/requests/sessions.py:486: in prepare_request
    p.prepare(
/usr/lib/python3/dist-packages/requests/models.py:368: in prepare
    self.prepare_url(url, params)
/usr/lib/python3/dist-packages/requests/models.py:439: in prepare_url
    raise MissingSchema(
E   requests.exceptions.MissingSchema: Invalid URL '/api/coach/digest?user_id=default&language=en': No scheme supplied. Perhaps you meant https:///api/coach/digest?user_id=default&language=en?
______________ TestWeeklyDigestAPI.test_digest_metrics_structure _______________
backend/tests/test_weekly_digest.py:52: in test_digest_metrics_structure
    response = requests.get(f"{BASE_URL}/api/coach/digest?user_id=default&language=en")
               ^^^^^^^^^^^^^^^^^^^^^^^^^^^^^^^^^^^^^^^^^^^^^^^^^^^^^^^^^^^^^^^^^^^^^^^^
/usr/lib/python3/dist-packages/requests/api.py:73: in get
    return request("get", url, params=params, **kwargs)
           ^^^^^^^^^^^^^^^^^^^^^^^^^^^^^^^^^^^^^^^^^^^^
/usr/lib/python3/dist-packages/requests/api.py:59: in request
    return session.request(method=method, url=url, **kwargs)
           ^^^^^^^^^^^^^^^^^^^^^^^^^^^^^^^^^^^^^^^^^^^^^^^^^
/usr/lib/python3/dist-packages/requests/sessions.py:575: in request
    prep = self.prepare_request(req)
           ^^^^^^^^^^^^^^^^^^^^^^^^^
/usr/lib/python3/dist-packages/requests/sessions.py:486: in prepare_request
    p.prepare(
/usr/lib/python3/dist-packages/requests/models.py:368: in prepare
    self.prepare_url(url, params)
/usr/lib/python3/dist-packages/requests/models.py:439: in prepare_url
    raise MissingSchema(
E   requests.exceptions.MissingSchema: Invalid URL '/api/coach/digest?user_id=default&language=en': No scheme supplied. Perhaps you meant https:///api/coach/digest?user_id=default&language=en?
______________ TestWeeklyDigestAPI.test_digest_signals_structure _______________
backend/tests/test_weekly_digest.py:72: in test_digest_signals_structure
    response = requests.get(f"{BASE_URL}/api/coach/digest?user_id=default&language=en")
               ^^^^^^^^^^^^^^^^^^^^^^^^^^^^^^^^^^^^^^^^^^^^^^^^^^^^^^^^^^^^^^^^^^^^^^^^
/usr/lib/python3/dist-packages/requests/api.py:73: in get
    return request("get", url, params=params, **kwargs)
           ^^^^^^^^^^^^^^^^^^^^^^^^^^^^^^^^^^^^^^^^^^^^
/usr/lib/python3/dist-packages/requests/api.py:59: in request
    return session.request(method=method, url=url, **kwargs)
           ^^^^^^^^^^^^^^^^^^^^^^^^^^^^^^^^^^^^^^^^^^^^^^^^^
/usr/lib/python3/dist-packages/requests/sessions.py:575: in request
    prep = self.prepare_request(req)
           ^^^^^^^^^^^^^^^^^^^^^^^^^
/usr/lib/python3/dist-packages/requests/sessions.py:486: in prepare_request
    p.prepare(
/usr/lib/python3/dist-packages/requests/models.py:368: in prepare
    self.prepare_url(url, params)
/usr/lib/python3/dist-packages/requests/models.py:439: in prepare_url
    raise MissingSchema(
E   requests.exceptions.MissingSchema: Invalid URL '/api/coach/digest?user_id=default&language=en': No scheme supplied. Perhaps you meant https:///api/coach/digest?user_id=default&language=en?
______________ TestWeeklyDigestAPI.test_digest_insights_max_three ______________
backend/tests/test_weekly_digest.py:95: in test_digest_insights_max_three
    response = requests.get(f"{BASE_URL}/api/coach/digest?user_id=default&language=en")
               ^^^^^^^^^^^^^^^^^^^^^^^^^^^^^^^^^^^^^^^^^^^^^^^^^^^^^^^^^^^^^^^^^^^^^^^^
/usr/lib/python3/dist-packages/requests/api.py:73: in get
    return request("get", url, params=params, **kwargs)
           ^^^^^^^^^^^^^^^^^^^^^^^^^^^^^^^^^^^^^^^^^^^^
/usr/lib/python3/dist-packages/requests/api.py:59: in request
    return session.request(method=method, url=url, **kwargs)
           ^^^^^^^^^^^^^^^^^^^^^^^^^^^^^^^^^^^^^^^^^^^^^^^^^
/usr/lib/python3/dist-packages/requests/sessions.py:575: in request
    prep = self.prepare_request(req)
           ^^^^^^^^^^^^^^^^^^^^^^^^^
/usr/lib/python3/dist-packages/requests/sessions.py:486: in prepare_request
    p.prepare(
/usr/lib/python3/dist-packages/requests/models.py:368: in prepare
    self.prepare_url(url, params)
/usr/lib/python3/dist-packages/requests/models.py:439: in prepare_url
    raise MissingSchema(
E   requests.exceptions.MissingSchema: Invalid URL '/api/coach/digest?user_id=default&language=en': No scheme supplied. Perhaps you meant https:///api/coach/digest?user_id=default&language=en?
______________ TestWeeklyDigestAPI.test_digest_zone_distribution _______________
backend/tests/test_weekly_digest.py:114: in test_digest_zone_distribution
    response = requests.get(f"{BASE_URL}/api/coach/digest?user_id=default&language=en")
               ^^^^^^^^^^^^^^^^^^^^^^^^^^^^^^^^^^^^^^^^^^^^^^^^^^^^^^^^^^^^^^^^^^^^^^^^
/usr/lib/python3/dist-packages/requests/api.py:73: in get
    return request("get", url, params=params, **kwargs)
           ^^^^^^^^^^^^^^^^^^^^^^^^^^^^^^^^^^^^^^^^^^^^
/usr/lib/python3/dist-packages/requests/api.py:59: in request
    return session.request(method=method, url=url, **kwargs)
           ^^^^^^^^^^^^^^^^^^^^^^^^^^^^^^^^^^^^^^^^^^^^^^^^^
/usr/lib/python3/dist-packages/requests/sessions.py:575: in request
    prep = self.prepare_request(req)
           ^^^^^^^^^^^^^^^^^^^^^^^^^
/usr/lib/python3/dist-packages/requests/sessions.py:486: in prepare_request
    p.prepare(
/usr/lib/python3/dist-packages/requests/models.py:368: in prepare
    self.prepare_url(url, params)
/usr/lib/python3/dist-packages/requests/models.py:439: in prepare_url
    raise MissingSchema(
E   requests.exceptions.MissingSchema: Invalid URL '/api/coach/digest?user_id=default&language=en': No scheme supplied. Perhaps you meant https:///api/coach/digest?user_id=default&language=en?
_______________ TestWeeklyDigestAPI.test_digest_french_language ________________
backend/tests/test_weekly_digest.py:137: in test_digest_french_language
    response = requests.get(f"{BASE_URL}/api/coach/digest?user_id=default&language=fr")
               ^^^^^^^^^^^^^^^^^^^^^^^^^^^^^^^^^^^^^^^^^^^^^^^^^^^^^^^^^^^^^^^^^^^^^^^^
/usr/lib/python3/dist-packages/requests/api.py:73: in get
    return request("get", url, params=params, **kwargs)
           ^^^^^^^^^^^^^^^^^^^^^^^^^^^^^^^^^^^^^^^^^^^^
/usr/lib/python3/dist-packages/requests/api.py:59: in request
    return session.request(method=method, url=url, **kwargs)
           ^^^^^^^^^^^^^^^^^^^^^^^^^^^^^^^^^^^^^^^^^^^^^^^^^
/usr/lib/python3/dist-packages/requests/sessions.py:575: in request
    prep = self.prepare_request(req)
           ^^^^^^^^^^^^^^^^^^^^^^^^^
/usr/lib/python3/dist-packages/requests/sessions.py:486: in prepare_request
    p.prepare(
/usr/lib/python3/dist-packages/requests/models.py:368: in prepare
    self.prepare_url(url, params)
/usr/lib/python3/dist-packages/requests/models.py:439: in prepare_url
    raise MissingSchema(
E   requests.exceptions.MissingSchema: Invalid URL '/api/coach/digest?user_id=default&language=fr': No scheme supplied. Perhaps you meant https:///api/coach/digest?user_id=default&language=fr?
_________ TestWeeklyDigestAPI.test_digest_no_strava_garmin_references __________
backend/tests/test_weekly_digest.py:156: in test_digest_no_strava_garmin_references
    response = requests.get(f"{BASE_URL}/api/coach/digest?user_id=default&language=en")
               ^^^^^^^^^^^^^^^^^^^^^^^^^^^^^^^^^^^^^^^^^^^^^^^^^^^^^^^^^^^^^^^^^^^^^^^^
/usr/lib/python3/dist-packages/requests/api.py:73: in get
    return request("get", url, params=params, **kwargs)
           ^^^^^^^^^^^^^^^^^^^^^^^^^^^^^^^^^^^^^^^^^^^^
/usr/lib/python3/dist-packages/requests/api.py:59: in request
    return session.request(method=method, url=url, **kwargs)
           ^^^^^^^^^^^^^^^^^^^^^^^^^^^^^^^^^^^^^^^^^^^^^^^^^
/usr/lib/python3/dist-packages/requests/sessions.py:575: in request
    prep = self.prepare_request(req)
           ^^^^^^^^^^^^^^^^^^^^^^^^^
/usr/lib/python3/dist-packages/requests/sessions.py:486: in prepare_request
    p.prepare(
/usr/lib/python3/dist-packages/requests/models.py:368: in prepare
    self.prepare_url(url, params)
/usr/lib/python3/dist-packages/requests/models.py:439: in prepare_url
    raise MissingSchema(
E   requests.exceptions.MissingSchema: Invalid URL '/api/coach/digest?user_id=default&language=en': No scheme supplied. Perhaps you meant https:///api/coach/digest?user_id=default&language=en?
______________ TestWeeklyDigestAPI.test_digest_period_dates_valid ______________
backend/tests/test_weekly_digest.py:172: in test_digest_period_dates_valid
    response = requests.get(f"{BASE_URL}/api/coach/digest?user_id=default&language=en")
               ^^^^^^^^^^^^^^^^^^^^^^^^^^^^^^^^^^^^^^^^^^^^^^^^^^^^^^^^^^^^^^^^^^^^^^^^
/usr/lib/python3/dist-packages/requests/api.py:73: in get
    return request("get", url, params=params, **kwargs)
           ^^^^^^^^^^^^^^^^^^^^^^^^^^^^^^^^^^^^^^^^^^^^
/usr/lib/python3/dist-packages/requests/api.py:59: in request
    return session.request(method=method, url=url, **kwargs)
           ^^^^^^^^^^^^^^^^^^^^^^^^^^^^^^^^^^^^^^^^^^^^^^^^^
/usr/lib/python3/dist-packages/requests/sessions.py:575: in request
    prep = self.prepare_request(req)
           ^^^^^^^^^^^^^^^^^^^^^^^^^
/usr/lib/python3/dist-packages/requests/sessions.py:486: in prepare_request
    p.prepare(
/usr/lib/python3/dist-packages/requests/models.py:368: in prepare
    self.prepare_url(url, params)
/usr/lib/python3/dist-packages/requests/models.py:439: in prepare_url
    raise MissingSchema(
E   requests.exceptions.MissingSchema: Invalid URL '/api/coach/digest?user_id=default&language=en': No scheme supplied. Perhaps you meant https:///api/coach/digest?user_id=default&language=en?
____________ TestWeeklyDigestAPI.test_digest_generated_at_timestamp ____________
backend/tests/test_weekly_digest.py:197: in test_digest_generated_at_timestamp
    response = requests.get(f"{BASE_URL}/api/coach/digest?user_id=default&language=en")
               ^^^^^^^^^^^^^^^^^^^^^^^^^^^^^^^^^^^^^^^^^^^^^^^^^^^^^^^^^^^^^^^^^^^^^^^^
/usr/lib/python3/dist-packages/requests/api.py:73: in get
    return request("get", url, params=params, **kwargs)
           ^^^^^^^^^^^^^^^^^^^^^^^^^^^^^^^^^^^^^^^^^^^^
/usr/lib/python3/dist-packages/requests/api.py:59: in request
    return session.request(method=method, url=url, **kwargs)
           ^^^^^^^^^^^^^^^^^^^^^^^^^^^^^^^^^^^^^^^^^^^^^^^^^
/usr/lib/python3/dist-packages/requests/sessions.py:575: in request
    prep = self.prepare_request(req)
           ^^^^^^^^^^^^^^^^^^^^^^^^^
/usr/lib/python3/dist-packages/requests/sessions.py:486: in prepare_request
    p.prepare(
/usr/lib/python3/dist-packages/requests/models.py:368: in prepare
    self.prepare_url(url, params)
/usr/lib/python3/dist-packages/requests/models.py:439: in prepare_url
    raise MissingSchema(
E   requests.exceptions.MissingSchema: Invalid URL '/api/coach/digest?user_id=default&language=en': No scheme supplied. Perhaps you meant https:///api/coach/digest?user_id=default&language=en?
_____________ TestDigestLatestEndpoint.test_digest_latest_endpoint _____________
backend/tests/test_weekly_digest.py:218: in test_digest_latest_endpoint
    response = requests.get(f"{BASE_URL}/api/coach/digest/latest?user_id=default")
               ^^^^^^^^^^^^^^^^^^^^^^^^^^^^^^^^^^^^^^^^^^^^^^^^^^^^^^^^^^^^^^^^^^^
/usr/lib/python3/dist-packages/requests/api.py:73: in get
    return request("get", url, params=params, **kwargs)
           ^^^^^^^^^^^^^^^^^^^^^^^^^^^^^^^^^^^^^^^^^^^^
/usr/lib/python3/dist-packages/requests/api.py:59: in request
    return session.request(method=method, url=url, **kwargs)
           ^^^^^^^^^^^^^^^^^^^^^^^^^^^^^^^^^^^^^^^^^^^^^^^^^
/usr/lib/python3/dist-packages/requests/sessions.py:575: in request
    prep = self.prepare_request(req)
           ^^^^^^^^^^^^^^^^^^^^^^^^^
/usr/lib/python3/dist-packages/requests/sessions.py:486: in prepare_request
    p.prepare(
/usr/lib/python3/dist-packages/requests/models.py:368: in prepare
    self.prepare_url(url, params)
/usr/lib/python3/dist-packages/requests/models.py:439: in prepare_url
    raise MissingSchema(
E   requests.exceptions.MissingSchema: Invalid URL '/api/coach/digest/latest?user_id=default': No scheme supplied. Perhaps you meant https:///api/coach/digest/latest?user_id=default?
__________ TestWeeklyReviewEndpoint.test_digest_endpoint_returns_200 ___________
backend/tests/test_weekly_review.py:23: in test_digest_endpoint_returns_200
    response = requests.get(f"{BASE_URL}/api/coach/digest?user_id=default&language=en", timeout=60)
               ^^^^^^^^^^^^^^^^^^^^^^^^^^^^^^^^^^^^^^^^^^^^^^^^^^^^^^^^^^^^^^^^^^^^^^^^^^^^^^^^^^^^
/usr/lib/python3/dist-packages/requests/api.py:73: in get
    return request("get", url, params=params, **kwargs)
           ^^^^^^^^^^^^^^^^^^^^^^^^^^^^^^^^^^^^^^^^^^^^
/usr/lib/python3/dist-packages/requests/api.py:59: in request
    return session.request(method=method, url=url, **kwargs)
           ^^^^^^^^^^^^^^^^^^^^^^^^^^^^^^^^^^^^^^^^^^^^^^^^^
/usr/lib/python3/dist-packages/requests/sessions.py:575: in request
    prep = self.prepare_request(req)
           ^^^^^^^^^^^^^^^^^^^^^^^^^
/usr/lib/python3/dist-packages/requests/sessions.py:486: in prepare_request
    p.prepare(
/usr/lib/python3/dist-packages/requests/models.py:368: in prepare
    self.prepare_url(url, params)
/usr/lib/python3/dist-packages/requests/models.py:439: in prepare_url
    raise MissingSchema(
E   requests.exceptions.MissingSchema: Invalid URL '/api/coach/digest?user_id=default&language=en': No scheme supplied. Perhaps you meant https:///api/coach/digest?user_id=default&language=en?
___________ TestWeeklyReviewEndpoint.test_response_has_coach_summary ___________
backend/tests/test_weekly_review.py:29: in test_response_has_coach_summary
    response = requests.get(f"{BASE_URL}/api/coach/digest?user_id=default&language=en", timeout=60)
               ^^^^^^^^^^^^^^^^^^^^^^^^^^^^^^^^^^^^^^^^^^^^^^^^^^^^^^^^^^^^^^^^^^^^^^^^^^^^^^^^^^^^
/usr/lib/python3/dist-packages/requests/api.py:73: in get
    return request("get", url, params=params, **kwargs)
           ^^^^^^^^^^^^^^^^^^^^^^^^^^^^^^^^^^^^^^^^^^^^
/usr/lib/python3/dist-packages/requests/api.py:59: in request
    return session.request(method=method, url=url, **kwargs)
           ^^^^^^^^^^^^^^^^^^^^^^^^^^^^^^^^^^^^^^^^^^^^^^^^^
/usr/lib/python3/dist-packages/requests/sessions.py:575: in request
    prep = self.prepare_request(req)
           ^^^^^^^^^^^^^^^^^^^^^^^^^
/usr/lib/python3/dist-packages/requests/sessions.py:486: in prepare_request
    p.prepare(
/usr/lib/python3/dist-packages/requests/models.py:368: in prepare
    self.prepare_url(url, params)
/usr/lib/python3/dist-packages/requests/models.py:439: in prepare_url
    raise MissingSchema(
E   requests.exceptions.MissingSchema: Invalid URL '/api/coach/digest?user_id=default&language=en': No scheme supplied. Perhaps you meant https:///api/coach/digest?user_id=default&language=en?
______________ TestWeeklyReviewEndpoint.test_response_has_signals ______________
backend/tests/test_weekly_review.py:38: in test_response_has_signals
    response = requests.get(f"{BASE_URL}/api/coach/digest?user_id=default&language=en", timeout=60)
               ^^^^^^^^^^^^^^^^^^^^^^^^^^^^^^^^^^^^^^^^^^^^^^^^^^^^^^^^^^^^^^^^^^^^^^^^^^^^^^^^^^^^
/usr/lib/python3/dist-packages/requests/api.py:73: in get
    return request("get", url, params=params, **kwargs)
           ^^^^^^^^^^^^^^^^^^^^^^^^^^^^^^^^^^^^^^^^^^^^
/usr/lib/python3/dist-packages/requests/api.py:59: in request
    return session.request(method=method, url=url, **kwargs)
           ^^^^^^^^^^^^^^^^^^^^^^^^^^^^^^^^^^^^^^^^^^^^^^^^^
/usr/lib/python3/dist-packages/requests/sessions.py:575: in request
    prep = self.prepare_request(req)
           ^^^^^^^^^^^^^^^^^^^^^^^^^
/usr/lib/python3/dist-packages/requests/sessions.py:486: in prepare_request
    p.prepare(
/usr/lib/python3/dist-packages/requests/models.py:368: in prepare
    self.prepare_url(url, params)
/usr/lib/python3/dist-packages/requests/models.py:439: in prepare_url
    raise MissingSchema(
E   requests.exceptions.MissingSchema: Invalid URL '/api/coach/digest?user_id=default&language=en': No scheme supplied. Perhaps you meant https:///api/coach/digest?user_id=default&language=en?
_________ TestWeeklyReviewEndpoint.test_signals_have_correct_structure _________
backend/tests/test_weekly_review.py:53: in test_signals_have_correct_structure
    response = requests.get(f"{BASE_URL}/api/coach/digest?user_id=default&language=en", timeout=60)
               ^^^^^^^^^^^^^^^^^^^^^^^^^^^^^^^^^^^^^^^^^^^^^^^^^^^^^^^^^^^^^^^^^^^^^^^^^^^^^^^^^^^^
/usr/lib/python3/dist-packages/requests/api.py:73: in get
    return request("get", url, params=params, **kwargs)
           ^^^^^^^^^^^^^^^^^^^^^^^^^^^^^^^^^^^^^^^^^^^^
/usr/lib/python3/dist-packages/requests/api.py:59: in request
    return session.request(method=method, url=url, **kwargs)
           ^^^^^^^^^^^^^^^^^^^^^^^^^^^^^^^^^^^^^^^^^^^^^^^^^
/usr/lib/python3/dist-packages/requests/sessions.py:575: in request
    prep = self.prepare_request(req)
           ^^^^^^^^^^^^^^^^^^^^^^^^^
/usr/lib/python3/dist-packages/requests/sessions.py:486: in prepare_request
    p.prepare(
/usr/lib/python3/dist-packages/requests/models.py:368: in prepare
    self.prepare_url(url, params)
/usr/lib/python3/dist-packages/requests/models.py:439: in prepare_url
    raise MissingSchema(
E   requests.exceptions.MissingSchema: Invalid URL '/api/coach/digest?user_id=default&language=en': No scheme supplied. Perhaps you meant https:///api/coach/digest?user_id=default&language=en?
______________ TestWeeklyReviewEndpoint.test_response_has_metrics ______________
backend/tests/test_weekly_review.py:73: in test_response_has_metrics
    response = requests.get(f"{BASE_URL}/api/coach/digest?user_id=default&language=en", timeout=60)
               ^^^^^^^^^^^^^^^^^^^^^^^^^^^^^^^^^^^^^^^^^^^^^^^^^^^^^^^^^^^^^^^^^^^^^^^^^^^^^^^^^^^^
/usr/lib/python3/dist-packages/requests/api.py:73: in get
    return request("get", url, params=params, **kwargs)
           ^^^^^^^^^^^^^^^^^^^^^^^^^^^^^^^^^^^^^^^^^^^^
/usr/lib/python3/dist-packages/requests/api.py:59: in request
    return session.request(method=method, url=url, **kwargs)
           ^^^^^^^^^^^^^^^^^^^^^^^^^^^^^^^^^^^^^^^^^^^^^^^^^
/usr/lib/python3/dist-packages/requests/sessions.py:575: in request
    prep = self.prepare_request(req)
           ^^^^^^^^^^^^^^^^^^^^^^^^^
/usr/lib/python3/dist-packages/requests/sessions.py:486: in prepare_request
    p.prepare(
/usr/lib/python3/dist-packages/requests/models.py:368: in prepare
    self.prepare_url(url, params)
/usr/lib/python3/dist-packages/requests/models.py:439: in prepare_url
    raise MissingSchema(
E   requests.exceptions.MissingSchema: Invalid URL '/api/coach/digest?user_id=default&language=en': No scheme supplied. Perhaps you meant https:///api/coach/digest?user_id=default&language=en?
____________ TestWeeklyReviewEndpoint.test_response_has_comparison _____________
backend/tests/test_weekly_review.py:90: in test_response_has_comparison
    response = requests.get(f"{BASE_URL}/api/coach/digest?user_id=default&language=en", timeout=60)
               ^^^^^^^^^^^^^^^^^^^^^^^^^^^^^^^^^^^^^^^^^^^^^^^^^^^^^^^^^^^^^^^^^^^^^^^^^^^^^^^^^^^^
/usr/lib/python3/dist-packages/requests/api.py:73: in get
    return request("get", url, params=params, **kwargs)
           ^^^^^^^^^^^^^^^^^^^^^^^^^^^^^^^^^^^^^^^^^^^^
/usr/lib/python3/dist-packages/requests/api.py:59: in request
    return session.request(method=method, url=url, **kwargs)
           ^^^^^^^^^^^^^^^^^^^^^^^^^^^^^^^^^^^^^^^^^^^^^^^^^
/usr/lib/python3/dist-packages/requests/sessions.py:575: in request
    prep = self.prepare_request(req)
           ^^^^^^^^^^^^^^^^^^^^^^^^^
/usr/lib/python3/dist-packages/requests/sessions.py:486: in prepare_request
    p.prepare(
/usr/lib/python3/dist-packages/requests/models.py:368: in prepare
    self.prepare_url(url, params)
/usr/lib/python3/dist-packages/requests/models.py:439: in prepare_url
    raise MissingSchema(
E   requests.exceptions.MissingSchema: Invalid URL '/api/coach/digest?user_id=default&language=en': No scheme supplied. Perhaps you meant https:///api/coach/digest?user_id=default&language=en?
___________ TestWeeklyReviewEndpoint.test_response_has_coach_reading ___________
backend/tests/test_weekly_review.py:104: in test_response_has_coach_reading
    response = requests.get(f"{BASE_URL}/api/coach/digest?user_id=default&language=en", timeout=60)
               ^^^^^^^^^^^^^^^^^^^^^^^^^^^^^^^^^^^^^^^^^^^^^^^^^^^^^^^^^^^^^^^^^^^^^^^^^^^^^^^^^^^^
/usr/lib/python3/dist-packages/requests/api.py:73: in get
    return request("get", url, params=params, **kwargs)
           ^^^^^^^^^^^^^^^^^^^^^^^^^^^^^^^^^^^^^^^^^^^^
/usr/lib/python3/dist-packages/requests/api.py:59: in request
    return session.request(method=method, url=url, **kwargs)
           ^^^^^^^^^^^^^^^^^^^^^^^^^^^^^^^^^^^^^^^^^^^^^^^^^
/usr/lib/python3/dist-packages/requests/sessions.py:575: in request
    prep = self.prepare_request(req)
           ^^^^^^^^^^^^^^^^^^^^^^^^^
/usr/lib/python3/dist-packages/requests/sessions.py:486: in prepare_request
    p.prepare(
/usr/lib/python3/dist-packages/requests/models.py:368: in prepare
    self.prepare_url(url, params)
/usr/lib/python3/dist-packages/requests/models.py:439: in prepare_url
    raise MissingSchema(
E   requests.exceptions.MissingSchema: Invalid URL '/api/coach/digest?user_id=default&language=en': No scheme supplied. Perhaps you meant https:///api/coach/digest?user_id=default&language=en?
__________ TestWeeklyReviewEndpoint.test_response_has_recommendations __________
backend/tests/test_weekly_review.py:113: in test_response_has_recommendations
    response = requests.get(f"{BASE_URL}/api/coach/digest?user_id=default&language=en", timeout=60)
               ^^^^^^^^^^^^^^^^^^^^^^^^^^^^^^^^^^^^^^^^^^^^^^^^^^^^^^^^^^^^^^^^^^^^^^^^^^^^^^^^^^^^
/usr/lib/python3/dist-packages/requests/api.py:73: in get
    return request("get", url, params=params, **kwargs)
           ^^^^^^^^^^^^^^^^^^^^^^^^^^^^^^^^^^^^^^^^^^^^
/usr/lib/python3/dist-packages/requests/api.py:59: in request
    return session.request(method=method, url=url, **kwargs)
           ^^^^^^^^^^^^^^^^^^^^^^^^^^^^^^^^^^^^^^^^^^^^^^^^^
/usr/lib/python3/dist-packages/requests/sessions.py:575: in request
    prep = self.prepare_request(req)
           ^^^^^^^^^^^^^^^^^^^^^^^^^
/usr/lib/python3/dist-packages/requests/sessions.py:486: in prepare_request
    p.prepare(
/usr/lib/python3/dist-packages/requests/models.py:368: in prepare
    self.prepare_url(url, params)
/usr/lib/python3/dist-packages/requests/models.py:439: in prepare_url
    raise MissingSchema(
E   requests.exceptions.MissingSchema: Invalid URL '/api/coach/digest?user_id=default&language=en': No scheme supplied. Perhaps you meant https:///api/coach/digest?user_id=default&language=en?
___________ TestWeeklyReviewEndpoint.test_response_has_period_dates ____________
backend/tests/test_weekly_review.py:125: in test_response_has_period_dates
    response = requests.get(f"{BASE_URL}/api/coach/digest?user_id=default&language=en", timeout=60)
               ^^^^^^^^^^^^^^^^^^^^^^^^^^^^^^^^^^^^^^^^^^^^^^^^^^^^^^^^^^^^^^^^^^^^^^^^^^^^^^^^^^^^
/usr/lib/python3/dist-packages/requests/api.py:73: in get
    return request("get", url, params=params, **kwargs)
           ^^^^^^^^^^^^^^^^^^^^^^^^^^^^^^^^^^^^^^^^^^^^
/usr/lib/python3/dist-packages/requests/api.py:59: in request
    return session.request(method=method, url=url, **kwargs)
           ^^^^^^^^^^^^^^^^^^^^^^^^^^^^^^^^^^^^^^^^^^^^^^^^^
/usr/lib/python3/dist-packages/requests/sessions.py:575: in request
    prep = self.prepare_request(req)
           ^^^^^^^^^^^^^^^^^^^^^^^^^
/usr/lib/python3/dist-packages/requests/sessions.py:486: in prepare_request
    p.prepare(
/usr/lib/python3/dist-packages/requests/models.py:368: in prepare
    self.prepare_url(url, params)
/usr/lib/python3/dist-packages/requests/models.py:439: in prepare_url
    raise MissingSchema(
E   requests.exceptions.MissingSchema: Invalid URL '/api/coach/digest?user_id=default&language=en': No scheme supplied. Perhaps you meant https:///api/coach/digest?user_id=default&language=en?
____________ TestWeeklyReviewFrench.test_french_digest_returns_200 _____________
backend/tests/test_weekly_review.py:143: in test_french_digest_returns_200
    response = requests.get(f"{BASE_URL}/api/coach/digest?user_id=default&language=fr", timeout=60)
               ^^^^^^^^^^^^^^^^^^^^^^^^^^^^^^^^^^^^^^^^^^^^^^^^^^^^^^^^^^^^^^^^^^^^^^^^^^^^^^^^^^^^
/usr/lib/python3/dist-packages/requests/api.py:73: in get
    return request("get", url, params=params, **kwargs)
           ^^^^^^^^^^^^^^^^^^^^^^^^^^^^^^^^^^^^^^^^^^^^
/usr/lib/python3/dist-packages/requests/api.py:59: in request
    return session.request(method=method, url=url, **kwargs)
           ^^^^^^^^^^^^^^^^^^^^^^^^^^^^^^^^^^^^^^^^^^^^^^^^^
/usr/lib/python3/dist-packages/requests/sessions.py:575: in request
    prep = self.prepare_request(req)
           ^^^^^^^^^^^^^^^^^^^^^^^^^
/usr/lib/python3/dist-packages/requests/sessions.py:486: in prepare_request
    p.prepare(
/usr/lib/python3/dist-packages/requests/models.py:368: in prepare
    self.prepare_url(url, params)
/usr/lib/python3/dist-packages/requests/models.py:439: in prepare_url
    raise MissingSchema(
E   requests.exceptions.MissingSchema: Invalid URL '/api/coach/digest?user_id=default&language=fr': No scheme supplied. Perhaps you meant https:///api/coach/digest?user_id=default&language=fr?
__________ TestWeeklyReviewFrench.test_french_coach_summary_is_french __________
backend/tests/test_weekly_review.py:149: in test_french_coach_summary_is_french
    response = requests.get(f"{BASE_URL}/api/coach/digest?user_id=default&language=fr", timeout=60)
               ^^^^^^^^^^^^^^^^^^^^^^^^^^^^^^^^^^^^^^^^^^^^^^^^^^^^^^^^^^^^^^^^^^^^^^^^^^^^^^^^^^^^
/usr/lib/python3/dist-packages/requests/api.py:73: in get
    return request("get", url, params=params, **kwargs)
           ^^^^^^^^^^^^^^^^^^^^^^^^^^^^^^^^^^^^^^^^^^^^
/usr/lib/python3/dist-packages/requests/api.py:59: in request
    return session.request(method=method, url=url, **kwargs)
           ^^^^^^^^^^^^^^^^^^^^^^^^^^^^^^^^^^^^^^^^^^^^^^^^^
/usr/lib/python3/dist-packages/requests/sessions.py:575: in request
    prep = self.prepare_request(req)
           ^^^^^^^^^^^^^^^^^^^^^^^^^
/usr/lib/python3/dist-packages/requests/sessions.py:486: in prepare_request
    p.prepare(
/usr/lib/python3/dist-packages/requests/models.py:368: in prepare
    self.prepare_url(url, params)
/usr/lib/python3/dist-packages/requests/models.py:439: in prepare_url
    raise MissingSchema(
E   requests.exceptions.MissingSchema: Invalid URL '/api/coach/digest?user_id=default&language=fr': No scheme supplied. Perhaps you meant https:///api/coach/digest?user_id=default&language=fr?
________ TestWeeklyReviewFrench.test_french_response_has_same_structure ________
backend/tests/test_weekly_review.py:168: in test_french_response_has_same_structure
    response = requests.get(f"{BASE_URL}/api/coach/digest?user_id=default&language=fr", timeout=60)
               ^^^^^^^^^^^^^^^^^^^^^^^^^^^^^^^^^^^^^^^^^^^^^^^^^^^^^^^^^^^^^^^^^^^^^^^^^^^^^^^^^^^^
/usr/lib/python3/dist-packages/requests/api.py:73: in get
    return request("get", url, params=params, **kwargs)
           ^^^^^^^^^^^^^^^^^^^^^^^^^^^^^^^^^^^^^^^^^^^^
/usr/lib/python3/dist-packages/requests/api.py:59: in request
    return session.request(method=method, url=url, **kwargs)
           ^^^^^^^^^^^^^^^^^^^^^^^^^^^^^^^^^^^^^^^^^^^^^^^^^
/usr/lib/python3/dist-packages/requests/sessions.py:575: in request
    prep = self.prepare_request(req)
           ^^^^^^^^^^^^^^^^^^^^^^^^^
/usr/lib/python3/dist-packages/requests/sessions.py:486: in prepare_request
    p.prepare(
/usr/lib/python3/dist-packages/requests/models.py:368: in prepare
    self.prepare_url(url, params)
/usr/lib/python3/dist-packages/requests/models.py:439: in prepare_url
    raise MissingSchema(
E   requests.exceptions.MissingSchema: Invalid URL '/api/coach/digest?user_id=default&language=fr': No scheme supplied. Perhaps you meant https:///api/coach/digest?user_id=default&language=fr?
______ TestWeeklyReviewContentQuality.test_coach_summary_is_one_sentence _______
backend/tests/test_weekly_review.py:185: in test_coach_summary_is_one_sentence
    response = requests.get(f"{BASE_URL}/api/coach/digest?user_id=default&language=en", timeout=60)
               ^^^^^^^^^^^^^^^^^^^^^^^^^^^^^^^^^^^^^^^^^^^^^^^^^^^^^^^^^^^^^^^^^^^^^^^^^^^^^^^^^^^^
/usr/lib/python3/dist-packages/requests/api.py:73: in get
    return request("get", url, params=params, **kwargs)
           ^^^^^^^^^^^^^^^^^^^^^^^^^^^^^^^^^^^^^^^^^^^^
/usr/lib/python3/dist-packages/requests/api.py:59: in request
    return session.request(method=method, url=url, **kwargs)
           ^^^^^^^^^^^^^^^^^^^^^^^^^^^^^^^^^^^^^^^^^^^^^^^^^
/usr/lib/python3/dist-packages/requests/sessions.py:575: in request
    prep = self.prepare_request(req)
           ^^^^^^^^^^^^^^^^^^^^^^^^^
/usr/lib/python3/dist-packages/requests/sessions.py:486: in prepare_request
    p.prepare(
/usr/lib/python3/dist-packages/requests/models.py:368: in prepare
    self.prepare_url(url, params)
/usr/lib/python3/dist-packages/requests/models.py:439: in prepare_url
    raise MissingSchema(
E   requests.exceptions.MissingSchema: Invalid URL '/api/coach/digest?user_id=default&language=en': No scheme supplied. Perhaps you meant https:///api/coach/digest?user_id=default&language=en?
______ TestWeeklyReviewContentQuality.test_coach_reading_is_2_3_sentences ______
backend/tests/test_weekly_review.py:198: in test_coach_reading_is_2_3_sentences
    response = requests.get(f"{BASE_URL}/api/coach/digest?user_id=default&language=en", timeout=60)
               ^^^^^^^^^^^^^^^^^^^^^^^^^^^^^^^^^^^^^^^^^^^^^^^^^^^^^^^^^^^^^^^^^^^^^^^^^^^^^^^^^^^^
/usr/lib/python3/dist-packages/requests/api.py:73: in get
    return request("get", url, params=params, **kwargs)
           ^^^^^^^^^^^^^^^^^^^^^^^^^^^^^^^^^^^^^^^^^^^^
/usr/lib/python3/dist-packages/requests/api.py:59: in request
    return session.request(method=method, url=url, **kwargs)
           ^^^^^^^^^^^^^^^^^^^^^^^^^^^^^^^^^^^^^^^^^^^^^^^^^
/usr/lib/python3/dist-packages/requests/sessions.py:575: in request
    prep = self.prepare_request(req)
           ^^^^^^^^^^^^^^^^^^^^^^^^^
/usr/lib/python3/dist-packages/requests/sessions.py:486: in prepare_request
    p.prepare(
/usr/lib/python3/dist-packages/requests/models.py:368: in prepare
    self.prepare_url(url, params)
/usr/lib/python3/dist-packages/requests/models.py:439: in prepare_url
    raise MissingSchema(
E   requests.exceptions.MissingSchema: Invalid URL '/api/coach/digest?user_id=default&language=en': No scheme supplied. Perhaps you meant https:///api/coach/digest?user_id=default&language=en?
___ TestWeeklyReviewContentQuality.test_recommendations_are_action_oriented ____
backend/tests/test_weekly_review.py:211: in test_recommendations_are_action_oriented
    response = requests.get(f"{BASE_URL}/api/coach/digest?user_id=default&language=en", timeout=60)
               ^^^^^^^^^^^^^^^^^^^^^^^^^^^^^^^^^^^^^^^^^^^^^^^^^^^^^^^^^^^^^^^^^^^^^^^^^^^^^^^^^^^^
/usr/lib/python3/dist-packages/requests/api.py:73: in get
    return request("get", url, params=params, **kwargs)
           ^^^^^^^^^^^^^^^^^^^^^^^^^^^^^^^^^^^^^^^^^^^^
/usr/lib/python3/dist-packages/requests/api.py:59: in request
    return session.request(method=method, url=url, **kwargs)
           ^^^^^^^^^^^^^^^^^^^^^^^^^^^^^^^^^^^^^^^^^^^^^^^^^
/usr/lib/python3/dist-packages/requests/sessions.py:575: in request
    prep = self.prepare_request(req)
           ^^^^^^^^^^^^^^^^^^^^^^^^^
/usr/lib/python3/dist-packages/requests/sessions.py:486: in prepare_request
    p.prepare(
/usr/lib/python3/dist-packages/requests/models.py:368: in prepare
    self.prepare_url(url, params)
/usr/lib/python3/dist-packages/requests/models.py:439: in prepare_url
    raise MissingSchema(
E   requests.exceptions.MissingSchema: Invalid URL '/api/coach/digest?user_id=default&language=en': No scheme supplied. Perhaps you meant https:///api/coach/digest?user_id=default&language=en?
__________ TestWeeklyReviewContentQuality.test_no_markdown_in_content __________
backend/tests/test_weekly_review.py:229: in test_no_markdown_in_content
    response = requests.get(f"{BASE_URL}/api/coach/digest?user_id=default&language=en", timeout=60)
               ^^^^^^^^^^^^^^^^^^^^^^^^^^^^^^^^^^^^^^^^^^^^^^^^^^^^^^^^^^^^^^^^^^^^^^^^^^^^^^^^^^^^
/usr/lib/python3/dist-packages/requests/api.py:73: in get
    return request("get", url, params=params, **kwargs)
           ^^^^^^^^^^^^^^^^^^^^^^^^^^^^^^^^^^^^^^^^^^^^
/usr/lib/python3/dist-packages/requests/api.py:59: in request
    return session.request(method=method, url=url, **kwargs)
           ^^^^^^^^^^^^^^^^^^^^^^^^^^^^^^^^^^^^^^^^^^^^^^^^^
/usr/lib/python3/dist-packages/requests/sessions.py:575: in request
    prep = self.prepare_request(req)
           ^^^^^^^^^^^^^^^^^^^^^^^^^
/usr/lib/python3/dist-packages/requests/sessions.py:486: in prepare_request
    p.prepare(
/usr/lib/python3/dist-packages/requests/models.py:368: in prepare
    self.prepare_url(url, params)
/usr/lib/python3/dist-packages/requests/models.py:439: in prepare_url
    raise MissingSchema(
E   requests.exceptions.MissingSchema: Invalid URL '/api/coach/digest?user_id=default&language=en': No scheme supplied. Perhaps you meant https:///api/coach/digest?user_id=default&language=en?
____ TestWeeklyReviewLatestEndpoint.test_latest_digest_returns_200_or_null _____
backend/tests/test_weekly_review.py:249: in test_latest_digest_returns_200_or_null
    response = requests.get(f"{BASE_URL}/api/coach/digest/latest?user_id=default", timeout=30)
               ^^^^^^^^^^^^^^^^^^^^^^^^^^^^^^^^^^^^^^^^^^^^^^^^^^^^^^^^^^^^^^^^^^^^^^^^^^^^^^^
/usr/lib/python3/dist-packages/requests/api.py:73: in get
    return request("get", url, params=params, **kwargs)
           ^^^^^^^^^^^^^^^^^^^^^^^^^^^^^^^^^^^^^^^^^^^^
/usr/lib/python3/dist-packages/requests/api.py:59: in request
    return session.request(method=method, url=url, **kwargs)
           ^^^^^^^^^^^^^^^^^^^^^^^^^^^^^^^^^^^^^^^^^^^^^^^^^
/usr/lib/python3/dist-packages/requests/sessions.py:575: in request
    prep = self.prepare_request(req)
           ^^^^^^^^^^^^^^^^^^^^^^^^^
/usr/lib/python3/dist-packages/requests/sessions.py:486: in prepare_request
    p.prepare(
/usr/lib/python3/dist-packages/requests/models.py:368: in prepare
    self.prepare_url(url, params)
/usr/lib/python3/dist-packages/requests/models.py:439: in prepare_url
    raise MissingSchema(
E   requests.exceptions.MissingSchema: Invalid URL '/api/coach/digest/latest?user_id=default': No scheme supplied. Perhaps you meant https:///api/coach/digest/latest?user_id=default?
=========================== short test summary info ============================
FAILED backend/tests/test_run_index_screen.py::TestRunIndexEndpoint::test_endpoint_returns_200 - requests.exceptions.ConnectionError: HTTPConnectionPool(host='localhost', port=8001): Max retries exceeded with url: /api/run-index?user_id=test_run_index_user_no_terra (Caused by NewConnectionError('<urllib3.connection.HTTPConnection object at 0x7f290f83f860>: Failed to establish a new connection: [Errno 111] Connection refused'))
FAILED backend/tests/test_run_index_screen.py::TestRunIndexEndpoint::test_response_contains_top_level_fields - requests.exceptions.ConnectionError: HTTPConnectionPool(host='localhost', port=8001): Max retries exceeded with url: /api/run-index?user_id=test_run_index_user_no_terra (Caused by NewConnectionError('<urllib3.connection.HTTPConnection object at 0x7f290f83e030>: Failed to establish a new connection: [Errno 111] Connection refused'))
FAILED backend/tests/test_run_index_screen.py::TestRunIndexEndpoint::test_recommendation_is_valid - requests.exceptions.ConnectionError: HTTPConnectionPool(host='localhost', port=8001): Max retries exceeded with url: /api/run-index?user_id=test_run_index_user_no_terra (Caused by NewConnectionError('<urllib3.connection.HTTPConnection object at 0x7f290fa694c0>: Failed to establish a new connection: [Errno 111] Connection refused'))
FAILED backend/tests/test_run_index_screen.py::TestRunIndexEndpoint::test_recommendation_color_is_valid - requests.exceptions.ConnectionError: HTTPConnectionPool(host='localhost', port=8001): Max retries exceeded with url: /api/run-index?user_id=test_run_index_user_no_terra (Caused by NewConnectionError('<urllib3.connection.HTTPConnection object at 0x7f290f67d4c0>: Failed to establish a new connection: [Errno 111] Connection refused'))
FAILED backend/tests/test_run_index_screen.py::TestRunIndexEndpoint::test_metrics_contains_required_fields - requests.exceptions.ConnectionError: HTTPConnectionPool(host='localhost', port=8001): Max retries exceeded with url: /api/run-index?user_id=test_run_index_user_no_terra (Caused by NewConnectionError('<urllib3.connection.HTTPConnection object at 0x7f290f685430>: Failed to establish a new connection: [Errno 111] Connection refused'))
FAILED backend/tests/test_run_index_screen.py::TestRunIndexEndpoint::test_metric_status_values_are_valid - requests.exceptions.ConnectionError: HTTPConnectionPool(host='localhost', port=8001): Max retries exceeded with url: /api/run-index?user_id=test_run_index_user_no_terra (Caused by NewConnectionError('<urllib3.connection.HTTPConnection object at 0x7f290f685a00>: Failed to establish a new connection: [Errno 111] Connection refused'))
FAILED backend/tests/test_run_index_screen.py::TestRunIndexEndpoint::test_reasons_is_non_empty_list - requests.exceptions.ConnectionError: HTTPConnectionPool(host='localhost', port=8001): Max retries exceeded with url: /api/run-index?user_id=test_run_index_user_no_terra (Caused by NewConnectionError('<urllib3.connection.HTTPConnection object at 0x7f290f66b6b0>: Failed to establish a new connection: [Errno 111] Connection refused'))
FAILED backend/tests/test_run_index_screen.py::TestRunIndexEndpoint::test_history_has_at_most_7_entries - requests.exceptions.ConnectionError: HTTPConnectionPool(host='localhost', port=8001): Max retries exceeded with url: /api/run-index?user_id=test_run_index_user_no_terra (Caused by NewConnectionError('<urllib3.connection.HTTPConnection object at 0x7f290f66b620>: Failed to establish a new connection: [Errno 111] Connection refused'))
FAILED backend/tests/test_run_index_screen.py::TestRunIndexEndpoint::test_history_entries_have_required_fields - requests.exceptions.ConnectionError: HTTPConnectionPool(host='localhost', port=8001): Max retries exceeded with url: /api/run-index?user_id=test_run_index_user_no_terra (Caused by NewConnectionError('<urllib3.connection.HTTPConnection object at 0x7f290f4e04d0>: Failed to establish a new connection: [Errno 111] Connection refused'))
FAILED backend/tests/test_run_index_screen.py::TestRunIndexEndpoint::test_next_workout_has_label - requests.exceptions.ConnectionError: HTTPConnectionPool(host='localhost', port=8001): Max retries exceeded with url: /api/run-index?user_id=test_run_index_user_no_terra (Caused by NewConnectionError('<urllib3.connection.HTTPConnection object at 0x7f290f4e0950>: Failed to establish a new connection: [Errno 111] Connection refused'))
FAILED backend/tests/test_run_index_screen.py::TestRunIndexEndpoint::test_mock_flag_is_present - requests.exceptions.ConnectionError: HTTPConnectionPool(host='localhost', port=8001): Max retries exceeded with url: /api/run-index?user_id=test_run_index_user_no_terra (Caused by NewConnectionError('<urllib3.connection.HTTPConnection object at 0x7f290f4e19a0>: Failed to establish a new connection: [Errno 111] Connection refused'))
FAILED backend/tests/test_run_index_screen.py::TestRunIndexEndpoint::test_default_user_id_works - requests.exceptions.ConnectionError: HTTPConnectionPool(host='localhost', port=8001): Max retries exceeded with url: /api/run-index (Caused by NewConnectionError('<urllib3.connection.HTTPConnection object at 0x7f290f5f2150>: Failed to establish a new connection: [Errno 111] Connection refused'))
FAILED backend/tests/test_coach_conversational.py::TestCoachConversationalFormat::test_api_health - requests.exceptions.MissingSchema: Invalid URL '/api/': No scheme supplied. Perhaps you meant https:///api/?
FAILED backend/tests/test_coach_conversational.py::TestCoachConversationalFormat::test_english_response_no_stars - requests.exceptions.MissingSchema: Invalid URL '/api/coach/analyze': No scheme supplied. Perhaps you meant https:///api/coach/analyze?
FAILED backend/tests/test_coach_conversational.py::TestCoachConversationalFormat::test_english_response_no_markdown_headers - requests.exceptions.MissingSchema: Invalid URL '/api/coach/analyze': No scheme supplied. Perhaps you meant https:///api/coach/analyze?
FAILED backend/tests/test_coach_conversational.py::TestCoachConversationalFormat::test_english_response_no_numbered_lists - requests.exceptions.MissingSchema: Invalid URL '/api/coach/analyze': No scheme supplied. Perhaps you meant https:///api/coach/analyze?
FAILED backend/tests/test_coach_conversational.py::TestCoachConversationalFormat::test_english_response_is_conversational - requests.exceptions.MissingSchema: Invalid URL '/api/coach/analyze': No scheme supplied. Perhaps you meant https:///api/coach/analyze?
FAILED backend/tests/test_coach_conversational.py::TestCoachConversationalFormat::test_english_response_100_percent_english - requests.exceptions.MissingSchema: Invalid URL '/api/coach/analyze': No scheme supplied. Perhaps you meant https:///api/coach/analyze?
FAILED backend/tests/test_coach_conversational.py::TestCoachConversationalFormat::test_french_response_no_stars - requests.exceptions.MissingSchema: Invalid URL '/api/coach/analyze': No scheme supplied. Perhaps you meant https:///api/coach/analyze?
FAILED backend/tests/test_coach_conversational.py::TestCoachConversationalFormat::test_french_response_no_markdown_headers - requests.exceptions.MissingSchema: Invalid URL '/api/coach/analyze': No scheme supplied. Perhaps you meant https:///api/coach/analyze?
FAILED backend/tests/test_coach_conversational.py::TestCoachConversationalFormat::test_french_response_no_numbered_lists - requests.exceptions.MissingSchema: Invalid URL '/api/coach/analyze': No scheme supplied. Perhaps you meant https:///api/coach/analyze?
FAILED backend/tests/test_coach_conversational.py::TestCoachConversationalFormat::test_french_response_100_percent_french - requests.exceptions.MissingSchema: Invalid URL '/api/coach/analyze': No scheme supplied. Perhaps you meant https:///api/coach/analyze?
FAILED backend/tests/test_coach_conversational.py::TestCoachConversationalFormat::test_response_readable_under_15_seconds - requests.exceptions.MissingSchema: Invalid URL '/api/coach/analyze': No scheme supplied. Perhaps you meant https:///api/coach/analyze?
FAILED backend/tests/test_coach_conversational.py::TestCoachConversationalFormat::test_response_has_coach_tip - requests.exceptions.MissingSchema: Invalid URL '/api/coach/analyze': No scheme supplied. Perhaps you meant https:///api/coach/analyze?
FAILED backend/tests/test_coach_conversational.py::TestCoachClearHistory::test_clear_history_works - requests.exceptions.MissingSchema: Invalid URL '/api/coach/analyze': No scheme supplied. Perhaps you meant https:///api/coach/analyze?
FAILED backend/tests/test_coach_conversational.py::TestQuickActionButtons::test_training_load_question - requests.exceptions.MissingSchema: Invalid URL '/api/coach/analyze': No scheme supplied. Perhaps you meant https:///api/coach/analyze?
FAILED backend/tests/test_coach_conversational.py::TestQuickActionButtons::test_heart_rate_question - requests.exceptions.MissingSchema: Invalid URL '/api/coach/analyze': No scheme supplied. Perhaps you meant https:///api/coach/analyze?
FAILED backend/tests/test_coach_conversational.py::TestQuickActionButtons::test_pace_consistency_question - requests.exceptions.MissingSchema: Invalid URL '/api/coach/analyze': No scheme supplied. Perhaps you meant https:///api/coach/analyze?
FAILED backend/tests/test_dashboard_insight.py::TestDashboardInsightAPI::test_dashboard_insight_returns_200 - requests.exceptions.MissingSchema: Invalid URL '/api/dashboard/insight': No scheme supplied. Perhaps you meant https:///api/dashboard/insight?
FAILED backend/tests/test_dashboard_insight.py::TestDashboardInsightAPI::test_dashboard_insight_has_coach_insight - requests.exceptions.MissingSchema: Invalid URL '/api/dashboard/insight': No scheme supplied. Perhaps you meant https:///api/dashboard/insight?
FAILED backend/tests/test_dashboard_insight.py::TestDashboardInsightAPI::test_coach_insight_is_one_sentence_max_15_words - requests.exceptions.MissingSchema: Invalid URL '/api/dashboard/insight': No scheme supplied. Perhaps you meant https:///api/dashboard/insight?
FAILED backend/tests/test_dashboard_insight.py::TestDashboardInsightAPI::test_dashboard_insight_has_week_stats - requests.exceptions.MissingSchema: Invalid URL '/api/dashboard/insight': No scheme supplied. Perhaps you meant https:///api/dashboard/insight?
FAILED backend/tests/test_dashboard_insight.py::TestDashboardInsightAPI::test_week_sessions_is_count_of_workouts - requests.exceptions.MissingSchema: Invalid URL '/api/dashboard/insight': No scheme supplied. Perhaps you meant https:///api/dashboard/insight?
FAILED backend/tests/test_dashboard_insight.py::TestDashboardInsightAPI::test_week_volume_km_is_total_km - requests.exceptions.MissingSchema: Invalid URL '/api/dashboard/insight': No scheme supplied. Perhaps you meant https:///api/dashboard/insight?
FAILED backend/tests/test_dashboard_insight.py::TestDashboardInsightAPI::test_week_load_signal_is_valid - requests.exceptions.MissingSchema: Invalid URL '/api/dashboard/insight': No scheme supplied. Perhaps you meant https:///api/dashboard/insight?
FAILED backend/tests/test_dashboard_insight.py::TestDashboardInsightAPI::test_dashboard_insight_has_month_stats - requests.exceptions.MissingSchema: Invalid URL '/api/dashboard/insight': No scheme supplied. Perhaps you meant https:///api/dashboard/insight?
FAILED backend/tests/test_dashboard_insight.py::TestDashboardInsightAPI::test_month_volume_km_is_total_30_days - requests.exceptions.MissingSchema: Invalid URL '/api/dashboard/insight': No scheme supplied. Perhaps you meant https:///api/dashboard/insight?
FAILED backend/tests/test_dashboard_insight.py::TestDashboardInsightAPI::test_month_active_weeks_is_count - requests.exceptions.MissingSchema: Invalid URL '/api/dashboard/insight': No scheme supplied. Perhaps you meant https:///api/dashboard/insight?
FAILED backend/tests/test_dashboard_insight.py::TestDashboardInsightAPI::test_month_trend_is_valid - requests.exceptions.MissingSchema: Invalid URL '/api/dashboard/insight': No scheme supplied. Perhaps you meant https:///api/dashboard/insight?
FAILED backend/tests/test_dashboard_insight.py::TestDashboardInsightFrench::test_french_insight_returns_200 - requests.exceptions.MissingSchema: Invalid URL '/api/dashboard/insight?language=fr': No scheme supplied. Perhaps you meant https:///api/dashboard/insight?language=fr?
FAILED backend/tests/test_dashboard_insight.py::TestDashboardInsightFrench::test_french_insight_is_in_french - requests.exceptions.MissingSchema: Invalid URL '/api/dashboard/insight?language=fr': No scheme supplied. Perhaps you meant https:///api/dashboard/insight?language=fr?
FAILED backend/tests/test_dashboard_insight.py::TestDashboardInsightFrench::test_french_insight_same_structure - requests.exceptions.MissingSchema: Invalid URL '/api/dashboard/insight?language=fr': No scheme supplied. Perhaps you meant https:///api/dashboard/insight?language=fr?
FAILED backend/tests/test_dashboard_insight.py::TestDashboardNoRawNumbers::test_no_hr_numbers_in_insight - requests.exceptions.MissingSchema: Invalid URL '/api/dashboard/insight': No scheme supplied. Perhaps you meant https:///api/dashboard/insight?
FAILED backend/tests/test_dashboard_insight.py::TestDashboardNoRawNumbers::test_no_pace_numbers_in_insight - requests.exceptions.MissingSchema: Invalid URL '/api/dashboard/insight': No scheme supplied. Perhaps you meant https:///api/dashboard/insight?
FAILED backend/tests/test_dashboard_insight.py::TestDashboardNoRawNumbers::test_insight_is_action_oriented - requests.exceptions.MissingSchema: Invalid URL '/api/dashboard/insight': No scheme supplied. Perhaps you meant https:///api/dashboard/insight?
FAILED backend/tests/test_detailed_analysis.py::TestDetailedAnalysisEndpoint::test_endpoint_returns_200 - requests.exceptions.MissingSchema: Invalid URL '/api/coach/detailed-analysis/strava_17130033093?language=en': No scheme supplied. Perhaps you meant https:///api/coach/detailed-analysis/strava_17130033093?language=en?
FAILED backend/tests/test_detailed_analysis.py::TestDetailedAnalysisEndpoint::test_response_structure_has_all_required_fields - requests.exceptions.MissingSchema: Invalid URL '/api/coach/detailed-analysis/strava_17130033093?language=en': No scheme supplied. Perhaps you meant https:///api/coach/detailed-analysis/strava_17130033093?language=en?
FAILED backend/tests/test_detailed_analysis.py::TestDetailedAnalysisEndpoint::test_header_has_context_and_session_name - requests.exceptions.MissingSchema: Invalid URL '/api/coach/detailed-analysis/strava_17130033093?language=en': No scheme supplied. Perhaps you meant https:///api/coach/detailed-analysis/strava_17130033093?language=en?
FAILED backend/tests/test_detailed_analysis.py::TestDetailedAnalysisEndpoint::test_header_context_is_one_sentence_max - requests.exceptions.MissingSchema: Invalid URL '/api/coach/detailed-analysis/strava_17130033093?language=en': No scheme supplied. Perhaps you meant https:///api/coach/detailed-analysis/strava_17130033093?language=en?
FAILED backend/tests/test_detailed_analysis.py::TestDetailedAnalysisEndpoint::test_execution_card_has_intensity_volume_regularity - requests.exceptions.MissingSchema: Invalid URL '/api/coach/detailed-analysis/strava_17130033093?language=en': No scheme supplied. Perhaps you meant https:///api/coach/detailed-analysis/strava_17130033093?language=en?
FAILED backend/tests/test_detailed_analysis.py::TestDetailedAnalysisEndpoint::test_execution_intensity_valid_values_en - requests.exceptions.MissingSchema: Invalid URL '/api/coach/detailed-analysis/strava_17130033093?language=en': No scheme supplied. Perhaps you meant https:///api/coach/detailed-analysis/strava_17130033093?language=en?
FAILED backend/tests/test_detailed_analysis.py::TestDetailedAnalysisEndpoint::test_execution_volume_valid_values_en - requests.exceptions.MissingSchema: Invalid URL '/api/coach/detailed-analysis/strava_17130033093?language=en': No scheme supplied. Perhaps you meant https:///api/coach/detailed-analysis/strava_17130033093?language=en?
FAILED backend/tests/test_detailed_analysis.py::TestDetailedAnalysisEndpoint::test_execution_regularity_valid_values_en - requests.exceptions.MissingSchema: Invalid URL '/api/coach/detailed-analysis/strava_17130033093?language=en': No scheme supplied. Perhaps you meant https:///api/coach/detailed-analysis/strava_17130033093?language=en?
FAILED backend/tests/test_detailed_analysis.py::TestDetailedAnalysisEndpoint::test_meaning_text_is_2_3_sentences - requests.exceptions.MissingSchema: Invalid URL '/api/coach/detailed-analysis/strava_17130033093?language=en': No scheme supplied. Perhaps you meant https:///api/coach/detailed-analysis/strava_17130033093?language=en?
FAILED backend/tests/test_detailed_analysis.py::TestDetailedAnalysisEndpoint::test_recovery_text_is_one_key_message - requests.exceptions.MissingSchema: Invalid URL '/api/coach/detailed-analysis/strava_17130033093?language=en': No scheme supplied. Perhaps you meant https:///api/coach/detailed-analysis/strava_17130033093?language=en?
FAILED backend/tests/test_detailed_analysis.py::TestDetailedAnalysisEndpoint::test_advice_text_is_one_recommendation - requests.exceptions.MissingSchema: Invalid URL '/api/coach/detailed-analysis/strava_17130033093?language=en': No scheme supplied. Perhaps you meant https:///api/coach/detailed-analysis/strava_17130033093?language=en?
FAILED backend/tests/test_detailed_analysis.py::TestDetailedAnalysisEndpoint::test_advanced_section_exists - requests.exceptions.MissingSchema: Invalid URL '/api/coach/detailed-analysis/strava_17130033093?language=en': No scheme supplied. Perhaps you meant https:///api/coach/detailed-analysis/strava_17130033093?language=en?
FAILED backend/tests/test_detailed_analysis.py::TestLanguageEnforcement::test_english_response_has_no_french_words - requests.exceptions.MissingSchema: Invalid URL '/api/coach/detailed-analysis/strava_17130033093?language=en': No scheme supplied. Perhaps you meant https:///api/coach/detailed-analysis/strava_17130033093?language=en?
FAILED backend/tests/test_detailed_analysis.py::TestLanguageEnforcement::test_french_response_has_no_english_words - requests.exceptions.MissingSchema: Invalid URL '/api/coach/detailed-analysis/strava_17130033093?language=fr': No scheme supplied. Perhaps you meant https:///api/coach/detailed-analysis/strava_17130033093?language=fr?
FAILED backend/tests/test_detailed_analysis.py::TestLanguageEnforcement::test_french_execution_values - requests.exceptions.MissingSchema: Invalid URL '/api/coach/detailed-analysis/strava_17130033093?language=fr': No scheme supplied. Perhaps you meant https:///api/coach/detailed-analysis/strava_17130033093?language=fr?
FAILED backend/tests/test_detailed_analysis.py::TestWorkoutNotFound::test_invalid_workout_returns_404 - requests.exceptions.MissingSchema: Invalid URL '/api/coach/detailed-analysis/invalid_workout_id_12345?language=en': No scheme supplied. Perhaps you meant https:///api/coach/detailed-analysis/invalid_workout_id_12345?language=en?
FAILED backend/tests/test_detailed_analysis.py::TestResponseQuality::test_response_is_scannable_under_10_seconds - requests.exceptions.MissingSchema: Invalid URL '/api/coach/detailed-analysis/strava_17130033093?language=en': No scheme supplied. Perhaps you meant https:///api/coach/detailed-analysis/strava_17130033093?language=en?
FAILED backend/tests/test_detailed_analysis.py::TestResponseQuality::test_no_excessive_numbers - requests.exceptions.MissingSchema: Invalid URL '/api/coach/detailed-analysis/strava_17130033093?language=en': No scheme supplied. Perhaps you meant https:///api/coach/detailed-analysis/strava_17130033093?language=en?
FAILED backend/tests/test_mobile_workout_analysis.py::TestMobileWorkoutAnalysis::test_workout_analysis_returns_200 - requests.exceptions.MissingSchema: Invalid URL '/api/coach/workout-analysis/strava_17130033093?language=en': No scheme supplied. Perhaps you meant https:///api/coach/workout-analysis/strava_17130033093?language=en?
FAILED backend/tests/test_mobile_workout_analysis.py::TestMobileWorkoutAnalysis::test_response_contains_coach_summary - requests.exceptions.MissingSchema: Invalid URL '/api/coach/workout-analysis/strava_17130033093?language=en': No scheme supplied. Perhaps you meant https:///api/coach/workout-analysis/strava_17130033093?language=en?
FAILED backend/tests/test_mobile_workout_analysis.py::TestMobileWorkoutAnalysis::test_response_contains_intensity_card - requests.exceptions.MissingSchema: Invalid URL '/api/coach/workout-analysis/strava_17130033093?language=en': No scheme supplied. Perhaps you meant https:///api/coach/workout-analysis/strava_17130033093?language=en?
FAILED backend/tests/test_mobile_workout_analysis.py::TestMobileWorkoutAnalysis::test_response_contains_load_card - requests.exceptions.MissingSchema: Invalid URL '/api/coach/workout-analysis/strava_17130033093?language=en': No scheme supplied. Perhaps you meant https:///api/coach/workout-analysis/strava_17130033093?language=en?
FAILED backend/tests/test_mobile_workout_analysis.py::TestMobileWorkoutAnalysis::test_response_contains_session_type_card - requests.exceptions.MissingSchema: Invalid URL '/api/coach/workout-analysis/strava_17130033093?language=en': No scheme supplied. Perhaps you meant https:///api/coach/workout-analysis/strava_17130033093?language=en?
FAILED backend/tests/test_mobile_workout_analysis.py::TestMobileWorkoutAnalysis::test_response_contains_insight - requests.exceptions.MissingSchema: Invalid URL '/api/coach/workout-analysis/strava_17130033093?language=en': No scheme supplied. Perhaps you meant https:///api/coach/workout-analysis/strava_17130033093?language=en?
FAILED backend/tests/test_mobile_workout_analysis.py::TestMobileWorkoutAnalysis::test_response_contains_guidance - requests.exceptions.MissingSchema: Invalid URL '/api/coach/workout-analysis/strava_17130033093?language=en': No scheme supplied. Perhaps you meant https:///api/coach/workout-analysis/strava_17130033093?language=en?
FAILED backend/tests/test_mobile_workout_analysis.py::TestMobileWorkoutAnalysis::test_french_language_support - requests.exceptions.MissingSchema: Invalid URL '/api/coach/workout-analysis/strava_17130033093?language=fr': No scheme supplied. Perhaps you meant https:///api/coach/workout-analysis/strava_17130033093?language=fr?
FAILED backend/tests/test_mobile_workout_analysis.py::TestMobileWorkoutAnalysis::test_workout_not_found_returns_404 - requests.exceptions.MissingSchema: Invalid URL '/api/coach/workout-analysis/nonexistent_workout_id?language=en': No scheme supplied. Perhaps you meant https:///api/coach/workout-analysis/nonexistent_workout_id?language=en?
FAILED backend/tests/test_mobile_workout_analysis.py::TestMobileWorkoutAnalysis::test_workout_id_in_response - requests.exceptions.MissingSchema: Invalid URL '/api/coach/workout-analysis/strava_17130033093?language=en': No scheme supplied. Perhaps you meant https:///api/coach/workout-analysis/strava_17130033093?language=en?
FAILED backend/tests/test_mobile_workout_analysis.py::TestWorkoutDetailEndpoint::test_workout_detail_returns_200 - requests.exceptions.MissingSchema: Invalid URL '/api/workouts/strava_17130033093': No scheme supplied. Perhaps you meant https:///api/workouts/strava_17130033093?
FAILED backend/tests/test_mobile_workout_analysis.py::TestWorkoutDetailEndpoint::test_workout_detail_contains_required_fields - requests.exceptions.MissingSchema: Invalid URL '/api/workouts/strava_17130033093': No scheme supplied. Perhaps you meant https:///api/workouts/strava_17130033093?
FAILED backend/tests/test_mobile_workout_analysis.py::TestWorkoutDetailEndpoint::test_workout_has_strava_data - requests.exceptions.MissingSchema: Invalid URL '/api/workouts/strava_17130033093': No scheme supplied. Perhaps you meant https:///api/workouts/strava_17130033093?
FAILED backend/tests/test_monitor_worker.py::test_adaptive_interval - Failed: async def functions are not natively supported.
You need to install a suitable plugin for your async framework, for example:
  - anyio
  - pytest-asyncio
  - pytest-tornasync
  - pytest-trio
  - pytest-twisted
FAILED backend/tests/test_new_features.py::TestRecoveryScore::test_dashboard_insight_returns_recovery_score - requests.exceptions.MissingSchema: Invalid URL '/api/dashboard/insight?language=en': No scheme supplied. Perhaps you meant https:///api/dashboard/insight?language=en?
FAILED backend/tests/test_new_features.py::TestRecoveryScore::test_recovery_score_has_required_fields - requests.exceptions.MissingSchema: Invalid URL '/api/dashboard/insight?language=en': No scheme supplied. Perhaps you meant https:///api/dashboard/insight?language=en?
FAILED backend/tests/test_new_features.py::TestRecoveryScore::test_recovery_score_value_range - requests.exceptions.MissingSchema: Invalid URL '/api/dashboard/insight?language=en': No scheme supplied. Perhaps you meant https:///api/dashboard/insight?language=en?
FAILED backend/tests/test_new_features.py::TestRecoveryScore::test_recovery_score_status_values - requests.exceptions.MissingSchema: Invalid URL '/api/dashboard/insight?language=en': No scheme supplied. Perhaps you meant https:///api/dashboard/insight?language=en?
FAILED backend/tests/test_new_features.py::TestRecoveryScore::test_recovery_score_phrase_not_empty - requests.exceptions.MissingSchema: Invalid URL '/api/dashboard/insight?language=en': No scheme supplied. Perhaps you meant https:///api/dashboard/insight?language=en?
FAILED backend/tests/test_new_features.py::TestRecoveryScore::test_recovery_score_french_language - requests.exceptions.MissingSchema: Invalid URL '/api/dashboard/insight?language=fr': No scheme supplied. Perhaps you meant https:///api/dashboard/insight?language=fr?
FAILED backend/tests/test_new_features.py::TestWeeklyReviewWithGoal::test_digest_returns_user_goal - requests.exceptions.MissingSchema: Invalid URL '/api/user/goal?user_id=default': No scheme supplied. Perhaps you meant https:///api/user/goal?user_id=default?
FAILED backend/tests/test_new_features.py::TestWeeklyReviewWithGoal::test_digest_user_goal_has_correct_fields - requests.exceptions.MissingSchema: Invalid URL '/api/coach/digest?user_id=default&language=en': No scheme supplied. Perhaps you meant https:///api/coach/digest?user_id=default&language=en?
FAILED backend/tests/test_new_features.py::TestWeeklyReviewWithGoal::test_digest_returns_recommendations_followup - requests.exceptions.MissingSchema: Invalid URL '/api/coach/digest?user_id=default&language=en': No scheme supplied. Perhaps you meant https:///api/coach/digest?user_id=default&language=en?
FAILED backend/tests/test_new_features.py::TestWeeklyReviewWithGoal::test_digest_recommendations_followup_is_string - requests.exceptions.MissingSchema: Invalid URL '/api/coach/digest?user_id=default&language=en': No scheme supplied. Perhaps you meant https:///api/coach/digest?user_id=default&language=en?
FAILED backend/tests/test_new_features.py::TestWeeklyReviewWithGoal::test_digest_french_with_goal - requests.exceptions.MissingSchema: Invalid URL '/api/coach/digest?user_id=default&language=fr': No scheme supplied. Perhaps you meant https:///api/coach/digest?user_id=default&language=fr?
FAILED backend/tests/test_new_features.py::TestWeeklyReviewWithGoal::test_digest_still_has_core_fields - requests.exceptions.MissingSchema: Invalid URL '/api/coach/digest?user_id=default&language=en': No scheme supplied. Perhaps you meant https:///api/coach/digest?user_id=default&language=en?
FAILED backend/tests/test_new_features.py::TestDashboardInsightComplete::test_dashboard_insight_has_all_fields - requests.exceptions.MissingSchema: Invalid URL '/api/dashboard/insight?language=en': No scheme supplied. Perhaps you meant https:///api/dashboard/insight?language=en?
FAILED backend/tests/test_new_features.py::TestDashboardInsightComplete::test_week_stats_structure - requests.exceptions.MissingSchema: Invalid URL '/api/dashboard/insight?language=en': No scheme supplied. Perhaps you meant https:///api/dashboard/insight?language=en?
FAILED backend/tests/test_new_features.py::TestDashboardInsightComplete::test_month_stats_structure - requests.exceptions.MissingSchema: Invalid URL '/api/dashboard/insight?language=en': No scheme supplied. Perhaps you meant https:///api/dashboard/insight?language=en?
FAILED backend/tests/test_queue_health.py::test_redis_unavailable - Failed: async def functions are not natively supported.
You need to install a suitable plugin for your async framework, for example:
  - anyio
  - pytest-asyncio
  - pytest-tornasync
  - pytest-trio
  - pytest-twisted
FAILED backend/tests/test_rag_endpoints.py::TestRAGDashboard::test_rag_dashboard_returns_200 - requests.exceptions.MissingSchema: Invalid URL '/api/rag/dashboard': No scheme supplied. Perhaps you meant https:///api/rag/dashboard?
FAILED backend/tests/test_rag_endpoints.py::TestRAGDashboard::test_rag_dashboard_km_total_greater_than_zero - requests.exceptions.MissingSchema: Invalid URL '/api/rag/dashboard': No scheme supplied. Perhaps you meant https:///api/rag/dashboard?
FAILED backend/tests/test_rag_endpoints.py::TestRAGDashboard::test_rag_dashboard_nb_seances_greater_than_zero - requests.exceptions.MissingSchema: Invalid URL '/api/rag/dashboard': No scheme supplied. Perhaps you meant https:///api/rag/dashboard?
FAILED backend/tests/test_rag_endpoints.py::TestRAGDashboard::test_rag_dashboard_allure_moy_not_na - requests.exceptions.MissingSchema: Invalid URL '/api/rag/dashboard': No scheme supplied. Perhaps you meant https:///api/rag/dashboard?
FAILED backend/tests/test_rag_endpoints.py::TestRAGDashboard::test_rag_dashboard_duree_totale_not_zero - requests.exceptions.MissingSchema: Invalid URL '/api/rag/dashboard': No scheme supplied. Perhaps you meant https:///api/rag/dashboard?
FAILED backend/tests/test_rag_endpoints.py::TestRAGDashboard::test_rag_dashboard_has_rag_summary - requests.exceptions.MissingSchema: Invalid URL '/api/rag/dashboard': No scheme supplied. Perhaps you meant https:///api/rag/dashboard?
FAILED backend/tests/test_rag_endpoints.py::TestRAGDashboard::test_rag_dashboard_has_points_forts - requests.exceptions.MissingSchema: Invalid URL '/api/rag/dashboard': No scheme supplied. Perhaps you meant https:///api/rag/dashboard?
FAILED backend/tests/test_rag_endpoints.py::TestRAGWeeklyReview::test_rag_weekly_review_returns_200 - requests.exceptions.MissingSchema: Invalid URL '/api/rag/weekly-review': No scheme supplied. Perhaps you meant https:///api/rag/weekly-review?
FAILED backend/tests/test_rag_endpoints.py::TestRAGWeeklyReview::test_rag_weekly_review_km_total_greater_than_zero - requests.exceptions.MissingSchema: Invalid URL '/api/rag/weekly-review': No scheme supplied. Perhaps you meant https:///api/rag/weekly-review?
FAILED backend/tests/test_rag_endpoints.py::TestRAGWeeklyReview::test_rag_weekly_review_has_comparison - requests.exceptions.MissingSchema: Invalid URL '/api/rag/weekly-review': No scheme supplied. Perhaps you meant https:///api/rag/weekly-review?
FAILED backend/tests/test_rag_endpoints.py::TestRAGWeeklyReview::test_rag_weekly_review_has_rag_summary - requests.exceptions.MissingSchema: Invalid URL '/api/rag/weekly-review': No scheme supplied. Perhaps you meant https:///api/rag/weekly-review?
FAILED backend/tests/test_rag_endpoints.py::TestRAGWorkoutAnalysis::test_rag_workout_analysis_returns_200 - requests.exceptions.MissingSchema: Invalid URL '/api/rag/workout/strava_17453996690': No scheme supplied. Perhaps you meant https:///api/rag/workout/strava_17453996690?
FAILED backend/tests/test_rag_endpoints.py::TestRAGWorkoutAnalysis::test_rag_workout_analysis_km_greater_than_zero - requests.exceptions.MissingSchema: Invalid URL '/api/rag/workout/strava_17453996690': No scheme supplied. Perhaps you meant https:///api/rag/workout/strava_17453996690?
FAILED backend/tests/test_rag_endpoints.py::TestRAGWorkoutAnalysis::test_rag_workout_analysis_duree_not_zero - requests.exceptions.MissingSchema: Invalid URL '/api/rag/workout/strava_17453996690': No scheme supplied. Perhaps you meant https:///api/rag/workout/strava_17453996690?
FAILED backend/tests/test_rag_endpoints.py::TestRAGWorkoutAnalysis::test_rag_workout_analysis_has_comparison - requests.exceptions.MissingSchema: Invalid URL '/api/rag/workout/strava_17453996690': No scheme supplied. Perhaps you meant https:///api/rag/workout/strava_17453996690?
FAILED backend/tests/test_rag_endpoints.py::TestRAGWorkoutAnalysis::test_rag_workout_analysis_404_for_invalid_id - requests.exceptions.MissingSchema: Invalid URL '/api/rag/workout/invalid_workout_id_12345': No scheme supplied. Perhaps you meant https:///api/rag/workout/invalid_workout_id_12345?
FAILED backend/tests/test_rag_endpoints.py::TestWorkoutsEndpoint::test_workouts_returns_200 - requests.exceptions.MissingSchema: Invalid URL '/api/workouts': No scheme supplied. Perhaps you meant https:///api/workouts?
FAILED backend/tests/test_rag_endpoints.py::TestWorkoutsEndpoint::test_workouts_returns_expected_count - requests.exceptions.MissingSchema: Invalid URL '/api/workouts': No scheme supplied. Perhaps you meant https:///api/workouts?
FAILED backend/tests/test_rag_endpoints.py::TestWorkoutsEndpoint::test_workouts_have_required_fields - requests.exceptions.MissingSchema: Invalid URL '/api/workouts': No scheme supplied. Perhaps you meant https:///api/workouts?
FAILED backend/tests/test_rag_endpoints.py::TestDashboardInsight::test_dashboard_insight_returns_200 - requests.exceptions.MissingSchema: Invalid URL '/api/dashboard/insight': No scheme supplied. Perhaps you meant https:///api/dashboard/insight?
FAILED backend/tests/test_rag_endpoints.py::TestDashboardInsight::test_dashboard_insight_has_coach_insight - requests.exceptions.MissingSchema: Invalid URL '/api/dashboard/insight': No scheme supplied. Perhaps you meant https:///api/dashboard/insight?
FAILED backend/tests/test_rag_endpoints.py::TestDashboardInsight::test_dashboard_insight_has_week_data - requests.exceptions.MissingSchema: Invalid URL '/api/dashboard/insight': No scheme supplied. Perhaps you meant https:///api/dashboard/insight?
FAILED backend/tests/test_rag_endpoints.py::TestDashboardInsight::test_dashboard_insight_has_recovery_score - requests.exceptions.MissingSchema: Invalid URL '/api/dashboard/insight': No scheme supplied. Perhaps you meant https:///api/dashboard/insight?
FAILED backend/tests/test_rag_enrichment.py::TestRAGWorkoutSplitAnalysis::test_workout_has_split_analysis - requests.exceptions.MissingSchema: Invalid URL '/api/rag/workout/strava_17130033093': No scheme supplied. Perhaps you meant https:///api/rag/workout/strava_17130033093?
FAILED backend/tests/test_rag_enrichment.py::TestRAGWorkoutSplitAnalysis::test_split_analysis_has_fastest_km - requests.exceptions.MissingSchema: Invalid URL '/api/rag/workout/strava_17130033093': No scheme supplied. Perhaps you meant https:///api/rag/workout/strava_17130033093?
FAILED backend/tests/test_rag_enrichment.py::TestRAGWorkoutSplitAnalysis::test_split_analysis_has_slowest_km - requests.exceptions.MissingSchema: Invalid URL '/api/rag/workout/strava_17130033093': No scheme supplied. Perhaps you meant https:///api/rag/workout/strava_17130033093?
FAILED backend/tests/test_rag_enrichment.py::TestRAGWorkoutSplitAnalysis::test_split_analysis_has_pace_drop - requests.exceptions.MissingSchema: Invalid URL '/api/rag/workout/strava_17130033093': No scheme supplied. Perhaps you meant https:///api/rag/workout/strava_17130033093?
FAILED backend/tests/test_rag_enrichment.py::TestRAGWorkoutSplitAnalysis::test_split_analysis_has_consistency_score - requests.exceptions.MissingSchema: Invalid URL '/api/rag/workout/strava_17130033093': No scheme supplied. Perhaps you meant https:///api/rag/workout/strava_17130033093?
FAILED backend/tests/test_rag_enrichment.py::TestRAGWorkoutSplitAnalysis::test_split_analysis_has_negative_split - requests.exceptions.MissingSchema: Invalid URL '/api/rag/workout/strava_17130033093': No scheme supplied. Perhaps you meant https:///api/rag/workout/strava_17130033093?
FAILED backend/tests/test_rag_enrichment.py::TestRAGWorkoutHRAnalysis::test_workout_has_hr_analysis - requests.exceptions.MissingSchema: Invalid URL '/api/rag/workout/strava_17130033093': No scheme supplied. Perhaps you meant https:///api/rag/workout/strava_17130033093?
FAILED backend/tests/test_rag_enrichment.py::TestRAGWorkoutHRAnalysis::test_hr_analysis_has_min_hr - requests.exceptions.MissingSchema: Invalid URL '/api/rag/workout/strava_17130033093': No scheme supplied. Perhaps you meant https:///api/rag/workout/strava_17130033093?
FAILED backend/tests/test_rag_enrichment.py::TestRAGWorkoutHRAnalysis::test_hr_analysis_has_avg_hr - requests.exceptions.MissingSchema: Invalid URL '/api/rag/workout/strava_17130033093': No scheme supplied. Perhaps you meant https:///api/rag/workout/strava_17130033093?
FAILED backend/tests/test_rag_enrichment.py::TestRAGWorkoutHRAnalysis::test_hr_analysis_has_max_hr - requests.exceptions.MissingSchema: Invalid URL '/api/rag/workout/strava_17130033093': No scheme supplied. Perhaps you meant https:///api/rag/workout/strava_17130033093?
FAILED backend/tests/test_rag_enrichment.py::TestRAGWorkoutHRAnalysis::test_hr_analysis_has_hr_drift - requests.exceptions.MissingSchema: Invalid URL '/api/rag/workout/strava_17130033093': No scheme supplied. Perhaps you meant https:///api/rag/workout/strava_17130033093?
FAILED backend/tests/test_rag_enrichment.py::TestRAGWorkoutHRAnalysis::test_hr_values_logical - requests.exceptions.MissingSchema: Invalid URL '/api/rag/workout/strava_17130033093': No scheme supplied. Perhaps you meant https:///api/rag/workout/strava_17130033093?
FAILED backend/tests/test_rag_enrichment.py::TestRAGWorkoutCadenceAnalysis::test_workout_has_cadence_analysis - requests.exceptions.MissingSchema: Invalid URL '/api/rag/workout/strava_17130033093': No scheme supplied. Perhaps you meant https:///api/rag/workout/strava_17130033093?
FAILED backend/tests/test_rag_enrichment.py::TestRAGWorkoutCadenceAnalysis::test_cadence_analysis_has_min_cadence - requests.exceptions.MissingSchema: Invalid URL '/api/rag/workout/strava_17130033093': No scheme supplied. Perhaps you meant https:///api/rag/workout/strava_17130033093?
FAILED backend/tests/test_rag_enrichment.py::TestRAGWorkoutCadenceAnalysis::test_cadence_analysis_has_max_cadence - requests.exceptions.MissingSchema: Invalid URL '/api/rag/workout/strava_17130033093': No scheme supplied. Perhaps you meant https:///api/rag/workout/strava_17130033093?
FAILED backend/tests/test_rag_enrichment.py::TestRAGWorkoutCadenceAnalysis::test_cadence_analysis_has_avg_cadence - requests.exceptions.MissingSchema: Invalid URL '/api/rag/workout/strava_17130033093': No scheme supplied. Perhaps you meant https:///api/rag/workout/strava_17130033093?
FAILED backend/tests/test_rag_enrichment.py::TestRAGWorkoutCadenceAnalysis::test_cadence_analysis_has_stability - requests.exceptions.MissingSchema: Invalid URL '/api/rag/workout/strava_17130033093': No scheme supplied. Perhaps you meant https:///api/rag/workout/strava_17130033093?
FAILED backend/tests/test_rag_enrichment.py::TestRAGWorkoutComparison::test_comparison_has_splits_comparison - requests.exceptions.MissingSchema: Invalid URL '/api/rag/workout/strava_17130033093': No scheme supplied. Perhaps you meant https:///api/rag/workout/strava_17130033093?
FAILED backend/tests/test_rag_enrichment.py::TestRAGWorkoutComparison::test_comparison_has_progression - requests.exceptions.MissingSchema: Invalid URL '/api/rag/workout/strava_17130033093': No scheme supplied. Perhaps you meant https:///api/rag/workout/strava_17130033093?
FAILED backend/tests/test_rag_enrichment.py::TestRAGSources::test_rag_sources_indicates_detailed_data - requests.exceptions.MissingSchema: Invalid URL '/api/rag/workout/strava_17130033093': No scheme supplied. Perhaps you meant https:///api/rag/workout/strava_17130033093?
FAILED backend/tests/test_realtime_sync_pipeline.py::TestHealth::test_queue_health - requests.exceptions.ConnectionError: HTTPSConnectionPool(host='charge-load.preview.emergentagent.com', port=443): Max retries exceeded with url: /api/garmin/queue/health (Caused by NameResolutionError("<urllib3.connection.HTTPSConnection object at 0x7f290f3b01d0>: Failed to resolve 'charge-load.preview.emergentagent.com' ([Errno -5] No address associated with hostname)"))
FAILED backend/tests/test_realtime_sync_pipeline.py::TestHealth::test_garmin_status_connected - requests.exceptions.ConnectionError: HTTPSConnectionPool(host='charge-load.preview.emergentagent.com', port=443): Max retries exceeded with url: /api/garmin/status?user_id=default (Caused by NameResolutionError("<urllib3.connection.HTTPSConnection object at 0x7f290f5248f0>: Failed to resolve 'charge-load.preview.emergentagent.com' ([Errno -5] No address associated with hostname)"))
FAILED backend/tests/test_realtime_sync_pipeline.py::TestSyncAndIngestion::test_sync_returns_fast_and_queued - FileNotFoundError: [Errno 2] No such file or directory: '/app/bin/redis-cli'
FAILED backend/tests/test_realtime_sync_pipeline.py::TestSyncAndIngestion::test_sync_worker_processes_and_updates_last_sync - requests.exceptions.ConnectionError: HTTPSConnectionPool(host='charge-load.preview.emergentagent.com', port=443): Max retries exceeded with url: /api/garmin/status?user_id=default (Caused by NameResolutionError("<urllib3.connection.HTTPSConnection object at 0x7f290f3ec800>: Failed to resolve 'charge-load.preview.emergentagent.com' ([Errno -5] No address associated with hostname)"))
FAILED backend/tests/test_realtime_sync_pipeline.py::TestSyncAndIngestion::test_activities_populated_and_deduped - requests.exceptions.ConnectionError: HTTPSConnectionPool(host='charge-load.preview.emergentagent.com', port=443): Max retries exceeded with url: /api/garmin/activities?user_id=default&limit=200 (Caused by NameResolutionError("<urllib3.connection.HTTPSConnection object at 0x7f290f3b2210>: Failed to resolve 'charge-load.preview.emergentagent.com' ([Errno -5] No address associated with hostname)"))
FAILED backend/tests/test_realtime_sync_pipeline.py::TestEventFanOut::test_stream_key_exists - FileNotFoundError: [Errno 2] No such file or directory: '/app/bin/redis-cli'
FAILED backend/tests/test_realtime_sync_pipeline.py::TestEventFanOut::test_feed_cache_warmed - requests.exceptions.ConnectionError: HTTPSConnectionPool(host='charge-load.preview.emergentagent.com', port=443): Max retries exceeded with url: /api/garmin/activities?user_id=default&limit=5 (Caused by NameResolutionError("<urllib3.connection.HTTPSConnection object at 0x7f290f5b3f50>: Failed to resolve 'charge-load.preview.emergentagent.com' ([Errno -5] No address associated with hostname)"))
FAILED backend/tests/test_realtime_sync_pipeline.py::TestEventFanOut::test_activities_source_cache - requests.exceptions.ConnectionError: HTTPSConnectionPool(host='charge-load.preview.emergentagent.com', port=443): Max retries exceeded with url: /api/garmin/activities?user_id=default&limit=5 (Caused by NameResolutionError("<urllib3.connection.HTTPSConnection object at 0x7f290f550320>: Failed to resolve 'charge-load.preview.emergentagent.com' ([Errno -5] No address associated with hostname)"))
FAILED backend/tests/test_realtime_sync_pipeline.py::TestEventFanOut::test_workouts_derived_layer_populated - requests.exceptions.ConnectionError: HTTPSConnectionPool(host='charge-load.preview.emergentagent.com', port=443): Max retries exceeded with url: /api/garmin/activities?user_id=default&limit=1 (Caused by NameResolutionError("<urllib3.connection.HTTPSConnection object at 0x7f290f559ac0>: Failed to resolve 'charge-load.preview.emergentagent.com' ([Errno -5] No address associated with hostname)"))
FAILED backend/tests/test_realtime_sync_pipeline.py::TestSinceFilter::test_since_filter_returns_only_newer - requests.exceptions.ConnectionError: HTTPSConnectionPool(host='charge-load.preview.emergentagent.com', port=443): Max retries exceeded with url: /api/garmin/activities?user_id=default&limit=50 (Caused by NameResolutionError("<urllib3.connection.HTTPSConnection object at 0x7f290f552510>: Failed to resolve 'charge-load.preview.emergentagent.com' ([Errno -5] No address associated with hostname)"))
FAILED backend/tests/test_realtime_sync_pipeline.py::TestActivitySignal::test_signal_sets_key_and_no_sync - FileNotFoundError: [Errno 2] No such file or directory: '/app/bin/redis-cli'
FAILED backend/tests/test_realtime_sync_pipeline.py::TestRateLimiter::test_cooldown_key_set_after_sync - FileNotFoundError: [Errno 2] No such file or directory: '/app/bin/redis-cli'
FAILED backend/tests/test_realtime_sync_pipeline.py::TestRateLimiter::test_global_active_counter_exists_and_bounded - FileNotFoundError: [Errno 2] No such file or directory: '/app/bin/redis-cli'
FAILED backend/tests/test_realtime_sync_pipeline.py::TestBackwardCompat::test_activities_response_shape - requests.exceptions.ConnectionError: HTTPSConnectionPool(host='charge-load.preview.emergentagent.com', port=443): Max retries exceeded with url: /api/garmin/activities?user_id=default&limit=3 (Caused by NameResolutionError("<urllib3.connection.HTTPSConnection object at 0x7f290f2dab70>: Failed to resolve 'charge-load.preview.emergentagent.com' ([Errno -5] No address associated with hostname)"))
FAILED backend/tests/test_sse.py::test_stream_delivers_and_filters - Failed: async def functions are not natively supported.
You need to install a suitable plugin for your async framework, for example:
  - anyio
  - pytest-asyncio
  - pytest-tornasync
  - pytest-trio
  - pytest-twisted
FAILED backend/tests/test_sse.py::test_reconnect_from_last_id - Failed: async def functions are not natively supported.
You need to install a suitable plugin for your async framework, for example:
  - anyio
  - pytest-asyncio
  - pytest-tornasync
  - pytest-trio
  - pytest-twisted
FAILED backend/tests/test_subscription.py::TestSubscriptionEndpoints::test_subscription_info_endpoint_returns_200 - requests.exceptions.MissingSchema: Invalid URL '/api/subscription/info': No scheme supplied. Perhaps you meant https:///api/subscription/info?
FAILED backend/tests/test_subscription.py::TestSubscriptionEndpoints::test_new_user_gets_trial_status - requests.exceptions.MissingSchema: Invalid URL '/api/subscription/info': No scheme supplied. Perhaps you meant https:///api/subscription/info?
FAILED backend/tests/test_subscription.py::TestSubscriptionEndpoints::test_trial_user_has_all_features - requests.exceptions.MissingSchema: Invalid URL '/api/subscription/info': No scheme supplied. Perhaps you meant https:///api/subscription/info?
FAILED backend/tests/test_subscription.py::TestSubscriptionEndpoints::test_subscription_display_info_french - requests.exceptions.MissingSchema: Invalid URL '/api/subscription/info': No scheme supplied. Perhaps you meant https:///api/subscription/info?
FAILED backend/tests/test_subscription.py::TestSubscriptionEndpoints::test_subscription_display_info_english - requests.exceptions.MissingSchema: Invalid URL '/api/subscription/info': No scheme supplied. Perhaps you meant https:///api/subscription/info?
FAILED backend/tests/test_subscription.py::TestSubscriptionEndpoints::test_trial_days_remaining - requests.exceptions.MissingSchema: Invalid URL '/api/subscription/info': No scheme supplied. Perhaps you meant https:///api/subscription/info?
FAILED backend/tests/test_subscription.py::TestSubscriptionEndpoints::test_early_adopter_offer_endpoint - requests.exceptions.MissingSchema: Invalid URL '/api/subscription/early-adopter-offer': No scheme supplied. Perhaps you meant https:///api/subscription/early-adopter-offer?
FAILED backend/tests/test_subscription.py::TestSubscriptionEndpoints::test_early_adopter_offer_english - requests.exceptions.MissingSchema: Invalid URL '/api/subscription/early-adopter-offer': No scheme supplied. Perhaps you meant https:///api/subscription/early-adopter-offer?
FAILED backend/tests/test_subscription.py::TestSubscriptionEndpoints::test_early_adopter_checkout_creates_session - requests.exceptions.MissingSchema: Invalid URL '/api/subscription/early-adopter/checkout': No scheme supplied. Perhaps you meant https:///api/subscription/early-adopter/checkout?
FAILED backend/tests/test_subscription.py::TestSubscriptionEndpoints::test_checkout_session_has_correct_amount - requests.exceptions.MissingSchema: Invalid URL '/api/subscription/early-adopter/checkout': No scheme supplied. Perhaps you meant https:///api/subscription/early-adopter/checkout?
FAILED backend/tests/test_subscription.py::TestSubscriptionEndpoints::test_verify_checkout_activates_early_adopter - requests.exceptions.MissingSchema: Invalid URL '/api/subscription/early-adopter/checkout': No scheme supplied. Perhaps you meant https:///api/subscription/early-adopter/checkout?
FAILED backend/tests/test_subscription.py::TestSubscriptionEndpoints::test_simulate_trial_end_sets_free_status - requests.exceptions.MissingSchema: Invalid URL '/api/subscription/reset-to-trial': No scheme supplied. Perhaps you meant https:///api/subscription/reset-to-trial?
FAILED backend/tests/test_subscription.py::TestSubscriptionEndpoints::test_free_user_has_limited_features - requests.exceptions.MissingSchema: Invalid URL '/api/subscription/info': No scheme supplied. Perhaps you meant https:///api/subscription/info?
FAILED backend/tests/test_subscription.py::TestSubscriptionEndpoints::test_activate_early_adopter_endpoint - requests.exceptions.MissingSchema: Invalid URL '/api/subscription/activate-early-adopter': No scheme supplied. Perhaps you meant https:///api/subscription/activate-early-adopter?
FAILED backend/tests/test_subscription.py::TestSubscriptionEndpoints::test_early_adopter_has_all_features - requests.exceptions.MissingSchema: Invalid URL '/api/subscription/activate-early-adopter': No scheme supplied. Perhaps you meant https:///api/subscription/activate-early-adopter?
FAILED backend/tests/test_subscription.py::TestSubscriptionEndpoints::test_early_adopter_display_info - requests.exceptions.MissingSchema: Invalid URL '/api/subscription/activate-early-adopter': No scheme supplied. Perhaps you meant https:///api/subscription/activate-early-adopter?
FAILED backend/tests/test_subscription.py::TestSubscriptionEndpoints::test_cancel_subscription_sets_free_status - requests.exceptions.MissingSchema: Invalid URL '/api/subscription/activate-early-adopter': No scheme supplied. Perhaps you meant https:///api/subscription/activate-early-adopter?
FAILED backend/tests/test_subscription.py::TestSubscriptionEndpoints::test_reset_to_trial - requests.exceptions.MissingSchema: Invalid URL '/api/subscription/simulate-trial-end': No scheme supplied. Perhaps you meant https:///api/subscription/simulate-trial-end?
FAILED backend/tests/test_subscription_chat.py::TestSubscriptionTiers::test_get_subscription_tiers - requests.exceptions.MissingSchema: Invalid URL '/api/subscription/tiers': No scheme supplied. Perhaps you meant https:///api/subscription/tiers?
FAILED backend/tests/test_subscription_chat.py::TestSubscriptionTiers::test_free_tier_details - requests.exceptions.MissingSchema: Invalid URL '/api/subscription/tiers': No scheme supplied. Perhaps you meant https:///api/subscription/tiers?
FAILED backend/tests/test_subscription_chat.py::TestSubscriptionTiers::test_starter_tier_details - requests.exceptions.MissingSchema: Invalid URL '/api/subscription/tiers': No scheme supplied. Perhaps you meant https:///api/subscription/tiers?
FAILED backend/tests/test_subscription_chat.py::TestSubscriptionTiers::test_confort_tier_details - requests.exceptions.MissingSchema: Invalid URL '/api/subscription/tiers': No scheme supplied. Perhaps you meant https:///api/subscription/tiers?
FAILED backend/tests/test_subscription_chat.py::TestSubscriptionTiers::test_pro_tier_unlimited - requests.exceptions.MissingSchema: Invalid URL '/api/subscription/tiers': No scheme supplied. Perhaps you meant https:///api/subscription/tiers?
FAILED backend/tests/test_subscription_chat.py::TestSubscriptionStatus::test_get_subscription_status - requests.exceptions.MissingSchema: Invalid URL '/api/subscription/status?user_id=default': No scheme supplied. Perhaps you meant https:///api/subscription/status?user_id=default?
FAILED backend/tests/test_subscription_chat.py::TestSubscriptionStatus::test_subscription_status_has_correct_fields - requests.exceptions.MissingSchema: Invalid URL '/api/subscription/status?user_id=default': No scheme supplied. Perhaps you meant https:///api/subscription/status?user_id=default?
FAILED backend/tests/test_subscription_chat.py::TestSubscriptionStatus::test_subscription_status_for_new_user - requests.exceptions.MissingSchema: Invalid URL '/api/subscription/status?user_id=test_new_user_xyz': No scheme supplied. Perhaps you meant https:///api/subscription/status?user_id=test_new_user_xyz?
FAILED backend/tests/test_subscription_chat.py::TestStripeCheckout::test_create_checkout_session_starter - requests.exceptions.MissingSchema: Invalid URL '/api/subscription/checkout?user_id=default': No scheme supplied. Perhaps you meant https:///api/subscription/checkout?user_id=default?
FAILED backend/tests/test_subscription_chat.py::TestStripeCheckout::test_create_checkout_session_confort - requests.exceptions.MissingSchema: Invalid URL '/api/subscription/checkout?user_id=default': No scheme supplied. Perhaps you meant https:///api/subscription/checkout?user_id=default?
FAILED backend/tests/test_subscription_chat.py::TestStripeCheckout::test_create_checkout_session_pro - requests.exceptions.MissingSchema: Invalid URL '/api/subscription/checkout?user_id=default': No scheme supplied. Perhaps you meant https:///api/subscription/checkout?user_id=default?
FAILED backend/tests/test_subscription_chat.py::TestStripeCheckout::test_checkout_invalid_tier_rejected - requests.exceptions.MissingSchema: Invalid URL '/api/subscription/checkout?user_id=default': No scheme supplied. Perhaps you meant https:///api/subscription/checkout?user_id=default?
FAILED backend/tests/test_subscription_chat.py::TestChatCoach::test_send_chat_message - requests.exceptions.MissingSchema: Invalid URL '/api/chat/send': No scheme supplied. Perhaps you meant https:///api/chat/send?
FAILED backend/tests/test_subscription_chat.py::TestChatCoach::test_chat_response_about_fatigue - requests.exceptions.MissingSchema: Invalid URL '/api/chat/send': No scheme supplied. Perhaps you meant https:///api/chat/send?
FAILED backend/tests/test_subscription_chat.py::TestChatCoach::test_chat_response_about_cadence - requests.exceptions.MissingSchema: Invalid URL '/api/chat/send': No scheme supplied. Perhaps you meant https:///api/chat/send?
FAILED backend/tests/test_subscription_chat.py::TestChatCoach::test_chat_response_about_recovery - requests.exceptions.MissingSchema: Invalid URL '/api/chat/send': No scheme supplied. Perhaps you meant https:///api/chat/send?
FAILED backend/tests/test_subscription_chat.py::TestChatCoach::test_chat_history - requests.exceptions.MissingSchema: Invalid URL '/api/chat/history?user_id=default&limit=10': No scheme supplied. Perhaps you meant https:///api/chat/history?user_id=default&limit=10?
FAILED backend/tests/test_subscription_chat.py::TestChatCoach::test_chat_decrements_messages_remaining - requests.exceptions.MissingSchema: Invalid URL '/api/subscription/status?user_id=default': No scheme supplied. Perhaps you meant https:///api/subscription/status?user_id=default?
FAILED backend/tests/test_subscription_chat.py::TestChatEngine::test_fallback_response_for_unknown_query - requests.exceptions.MissingSchema: Invalid URL '/api/chat/send': No scheme supplied. Perhaps you meant https:///api/chat/send?
FAILED backend/tests/test_subscription_chat.py::TestChatEngine::test_chat_response_in_french - requests.exceptions.MissingSchema: Invalid URL '/api/chat/send': No scheme supplied. Perhaps you meant https:///api/chat/send?
FAILED backend/tests/test_terra_integration.py::TestTerraStatusEndpoint::test_terra_status_not_connected - requests.exceptions.ConnectionError: HTTPConnectionPool(host='localhost', port=8001): Max retries exceeded with url: /api/terra/status?user_id=test_terra_user (Caused by NewConnectionError('<urllib3.connection.HTTPConnection object at 0x7f290f2cbf80>: Failed to establish a new connection: [Errno 111] Connection refused'))
FAILED backend/tests/test_terra_integration.py::TestTerraStatusEndpoint::test_terra_status_fields_present - requests.exceptions.ConnectionError: HTTPConnectionPool(host='localhost', port=8001): Max retries exceeded with url: /api/terra/status?user_id=test_terra_fields (Caused by NewConnectionError('<urllib3.connection.HTTPConnection object at 0x7f290f32d430>: Failed to establish a new connection: [Errno 111] Connection refused'))
FAILED backend/tests/test_terra_integration.py::TestTerraConnectDisconnect::test_terra_connect_stores_token - requests.exceptions.ConnectionError: HTTPConnectionPool(host='localhost', port=8001): Max retries exceeded with url: /api/terra/connect?user_id=test_terra_connect (Caused by NewConnectionError('<urllib3.connection.HTTPConnection object at 0x7f290f2c63c0>: Failed to establish a new connection: [Errno 111] Connection refused'))
FAILED backend/tests/test_terra_integration.py::TestTerraConnectDisconnect::test_terra_connect_requires_token - requests.exceptions.ConnectionError: HTTPConnectionPool(host='localhost', port=8001): Max retries exceeded with url: /api/terra/connect?user_id=test_no_token (Caused by NewConnectionError('<urllib3.connection.HTTPConnection object at 0x7f290f2c55e0>: Failed to establish a new connection: [Errno 111] Connection refused'))
FAILED backend/tests/test_terra_integration.py::TestTerraConnectDisconnect::test_terra_disconnect_returns_success - requests.exceptions.ConnectionError: HTTPConnectionPool(host='localhost', port=8001): Max retries exceeded with url: /api/terra/disconnect?user_id=test_terra_disconnect (Caused by NewConnectionError('<urllib3.connection.HTTPConnection object at 0x7f290f28e780>: Failed to establish a new connection: [Errno 111] Connection refused'))
FAILED backend/tests/test_terra_integration.py::TestTerraSyncEndpoints::test_terra_sync_not_connected - requests.exceptions.ConnectionError: HTTPConnectionPool(host='localhost', port=8001): Max retries exceeded with url: /api/terra/sync?user_id=test_sync_not_connected (Caused by NewConnectionError('<urllib3.connection.HTTPConnection object at 0x7f290f28f860>: Failed to establish a new connection: [Errno 111] Connection refused'))
FAILED backend/tests/test_terra_integration.py::TestTerraSyncEndpoints::test_terra_sync_daily_not_connected - requests.exceptions.ConnectionError: HTTPConnectionPool(host='localhost', port=8001): Max retries exceeded with url: /api/terra/sync-daily?user_id=test_sync_daily_nc (Caused by NewConnectionError('<urllib3.connection.HTTPConnection object at 0x7f290f28f740>: Failed to establish a new connection: [Errno 111] Connection refused'))
FAILED backend/tests/test_terra_integration.py::TestTerraMetricsEndpoints::test_terra_recovery_no_data - requests.exceptions.ConnectionError: HTTPConnectionPool(host='localhost', port=8001): Max retries exceeded with url: /api/terra/recovery?user_id=test_recovery_nd (Caused by NewConnectionError('<urllib3.connection.HTTPConnection object at 0x7f290f08eae0>: Failed to establish a new connection: [Errno 111] Connection refused'))
FAILED backend/tests/test_terra_integration.py::TestTerraMetricsEndpoints::test_terra_recommendation_no_data - requests.exceptions.ConnectionError: HTTPConnectionPool(host='localhost', port=8001): Max retries exceeded with url: /api/terra/recommendation?user_id=test_rec_nd (Caused by NewConnectionError('<urllib3.connection.HTTPConnection object at 0x7f290f08fce0>: Failed to establish a new connection: [Errno 111] Connection refused'))
FAILED backend/tests/test_terra_integration.py::TestTerraMetricsEndpoints::test_terra_daily_metrics_no_data - requests.exceptions.ConnectionError: HTTPConnectionPool(host='localhost', port=8001): Max retries exceeded with url: /api/terra/daily-metrics?user_id=test_dm_nd (Caused by NewConnectionError('<urllib3.connection.HTTPConnection object at 0x7f290f098bf0>: Failed to establish a new connection: [Errno 111] Connection refused'))
FAILED backend/tests/test_terra_integration.py::TestExistingFunctionalityNotBroken::test_api_root - requests.exceptions.ConnectionError: HTTPConnectionPool(host='localhost', port=8001): Max retries exceeded with url: /api/ (Caused by NewConnectionError('<urllib3.connection.HTTPConnection object at 0x7f290f28ef30>: Failed to establish a new connection: [Errno 111] Connection refused'))
FAILED backend/tests/test_terra_integration.py::TestExistingFunctionalityNotBroken::test_strava_status_still_works - requests.exceptions.ConnectionError: HTTPConnectionPool(host='localhost', port=8001): Max retries exceeded with url: /api/strava/status?user_id=default (Caused by NewConnectionError('<urllib3.connection.HTTPConnection object at 0x7f290f2c55e0>: Failed to establish a new connection: [Errno 111] Connection refused'))
FAILED backend/tests/test_terra_integration.py::TestExistingFunctionalityNotBroken::test_get_workouts_still_works - requests.exceptions.ConnectionError: HTTPConnectionPool(host='localhost', port=8001): Max retries exceeded with url: /api/workouts (Caused by NewConnectionError('<urllib3.connection.HTTPConnection object at 0x7f290f2c6210>: Failed to establish a new connection: [Errno 111] Connection refused'))
FAILED backend/tests/test_terra_integration.py::TestExistingFunctionalityNotBroken::test_get_stats_still_works - requests.exceptions.ConnectionError: HTTPConnectionPool(host='localhost', port=8001): Max retries exceeded with url: /api/stats (Caused by NewConnectionError('<urllib3.connection.HTTPConnection object at 0x7f290f3ed670>: Failed to establish a new connection: [Errno 111] Connection refused'))
FAILED backend/tests/test_training_plan_vma.py::TestTrainingPlanVMA::test_training_plan_returns_200 - requests.exceptions.MissingSchema: Invalid URL '/api/training/plan': No scheme supplied. Perhaps you meant https:///api/training/plan?
FAILED backend/tests/test_training_plan_vma.py::TestTrainingPlanVMA::test_plan_contains_vma_field - requests.exceptions.MissingSchema: Invalid URL '/api/training/plan': No scheme supplied. Perhaps you meant https:///api/training/plan?
FAILED backend/tests/test_training_plan_vma.py::TestTrainingPlanVMA::test_plan_contains_vo2max_field - requests.exceptions.MissingSchema: Invalid URL '/api/training/plan': No scheme supplied. Perhaps you meant https:///api/training/plan?
FAILED backend/tests/test_training_plan_vma.py::TestTrainingPlanVMA::test_plan_contains_readiness_score - requests.exceptions.MissingSchema: Invalid URL '/api/training/plan': No scheme supplied. Perhaps you meant https:///api/training/plan?
FAILED backend/tests/test_training_plan_vma.py::TestTrainingPlanVMA::test_plan_contains_prep_status - requests.exceptions.MissingSchema: Invalid URL '/api/training/plan': No scheme supplied. Perhaps you meant https:///api/training/plan?
FAILED backend/tests/test_training_plan_vma.py::TestTrainingPlanVMA::test_plan_contains_adjusted_weeks - requests.exceptions.MissingSchema: Invalid URL '/api/training/plan': No scheme supplied. Perhaps you meant https:///api/training/plan?
FAILED backend/tests/test_training_plan_vma.py::TestTrainingPlanVMA::test_plan_contains_personalized_paces - requests.exceptions.MissingSchema: Invalid URL '/api/training/plan': No scheme supplied. Perhaps you meant https:///api/training/plan?
FAILED backend/tests/test_training_plan_vma.py::TestSessionsWithPersonalizedPaces::test_sessions_exist_in_plan - requests.exceptions.MissingSchema: Invalid URL '/api/training/plan': No scheme supplied. Perhaps you meant https:///api/training/plan?
FAILED backend/tests/test_training_plan_vma.py::TestSessionsWithPersonalizedPaces::test_sessions_have_required_fields - requests.exceptions.MissingSchema: Invalid URL '/api/training/plan': No scheme supplied. Perhaps you meant https:///api/training/plan?
FAILED backend/tests/test_training_plan_vma.py::TestSessionsWithPersonalizedPaces::test_non_rest_sessions_contain_pace_in_details - requests.exceptions.MissingSchema: Invalid URL '/api/training/plan': No scheme supplied. Perhaps you meant https:///api/training/plan?
FAILED backend/tests/test_training_plan_vma.py::TestSessionsWithPersonalizedPaces::test_session_paces_match_vma_derived_paces - requests.exceptions.MissingSchema: Invalid URL '/api/training/plan': No scheme supplied. Perhaps you meant https:///api/training/plan?
FAILED backend/tests/test_training_plan_vma.py::TestPlanAdaptation::test_context_contains_fitness_metrics - requests.exceptions.MissingSchema: Invalid URL '/api/training/plan': No scheme supplied. Perhaps you meant https:///api/training/plan?
FAILED backend/tests/test_training_plan_vma.py::TestPlanAdaptation::test_adjusted_weeks_varies_with_prep_status - requests.exceptions.MissingSchema: Invalid URL '/api/training/plan': No scheme supplied. Perhaps you meant https:///api/training/plan?
FAILED backend/tests/test_training_plan_vma.py::TestTrainingPlanRefresh::test_refresh_plan_returns_200 - requests.exceptions.MissingSchema: Invalid URL '/api/training/refresh': No scheme supplied. Perhaps you meant https:///api/training/refresh?
FAILED backend/tests/test_training_plan_vma.py::TestTrainingPlanRefresh::test_refresh_with_sessions_parameter - requests.exceptions.MissingSchema: Invalid URL '/api/training/refresh?sessions=4': No scheme supplied. Perhaps you meant https:///api/training/refresh?sessions=4?
FAILED backend/tests/test_training_plan_vma.py::TestFullCycleWithVMA::test_full_cycle_returns_200 - requests.exceptions.MissingSchema: Invalid URL '/api/training/full-cycle': No scheme supplied. Perhaps you meant https:///api/training/full-cycle?
FAILED backend/tests/test_training_plan_vma.py::TestFullCycleWithVMA::test_full_cycle_weeks_have_required_fields - requests.exceptions.MissingSchema: Invalid URL '/api/training/full-cycle': No scheme supplied. Perhaps you meant https:///api/training/full-cycle?
FAILED backend/tests/test_training_plan_vma.py::TestPacesCalculation::test_z1_pace_slower_than_z5 - requests.exceptions.MissingSchema: Invalid URL '/api/training/plan': No scheme supplied. Perhaps you meant https:///api/training/plan?
FAILED backend/tests/test_training_plan_vma.py::TestPacesCalculation::test_marathon_pace_slower_than_semi_pace - requests.exceptions.MissingSchema: Invalid URL '/api/training/plan': No scheme supplied. Perhaps you meant https:///api/training/plan?
FAILED backend/tests/test_training_plan_vma.py::TestPacesCalculation::test_paces_are_realistic_for_vma - requests.exceptions.MissingSchema: Invalid URL '/api/training/plan': No scheme supplied. Perhaps you meant https:///api/training/plan?
FAILED backend/tests/test_weekly_digest.py::TestWeeklyDigestAPI::test_digest_endpoint_returns_200 - requests.exceptions.MissingSchema: Invalid URL '/api/coach/digest?user_id=default&language=en': No scheme supplied. Perhaps you meant https:///api/coach/digest?user_id=default&language=en?
FAILED backend/tests/test_weekly_digest.py::TestWeeklyDigestAPI::test_digest_response_structure - requests.exceptions.MissingSchema: Invalid URL '/api/coach/digest?user_id=default&language=en': No scheme supplied. Perhaps you meant https:///api/coach/digest?user_id=default&language=en?
FAILED backend/tests/test_weekly_digest.py::TestWeeklyDigestAPI::test_digest_executive_summary_is_short - requests.exceptions.MissingSchema: Invalid URL '/api/coach/digest?user_id=default&language=en': No scheme supplied. Perhaps you meant https:///api/coach/digest?user_id=default&language=en?
FAILED backend/tests/test_weekly_digest.py::TestWeeklyDigestAPI::test_digest_metrics_structure - requests.exceptions.MissingSchema: Invalid URL '/api/coach/digest?user_id=default&language=en': No scheme supplied. Perhaps you meant https:///api/coach/digest?user_id=default&language=en?
FAILED backend/tests/test_weekly_digest.py::TestWeeklyDigestAPI::test_digest_signals_structure - requests.exceptions.MissingSchema: Invalid URL '/api/coach/digest?user_id=default&language=en': No scheme supplied. Perhaps you meant https:///api/coach/digest?user_id=default&language=en?
FAILED backend/tests/test_weekly_digest.py::TestWeeklyDigestAPI::test_digest_insights_max_three - requests.exceptions.MissingSchema: Invalid URL '/api/coach/digest?user_id=default&language=en': No scheme supplied. Perhaps you meant https:///api/coach/digest?user_id=default&language=en?
FAILED backend/tests/test_weekly_digest.py::TestWeeklyDigestAPI::test_digest_zone_distribution - requests.exceptions.MissingSchema: Invalid URL '/api/coach/digest?user_id=default&language=en': No scheme supplied. Perhaps you meant https:///api/coach/digest?user_id=default&language=en?
FAILED backend/tests/test_weekly_digest.py::TestWeeklyDigestAPI::test_digest_french_language - requests.exceptions.MissingSchema: Invalid URL '/api/coach/digest?user_id=default&language=fr': No scheme supplied. Perhaps you meant https:///api/coach/digest?user_id=default&language=fr?
FAILED backend/tests/test_weekly_digest.py::TestWeeklyDigestAPI::test_digest_no_strava_garmin_references - requests.exceptions.MissingSchema: Invalid URL '/api/coach/digest?user_id=default&language=en': No scheme supplied. Perhaps you meant https:///api/coach/digest?user_id=default&language=en?
FAILED backend/tests/test_weekly_digest.py::TestWeeklyDigestAPI::test_digest_period_dates_valid - requests.exceptions.MissingSchema: Invalid URL '/api/coach/digest?user_id=default&language=en': No scheme supplied. Perhaps you meant https:///api/coach/digest?user_id=default&language=en?
FAILED backend/tests/test_weekly_digest.py::TestWeeklyDigestAPI::test_digest_generated_at_timestamp - requests.exceptions.MissingSchema: Invalid URL '/api/coach/digest?user_id=default&language=en': No scheme supplied. Perhaps you meant https:///api/coach/digest?user_id=default&language=en?
FAILED backend/tests/test_weekly_digest.py::TestDigestLatestEndpoint::test_digest_latest_endpoint - requests.exceptions.MissingSchema: Invalid URL '/api/coach/digest/latest?user_id=default': No scheme supplied. Perhaps you meant https:///api/coach/digest/latest?user_id=default?
FAILED backend/tests/test_weekly_review.py::TestWeeklyReviewEndpoint::test_digest_endpoint_returns_200 - requests.exceptions.MissingSchema: Invalid URL '/api/coach/digest?user_id=default&language=en': No scheme supplied. Perhaps you meant https:///api/coach/digest?user_id=default&language=en?
FAILED backend/tests/test_weekly_review.py::TestWeeklyReviewEndpoint::test_response_has_coach_summary - requests.exceptions.MissingSchema: Invalid URL '/api/coach/digest?user_id=default&language=en': No scheme supplied. Perhaps you meant https:///api/coach/digest?user_id=default&language=en?
FAILED backend/tests/test_weekly_review.py::TestWeeklyReviewEndpoint::test_response_has_signals - requests.exceptions.MissingSchema: Invalid URL '/api/coach/digest?user_id=default&language=en': No scheme supplied. Perhaps you meant https:///api/coach/digest?user_id=default&language=en?
FAILED backend/tests/test_weekly_review.py::TestWeeklyReviewEndpoint::test_signals_have_correct_structure - requests.exceptions.MissingSchema: Invalid URL '/api/coach/digest?user_id=default&language=en': No scheme supplied. Perhaps you meant https:///api/coach/digest?user_id=default&language=en?
FAILED backend/tests/test_weekly_review.py::TestWeeklyReviewEndpoint::test_response_has_metrics - requests.exceptions.MissingSchema: Invalid URL '/api/coach/digest?user_id=default&language=en': No scheme supplied. Perhaps you meant https:///api/coach/digest?user_id=default&language=en?
FAILED backend/tests/test_weekly_review.py::TestWeeklyReviewEndpoint::test_response_has_comparison - requests.exceptions.MissingSchema: Invalid URL '/api/coach/digest?user_id=default&language=en': No scheme supplied. Perhaps you meant https:///api/coach/digest?user_id=default&language=en?
FAILED backend/tests/test_weekly_review.py::TestWeeklyReviewEndpoint::test_response_has_coach_reading - requests.exceptions.MissingSchema: Invalid URL '/api/coach/digest?user_id=default&language=en': No scheme supplied. Perhaps you meant https:///api/coach/digest?user_id=default&language=en?
FAILED backend/tests/test_weekly_review.py::TestWeeklyReviewEndpoint::test_response_has_recommendations - requests.exceptions.MissingSchema: Invalid URL '/api/coach/digest?user_id=default&language=en': No scheme supplied. Perhaps you meant https:///api/coach/digest?user_id=default&language=en?
FAILED backend/tests/test_weekly_review.py::TestWeeklyReviewEndpoint::test_response_has_period_dates - requests.exceptions.MissingSchema: Invalid URL '/api/coach/digest?user_id=default&language=en': No scheme supplied. Perhaps you meant https:///api/coach/digest?user_id=default&language=en?
FAILED backend/tests/test_weekly_review.py::TestWeeklyReviewFrench::test_french_digest_returns_200 - requests.exceptions.MissingSchema: Invalid URL '/api/coach/digest?user_id=default&language=fr': No scheme supplied. Perhaps you meant https:///api/coach/digest?user_id=default&language=fr?
FAILED backend/tests/test_weekly_review.py::TestWeeklyReviewFrench::test_french_coach_summary_is_french - requests.exceptions.MissingSchema: Invalid URL '/api/coach/digest?user_id=default&language=fr': No scheme supplied. Perhaps you meant https:///api/coach/digest?user_id=default&language=fr?
FAILED backend/tests/test_weekly_review.py::TestWeeklyReviewFrench::test_french_response_has_same_structure - requests.exceptions.MissingSchema: Invalid URL '/api/coach/digest?user_id=default&language=fr': No scheme supplied. Perhaps you meant https:///api/coach/digest?user_id=default&language=fr?
FAILED backend/tests/test_weekly_review.py::TestWeeklyReviewContentQuality::test_coach_summary_is_one_sentence - requests.exceptions.MissingSchema: Invalid URL '/api/coach/digest?user_id=default&language=en': No scheme supplied. Perhaps you meant https:///api/coach/digest?user_id=default&language=en?
FAILED backend/tests/test_weekly_review.py::TestWeeklyReviewContentQuality::test_coach_reading_is_2_3_sentences - requests.exceptions.MissingSchema: Invalid URL '/api/coach/digest?user_id=default&language=en': No scheme supplied. Perhaps you meant https:///api/coach/digest?user_id=default&language=en?
FAILED backend/tests/test_weekly_review.py::TestWeeklyReviewContentQuality::test_recommendations_are_action_oriented - requests.exceptions.MissingSchema: Invalid URL '/api/coach/digest?user_id=default&language=en': No scheme supplied. Perhaps you meant https:///api/coach/digest?user_id=default&language=en?
FAILED backend/tests/test_weekly_review.py::TestWeeklyReviewContentQuality::test_no_markdown_in_content - requests.exceptions.MissingSchema: Invalid URL '/api/coach/digest?user_id=default&language=en': No scheme supplied. Perhaps you meant https:///api/coach/digest?user_id=default&language=en?
FAILED backend/tests/test_weekly_review.py::TestWeeklyReviewLatestEndpoint::test_latest_digest_returns_200_or_null - requests.exceptions.MissingSchema: Invalid URL '/api/coach/digest/latest?user_id=default': No scheme supplied. Perhaps you meant https:///api/coach/digest/latest?user_id=default?
ERROR backend/tests/test_enhanced_goal.py::TestEnhancedGoalAPI::test_api_health - requests.exceptions.MissingSchema: Invalid URL '/api/user/goal?user_id=default': No scheme supplied. Perhaps you meant https:///api/user/goal?user_id=default?
ERROR backend/tests/test_enhanced_goal.py::TestEnhancedGoalAPI::test_create_goal_5k - requests.exceptions.MissingSchema: Invalid URL '/api/user/goal?user_id=default': No scheme supplied. Perhaps you meant https:///api/user/goal?user_id=default?
ERROR backend/tests/test_enhanced_goal.py::TestEnhancedGoalAPI::test_create_goal_10k - requests.exceptions.MissingSchema: Invalid URL '/api/user/goal?user_id=default': No scheme supplied. Perhaps you meant https:///api/user/goal?user_id=default?
ERROR backend/tests/test_enhanced_goal.py::TestEnhancedGoalAPI::test_create_goal_semi_marathon - requests.exceptions.MissingSchema: Invalid URL '/api/user/goal?user_id=default': No scheme supplied. Perhaps you meant https:///api/user/goal?user_id=default?
ERROR backend/tests/test_enhanced_goal.py::TestEnhancedGoalAPI::test_create_goal_marathon - requests.exceptions.MissingSchema: Invalid URL '/api/user/goal?user_id=default': No scheme supplied. Perhaps you meant https:///api/user/goal?user_id=default?
ERROR backend/tests/test_enhanced_goal.py::TestEnhancedGoalAPI::test_create_goal_ultra - requests.exceptions.MissingSchema: Invalid URL '/api/user/goal?user_id=default': No scheme supplied. Perhaps you meant https:///api/user/goal?user_id=default?
ERROR backend/tests/test_enhanced_goal.py::TestEnhancedGoalAPI::test_goal_without_target_time - requests.exceptions.MissingSchema: Invalid URL '/api/user/goal?user_id=default': No scheme supplied. Perhaps you meant https:///api/user/goal?user_id=default?
ERROR backend/tests/test_enhanced_goal.py::TestEnhancedGoalAPI::test_goal_with_zero_target_time - requests.exceptions.MissingSchema: Invalid URL '/api/user/goal?user_id=default': No scheme supplied. Perhaps you meant https:///api/user/goal?user_id=default?
ERROR backend/tests/test_enhanced_goal.py::TestEnhancedGoalAPI::test_get_goal_returns_all_fields - requests.exceptions.MissingSchema: Invalid URL '/api/user/goal?user_id=default': No scheme supplied. Perhaps you meant https:///api/user/goal?user_id=default?
ERROR backend/tests/test_enhanced_goal.py::TestEnhancedGoalAPI::test_delete_goal - requests.exceptions.MissingSchema: Invalid URL '/api/user/goal?user_id=default': No scheme supplied. Perhaps you meant https:///api/user/goal?user_id=default?
ERROR backend/tests/test_enhanced_goal.py::TestGoalInDigest::test_digest_includes_goal_with_pace - requests.exceptions.MissingSchema: Invalid URL '/api/user/goal?user_id=default': No scheme supplied. Perhaps you meant https:///api/user/goal?user_id=default?
ERROR backend/tests/test_enhanced_goal.py::TestPaceCalculation::test_pace_5k_in_25min - requests.exceptions.MissingSchema: Invalid URL '/api/user/goal?user_id=default': No scheme supplied. Perhaps you meant https:///api/user/goal?user_id=default?
ERROR backend/tests/test_enhanced_goal.py::TestPaceCalculation::test_pace_10k_in_45min - requests.exceptions.MissingSchema: Invalid URL '/api/user/goal?user_id=default': No scheme supplied. Perhaps you meant https:///api/user/goal?user_id=default?
ERROR backend/tests/test_enhanced_goal.py::TestPaceCalculation::test_pace_marathon_in_3h45 - requests.exceptions.MissingSchema: Invalid URL '/api/user/goal?user_id=default': No scheme supplied. Perhaps you meant https:///api/user/goal?user_id=default?
ERROR backend/tests/test_enhanced_goal.py::TestPaceCalculation::test_pace_semi_in_1h30 - requests.exceptions.MissingSchema: Invalid URL '/api/user/goal?user_id=default': No scheme supplied. Perhaps you meant https:///api/user/goal?user_id=default?
ERROR backend/tests/test_monitor_worker.py::test_state_change_only
ERROR backend/tests/test_monitor_worker.py::test_degraded_then_escalate
ERROR backend/tests/test_monitor_worker.py::test_leader_election
ERROR backend/tests/test_new_features.py::TestUserGoal::test_create_goal_success - requests.exceptions.MissingSchema: Invalid URL '/api/user/goal?user_id=test_user': No scheme supplied. Perhaps you meant https:///api/user/goal?user_id=test_user?
ERROR backend/tests/test_new_features.py::TestUserGoal::test_create_goal_returns_correct_data - requests.exceptions.MissingSchema: Invalid URL '/api/user/goal?user_id=test_user': No scheme supplied. Perhaps you meant https:///api/user/goal?user_id=test_user?
ERROR backend/tests/test_new_features.py::TestUserGoal::test_get_goal_returns_created_goal - requests.exceptions.MissingSchema: Invalid URL '/api/user/goal?user_id=test_user': No scheme supplied. Perhaps you meant https:///api/user/goal?user_id=test_user?
ERROR backend/tests/test_new_features.py::TestUserGoal::test_get_goal_returns_null_when_no_goal - requests.exceptions.MissingSchema: Invalid URL '/api/user/goal?user_id=test_user': No scheme supplied. Perhaps you meant https:///api/user/goal?user_id=test_user?
ERROR backend/tests/test_new_features.py::TestUserGoal::test_delete_goal_success - requests.exceptions.MissingSchema: Invalid URL '/api/user/goal?user_id=test_user': No scheme supplied. Perhaps you meant https:///api/user/goal?user_id=test_user?
ERROR backend/tests/test_new_features.py::TestUserGoal::test_delete_goal_verify_removed - requests.exceptions.MissingSchema: Invalid URL '/api/user/goal?user_id=test_user': No scheme supplied. Perhaps you meant https:///api/user/goal?user_id=test_user?
ERROR backend/tests/test_new_features.py::TestUserGoal::test_update_goal_replaces_existing - requests.exceptions.MissingSchema: Invalid URL '/api/user/goal?user_id=test_user': No scheme supplied. Perhaps you meant https:///api/user/goal?user_id=test_user?
ERROR backend/tests/test_queue_health.py::test_redis_ok_empty
ERROR backend/tests/test_queue_health.py::test_queue_loaded
ERROR backend/tests/test_queue_health.py::test_worker_absent
ERROR backend/tests/test_queue_health.py::test_orphan_counter
ERROR backend/tests/test_queue_health.py::test_latency
ERROR backend/tests/test_reliable_queue.py::test_worker_kill9_recovery
ERROR backend/tests/test_reliable_queue.py::test_ack_removes_once
ERROR backend/tests/test_reliable_queue.py::test_redis_restart_durability
ERROR backend/tests/test_sync_scheduler.py::test_cooldown
ERROR backend/tests/test_sync_scheduler.py::test_global_cap
ERROR backend/tests/test_sync_scheduler.py::test_feed_cache
================== 253 failed, 11 passed, 36 errors in 35.78s ==================
